******************************************************************************
             TMS320C2000 Linker PC v22.6.0                     
******************************************************************************
>> Linked Mon Aug 21 13:01:11 2023

OUTPUT FILE NAME:   <i2c_gd_setup.out>
ENTRY POINT SYMBOL: "code_start"  address: 00000000


MEMORY CONFIGURATION

         name            origin    length      used     unused   attr    fill
----------------------  --------  ---------  --------  --------  ----  --------
  BEGIN                 00000000   00000002  00000002  00000000  RWIX
  BOOT_RSVD             00000002   00000126  00000000  00000126  RWIX
  RAMM0                 00000128   000002d8  0000003c  0000029c  RWIX
  RAMM1                 00000400   000003f8  00000200  000001f8  RWIX
  RAMLS4567             0000a000   00002000  00001116  00000eea  RWIX
  RAMGS0                0000c000   000007f8  00000000  000007f8  RWIX
  FLASH_BANK0_SEC0      00080002   00000ffe  00000000  00000ffe  RWIX
  FLASH_BANK0_SEC1      00081000   00001000  00000000  00001000  RWIX
  FLASH_BANK0_SEC2      00082000   00001000  00000000  00001000  RWIX
  FLASH_BANK0_SEC3      00083000   00001000  00000000  00001000  RWIX
  FLASH_BANK0_SEC4      00084000   00001000  00000000  00001000  RWIX
  FLASH_BANK0_SEC5      00085000   00001000  00000000  00001000  RWIX
  FLASH_BANK0_SEC6      00086000   00001000  00000000  00001000  RWIX
  FLASH_BANK0_SEC7      00087000   00001000  00000000  00001000  RWIX
  FLASH_BANK0_SEC8      00088000   00001000  00000000  00001000  RWIX
  FLASH_BANK0_SEC9      00089000   00001000  00000000  00001000  RWIX
  FLASH_BANK0_SEC10     0008a000   00001000  00000000  00001000  RWIX
  FLASH_BANK0_SEC11     0008b000   00001000  00000000  00001000  RWIX
  FLASH_BANK0_SEC12     0008c000   00001000  00000000  00001000  RWIX
  FLASH_BANK0_SEC13     0008d000   00001000  00000000  00001000  RWIX
  FLASH_BANK0_SEC14     0008e000   00001000  00000000  00001000  RWIX
  FLASH_BANK0_SEC15     0008f000   00000ff8  00000000  00000ff8  RWIX
  BOOTROM               003f0000   00008000  00000000  00008000  RWIX
  BOOTROM_EXT           003f8000   00007fc0  00000000  00007fc0  RWIX
  RESET                 003fffc0   00000002  00000000  00000002  RWIX


SECTION ALLOCATION MAP

 output                                  attributes/
section   page    origin      length       input sections
--------  ----  ----------  ----------   ----------------
.TI.ramfunc 
*          0    00000128    00000004     
                  00000128    00000004     driverlib.lib : sysctl.obj (.TI.ramfunc)

.cinit     0    0000012c    00000038     
                  0000012c    00000023     (.cinit..data.load) [load image, compression = lzss]
                  0000014f    00000001     --HOLE-- [fill = 0]
                  00000150    00000006     (__TI_handler_table)
                  00000156    00000004     (.cinit..bss.load) [load image, compression = zero_init]
                  0000015a    00000002     --HOLE-- [fill = 0]
                  0000015c    00000008     (__TI_cinit_table)

.text      0    0000a000    00000e2f     
                  0000a000    00000146     i2c_gd_setup.obj (.text:I2C_GD_Setup)
                  0000a146    00000120     driverlib.lib : sysctl.obj (.text:SysCtl_setClock)
                  0000a266    000000fe                   : sysctl.obj (.text:SysCtl_isPLLValid)
                  0000a364    00000088     rts2800_fpu32_eabi.lib : fs_div28.asm.obj (.text)
                  0000a3ec    0000007a     i2c_gd_setup.obj (.text:I2C_GPIO_init)
                  0000a466    00000073     driverlib.lib : sysctl.obj (.text:DCC_setCounterSeeds)
                  0000a4d9    00000065                   : sysctl.obj (.text:SysCtl_getClock)
                  0000a53e    00000064                   : i2c.obj (.text:I2C_initController)
                  0000a5a2    00000052                   : gpio.obj (.text:GPIO_setPadConfig)
                  0000a5f4    00000045                   : sysctl.obj (.text:SysCtl_pollX1Counter)
                  0000a639    00000044     i2c_gd_setup.obj (.text:GPIO_writePin)
                  0000a67d    00000042     driverlib.lib : sysctl.obj (.text:SysCtl_selectOscSource)
                  0000a6bf    0000003f     i2cLib_polling.obj (.text:I2C_TransmitTargetAddress_ControlBytes)
                  0000a6fe    0000003d     driverlib.lib : sysctl.obj (.text:SysCtl_selectXTAL)
                  0000a73b    0000003c     device.obj (.text:Device_enableAllPeripherals)
                  0000a777    0000003c     i2c_gd_setup.obj (.text:I2Cinit)
                  0000a7b3    00000037     driverlib.lib : gpio.obj (.text:GPIO_setPinConfig)
                  0000a7ea    00000037                   : gpio.obj (.text:GPIO_setQualificationMode)
                  0000a821    00000036     device.obj (.text:Device_init)
                  0000a857    00000031     driverlib.lib : gpio.obj (.text:GPIO_setDirectionMode)
                  0000a888    00000030     i2cLib_polling.obj (.text:I2C_ControllerReceiver)
                  0000a8b8    0000002e     rts2800_fpu32_eabi.lib : copy_decompress_lzss.c.obj (.text:decompress:lzss)
                  0000a8e6    0000002b                            : autoinit.c.obj (.text:__TI_auto_init_nobinit_nopinit)
                  0000a911    00000029                            : exit.c.obj (.text)
                  0000a93a    00000024     driverlib.lib : sysctl.obj (.text:DCC_enableSingleShotMode)
                  0000a95e    00000020                   : sysctl.obj (.text:SysCtl_selectXTALSingleEnded)
                  0000a97e    0000001e                   : sysctl.obj (.text:DCC_setCounter0ClkSource)
                  0000a99c    0000001e                   : sysctl.obj (.text:DCC_setCounter1ClkSource)
                  0000a9ba    0000001e     i2cLib_polling.obj (.text:I2C_isBusBusy)
                  0000a9d8    0000001d     i2c_gd_setup.obj (.text:I2C_Read_Status)
                  0000a9f5    0000001d     rts2800_fpu32_eabi.lib : memcpy.c.obj (.text)
                  0000aa12    0000001b     i2cLib_polling.obj (.text:I2C_setTargetAddress)
                  0000aa2d    0000001b     i2c_gd_setup.obj (.text:I2C_setTargetAddress)
                  0000aa48    0000001a     i2cLib_polling.obj (.text:I2C_getStopConditionStatus)
                  0000aa62    0000001a     i2cLib_polling.obj (.text:I2C_setAddressMode)
                  0000aa7c    0000001a     i2c_gd_setup.obj (.text:I2C_setAddressMode)
                  0000aa96    0000001a     i2c_gd_setup.obj (.text:I2C_setBitCount)
                  0000aab0    0000001a     i2cLib_polling.obj (.text:I2C_setConfig)
                  0000aaca    0000001a     i2c_gd_setup.obj (.text:I2C_setConfig)
                  0000aae4    0000001a     i2c_gd_setup.obj (.text:I2C_setEmulationMode)
                  0000aafe    0000001a     driverlib.lib : sysctl.obj (.text:SysCtl_getLowSpeedClock)
                  0000ab18    00000018     i2cLib_polling.obj (.text:I2C_disableFIFO)
                  0000ab30    00000018     i2cLib_polling.obj (.text:I2C_enableFIFO)
                  0000ab48    00000017     device.obj (.text:SysCtl_enablePeripheral)
                  0000ab5f    00000017     driverlib.lib : sysctl.obj (.text:SysCtl_enablePeripheral)
                  0000ab76    00000017     rts2800_fpu32_eabi.lib : boot28.asm.obj (.text)
                  0000ab8d    00000016     driverlib.lib : sysctl.obj (.text:DCC_disableDoneSignal)
                  0000aba3    00000015                   : sysctl.obj (.text:DCC_clearDoneFlag)
                  0000abb8    00000015                   : sysctl.obj (.text:DCC_clearErrorFlag)
                  0000abcd    00000015                   : sysctl.obj (.text:DCC_disableErrorSignal)
                  0000abe2    00000015                   : sysctl.obj (.text:DCC_isBaseValid)
                  0000abf7    00000015     device.obj (.text:GPIO_unlockPortConfig)
                  0000ac0c    00000014     driverlib.lib : sysctl.obj (.text:DCC_disableModule)
                  0000ac20    00000014                   : sysctl.obj (.text:DCC_enableModule)
                  0000ac34    00000014                   : gpio.obj (.text:GPIO_isPinValid)
                  0000ac48    00000014     i2c_gd_setup.obj (.text:GPIO_isPinValid)
                  0000ac5c    00000014     i2cLib_polling.obj (.text:I2C_putData)
                  0000ac70    00000014     device.obj (.text:SysCtl_deviceCal)
                  0000ac84    00000014     driverlib.lib : sysctl.obj (.text:SysCtl_setPLLSysClk)
                  0000ac98    00000014     i2cLib_polling.obj (.text:checkBusStatus)
                  0000acac    00000013     i2c_gd_setup.obj (.text:I2C_disableLoopback)
                  0000acbf    00000013     i2c_gd_setup.obj (.text:I2C_disableModule)
                  0000acd2    00000013     i2c_gd_setup.obj (.text:I2C_enableModule)
                  0000ace5    00000013     driverlib.lib : i2c.obj (.text:I2C_isBaseValid)
                  0000acf8    00000013     i2cLib_polling.obj (.text:I2C_isBaseValid)
                  0000ad0b    00000013     i2c_gd_setup.obj (.text:I2C_isBaseValid)
                  0000ad1e    00000013     i2cLib_polling.obj (.text:I2C_sendStartCondition)
                  0000ad31    00000013     i2cLib_polling.obj (.text:I2C_sendStopCondition)
                  0000ad44    00000012     i2cLib_polling.obj (.text:I2C_setDataCount)
                  0000ad56    00000012     i2c_gd_setup.obj (.text:I2C_setDataCount)
                  0000ad68    00000010     device.obj (.text:Device_initGPIO)
                  0000ad78    00000010     i2cLib_polling.obj (.text:I2C_getData)
                  0000ad88    00000010     i2cLib_polling.obj (.text:I2C_getStatus)
                  0000ad98    00000010     i2c_gd_setup.obj (.text:I2C_getStatus)
                  0000ada8    0000000f     i2cLib_polling.obj (.text:I2C_ControllerTransmitter)
                  0000adb7    0000000e     i2c_gd_setup.obj (.text:main)
                  0000adc5    0000000d     device.obj (.text:SysCtl_setLowSpeedClock)
                  0000add2    0000000d     rts2800_fpu32_eabi.lib : copy_zero_init.c.obj (.text:decompress:ZI:__TI_zero_init_nomemset)
                  0000addf    0000000c                            : args_main.c.obj (.text)
                  0000adeb    0000000b     driverlib.lib : sysctl.obj (.text:SysCtl_isMCDClockFailureDetected)
                  0000adf6    00000009     rts2800_fpu32_eabi.lib : _lock.c.obj (.text)
                  0000adff    00000008     device.obj (.text:SysCtl_disableWatchdog)
                  0000ae07    00000008     rts2800_fpu32_eabi.lib : copy_decompress_none.c.obj (.text:decompress:none)
                  0000ae0f    00000008     f28002x_codestartbranch.obj (.text)
                  0000ae17    00000007     device.obj (.text:ASysCtl_lockVREG)
                  0000ae1e    00000007     driverlib.lib : sysctl.obj (.text:SysCtl_resetMCD)
                  0000ae25    00000007     device.obj (.text:__error__)
                  0000ae2c    00000002     rts2800_fpu32_eabi.lib : pre_init.c.obj (.text)
                  0000ae2e    00000001                            : startup.c.obj (.text)

.reset     0    003fffc0    00000000     DSECT

codestart 
*          0    00000000    00000002     
                  00000000    00000002     f28002x_codestartbranch.obj (codestart)

.stack     0    00000400    00000200     UNINITIALIZED
                  00000400    00000200     --HOLE--

.bss       0    0000ae30    00000016     UNINITIALIZED
                  0000ae30    0000000b     i2c_gd_setup.obj (.bss:gds_data)
                  0000ae3b    00000005     --HOLE--
                  0000ae40    00000006     i2c_gd_setup.obj (.bss)

.init_array 
*          0    00000128    00000000     UNINITIALIZED

.const     0    0000ae46    000002a3     
                  0000ae46    0000009a     driverlib.lib : sysctl.obj (.const:.string)
                  0000aee0    00000098                   : gpio.obj (.const:.string)
                  0000af78    00000087     i2c_gd_setup.obj (.const:.string)
                  0000afff    00000001     --HOLE-- [fill = 0]
                  0000b000    00000059     device.obj (.const:.string)
                  0000b059    00000001     --HOLE-- [fill = 0]
                  0000b05a    0000004b     driverlib.lib : i2c.obj (.const:.string)
                  0000b0a5    00000001     --HOLE-- [fill = 0]
                  0000b0a6    00000043     i2cLib_polling.obj (.const:.string)

.data      0    0000b0ea    0000002e     UNINITIALIZED
                  0000b0ea    00000006     i2c_gd_setup.obj (.data:gateData)
                  0000b0f0    00000006     rts2800_fpu32_eabi.lib : exit.c.obj (.data)
                  0000b0f6    00000004     i2c_gd_setup.obj (.data:add1Data)
                  0000b0fa    00000004     i2c_gd_setup.obj (.data:add2Data)
                  0000b0fe    00000004     i2c_gd_setup.obj (.data:add3Data)
                  0000b102    00000004     i2c_gd_setup.obj (.data:add4Data)
                  0000b106    00000004     i2c_gd_setup.obj (.data)
                  0000b10a    00000004     i2c_gd_setup.obj (.data:setOKData)
                  0000b10e    00000003     i2c_gd_setup.obj (.data:safetestData)
                  0000b111    00000001     i2c_gd_setup.obj (.data:statusData)
                  0000b112    00000002     rts2800_fpu32_eabi.lib : _lock.c.obj (.data:_lock)
                  0000b114    00000002                            : _lock.c.obj (.data:_unlock)
                  0000b116    00000002     i2c_gd_setup.obj (.data:desatimeData)

MODULE SUMMARY

       Module                        code   ro data   rw data
       ------                        ----   -------   -------
    .\
       i2c_gd_setup.obj              880    135       53     
       i2cLib_polling.obj            456    67        0      
    +--+-----------------------------+------+---------+---------+
       Total:                        1336   202       53     
                                                             
    .\device\
       device.obj                    229    89        0      
       f28002x_codestartbranch.obj   10     0         0      
    +--+-----------------------------+------+---------+---------+
       Total:                        239    89        0      
                                                             
    C:/ti/c2000/C2000Ware_5_00_00_00/driverlib/f28002x/driverlib/ccs/Debug/driverlib.lib
       sysctl.obj                    1319   154       0      
       gpio.obj                      261    152       0      
       i2c.obj                       119    75        0      
    +--+-----------------------------+------+---------+---------+
       Total:                        1699   381       0      
                                                             
    C:\ti\ccs1230\ccs\tools\compiler\ti-cgt-c2000_22.6.0.LTS\lib\rts2800_fpu32_eabi.lib
       fs_div28.asm.obj              136    0         0      
       exit.c.obj                    41     0         6      
       copy_decompress_lzss.c.obj    46     0         0      
       autoinit.c.obj                43     0         0      
       memcpy.c.obj                  29     0         0      
       boot28.asm.obj                23     0         0      
       _lock.c.obj                   9      0         4      
       copy_zero_init.c.obj          13     0         0      
       args_main.c.obj               12     0         0      
       copy_decompress_none.c.obj    8      0         0      
       pre_init.c.obj                2      0         0      
       startup.c.obj                 1      0         0      
    +--+-----------------------------+------+---------+---------+
       Total:                        363    0         10     
                                                             
       Stack:                        0      0         512    
       Linker Generated:             0      53        0      
    +--+-----------------------------+------+---------+---------+
       Grand Total:                  3637   725       575    


LINKER GENERATED COPY TABLES

__TI_cinit_table @ 0000015c records: 2, size/record: 4, table size: 8
	.data: load addr=0000012c, load size=00000023 bytes, run addr=0000b0ea, run size=0000002e bytes, compression=lzss
	.bss: load addr=00000156, load size=00000004 bytes, run addr=0000ae30, run size=00000016 bytes, compression=zero_init


LINKER GENERATED HANDLER TABLE

__TI_handler_table @ 00000150 records: 3, size/record: 2, table size: 6
	index: 0, handler: __TI_zero_init
	index: 1, handler: __TI_decompress_lzss
	index: 2, handler: __TI_decompress_none


GLOBAL DATA SYMBOLS: SORTED BY DATA PAGE

address     data page           name
--------    ----------------    ----
00000400      10 (00000400)     __stack

0000ae30     2b8 (0000ae00)     gds_data

0000ae40     2b9 (0000ae40)     I2CB

0000b0f0     2c3 (0000b0c0)     __TI_enable_exit_profile_output
0000b0f2     2c3 (0000b0c0)     __TI_cleanup_ptr
0000b0f4     2c3 (0000b0c0)     __TI_dtors_ptr

0000b106     2c4 (0000b100)     status
0000b108     2c4 (0000b100)     stat_data
0000b112     2c4 (0000b100)     _lock
0000b114     2c4 (0000b100)     _unlock


GLOBAL SYMBOLS: SORTED ALPHABETICALLY BY Name 

page  address   name                                  
----  -------   ----                                  
0     0000a911  C$$EXIT                               
0     0000a73b  Device_enableAllPeripherals           
0     0000a821  Device_init                           
0     0000ad68  Device_initGPIO                       
0     0000a857  GPIO_setDirectionMode                 
0     0000a5a2  GPIO_setPadConfig                     
0     0000a7b3  GPIO_setPinConfig                     
0     0000a7ea  GPIO_setQualificationMode             
0     0000ae40  I2CB                                  
0     0000a888  I2C_ControllerReceiver                
0     0000ada8  I2C_ControllerTransmitter             
0     0000a000  I2C_GD_Setup                          
0     0000a3ec  I2C_GPIO_init                         
0     0000a9d8  I2C_Read_Status                       
0     0000a6bf  I2C_TransmitTargetAddress_ControlBytes
0     0000a53e  I2C_initController                    
0     0000a777  I2Cinit                               
0     00000128  SysCtl_delay                          
0     0000a4d9  SysCtl_getClock                       
0     0000aafe  SysCtl_getLowSpeedClock               
0     0000a266  SysCtl_isPLLValid                     
0     0000a67d  SysCtl_selectOscSource                
0     0000a6fe  SysCtl_selectXTAL                     
0     0000a95e  SysCtl_selectXTALSingleEnded          
0     0000a146  SysCtl_setClock                       
0     0000015c  __TI_CINIT_Base                       
0     00000164  __TI_CINIT_Limit                      
0     00000164  __TI_CINIT_Warm                       
0     00000150  __TI_Handler_Table_Base               
0     00000156  __TI_Handler_Table_Limit              
0     00000600  __TI_STACK_END                        
abs   00000200  __TI_STACK_SIZE                       
0     0000a8e6  __TI_auto_init_nobinit_nopinit        
0     0000b0f2  __TI_cleanup_ptr                      
0     0000a8b8  __TI_decompress_lzss                  
0     0000ae07  __TI_decompress_none                  
0     0000b0f4  __TI_dtors_ptr                        
0     0000b0f0  __TI_enable_exit_profile_output       
abs   ffffffff  __TI_pprof_out_hndl                   
abs   ffffffff  __TI_prof_data_size                   
abs   ffffffff  __TI_prof_data_start                  
0     0000add2  __TI_zero_init_nomemset               
0     0000a364  __c28xabi_divf                        
n/a   UNDEFED   __c_args__                            
0     0000ae25  __error__                             
0     00000400  __stack                               
0     0000addf  _args_main                            
0     0000ab76  _c_int00                              
0     0000b112  _lock                                 
0     0000adfe  _nop                                  
0     0000adfa  _register_lock                        
0     0000adf6  _register_unlock                      
0     0000ae2e  _system_post_cinit                    
0     0000ae2c  _system_pre_init                      
0     0000b114  _unlock                               
0     0000a911  abort                                 
0     0000ac98  checkBusStatus                        
0     00000000  code_start                            
0     0000a913  exit                                  
0     0000ae30  gds_data                              
0     0000adb7  main                                  
0     0000a9f5  memcpy                                
0     0000b108  stat_data                             
0     0000b106  status                                


GLOBAL SYMBOLS: SORTED BY Symbol Address 

page  address   name                                  
----  -------   ----                                  
0     00000000  code_start                            
0     00000128  SysCtl_delay                          
0     00000150  __TI_Handler_Table_Base               
0     00000156  __TI_Handler_Table_Limit              
0     0000015c  __TI_CINIT_Base                       
0     00000164  __TI_CINIT_Limit                      
0     00000164  __TI_CINIT_Warm                       
0     00000400  __stack                               
0     00000600  __TI_STACK_END                        
0     0000a000  I2C_GD_Setup                          
0     0000a146  SysCtl_setClock                       
0     0000a266  SysCtl_isPLLValid                     
0     0000a364  __c28xabi_divf                        
0     0000a3ec  I2C_GPIO_init                         
0     0000a4d9  SysCtl_getClock                       
0     0000a53e  I2C_initController                    
0     0000a5a2  GPIO_setPadConfig                     
0     0000a67d  SysCtl_selectOscSource                
0     0000a6bf  I2C_TransmitTargetAddress_ControlBytes
0     0000a6fe  SysCtl_selectXTAL                     
0     0000a73b  Device_enableAllPeripherals           
0     0000a777  I2Cinit                               
0     0000a7b3  GPIO_setPinConfig                     
0     0000a7ea  GPIO_setQualificationMode             
0     0000a821  Device_init                           
0     0000a857  GPIO_setDirectionMode                 
0     0000a888  I2C_ControllerReceiver                
0     0000a8b8  __TI_decompress_lzss                  
0     0000a8e6  __TI_auto_init_nobinit_nopinit        
0     0000a911  C$$EXIT                               
0     0000a911  abort                                 
0     0000a913  exit                                  
0     0000a95e  SysCtl_selectXTALSingleEnded          
0     0000a9d8  I2C_Read_Status                       
0     0000a9f5  memcpy                                
0     0000aafe  SysCtl_getLowSpeedClock               
0     0000ab76  _c_int00                              
0     0000ac98  checkBusStatus                        
0     0000ad68  Device_initGPIO                       
0     0000ada8  I2C_ControllerTransmitter             
0     0000adb7  main                                  
0     0000add2  __TI_zero_init_nomemset               
0     0000addf  _args_main                            
0     0000adf6  _register_unlock                      
0     0000adfa  _register_lock                        
0     0000adfe  _nop                                  
0     0000ae07  __TI_decompress_none                  
0     0000ae25  __error__                             
0     0000ae2c  _system_pre_init                      
0     0000ae2e  _system_post_cinit                    
0     0000ae30  gds_data                              
0     0000ae40  I2CB                                  
0     0000b0f0  __TI_enable_exit_profile_output       
0     0000b0f2  __TI_cleanup_ptr                      
0     0000b0f4  __TI_dtors_ptr                        
0     0000b106  status                                
0     0000b108  stat_data                             
0     0000b112  _lock                                 
0     0000b114  _unlock                               
abs   00000200  __TI_STACK_SIZE                       
abs   ffffffff  __TI_pprof_out_hndl                   
abs   ffffffff  __TI_prof_data_size                   
abs   ffffffff  __TI_prof_data_start                  
n/a   UNDEFED   __c_args__                            

[64 symbols]
