******************************************************************************
             TMS320C2000 Linker PC v22.6.1                     
******************************************************************************
>> Linked Sat Apr  5 18:36:37 2025

OUTPUT FILE NAME:   <can_ex6_error_generation.out>
ENTRY POINT SYMBOL: "code_start"  address: 00000000


MEMORY CONFIGURATION

         name            origin    length      used     unused   attr    fill
----------------------  --------  ---------  --------  --------  ----  --------
  BEGIN                 00000000   00000002  00000002  00000000  RWIX
  BOOT_RSVD             00000002   00000126  00000000  00000126  RWIX
  RAMM0                 00000128   000002d8  00000020  000002b8  RWIX
  RAMM1                 00000400   000003f8  00000200  000001f8  RWIX
  RAMLS4567             0000a000   00002000  000017c4  0000083c  RWIX
  RAMGS0                0000c000   000007f8  00000000  000007f8  RWIX
  FLASH_BANK0_SEC0      00080002   00000ffe  00000000  00000ffe  RWIX
  FLASH_BANK0_SEC1      00081000   00001000  00000000  00001000  RWIX
  FLASH_BANK0_SEC2      00082000   00001000  00000000  00001000  RWIX
  FLASH_BANK0_SEC3      00083000   00001000  00000000  00001000  RWIX
  FLASH_BANK0_SEC4      00084000   00001000  00000000  00001000  RWIX
  FLASH_BANK0_SEC5      00085000   00001000  00000000  00001000  RWIX
  FLASH_BANK0_SEC6      00086000   00001000  00000000  00001000  RWIX
  FLASH_BANK0_SEC7      00087000   00001000  00000000  00001000  RWIX
  FLASH_BANK0_SEC8      00088000   00001000  00000000  00001000  RWIX
  FLASH_BANK0_SEC9      00089000   00001000  00000000  00001000  RWIX
  FLASH_BANK0_SEC10     0008a000   00001000  00000000  00001000  RWIX
  FLASH_BANK0_SEC11     0008b000   00001000  00000000  00001000  RWIX
  FLASH_BANK0_SEC12     0008c000   00001000  00000000  00001000  RWIX
  FLASH_BANK0_SEC13     0008d000   00001000  00000000  00001000  RWIX
  FLASH_BANK0_SEC14     0008e000   00001000  00000000  00001000  RWIX
  FLASH_BANK0_SEC15     0008f000   00000ff8  00000000  00000ff8  RWIX
  BOOTROM               003f0000   00008000  00000000  00008000  RWIX
  BOOTROM_EXT           003f8000   00007fc0  00000000  00007fc0  RWIX
  RESET                 003fffc0   00000002  00000000  00000002  RWIX


SECTION ALLOCATION MAP

 output                                  attributes/
section   page    origin      length       input sections
--------  ----  ----------  ----------   ----------------
.TI.ramfunc 
*          0    00000128    00000004     
                  00000128    00000004     driverlib.lib : sysctl.obj (.TI.ramfunc)

.cinit     0    0000012c    0000001c     
                  0000012c    00000009     (.cinit..data.load) [load image, compression = lzss]
                  00000135    00000001     --HOLE-- [fill = 0]
                  00000136    00000006     (__TI_handler_table)
                  0000013c    00000004     (.cinit..bss.load) [load image, compression = zero_init]
                  00000140    00000008     (__TI_cinit_table)

.text      0    0000a000    00001242     
                  0000a000    00000350     can_ex6_error_generation.obj (.text:generateCANFrame)
                  0000a350    00000121     driverlib.lib : sysctl.obj (.text:SysCtl_setClock)
                  0000a471    000000fe                   : sysctl.obj (.text:SysCtl_isPLLValid)
                  0000a56f    000000db                   : can.obj (.text:CAN_setupMessageObject)
                  0000a64a    000000b5     can_ex6_error_generation.obj (.text:main)
                  0000a6ff    0000009a     device.obj (.text:Device_enableAllPeripherals)
                  0000a799    00000088     rts2800_fpu32_eabi.lib : fs_div28.asm.obj (.text)
                  0000a821    00000073     driverlib.lib : sysctl.obj (.text:DCC_setCounterSeeds)
                  0000a894    00000073     can_ex6_error_generation.obj (.text:canaISR)
                  0000a907    00000066     driverlib.lib : can.obj (.text:CAN_readMessage)
                  0000a96d    00000065                   : sysctl.obj (.text:SysCtl_getClock)
                  0000a9d2    00000064                   : can.obj (.text:CAN_setBitTiming)
                  0000aa36    00000061                   : can.obj (.text:CAN_setBitRate)
                  0000aa97    00000052                   : gpio.obj (.text:GPIO_setPadConfig)
                  0000aae9    00000046                   : can.obj (.text:CAN_clearInterruptStatus)
                  0000ab2f    00000045                   : sysctl.obj (.text:SysCtl_pollX1Counter)
                  0000ab74    00000043     can_ex6_error_generation.obj (.text:cpuTimer0ISR)
                  0000abb7    00000042     driverlib.lib : sysctl.obj (.text:SysCtl_selectOscSource)
                  0000abf9    0000003d                   : interrupt.obj (.text:Interrupt_initModule)
                  0000ac36    0000003d                   : sysctl.obj (.text:SysCtl_selectXTAL)
                  0000ac73    00000037                   : gpio.obj (.text:GPIO_setPinConfig)
                  0000acaa    00000037                   : interrupt.obj (.text:Interrupt_enable)
                  0000ace1    00000036     device.obj (.text:Device_init)
                  0000ad17    00000030     rts2800_fpu32_eabi.lib : copy_decompress_lzss.c.obj (.text:decompress:lzss)
                  0000ad47    0000002b                            : autoinit.c.obj (.text:__TI_auto_init_nobinit_nopinit)
                  0000ad72    00000029                            : exit.c.obj (.text)
                  0000ad9b    00000025     can_ex6_error_generation.obj (.text:configCPUTimer)
                  0000adc0    00000024     driverlib.lib : sysctl.obj (.text:DCC_enableSingleShotMode)
                  0000ade4    00000022     can_ex6_error_generation.obj (.text:CAN_enableInterrupt)
                  0000ae06    00000020     driverlib.lib : sysctl.obj (.text:SysCtl_selectXTALSingleEnded)
                  0000ae26    0000001e                   : sysctl.obj (.text:DCC_setCounter0ClkSource)
                  0000ae44    0000001e                   : sysctl.obj (.text:DCC_setCounter1ClkSource)
                  0000ae62    0000001e                   : interrupt.obj (.text:Interrupt_initVectorTable)
                  0000ae80    0000001d     can_ex6_error_generation.obj (.text:CAN_clearGlobalInterruptStatus)
                  0000ae9d    0000001d     can_ex6_error_generation.obj (.text:CAN_enableGlobalInterrupt)
                  0000aeba    0000001d     rts2800_fpu32_eabi.lib : memcpy.c.obj (.text)
                  0000aed7    0000001c     driverlib.lib : can.obj (.text:CAN_initModule)
                  0000aef3    0000001b                   : can.obj (.text:CAN_readDataReg)
                  0000af0e    0000001a                   : can.obj (.text:CAN_initRAM)
                  0000af28    0000001a     can_ex6_error_generation.obj (.text:CPUTimer_startTimer)
                  0000af42    0000001a     driverlib.lib : sysctl.obj (.text:SysCtl_getLowSpeedClock)
                  0000af5c    00000017     can_ex6_error_generation.obj (.text:CPUTimer_isBaseValid)
                  0000af73    00000017     driverlib.lib : cputimer.obj (.text:CPUTimer_isBaseValid)
                  0000af8a    00000017     can_ex6_error_generation.obj (.text:CPUTimer_setPreScaler)
                  0000afa1    00000017     device.obj (.text:SysCtl_enablePeripheral)
                  0000afb8    00000017     driverlib.lib : sysctl.obj (.text:SysCtl_enablePeripheral)
                  0000afcf    00000017     can_ex6_error_generation.obj (.text:initCPUTimers)
                  0000afe6    00000017     rts2800_fpu32_eabi.lib : boot28.asm.obj (.text)
                  0000affd    00000016     driverlib.lib : sysctl.obj (.text:DCC_disableDoneSignal)
                  0000b013    00000016                   : interrupt.obj (.text:Interrupt_defaultHandler)
                  0000b029    00000015     can_ex6_error_generation.obj (.text:CPUTimer_enableInterrupt)
                  0000b03e    00000015     driverlib.lib : sysctl.obj (.text:DCC_clearDoneFlag)
                  0000b053    00000015                   : sysctl.obj (.text:DCC_clearErrorFlag)
                  0000b068    00000015                   : sysctl.obj (.text:DCC_disableErrorSignal)
                  0000b07d    00000015                   : sysctl.obj (.text:DCC_isBaseValid)
                  0000b092    00000014     can_ex6_error_generation.obj (.text:CPUTimer_reloadTimerCounter)
                  0000b0a6    00000014     can_ex6_error_generation.obj (.text:CPUTimer_stopTimer)
                  0000b0ba    00000014     driverlib.lib : sysctl.obj (.text:DCC_disableModule)
                  0000b0ce    00000014                   : sysctl.obj (.text:DCC_enableModule)
                  0000b0e2    00000014                   : gpio.obj (.text:GPIO_isPinValid)
                  0000b0f6    00000014     device.obj (.text:SysCtl_deviceCal)
                  0000b10a    00000014     driverlib.lib : sysctl.obj (.text:SysCtl_setPLLSysClk)
                  0000b11e    00000013                   : cputimer.obj (.text:CPUTimer_setEmulationMode)
                  0000b131    00000012     can_ex6_error_generation.obj (.text:CAN_getInterruptCause)
                  0000b143    00000011     can_ex6_error_generation.obj (.text:CAN_startModule)
                  0000b154    00000011     can_ex6_error_generation.obj (.text:CPUTimer_setPeriod)
                  0000b165    00000010     can_ex6_error_generation.obj (.text:CAN_getStatus)
                  0000b175    00000010     can_ex6_error_generation.obj (.text:CAN_isBaseValid)
                  0000b185    00000010     driverlib.lib : can.obj (.text:CAN_isBaseValid)
                  0000b195    0000000f     can_ex6_error_generation.obj (.text:Interrupt_register)
                  0000b1a4    0000000d     driverlib.lib : interrupt.obj (.text:Interrupt_disableGlobal)
                  0000b1b1    0000000d                   : interrupt.obj (.text:Interrupt_enableGlobal)
                  0000b1be    0000000d     device.obj (.text:SysCtl_setLowSpeedClock)
                  0000b1cb    0000000d     rts2800_fpu32_eabi.lib : copy_zero_init.c.obj (.text:decompress:ZI:__TI_zero_init_nomemset)
                  0000b1d8    0000000c                            : args_main.c.obj (.text)
                  0000b1e4    0000000b     driverlib.lib : sysctl.obj (.text:SysCtl_isMCDClockFailureDetected)
                  0000b1ef    0000000a                   : interrupt.obj (.text:Interrupt_illegalOperationHandler)
                  0000b1f9    0000000a                   : interrupt.obj (.text:Interrupt_nmiHandler)
                  0000b203    00000009     rts2800_fpu32_eabi.lib : _lock.c.obj (.text)
                  0000b20c    00000008     device.obj (.text:SysCtl_disableWatchdog)
                  0000b214    00000008     rts2800_fpu32_eabi.lib : copy_decompress_none.c.obj (.text:decompress:none)
                  0000b21c    00000008     f28002x_codestartbranch.obj (.text)
                  0000b224    00000007     device.obj (.text:ASysCtl_lockVREG)
                  0000b22b    00000007     driverlib.lib : sysctl.obj (.text:SysCtl_resetMCD)
                  0000b232    00000007     device.obj (.text:__error__)
                  0000b239    00000006     can_ex6_error_generation.obj (.text:Interrupt_clearACKGroup)
                  0000b23f    00000002     rts2800_fpu32_eabi.lib : pre_init.c.obj (.text)
                  0000b241    00000001                            : startup.c.obj (.text)

.reset     0    003fffc0    00000000     DSECT

codestart 
*          0    00000000    00000002     
                  00000000    00000002     f28002x_codestartbranch.obj (codestart)

.stack     0    00000400    00000200     UNINITIALIZED
                  00000400    00000200     --HOLE--

.bss       0    0000b242    00000268     UNINITIALIZED
                  0000b242    00000190     can_ex6_error_generation.obj (.bss:canstream)
                  0000b3d2    000000c8     can_ex6_error_generation.obj (.bss:stream)
                  0000b49a    00000008     can_ex6_error_generation.obj (.bss)
                  0000b4a2    00000008     can_ex6_error_generation.obj (.bss:txMsgData)

.init_array 
*          0    00000128    00000000     UNINITIALIZED

.const     0    0000b4aa    00000300     
                  0000b4aa    0000009a     driverlib.lib : sysctl.obj (.const:.string)
                  0000b544    00000098                   : gpio.obj (.const:.string)
                  0000b5dc    00000097                   : can.obj (.const:.string)
                  0000b673    00000001     --HOLE-- [fill = 0]
                  0000b674    0000008c     can_ex6_error_generation.obj (.const:.string)
                  0000b700    00000059     device.obj (.const:.string)
                  0000b759    00000001     --HOLE-- [fill = 0]
                  0000b75a    00000050     driverlib.lib : cputimer.obj (.const:.string)

.data      0    0000b7aa    0000001a     UNINITIALIZED
                  0000b7aa    00000008     can_ex6_error_generation.obj (.data)
                  0000b7b2    00000008     can_ex6_error_generation.obj (.data:rxMsgData)
                  0000b7ba    00000006     rts2800_fpu32_eabi.lib : exit.c.obj (.data)
                  0000b7c0    00000002                            : _lock.c.obj (.data:_lock)
                  0000b7c2    00000002                            : _lock.c.obj (.data:_unlock)

MODULE SUMMARY

       Module                         code   ro data   rw data
       ------                         ----   -------   -------
    .\
       can_ex6_error_generation.obj   1601   140       632    
    +--+------------------------------+------+---------+---------+
       Total:                         1601   140       632    
                                                              
    .\device\
       device.obj                     286    89        0      
       f28002x_codestartbranch.obj    10     0         0      
    +--+------------------------------+------+---------+---------+
       Total:                         296    89        0      
                                                              
    C:/ti/c2000/C2000Ware_5_01_00_00/driverlib/f28002x/driverlib/ccs/Debug/driverlib.lib
       sysctl.obj                     1320   154       0      
       can.obj                        685    151       0      
       gpio.obj                       157    152       0      
       interrupt.obj                  214    0         0      
       cputimer.obj                   42     80        0      
    +--+------------------------------+------+---------+---------+
       Total:                         2418   537       0      
                                                              
    C:\ti\ccs1260\ccs\tools\compiler\ti-cgt-c2000_22.6.1.LTS\lib\rts2800_fpu32_eabi.lib
       fs_div28.asm.obj               136    0         0      
       copy_decompress_lzss.c.obj     48     0         0      
       exit.c.obj                     41     0         6      
       autoinit.c.obj                 43     0         0      
       memcpy.c.obj                   29     0         0      
       boot28.asm.obj                 23     0         0      
       _lock.c.obj                    9      0         4      
       copy_zero_init.c.obj           13     0         0      
       args_main.c.obj                12     0         0      
       copy_decompress_none.c.obj     8      0         0      
       pre_init.c.obj                 2      0         0      
       startup.c.obj                  1      0         0      
    +--+------------------------------+------+---------+---------+
       Total:                         365    0         10     
                                                              
       Stack:                         0      0         512    
       Linker Generated:              0      27        0      
    +--+------------------------------+------+---------+---------+
       Grand Total:                   4680   793       1154   


LINKER GENERATED COPY TABLES

__TI_cinit_table @ 00000140 records: 2, size/record: 4, table size: 8
	.data: load addr=0000012c, load size=00000009 bytes, run addr=0000b7aa, run size=0000001a bytes, compression=lzss
	.bss: load addr=0000013c, load size=00000004 bytes, run addr=0000b242, run size=00000268 bytes, compression=zero_init


LINKER GENERATED HANDLER TABLE

__TI_handler_table @ 00000136 records: 3, size/record: 2, table size: 6
	index: 0, handler: __TI_zero_init
	index: 1, handler: __TI_decompress_lzss
	index: 2, handler: __TI_decompress_none


GLOBAL DATA SYMBOLS: SORTED BY DATA PAGE

address     data page           name
--------    ----------------    ----
00000400      10 (00000400)     __stack

0000b242     2c9 (0000b240)     canstream

0000b3d2     2cf (0000b3c0)     stream

0000b49a     2d2 (0000b480)     crcRg
0000b49b     2d2 (0000b480)     crcNext
0000b49c     2d2 (0000b480)     nbits
0000b49d     2d2 (0000b480)     samebits
0000b49e     2d2 (0000b480)     nxtBit
0000b49f     2d2 (0000b480)     prev_bit
0000b4a0     2d2 (0000b480)     arbID
0000b4a2     2d2 (0000b480)     txMsgData

0000b7aa     2de (0000b780)     canBit
0000b7ab     2de (0000b780)     bitpos
0000b7ac     2de (0000b780)     errpos
0000b7ad     2de (0000b780)     stuffbits
0000b7ae     2de (0000b780)     rxMsgCount
0000b7b0     2de (0000b780)     errorFlag
0000b7b2     2de (0000b780)     rxMsgData
0000b7ba     2de (0000b780)     __TI_enable_exit_profile_output
0000b7bc     2de (0000b780)     __TI_cleanup_ptr
0000b7be     2de (0000b780)     __TI_dtors_ptr

0000b7c0     2df (0000b7c0)     _lock
0000b7c2     2df (0000b7c0)     _unlock


GLOBAL SYMBOLS: SORTED ALPHABETICALLY BY Name 

page  address   name                             
----  -------   ----                             
0     0000ad72  C$$EXIT                          
0     0000aae9  CAN_clearInterruptStatus         
0     0000aed7  CAN_initModule                   
0     0000a907  CAN_readMessage                  
0     0000aa36  CAN_setBitRate                   
0     0000a9d2  CAN_setBitTiming                 
0     0000a56f  CAN_setupMessageObject           
0     0000b11e  CPUTimer_setEmulationMode        
0     0000a6ff  Device_enableAllPeripherals      
0     0000ace1  Device_init                      
0     0000aa97  GPIO_setPadConfig                
0     0000ac73  GPIO_setPinConfig                
0     0000b013  Interrupt_defaultHandler         
0     0000acaa  Interrupt_enable                 
0     0000b1ef  Interrupt_illegalOperationHandler
0     0000abf9  Interrupt_initModule             
0     0000ae62  Interrupt_initVectorTable        
0     0000b1f9  Interrupt_nmiHandler             
0     00000128  SysCtl_delay                     
0     0000a96d  SysCtl_getClock                  
0     0000af42  SysCtl_getLowSpeedClock          
0     0000a471  SysCtl_isPLLValid                
0     0000abb7  SysCtl_selectOscSource           
0     0000ac36  SysCtl_selectXTAL                
0     0000ae06  SysCtl_selectXTALSingleEnded     
0     0000a350  SysCtl_setClock                  
0     00000140  __TI_CINIT_Base                  
0     00000148  __TI_CINIT_Limit                 
0     00000148  __TI_CINIT_Warm                  
0     00000136  __TI_Handler_Table_Base          
0     0000013c  __TI_Handler_Table_Limit         
0     00000600  __TI_STACK_END                   
abs   00000200  __TI_STACK_SIZE                  
0     0000ad47  __TI_auto_init_nobinit_nopinit   
0     0000b7bc  __TI_cleanup_ptr                 
0     0000ad17  __TI_decompress_lzss             
0     0000b214  __TI_decompress_none             
0     0000b7be  __TI_dtors_ptr                   
0     0000b7ba  __TI_enable_exit_profile_output  
abs   ffffffff  __TI_pprof_out_hndl              
abs   ffffffff  __TI_prof_data_size              
abs   ffffffff  __TI_prof_data_start             
0     0000b1cb  __TI_zero_init_nomemset          
0     0000a799  __c28xabi_divf                   
n/a   UNDEFED   __c_args__                       
0     0000b232  __error__                        
0     00000400  __stack                          
0     0000b1d8  _args_main                       
0     0000afe6  _c_int00                         
0     0000b7c0  _lock                            
0     0000b20b  _nop                             
0     0000b207  _register_lock                   
0     0000b203  _register_unlock                 
0     0000b241  _system_post_cinit               
0     0000b23f  _system_pre_init                 
0     0000b7c2  _unlock                          
0     0000ad72  abort                            
0     0000b4a0  arbID                            
0     0000b7ab  bitpos                           
0     0000b7aa  canBit                           
0     0000a894  canaISR                          
0     0000b242  canstream                        
0     00000000  code_start                       
0     0000ad9b  configCPUTimer                   
0     0000ab74  cpuTimer0ISR                     
0     0000b49b  crcNext                          
0     0000b49a  crcRg                            
0     0000b7b0  errorFlag                        
0     0000b7ac  errpos                           
0     0000ad74  exit                             
0     0000a000  generateCANFrame                 
0     0000afcf  initCPUTimers                    
0     0000a64a  main                             
0     0000aeba  memcpy                           
0     0000b49c  nbits                            
0     0000b49e  nxtBit                           
0     0000b49f  prev_bit                         
0     0000b7ae  rxMsgCount                       
0     0000b7b2  rxMsgData                        
0     0000b49d  samebits                         
0     0000b3d2  stream                           
0     0000b7ad  stuffbits                        
0     0000b4a2  txMsgData                        


GLOBAL SYMBOLS: SORTED BY Symbol Address 

page  address   name                             
----  -------   ----                             
0     00000000  code_start                       
0     00000128  SysCtl_delay                     
0     00000136  __TI_Handler_Table_Base          
0     0000013c  __TI_Handler_Table_Limit         
0     00000140  __TI_CINIT_Base                  
0     00000148  __TI_CINIT_Limit                 
0     00000148  __TI_CINIT_Warm                  
0     00000400  __stack                          
0     00000600  __TI_STACK_END                   
0     0000a000  generateCANFrame                 
0     0000a350  SysCtl_setClock                  
0     0000a471  SysCtl_isPLLValid                
0     0000a56f  CAN_setupMessageObject           
0     0000a64a  main                             
0     0000a6ff  Device_enableAllPeripherals      
0     0000a799  __c28xabi_divf                   
0     0000a894  canaISR                          
0     0000a907  CAN_readMessage                  
0     0000a96d  SysCtl_getClock                  
0     0000a9d2  CAN_setBitTiming                 
0     0000aa36  CAN_setBitRate                   
0     0000aa97  GPIO_setPadConfig                
0     0000aae9  CAN_clearInterruptStatus         
0     0000ab74  cpuTimer0ISR                     
0     0000abb7  SysCtl_selectOscSource           
0     0000abf9  Interrupt_initModule             
0     0000ac36  SysCtl_selectXTAL                
0     0000ac73  GPIO_setPinConfig                
0     0000acaa  Interrupt_enable                 
0     0000ace1  Device_init                      
0     0000ad17  __TI_decompress_lzss             
0     0000ad47  __TI_auto_init_nobinit_nopinit   
0     0000ad72  C$$EXIT                          
0     0000ad72  abort                            
0     0000ad74  exit                             
0     0000ad9b  configCPUTimer                   
0     0000ae06  SysCtl_selectXTALSingleEnded     
0     0000ae62  Interrupt_initVectorTable        
0     0000aeba  memcpy                           
0     0000aed7  CAN_initModule                   
0     0000af42  SysCtl_getLowSpeedClock          
0     0000afcf  initCPUTimers                    
0     0000afe6  _c_int00                         
0     0000b013  Interrupt_defaultHandler         
0     0000b11e  CPUTimer_setEmulationMode        
0     0000b1cb  __TI_zero_init_nomemset          
0     0000b1d8  _args_main                       
0     0000b1ef  Interrupt_illegalOperationHandler
0     0000b1f9  Interrupt_nmiHandler             
0     0000b203  _register_unlock                 
0     0000b207  _register_lock                   
0     0000b20b  _nop                             
0     0000b214  __TI_decompress_none             
0     0000b232  __error__                        
0     0000b23f  _system_pre_init                 
0     0000b241  _system_post_cinit               
0     0000b242  canstream                        
0     0000b3d2  stream                           
0     0000b49a  crcRg                            
0     0000b49b  crcNext                          
0     0000b49c  nbits                            
0     0000b49d  samebits                         
0     0000b49e  nxtBit                           
0     0000b49f  prev_bit                         
0     0000b4a0  arbID                            
0     0000b4a2  txMsgData                        
0     0000b7aa  canBit                           
0     0000b7ab  bitpos                           
0     0000b7ac  errpos                           
0     0000b7ad  stuffbits                        
0     0000b7ae  rxMsgCount                       
0     0000b7b0  errorFlag                        
0     0000b7b2  rxMsgData                        
0     0000b7ba  __TI_enable_exit_profile_output  
0     0000b7bc  __TI_cleanup_ptr                 
0     0000b7be  __TI_dtors_ptr                   
0     0000b7c0  _lock                            
0     0000b7c2  _unlock                          
abs   00000200  __TI_STACK_SIZE                  
abs   ffffffff  __TI_pprof_out_hndl              
abs   ffffffff  __TI_prof_data_size              
abs   ffffffff  __TI_prof_data_start             
n/a   UNDEFED   __c_args__                       

[83 symbols]
