******************************************************************************
             TMS320C2000 Linker PC v22.6.1                     
******************************************************************************
>> Linked Sun Oct 13 22:20:27 2024

OUTPUT FILE NAME:   <local_uC.out>
ENTRY POINT SYMBOL: "_c_int00"  address: 0000b5a0


MEMORY CONFIGURATION

         name            origin    length      used     unused   attr    fill
----------------------  --------  ---------  --------  --------  ----  --------
  BEGIN                 00000000   00000002  00000000  00000002  RWIX
  BOOT_RSVD             00000002   00000126  00000000  00000126  RWIX
  RAMM0                 00000128   000002d8  00000020  000002b8  RWIX
  RAMM1                 00000400   000003f8  00000200  000001f8  RWIX
  RAMLS4567             0000a000   00002000  00001bb1  0000044f  RWIX
  RAMGS0                0000c000   000007f8  0000021a  000005de  RWIX
  BOOTROM               003f0000   00008000  00000000  00008000  RWIX
  BOOTROM_EXT           003f8000   00007fc0  00000000  00007fc0  RWIX
  RESET                 003fffc0   00000002  00000000  00000002  RWIX


SECTION ALLOCATION MAP

 output                                  attributes/
section   page    origin      length       input sections
--------  ----  ----------  ----------   ----------------
.TI.ramfunc 
*          0    00000128    00000004     
                  00000128    00000004     driverlib.lib : sysctl.obj (.TI.ramfunc)

.cinit     0    0000012c    0000001c     
                  0000012c    00000009     (.cinit..data.load) [load image, compression = lzss]
                  00000135    00000001     --HOLE-- [fill = 0]
                  00000136    00000006     (__TI_handler_table)
                  0000013c    00000004     (.cinit..bss.load) [load image, compression = zero_init]
                  00000140    00000008     (__TI_cinit_table)

.text      0    0000a000    00001b81     
                  0000a000    000001cd     board.obj (.text:EPWM_init)
                  0000a1cd    00000121     driverlib.lib : sysctl.obj (.text:SysCtl_setClock)
                  0000a2ee    000000fe                   : sysctl.obj (.text:SysCtl_isPLLValid)
                  0000a3ec    000000db                   : can.obj (.text:CAN_setupMessageObject)
                  0000a4c7    000000c7     board.obj (.text:myADC0_init)
                  0000a58e    000000b6     board.obj (.text:PinMux_init)
                  0000a644    0000009c     main.obj (.text:main)
                  0000a6e0    00000092     main.obj (.text:fanctrlISR)
                  0000a772    00000090     main.obj (.text:myCAN0_0_ISR)
                  0000a802    00000088     rts2800_fpu32_eabi.lib : fs_div28.asm.obj (.text)
                  0000a88a    00000073     driverlib.lib : sysctl.obj (.text:DCC_setCounterSeeds)
                  0000a8fd    00000072                   : can.obj (.text:CAN_sendMessage)
                  0000a96f    0000006b     main.obj (.text:EPWM_setADCTriggerSource)
                  0000a9da    00000066     driverlib.lib : can.obj (.text:CAN_readMessage)
                  0000aa40    00000066     device.obj (.text:Device_enableAllPeripherals)
                  0000aaa6    00000064     driverlib.lib : can.obj (.text:CAN_setBitTiming)
                  0000ab0a    00000064     main.obj (.text:adcA1ISR)
                  0000ab6e    00000057     board.obj (.text:myCAN0_init)
                  0000abc5    00000052     driverlib.lib : gpio.obj (.text:GPIO_setPadConfig)
                  0000ac17    00000049     board.obj (.text:INTERRUPT_init)
                  0000ac60    00000046     driverlib.lib : can.obj (.text:CAN_clearInterruptStatus)
                  0000aca6    00000046                   : gpio.obj (.text:GPIO_setAnalogMode)
                  0000acec    00000045                   : sysctl.obj (.text:SysCtl_pollX1Counter)
                  0000ad31    00000042                   : sysctl.obj (.text:SysCtl_selectOscSource)
                  0000ad73    00000040     main.obj (.text:updateCompare)
                  0000adb3    0000003d     driverlib.lib : interrupt.obj (.text:Interrupt_initModule)
                  0000adf0    0000003d                   : sysctl.obj (.text:SysCtl_selectXTAL)
                  0000ae2d    0000003d     main.obj (.text:gbl_enbl_ISR)
                  0000ae6a    0000003a     board.obj (.text:GPIO_writePin)
                  0000aea4    0000003a     main.obj (.text:GPIO_writePin)
                  0000aede    0000003a     main.obj (.text:gbl_flt_ISR)
                  0000af18    00000037     driverlib.lib : gpio.obj (.text:GPIO_setInterruptPin)
                  0000af4f    00000037                   : gpio.obj (.text:GPIO_setPinConfig)
                  0000af86    00000037                   : gpio.obj (.text:GPIO_setQualificationMode)
                  0000afbd    00000037                   : interrupt.obj (.text:Interrupt_enable)
                  0000aff4    00000036     board.obj (.text:EPWM_setActionQualifierAction)
                  0000b02a    00000036     main.obj (.text:epwm2ISR)
                  0000b060    00000036     main.obj (.text:epwm3ISR)
                  0000b096    00000035     main.obj (.text:myCAN0_1_ISR)
                  0000b0cb    00000034     board.obj (.text:EPWM_setCounterCompareShadowLoadMode)
                  0000b0ff    00000032     main.obj (.text:GPIO_readPin)
                  0000b131    00000031     board.obj (.text:EPWM_setInterruptSource)
                  0000b162    00000031     driverlib.lib : gpio.obj (.text:GPIO_setDirectionMode)
                  0000b193    00000030     rts2800_fpu32_eabi.lib : copy_decompress_lzss.c.obj (.text:decompress:lzss)
                  0000b1c3    0000002b                            : autoinit.c.obj (.text:__TI_auto_init_nobinit_nopinit)
                  0000b1ee    0000002a     driverlib.lib : gpio.obj (.text:XBAR_setInputPin)
                  0000b218    0000002a     main.obj (.text:initEPWM)
                  0000b242    00000029     rts2800_fpu32_eabi.lib : exit.c.obj (.text)
                  0000b26b    00000027     main.obj (.text:EPWM_setADCTriggerEventPrescale)
                  0000b292    00000025     board.obj (.text:myCPUTIMER0_init)
                  0000b2b7    00000024     board.obj (.text:ADC_setInterruptSOCTrigger)
                  0000b2db    00000024     driverlib.lib : sysctl.obj (.text:DCC_enableSingleShotMode)
                  0000b2ff    00000022                   : can.obj (.text:CAN_writeDataReg)
                  0000b321    00000020                   : adc.obj (.text:ADC_setOffsetTrimAll)
                  0000b341    00000020     board.obj (.text:ADC_setupSOC)
                  0000b361    00000020     driverlib.lib : sysctl.obj (.text:SysCtl_selectXTALSingleEnded)
                  0000b381    0000001e                   : sysctl.obj (.text:DCC_setCounter0ClkSource)
                  0000b39f    0000001e                   : sysctl.obj (.text:DCC_setCounter1ClkSource)
                  0000b3bd    0000001e                   : interrupt.obj (.text:Interrupt_initVectorTable)
                  0000b3db    0000001d     rts2800_fpu32_eabi.lib : memcpy.c.obj (.text)
                  0000b3f8    0000001c     board.obj (.text:ADC_setInterruptSource)
                  0000b414    0000001c     driverlib.lib : can.obj (.text:CAN_initModule)
                  0000b430    0000001b                   : can.obj (.text:CAN_readDataReg)
                  0000b44b    0000001b                   : gpio.obj (.text:XBAR_isBaseValid)
                  0000b466    0000001a                   : can.obj (.text:CAN_initRAM)
                  0000b480    0000001a     board.obj (.text:EPWM_disableCounterCompareShadowLoadMode)
                  0000b49a    0000001a     board.obj (.text:EPWM_setupEPWMLinks)
                  0000b4b4    00000019     board.obj (.text:Board_init)
                  0000b4cd    00000018     main.obj (.text:EPWM_getCounterCompareValue)
                  0000b4e5    00000018     board.obj (.text:EPWM_setCounterCompareValue)
                  0000b4fd    00000018     main.obj (.text:EPWM_setCounterCompareValue)
                  0000b515    00000018     main.obj (.text:SysCtl_disablePeripheral)
                  0000b52d    00000017     board.obj (.text:ADC_disableContinuousMode)
                  0000b544    00000017     driverlib.lib : cputimer.obj (.text:CPUTimer_isBaseValid)
                  0000b55b    00000017     device.obj (.text:SysCtl_enablePeripheral)
                  0000b572    00000017     driverlib.lib : sysctl.obj (.text:SysCtl_enablePeripheral)
                  0000b589    00000017     main.obj (.text:SysCtl_enablePeripheral)
                  0000b5a0    00000017     rts2800_fpu32_eabi.lib : boot28.asm.obj (.text)
                  0000b5b7    00000016     board.obj (.text:ADC_enableInterrupt)
                  0000b5cd    00000016     driverlib.lib : sysctl.obj (.text:DCC_disableDoneSignal)
                  0000b5e3    00000016                   : interrupt.obj (.text:Interrupt_defaultHandler)
                  0000b5f9    00000015                   : sysctl.obj (.text:DCC_clearDoneFlag)
                  0000b60e    00000015                   : sysctl.obj (.text:DCC_clearErrorFlag)
                  0000b623    00000015                   : sysctl.obj (.text:DCC_disableErrorSignal)
                  0000b638    00000015                   : sysctl.obj (.text:DCC_isBaseValid)
                  0000b64d    00000015     board.obj (.text:ENA_out_init)
                  0000b662    00000015     board.obj (.text:ENB_out_init)
                  0000b677    00000015     board.obj (.text:EPWM_setFallingEdgeDelayCountShadowLoadMode)
                  0000b68c    00000015     board.obj (.text:EPWM_setInterruptEventCount)
                  0000b6a1    00000015     board.obj (.text:EPWM_setRisingEdgeDelayCountShadowLoadMode)
                  0000b6b6    00000015     board.obj (.text:FAN_ctrl_out_init)
                  0000b6cb    00000015     device.obj (.text:GPIO_unlockPortConfig)
                  0000b6e0    00000014     driverlib.lib : sysctl.obj (.text:DCC_disableModule)
                  0000b6f4    00000014                   : sysctl.obj (.text:DCC_enableModule)
                  0000b708    00000014     board.obj (.text:EPWM_setPhaseShift)
                  0000b71c    00000014     driverlib.lib : gpio.obj (.text:GPIO_isPinValid)
                  0000b730    00000014     device.obj (.text:SysCtl_deviceCal)
                  0000b744    00000014     driverlib.lib : sysctl.obj (.text:SysCtl_setPLLSysClk)
                  0000b758    00000013     main.obj (.text:ADC_getInterruptOverflowStatus)
                  0000b76b    00000013     driverlib.lib : cputimer.obj (.text:CPUTimer_setEmulationMode)
                  0000b77e    00000013     board.obj (.text:EPWM_setActionQualifierContSWForceShadowMode)
                  0000b791    00000013     board.obj (.text:EPWM_setActionQualifierT2TriggerSource)
                  0000b7a4    00000013     board.obj (.text:GPIO_init)
                  0000b7b7    00000012     board.obj (.text:ADC_setSOCPriority)
                  0000b7c9    00000012     device.obj (.text:Device_init)
                  0000b7db    00000012     main.obj (.text:EPWM_disableADCTrigger)
                  0000b7ed    00000012     main.obj (.text:EPWM_enableADCTrigger)
                  0000b7ff    00000012     board.obj (.text:EPWM_setClockPrescaler)
                  0000b811    00000012     main.obj (.text:EPWM_setClockPrescaler)
                  0000b823    00000012     board.obj (.text:SysCtl_setSyncOutputConfig)
                  0000b835    00000010     driverlib.lib : can.obj (.text:CAN_isBaseValid)
                  0000b845    00000010     board.obj (.text:CPUTimer_startTimer)
                  0000b855    00000010     board.obj (.text:CSIG2_in_init)
                  0000b865    00000010     device.obj (.text:Device_initGPIO)
                  0000b875    00000010     board.obj (.text:EN_in_init)
                  0000b885    00000010     board.obj (.text:EPWM_setActionQualifierT1TriggerSource)
                  0000b895    00000010     board.obj (.text:FLTN_in_init)
                  0000b8a5    00000010     board.obj (.text:GPIO_setInterruptType)
                  0000b8b5    00000010     board.obj (.text:GSYNC_in_init)
                  0000b8c5    00000010     board.obj (.text:RDY_out_init)
                  0000b8d5    0000000f     board.obj (.text:CSIG1_in_init)
                  0000b8e4    0000000f     board.obj (.text:Interrupt_register)
                  0000b8f3    0000000f     main.obj (.text:Interrupt_register)
                  0000b902    0000000f     main.obj (.text:initEPWM2)
                  0000b911    0000000e     board.obj (.text:EPWM_disableFallingEdgeDelayCountShadowLoadMode)
                  0000b91f    0000000e     board.obj (.text:EPWM_disableRisingEdgeDelayCountShadowLoadMode)
                  0000b92d    0000000e     main.obj (.text:initEPWM3)
                  0000b93b    0000000d     board.obj (.text:CPUTimer_setPreScaler)
                  0000b948    0000000d     driverlib.lib : interrupt.obj (.text:Interrupt_disableGlobal)
                  0000b955    0000000d                   : interrupt.obj (.text:Interrupt_enableGlobal)
                  0000b962    0000000d     device.obj (.text:SysCtl_setLowSpeedClock)
                  0000b96f    0000000d     rts2800_fpu32_eabi.lib : copy_zero_init.c.obj (.text:decompress:ZI:__TI_zero_init_nomemset)
                  0000b97c    0000000c     board.obj (.text:ADC_setInterruptPulseMode)
                  0000b988    0000000c     board.obj (.text:ADC_setPrescaler)
                  0000b994    0000000c     board.obj (.text:ASysCtl_setAnalogReference1P65)
                  0000b9a0    0000000c     board.obj (.text:CPUTimer_enableInterrupt)
                  0000b9ac    0000000c     board.obj (.text:EN_in_XINT_init)
                  0000b9b8    0000000c     board.obj (.text:EPWM_enableGlobalLoadRegisters)
                  0000b9c4    0000000c     board.obj (.text:EPWM_setSyncInPulseSource)
                  0000b9d0    0000000c     board.obj (.text:FLTN_in_XINT_init)
                  0000b9dc    0000000c     board.obj (.text:SysCtl_enableExtADCSOCSource)
                  0000b9e8    0000000c     board.obj (.text:XBAR_setInputPin)
                  0000b9f4    0000000c     rts2800_fpu32_eabi.lib : args_main.c.obj (.text)
                  0000ba00    0000000b     board.obj (.text:ADC_disableBurstMode)
                  0000ba0b    0000000b     board.obj (.text:CAN_enableInterrupt)
                  0000ba16    0000000b     board.obj (.text:CPUTimer_reloadTimerCounter)
                  0000ba21    0000000b     board.obj (.text:CPUTimer_stopTimer)
                  0000ba2c    0000000b     driverlib.lib : sysctl.obj (.text:SysCtl_isMCDClockFailureDetected)
                  0000ba37    0000000a     main.obj (.text:ADC_clearInterruptOverflowStatus)
                  0000ba41    0000000a     board.obj (.text:ADC_clearInterruptStatus)
                  0000ba4b    0000000a     main.obj (.text:ADC_clearInterruptStatus)
                  0000ba55    0000000a     board.obj (.text:ASysCtl_setAnalogReferenceInternal)
                  0000ba5f    0000000a     main.obj (.text:CAN_clearGlobalInterruptStatus)
                  0000ba69    0000000a     board.obj (.text:CAN_enableGlobalInterrupt)
                  0000ba73    0000000a     board.obj (.text:EPWM_setTimeBaseCounterMode)
                  0000ba7d    0000000a     main.obj (.text:EPWM_setTimeBaseCounterMode)
                  0000ba87    0000000a     board.obj (.text:EPWM_setTimeBasePeriod)
                  0000ba91    0000000a     main.obj (.text:EPWM_setTimeBasePeriod)
                  0000ba9b    0000000a     driverlib.lib : interrupt.obj (.text:Interrupt_illegalOperationHandler)
                  0000baa5    0000000a                   : interrupt.obj (.text:Interrupt_nmiHandler)
                  0000baaf    0000000a     board.obj (.text:SYNC_init)
                  0000bab9    00000009     board.obj (.text:ADC_enableConverter)
                  0000bac2    00000009     board.obj (.text:ASYSCTL_init)
                  0000bacb    00000009     board.obj (.text:CAN_setInterruptMux)
                  0000bad4    00000009     main.obj (.text:EPWM_clearEventTriggerInterruptFlag)
                  0000badd    00000009     board.obj (.text:EPWM_enableInterrupt)
                  0000bae6    00000009     board.obj (.text:GPIO_enableInterrupt)
                  0000baef    00000009     rts2800_fpu32_eabi.lib : _lock.c.obj (.text)
                  0000baf8    00000008     main.obj (.text:ADC_readResult)
                  0000bb00    00000008     main.obj (.text:CAN_getInterruptCause)
                  0000bb08    00000008     board.obj (.text:EPWM_setTimeBaseCounter)
                  0000bb10    00000008     device.obj (.text:SysCtl_disableWatchdog)
                  0000bb18    00000008     rts2800_fpu32_eabi.lib : copy_decompress_none.c.obj (.text:decompress:none)
                  0000bb20    00000007     board.obj (.text:ASysCtl_disableTemperatureSensor)
                  0000bb27    00000007     device.obj (.text:ASysCtl_lockVREG)
                  0000bb2e    00000007     board.obj (.text:CAN_startModule)
                  0000bb35    00000007     board.obj (.text:CPUTimer_setPeriod)
                  0000bb3c    00000007     board.obj (.text:EPWM_disablePhaseShiftLoad)
                  0000bb43    00000007     driverlib.lib : sysctl.obj (.text:SysCtl_resetMCD)
                  0000bb4a    00000007     device.obj (.text:__error__)
                  0000bb51    00000007     board.obj (.text:myINPUTXBARINPUT0_init)
                  0000bb58    00000007     board.obj (.text:myINPUTXBARINPUT1_init)
                  0000bb5f    00000006     main.obj (.text:CAN_getStatus)
                  0000bb65    00000006     main.obj (.text:Interrupt_clearACKGroup)
                  0000bb6b    00000005     board.obj (.text:INPUTXBAR_init)
                  0000bb70    00000005     board.obj (.text:XINT_init)
                  0000bb75    00000003     board.obj (.text:ADC_init)
                  0000bb78    00000003     board.obj (.text:CAN_init)
                  0000bb7b    00000003     board.obj (.text:CPUTIMER_init)
                  0000bb7e    00000002     rts2800_fpu32_eabi.lib : pre_init.c.obj (.text)
                  0000bb80    00000001                            : startup.c.obj (.text)

.reset     0    003fffc0    00000000     DSECT

.stack     0    00000400    00000200     UNINITIALIZED
                  00000400    00000200     --HOLE--

.bss       0    0000bb82    00000022     UNINITIALIZED
                  0000bb82    0000001e     main.obj (.bss)
                  0000bba0    00000004     main.obj (.bss:txMsgData)

.init_array 
*          0    00000128    00000000     UNINITIALIZED

.data      0    0000bba4    0000000e     UNINITIALIZED
                  0000bba4    00000006     rts2800_fpu32_eabi.lib : exit.c.obj (.data)
                  0000bbaa    00000003     main.obj (.data)
                  0000bbad    00000001     --HOLE--
                  0000bbae    00000002     rts2800_fpu32_eabi.lib : _lock.c.obj (.data:_lock)
                  0000bbb0    00000002                            : _lock.c.obj (.data:_unlock)

.const     0    0000c000    0000021a     
                  0000c000    0000009a     driverlib.lib : sysctl.obj (.const:.string)
                  0000c09a    00000098                   : gpio.obj (.const:.string)
                  0000c132    00000097                   : can.obj (.const:.string)
                  0000c1c9    00000001     --HOLE-- [fill = 0]
                  0000c1ca    00000050                   : cputimer.obj (.const:.string)

MODULE SUMMARY

       Module                       code   ro data   rw data
       ------                       ----   -------   -------
    .\
       board.obj                    2288   0         0      
       main.obj                     1485   0         37     
       device.obj                   235    0         0      
    +--+----------------------------+------+---------+---------+
       Total:                       4008   0         37     
                                                            
    C:/ti/c2000/C2000Ware_5_01_00_00/driverlib/f28002x/driverlib/ccs/Debug/driverlib.lib
       sysctl.obj                   1193   154       0      
       can.obj                      736    151       0      
       gpio.obj                     455    152       0      
       interrupt.obj                214    0         0      
       cputimer.obj                 42     80        0      
       adc.obj                      32     0         0      
    +--+----------------------------+------+---------+---------+
       Total:                       2672   537       0      
                                                            
    C:\ti\ccs1260\ccs\tools\compiler\ti-cgt-c2000_22.6.1.LTS\lib\rts2800_fpu32_eabi.lib
       fs_div28.asm.obj             136    0         0      
       copy_decompress_lzss.c.obj   48     0         0      
       exit.c.obj                   41     0         6      
       autoinit.c.obj               43     0         0      
       memcpy.c.obj                 29     0         0      
       boot28.asm.obj               23     0         0      
       _lock.c.obj                  9      0         4      
       copy_zero_init.c.obj         13     0         0      
       args_main.c.obj              12     0         0      
       copy_decompress_none.c.obj   8      0         0      
       pre_init.c.obj               2      0         0      
       startup.c.obj                1      0         0      
    +--+----------------------------+------+---------+---------+
       Total:                       365    0         10     
                                                            
       Stack:                       0      0         512    
       Linker Generated:            0      27        0      
    +--+----------------------------+------+---------+---------+
       Grand Total:                 7045   564       559    


LINKER GENERATED COPY TABLES

__TI_cinit_table @ 00000140 records: 2, size/record: 4, table size: 8
	.data: load addr=0000012c, load size=00000009 bytes, run addr=0000bba4, run size=0000000e bytes, compression=lzss
	.bss: load addr=0000013c, load size=00000004 bytes, run addr=0000bb82, run size=00000022 bytes, compression=zero_init


LINKER GENERATED HANDLER TABLE

__TI_handler_table @ 00000136 records: 3, size/record: 2, table size: 6
	index: 0, handler: __TI_zero_init
	index: 1, handler: __TI_decompress_lzss
	index: 2, handler: __TI_decompress_none


GLOBAL DATA SYMBOLS: SORTED BY DATA PAGE

address     data page           name
--------    ----------------    ----
00000400      10 (00000400)     __stack

0000bb82     2ee (0000bb80)     adc_raw_ntc1
0000bb83     2ee (0000bb80)     adc_raw_ntc2
0000bb84     2ee (0000bb80)     adc_raw_iac1
0000bb85     2ee (0000bb80)     adc_raw_iac2
0000bb86     2ee (0000bb80)     adc_raw_fans
0000bb87     2ee (0000bb80)     adc_raw_vdc1
0000bb88     2ee (0000bb80)     adc_raw_vdc2
0000bb89     2ee (0000bb80)     adc_raw_vac1
0000bb8a     2ee (0000bb80)     adc_raw_vac2
0000bb8c     2ee (0000bb80)     epwm2Info
0000bb96     2ee (0000bb80)     epwm3Info
0000bba0     2ee (0000bb80)     txMsgData
0000bba4     2ee (0000bb80)     __TI_enable_exit_profile_output
0000bba6     2ee (0000bb80)     __TI_cleanup_ptr
0000bba8     2ee (0000bb80)     __TI_dtors_ptr
0000bbaa     2ee (0000bb80)     over_temp_thresh
0000bbab     2ee (0000bb80)     errorFlag
0000bbac     2ee (0000bb80)     txMsgSuccessful
0000bbae     2ee (0000bb80)     _lock
0000bbb0     2ee (0000bb80)     _unlock


GLOBAL SYMBOLS: SORTED ALPHABETICALLY BY Name 

page  address   name                             
----  -------   ----                             
0     0000bb75  ADC_init                         
0     0000b321  ADC_setOffsetTrimAll             
0     0000bac2  ASYSCTL_init                     
0     0000b4b4  Board_init                       
0     0000b242  C$$EXIT                          
0     0000ac60  CAN_clearInterruptStatus         
0     0000bb78  CAN_init                         
0     0000b414  CAN_initModule                   
0     0000a9da  CAN_readMessage                  
0     0000a8fd  CAN_sendMessage                  
0     0000aaa6  CAN_setBitTiming                 
0     0000a3ec  CAN_setupMessageObject           
0     0000bb7b  CPUTIMER_init                    
0     0000b76b  CPUTimer_setEmulationMode        
0     0000b8d5  CSIG1_in_init                    
0     0000b855  CSIG2_in_init                    
0     0000aa40  Device_enableAllPeripherals      
0     0000b7c9  Device_init                      
0     0000b865  Device_initGPIO                  
0     0000b64d  ENA_out_init                     
0     0000b662  ENB_out_init                     
0     0000b9ac  EN_in_XINT_init                  
0     0000b875  EN_in_init                       
0     0000a000  EPWM_init                        
0     0000b6b6  FAN_ctrl_out_init                
0     0000b9d0  FLTN_in_XINT_init                
0     0000b895  FLTN_in_init                     
0     0000b7a4  GPIO_init                        
0     0000aca6  GPIO_setAnalogMode               
0     0000b162  GPIO_setDirectionMode            
0     0000af18  GPIO_setInterruptPin             
0     0000abc5  GPIO_setPadConfig                
0     0000af4f  GPIO_setPinConfig                
0     0000af86  GPIO_setQualificationMode        
0     0000b8b5  GSYNC_in_init                    
0     0000bb6b  INPUTXBAR_init                   
0     0000ac17  INTERRUPT_init                   
0     0000b5e3  Interrupt_defaultHandler         
0     0000afbd  Interrupt_enable                 
0     0000ba9b  Interrupt_illegalOperationHandler
0     0000adb3  Interrupt_initModule             
0     0000b3bd  Interrupt_initVectorTable        
0     0000baa5  Interrupt_nmiHandler             
0     0000a58e  PinMux_init                      
0     0000b8c5  RDY_out_init                     
0     0000baaf  SYNC_init                        
0     00000128  SysCtl_delay                     
0     0000a2ee  SysCtl_isPLLValid                
0     0000ad31  SysCtl_selectOscSource           
0     0000adf0  SysCtl_selectXTAL                
0     0000b361  SysCtl_selectXTALSingleEnded     
0     0000a1cd  SysCtl_setClock                  
0     0000bb70  XINT_init                        
0     00000140  __TI_CINIT_Base                  
0     00000148  __TI_CINIT_Limit                 
0     00000148  __TI_CINIT_Warm                  
0     00000136  __TI_Handler_Table_Base          
0     0000013c  __TI_Handler_Table_Limit         
0     00000600  __TI_STACK_END                   
abs   00000200  __TI_STACK_SIZE                  
0     0000b1c3  __TI_auto_init_nobinit_nopinit   
0     0000bba6  __TI_cleanup_ptr                 
0     0000b193  __TI_decompress_lzss             
0     0000bb18  __TI_decompress_none             
0     0000bba8  __TI_dtors_ptr                   
0     0000bba4  __TI_enable_exit_profile_output  
abs   ffffffff  __TI_pprof_out_hndl              
abs   ffffffff  __TI_prof_data_size              
abs   ffffffff  __TI_prof_data_start             
0     0000b96f  __TI_zero_init_nomemset          
0     0000a802  __c28xabi_divf                   
n/a   UNDEFED   __c_args__                       
0     0000bb4a  __error__                        
0     00000400  __stack                          
0     0000b9f4  _args_main                       
0     0000b5a0  _c_int00                         
0     0000bbae  _lock                            
0     0000baf7  _nop                             
0     0000baf3  _register_lock                   
0     0000baef  _register_unlock                 
0     0000bb80  _system_post_cinit               
0     0000bb7e  _system_pre_init                 
0     0000bbb0  _unlock                          
0     0000b242  abort                            
0     0000ab0a  adcA1ISR                         
0     0000bb86  adc_raw_fans                     
0     0000bb84  adc_raw_iac1                     
0     0000bb85  adc_raw_iac2                     
0     0000bb82  adc_raw_ntc1                     
0     0000bb83  adc_raw_ntc2                     
0     0000bb89  adc_raw_vac1                     
0     0000bb8a  adc_raw_vac2                     
0     0000bb87  adc_raw_vdc1                     
0     0000bb88  adc_raw_vdc2                     
0     0000b02a  epwm2ISR                         
0     0000bb8c  epwm2Info                        
0     0000b060  epwm3ISR                         
0     0000bb96  epwm3Info                        
0     0000bbab  errorFlag                        
0     0000b244  exit                             
0     0000a6e0  fanctrlISR                       
0     0000ae2d  gbl_enbl_ISR                     
0     0000aede  gbl_flt_ISR                      
0     0000b218  initEPWM                         
0     0000b902  initEPWM2                        
0     0000b92d  initEPWM3                        
0     0000a644  main                             
0     0000b3db  memcpy                           
0     0000a4c7  myADC0_init                      
0     0000a772  myCAN0_0_ISR                     
0     0000b096  myCAN0_1_ISR                     
0     0000ab6e  myCAN0_init                      
0     0000b292  myCPUTIMER0_init                 
0     0000bb51  myINPUTXBARINPUT0_init           
0     0000bb58  myINPUTXBARINPUT1_init           
0     0000bbaa  over_temp_thresh                 
0     0000bba0  txMsgData                        
0     0000bbac  txMsgSuccessful                  
0     0000ad73  updateCompare                    


GLOBAL SYMBOLS: SORTED BY Symbol Address 

page  address   name                             
----  -------   ----                             
0     00000128  SysCtl_delay                     
0     00000136  __TI_Handler_Table_Base          
0     0000013c  __TI_Handler_Table_Limit         
0     00000140  __TI_CINIT_Base                  
0     00000148  __TI_CINIT_Limit                 
0     00000148  __TI_CINIT_Warm                  
0     00000400  __stack                          
0     00000600  __TI_STACK_END                   
0     0000a000  EPWM_init                        
0     0000a1cd  SysCtl_setClock                  
0     0000a2ee  SysCtl_isPLLValid                
0     0000a3ec  CAN_setupMessageObject           
0     0000a4c7  myADC0_init                      
0     0000a58e  PinMux_init                      
0     0000a644  main                             
0     0000a6e0  fanctrlISR                       
0     0000a772  myCAN0_0_ISR                     
0     0000a802  __c28xabi_divf                   
0     0000a8fd  CAN_sendMessage                  
0     0000a9da  CAN_readMessage                  
0     0000aa40  Device_enableAllPeripherals      
0     0000aaa6  CAN_setBitTiming                 
0     0000ab0a  adcA1ISR                         
0     0000ab6e  myCAN0_init                      
0     0000abc5  GPIO_setPadConfig                
0     0000ac17  INTERRUPT_init                   
0     0000ac60  CAN_clearInterruptStatus         
0     0000aca6  GPIO_setAnalogMode               
0     0000ad31  SysCtl_selectOscSource           
0     0000ad73  updateCompare                    
0     0000adb3  Interrupt_initModule             
0     0000adf0  SysCtl_selectXTAL                
0     0000ae2d  gbl_enbl_ISR                     
0     0000aede  gbl_flt_ISR                      
0     0000af18  GPIO_setInterruptPin             
0     0000af4f  GPIO_setPinConfig                
0     0000af86  GPIO_setQualificationMode        
0     0000afbd  Interrupt_enable                 
0     0000b02a  epwm2ISR                         
0     0000b060  epwm3ISR                         
0     0000b096  myCAN0_1_ISR                     
0     0000b162  GPIO_setDirectionMode            
0     0000b193  __TI_decompress_lzss             
0     0000b1c3  __TI_auto_init_nobinit_nopinit   
0     0000b218  initEPWM                         
0     0000b242  C$$EXIT                          
0     0000b242  abort                            
0     0000b244  exit                             
0     0000b292  myCPUTIMER0_init                 
0     0000b321  ADC_setOffsetTrimAll             
0     0000b361  SysCtl_selectXTALSingleEnded     
0     0000b3bd  Interrupt_initVectorTable        
0     0000b3db  memcpy                           
0     0000b414  CAN_initModule                   
0     0000b4b4  Board_init                       
0     0000b5a0  _c_int00                         
0     0000b5e3  Interrupt_defaultHandler         
0     0000b64d  ENA_out_init                     
0     0000b662  ENB_out_init                     
0     0000b6b6  FAN_ctrl_out_init                
0     0000b76b  CPUTimer_setEmulationMode        
0     0000b7a4  GPIO_init                        
0     0000b7c9  Device_init                      
0     0000b855  CSIG2_in_init                    
0     0000b865  Device_initGPIO                  
0     0000b875  EN_in_init                       
0     0000b895  FLTN_in_init                     
0     0000b8b5  GSYNC_in_init                    
0     0000b8c5  RDY_out_init                     
0     0000b8d5  CSIG1_in_init                    
0     0000b902  initEPWM2                        
0     0000b92d  initEPWM3                        
0     0000b96f  __TI_zero_init_nomemset          
0     0000b9ac  EN_in_XINT_init                  
0     0000b9d0  FLTN_in_XINT_init                
0     0000b9f4  _args_main                       
0     0000ba9b  Interrupt_illegalOperationHandler
0     0000baa5  Interrupt_nmiHandler             
0     0000baaf  SYNC_init                        
0     0000bac2  ASYSCTL_init                     
0     0000baef  _register_unlock                 
0     0000baf3  _register_lock                   
0     0000baf7  _nop                             
0     0000bb18  __TI_decompress_none             
0     0000bb4a  __error__                        
0     0000bb51  myINPUTXBARINPUT0_init           
0     0000bb58  myINPUTXBARINPUT1_init           
0     0000bb6b  INPUTXBAR_init                   
0     0000bb70  XINT_init                        
0     0000bb75  ADC_init                         
0     0000bb78  CAN_init                         
0     0000bb7b  CPUTIMER_init                    
0     0000bb7e  _system_pre_init                 
0     0000bb80  _system_post_cinit               
0     0000bb82  adc_raw_ntc1                     
0     0000bb83  adc_raw_ntc2                     
0     0000bb84  adc_raw_iac1                     
0     0000bb85  adc_raw_iac2                     
0     0000bb86  adc_raw_fans                     
0     0000bb87  adc_raw_vdc1                     
0     0000bb88  adc_raw_vdc2                     
0     0000bb89  adc_raw_vac1                     
0     0000bb8a  adc_raw_vac2                     
0     0000bb8c  epwm2Info                        
0     0000bb96  epwm3Info                        
0     0000bba0  txMsgData                        
0     0000bba4  __TI_enable_exit_profile_output  
0     0000bba6  __TI_cleanup_ptr                 
0     0000bba8  __TI_dtors_ptr                   
0     0000bbaa  over_temp_thresh                 
0     0000bbab  errorFlag                        
0     0000bbac  txMsgSuccessful                  
0     0000bbae  _lock                            
0     0000bbb0  _unlock                          
abs   00000200  __TI_STACK_SIZE                  
abs   ffffffff  __TI_pprof_out_hndl              
abs   ffffffff  __TI_prof_data_size              
abs   ffffffff  __TI_prof_data_start             
n/a   UNDEFED   __c_args__                       

[119 symbols]
