<?xml version="1.0" encoding="ISO-8859-1" ?>
<link_info>
   <banner>TMS320C2000 Linker PC v22.6.1.LTS</banner>
   <copyright>Copyright (c) 1996-2018 Texas Instruments Incorporated</copyright>
   <link_time>0x67f3aed5</link_time>
   <link_errors>0x0</link_errors>
   <output_file>local_uC.out</output_file>
   <entry_point>
      <name>_c_int00</name>
      <address>0xb61c</address>
   </entry_point>
   <input_file_list>
      <input_file id="fl-2">
         <path>.\</path>
         <kind>object</kind>
         <file>board.obj</file>
         <name>board.obj</name>
      </input_file>
      <input_file id="fl-3">
         <path>.\</path>
         <kind>object</kind>
         <file>device.obj</file>
         <name>device.obj</name>
      </input_file>
      <input_file id="fl-4">
         <path>.\</path>
         <kind>object</kind>
         <file>main.obj</file>
         <name>main.obj</name>
      </input_file>
      <input_file id="fl-9">
         <kind>object</kind>
         <file>&lt;internal&gt;</file>
         <name>&lt;internal&gt;</name>
      </input_file>
      <input_file id="fl-a">
         <path>C:\ti\c2000\C2000Ware_5_01_00_00\driverlib\f28002x\driverlib\ccs\Debug\</path>
         <kind>archive</kind>
         <file>driverlib.lib</file>
         <name>adc.obj</name>
      </input_file>
      <input_file id="fl-b">
         <path>C:\ti\c2000\C2000Ware_5_01_00_00\driverlib\f28002x\driverlib\ccs\Debug\</path>
         <kind>archive</kind>
         <file>driverlib.lib</file>
         <name>can.obj</name>
      </input_file>
      <input_file id="fl-c">
         <path>C:\ti\c2000\C2000Ware_5_01_00_00\driverlib\f28002x\driverlib\ccs\Debug\</path>
         <kind>archive</kind>
         <file>driverlib.lib</file>
         <name>cputimer.obj</name>
      </input_file>
      <input_file id="fl-d">
         <path>C:\ti\c2000\C2000Ware_5_01_00_00\driverlib\f28002x\driverlib\ccs\Debug\</path>
         <kind>archive</kind>
         <file>driverlib.lib</file>
         <name>dcc.obj</name>
      </input_file>
      <input_file id="fl-e">
         <path>C:\ti\c2000\C2000Ware_5_01_00_00\driverlib\f28002x\driverlib\ccs\Debug\</path>
         <kind>archive</kind>
         <file>driverlib.lib</file>
         <name>gpio.obj</name>
      </input_file>
      <input_file id="fl-f">
         <path>C:\ti\c2000\C2000Ware_5_01_00_00\driverlib\f28002x\driverlib\ccs\Debug\</path>
         <kind>archive</kind>
         <file>driverlib.lib</file>
         <name>interrupt.obj</name>
      </input_file>
      <input_file id="fl-10">
         <path>C:\ti\c2000\C2000Ware_5_01_00_00\driverlib\f28002x\driverlib\ccs\Debug\</path>
         <kind>archive</kind>
         <file>driverlib.lib</file>
         <name>sysctl.obj</name>
      </input_file>
      <input_file id="fl-1c">
         <path>C:\ti\ccs1260\ccs\tools\compiler\ti-cgt-c2000_22.6.1.LTS\lib\</path>
         <kind>archive</kind>
         <file>rts2800_fpu32_eabi.lib</file>
         <name>boot28.asm.obj</name>
      </input_file>
      <input_file id="fl-1d">
         <path>C:\ti\ccs1260\ccs\tools\compiler\ti-cgt-c2000_22.6.1.LTS\lib\</path>
         <kind>archive</kind>
         <file>rts2800_fpu32_eabi.lib</file>
         <name>fs_div28.asm.obj</name>
      </input_file>
      <input_file id="fl-1e">
         <path>C:\ti\ccs1260\ccs\tools\compiler\ti-cgt-c2000_22.6.1.LTS\lib\</path>
         <kind>archive</kind>
         <file>rts2800_fpu32_eabi.lib</file>
         <name>pre_init.c.obj</name>
      </input_file>
      <input_file id="fl-1f">
         <path>C:\ti\ccs1260\ccs\tools\compiler\ti-cgt-c2000_22.6.1.LTS\lib\</path>
         <kind>archive</kind>
         <file>rts2800_fpu32_eabi.lib</file>
         <name>autoinit.c.obj</name>
      </input_file>
      <input_file id="fl-20">
         <path>C:\ti\ccs1260\ccs\tools\compiler\ti-cgt-c2000_22.6.1.LTS\lib\</path>
         <kind>archive</kind>
         <file>rts2800_fpu32_eabi.lib</file>
         <name>copy_zero_init.c.obj</name>
      </input_file>
      <input_file id="fl-21">
         <path>C:\ti\ccs1260\ccs\tools\compiler\ti-cgt-c2000_22.6.1.LTS\lib\</path>
         <kind>archive</kind>
         <file>rts2800_fpu32_eabi.lib</file>
         <name>copy_decompress_none.c.obj</name>
      </input_file>
      <input_file id="fl-22">
         <path>C:\ti\ccs1260\ccs\tools\compiler\ti-cgt-c2000_22.6.1.LTS\lib\</path>
         <kind>archive</kind>
         <file>rts2800_fpu32_eabi.lib</file>
         <name>copy_decompress_lzss.c.obj</name>
      </input_file>
      <input_file id="fl-23">
         <path>C:\ti\ccs1260\ccs\tools\compiler\ti-cgt-c2000_22.6.1.LTS\lib\</path>
         <kind>archive</kind>
         <file>rts2800_fpu32_eabi.lib</file>
         <name>exit.c.obj</name>
      </input_file>
      <input_file id="fl-24">
         <path>C:\ti\ccs1260\ccs\tools\compiler\ti-cgt-c2000_22.6.1.LTS\lib\</path>
         <kind>archive</kind>
         <file>rts2800_fpu32_eabi.lib</file>
         <name>_lock.c.obj</name>
      </input_file>
      <input_file id="fl-25">
         <path>C:\ti\ccs1260\ccs\tools\compiler\ti-cgt-c2000_22.6.1.LTS\lib\</path>
         <kind>archive</kind>
         <file>rts2800_fpu32_eabi.lib</file>
         <name>args_main.c.obj</name>
      </input_file>
      <input_file id="fl-26">
         <path>C:\ti\ccs1260\ccs\tools\compiler\ti-cgt-c2000_22.6.1.LTS\lib\</path>
         <kind>archive</kind>
         <file>rts2800_fpu32_eabi.lib</file>
         <name>memset.c.obj</name>
      </input_file>
      <input_file id="fl-27">
         <path>C:\ti\ccs1260\ccs\tools\compiler\ti-cgt-c2000_22.6.1.LTS\lib\</path>
         <kind>archive</kind>
         <file>rts2800_fpu32_eabi.lib</file>
         <name>cpy_tbl.c.obj</name>
      </input_file>
      <input_file id="fl-28">
         <path>C:\ti\ccs1260\ccs\tools\compiler\ti-cgt-c2000_22.6.1.LTS\lib\</path>
         <kind>archive</kind>
         <file>rts2800_fpu32_eabi.lib</file>
         <name>memcpy.c.obj</name>
      </input_file>
      <input_file id="fl-29">
         <path>C:\ti\ccs1260\ccs\tools\compiler\ti-cgt-c2000_22.6.1.LTS\lib\</path>
         <kind>archive</kind>
         <file>rts2800_fpu32_eabi.lib</file>
         <name>startup.c.obj</name>
      </input_file>
   </input_file_list>
   <object_component_list>
      <object_component id="oc-266">
         <name>.text:EPWM_init</name>
         <load_address>0xa000</load_address>
         <run_address>0xa000</run_address>
         <size>0x1cd</size>
         <input_file_ref idref="fl-2"/>
      </object_component>
      <object_component id="oc-212">
         <name>.text:SysCtl_setClock</name>
         <load_address>0xa1cd</load_address>
         <run_address>0xa1cd</run_address>
         <size>0x121</size>
         <input_file_ref idref="fl-10"/>
      </object_component>
      <object_component id="oc-2fd">
         <name>.text:SysCtl_isPLLValid</name>
         <load_address>0xa2ee</load_address>
         <run_address>0xa2ee</run_address>
         <size>0xfe</size>
         <input_file_ref idref="fl-10"/>
      </object_component>
      <object_component id="oc-52f">
         <name>.text:CAN_setupMessageObject</name>
         <load_address>0xa3ec</load_address>
         <run_address>0xa3ec</run_address>
         <size>0xdb</size>
         <input_file_ref idref="fl-b"/>
      </object_component>
      <object_component id="oc-359">
         <name>.text:myADC0_init</name>
         <load_address>0xa4c7</load_address>
         <run_address>0xa4c7</run_address>
         <size>0xc7</size>
         <input_file_ref idref="fl-2"/>
      </object_component>
      <object_component id="oc-23c">
         <name>.text:PinMux_init</name>
         <load_address>0xa58e</load_address>
         <run_address>0xa58e</run_address>
         <size>0xb6</size>
         <input_file_ref idref="fl-2"/>
      </object_component>
      <object_component id="oc-5c">
         <name>.text:myCAN0_0_ISR</name>
         <load_address>0xa644</load_address>
         <run_address>0xa644</run_address>
         <size>0x9e</size>
         <input_file_ref idref="fl-4"/>
      </object_component>
      <object_component id="oc-26">
         <name>.text:fanctrlISR</name>
         <load_address>0xa6e2</load_address>
         <run_address>0xa6e2</run_address>
         <size>0x92</size>
         <input_file_ref idref="fl-4"/>
      </object_component>
      <object_component id="oc-469">
         <name>.text</name>
         <load_address>0xa774</load_address>
         <run_address>0xa774</run_address>
         <size>0x88</size>
         <input_file_ref idref="fl-1d"/>
      </object_component>
      <object_component id="oc-49e">
         <name>.text:DCC_setCounterSeeds</name>
         <load_address>0xa7fc</load_address>
         <run_address>0xa7fc</run_address>
         <size>0x73</size>
         <input_file_ref idref="fl-10"/>
      </object_component>
      <object_component id="oc-d3">
         <name>.text:CAN_sendMessage</name>
         <load_address>0xa86f</load_address>
         <run_address>0xa86f</run_address>
         <size>0x72</size>
         <input_file_ref idref="fl-b"/>
      </object_component>
      <object_component id="oc-27f">
         <name>.text:EPWM_setADCTriggerSource</name>
         <load_address>0xa8e1</load_address>
         <run_address>0xa8e1</run_address>
         <size>0x6b</size>
         <input_file_ref idref="fl-4"/>
      </object_component>
      <object_component id="oc-38">
         <name>.text:adcA1ISR</name>
         <load_address>0xa94c</load_address>
         <run_address>0xa94c</run_address>
         <size>0x68</size>
         <input_file_ref idref="fl-4"/>
      </object_component>
      <object_component id="oc-164">
         <name>.text:CAN_readMessage</name>
         <load_address>0xa9b4</load_address>
         <run_address>0xa9b4</run_address>
         <size>0x66</size>
         <input_file_ref idref="fl-b"/>
      </object_component>
      <object_component id="oc-224">
         <name>.text:Device_enableAllPeripherals</name>
         <load_address>0xaa1a</load_address>
         <run_address>0xaa1a</run_address>
         <size>0x66</size>
         <input_file_ref idref="fl-3"/>
      </object_component>
      <object_component id="oc-360">
         <name>.text:myCAN0_init</name>
         <load_address>0xaa80</load_address>
         <run_address>0xaa80</run_address>
         <size>0x65</size>
         <input_file_ref idref="fl-2"/>
      </object_component>
      <object_component id="oc-51d">
         <name>.text:CAN_setBitTiming</name>
         <load_address>0xaae5</load_address>
         <run_address>0xaae5</run_address>
         <size>0x64</size>
         <input_file_ref idref="fl-b"/>
      </object_component>
      <object_component id="oc-27">
         <name>.text:INTERRUPT_init</name>
         <load_address>0xab49</load_address>
         <run_address>0xab49</run_address>
         <size>0x55</size>
         <input_file_ref idref="fl-2"/>
      </object_component>
      <object_component id="oc-31f">
         <name>.text:GPIO_setPadConfig</name>
         <load_address>0xab9e</load_address>
         <run_address>0xab9e</run_address>
         <size>0x52</size>
         <input_file_ref idref="fl-e"/>
      </object_component>
      <object_component id="oc-32">
         <name>.text:canSendISR</name>
         <load_address>0xabf0</load_address>
         <run_address>0xabf0</run_address>
         <size>0x51</size>
         <input_file_ref idref="fl-4"/>
      </object_component>
      <object_component id="oc-15e">
         <name>.text:CAN_clearInterruptStatus</name>
         <load_address>0xac41</load_address>
         <run_address>0xac41</run_address>
         <size>0x46</size>
         <input_file_ref idref="fl-b"/>
      </object_component>
      <object_component id="oc-319">
         <name>.text:GPIO_setAnalogMode</name>
         <load_address>0xac87</load_address>
         <run_address>0xac87</run_address>
         <size>0x46</size>
         <input_file_ref idref="fl-e"/>
      </object_component>
      <object_component id="oc-5b6">
         <name>.text:SysCtl_pollX1Counter</name>
         <load_address>0xaccd</load_address>
         <run_address>0xaccd</run_address>
         <size>0x45</size>
         <input_file_ref idref="fl-10"/>
      </object_component>
      <object_component id="oc-2f1">
         <name>.text:SysCtl_selectOscSource</name>
         <load_address>0xad12</load_address>
         <run_address>0xad12</run_address>
         <size>0x42</size>
         <input_file_ref idref="fl-10"/>
      </object_component>
      <object_component id="oc-f5">
         <name>.text:updateCompare</name>
         <load_address>0xad54</load_address>
         <run_address>0xad54</run_address>
         <size>0x40</size>
         <input_file_ref idref="fl-4"/>
      </object_component>
      <object_component id="oc-4b">
         <name>.text:systemInit</name>
         <load_address>0xad94</load_address>
         <run_address>0xad94</run_address>
         <size>0x3e</size>
         <input_file_ref idref="fl-4"/>
      </object_component>
      <object_component id="oc-10d">
         <name>.text:Interrupt_initModule</name>
         <load_address>0xadd2</load_address>
         <run_address>0xadd2</run_address>
         <size>0x3d</size>
         <input_file_ref idref="fl-f"/>
      </object_component>
      <object_component id="oc-45b">
         <name>.text:SysCtl_selectXTAL</name>
         <load_address>0xae0f</load_address>
         <run_address>0xae0f</run_address>
         <size>0x3d</size>
         <input_file_ref idref="fl-10"/>
      </object_component>
      <object_component id="oc-44">
         <name>.text:gbl_enbl_ISR</name>
         <load_address>0xae4c</load_address>
         <run_address>0xae4c</run_address>
         <size>0x3d</size>
         <input_file_ref idref="fl-4"/>
      </object_component>
      <object_component id="oc-58e">
         <name>.text:GPIO_writePin</name>
         <load_address>0xae89</load_address>
         <run_address>0xae89</run_address>
         <size>0x3a</size>
         <input_file_ref idref="fl-2"/>
      </object_component>
      <object_component id="oc-b1">
         <name>.text:GPIO_writePin</name>
         <load_address>0xaec3</load_address>
         <run_address>0xaec3</run_address>
         <size>0x3a</size>
         <input_file_ref idref="fl-4"/>
      </object_component>
      <object_component id="oc-3e">
         <name>.text:gbl_flt_ISR</name>
         <load_address>0xaefd</load_address>
         <run_address>0xaefd</run_address>
         <size>0x3a</size>
         <input_file_ref idref="fl-4"/>
      </object_component>
      <object_component id="oc-5a0">
         <name>.text:GPIO_setInterruptPin</name>
         <load_address>0xaf37</load_address>
         <run_address>0xaf37</run_address>
         <size>0x37</size>
         <input_file_ref idref="fl-e"/>
      </object_component>
      <object_component id="oc-313">
         <name>.text:GPIO_setPinConfig</name>
         <load_address>0xaf6e</load_address>
         <run_address>0xaf6e</run_address>
         <size>0x37</size>
         <input_file_ref idref="fl-e"/>
      </object_component>
      <object_component id="oc-325">
         <name>.text:GPIO_setQualificationMode</name>
         <load_address>0xafa5</load_address>
         <run_address>0xafa5</run_address>
         <size>0x37</size>
         <input_file_ref idref="fl-e"/>
      </object_component>
      <object_component id="oc-c9">
         <name>.text:Interrupt_enable</name>
         <load_address>0xafdc</load_address>
         <run_address>0xafdc</run_address>
         <size>0x37</size>
         <input_file_ref idref="fl-f"/>
      </object_component>
      <object_component id="oc-3ce">
         <name>.text:EPWM_setActionQualifierAction</name>
         <load_address>0xb013</load_address>
         <run_address>0xb013</run_address>
         <size>0x36</size>
         <input_file_ref idref="fl-2"/>
      </object_component>
      <object_component id="oc-4a">
         <name>.text:epwm2ISR</name>
         <load_address>0xb049</load_address>
         <run_address>0xb049</run_address>
         <size>0x36</size>
         <input_file_ref idref="fl-4"/>
      </object_component>
      <object_component id="oc-56">
         <name>.text:epwm3ISR</name>
         <load_address>0xb07f</load_address>
         <run_address>0xb07f</run_address>
         <size>0x36</size>
         <input_file_ref idref="fl-4"/>
      </object_component>
      <object_component id="oc-62">
         <name>.text:myCAN0_1_ISR</name>
         <load_address>0xb0b5</load_address>
         <run_address>0xb0b5</run_address>
         <size>0x35</size>
         <input_file_ref idref="fl-4"/>
      </object_component>
      <object_component id="oc-3b0">
         <name>.text:EPWM_setCounterCompareShadowLoadMode</name>
         <load_address>0xb0ea</load_address>
         <run_address>0xb0ea</run_address>
         <size>0x34</size>
         <input_file_ref idref="fl-2"/>
      </object_component>
      <object_component id="oc-ee">
         <name>.text:GPIO_readPin</name>
         <load_address>0xb11e</load_address>
         <run_address>0xb11e</run_address>
         <size>0x32</size>
         <input_file_ref idref="fl-4"/>
      </object_component>
      <object_component id="oc-3f2">
         <name>.text:EPWM_setInterruptSource</name>
         <load_address>0xb150</load_address>
         <run_address>0xb150</run_address>
         <size>0x31</size>
         <input_file_ref idref="fl-2"/>
      </object_component>
      <object_component id="oc-585">
         <name>.text:GPIO_setDirectionMode</name>
         <load_address>0xb181</load_address>
         <run_address>0xb181</run_address>
         <size>0x31</size>
         <input_file_ref idref="fl-e"/>
      </object_component>
      <object_component id="oc-14">
         <name>.text:decompress:lzss</name>
         <load_address>0xb1b2</load_address>
         <run_address>0xb1b2</run_address>
         <size>0x30</size>
         <input_file_ref idref="fl-22"/>
      </object_component>
      <object_component id="oc-18a">
         <name>.text:__TI_auto_init_nobinit_nopinit</name>
         <load_address>0xb1e2</load_address>
         <run_address>0xb1e2</run_address>
         <size>0x2b</size>
         <input_file_ref idref="fl-1f"/>
      </object_component>
      <object_component id="oc-607">
         <name>.text:XBAR_setInputPin</name>
         <load_address>0xb20d</load_address>
         <run_address>0xb20d</run_address>
         <size>0x2a</size>
         <input_file_ref idref="fl-e"/>
      </object_component>
      <object_component id="oc-125">
         <name>.text:initEPWM</name>
         <load_address>0xb237</load_address>
         <run_address>0xb237</run_address>
         <size>0x2a</size>
         <input_file_ref idref="fl-4"/>
      </object_component>
      <object_component id="oc-a4">
         <name>.text</name>
         <load_address>0xb261</load_address>
         <run_address>0xb261</run_address>
         <size>0x29</size>
         <input_file_ref idref="fl-23"/>
      </object_component>
      <object_component id="oc-285">
         <name>.text:EPWM_setADCTriggerEventPrescale</name>
         <load_address>0xb28a</load_address>
         <run_address>0xb28a</run_address>
         <size>0x27</size>
         <input_file_ref idref="fl-4"/>
      </object_component>
      <object_component id="oc-367">
         <name>.text:myCPUTIMER0_init</name>
         <load_address>0xb2b1</load_address>
         <run_address>0xb2b1</run_address>
         <size>0x26</size>
         <input_file_ref idref="fl-2"/>
      </object_component>
      <object_component id="oc-36d">
         <name>.text:myCPUTIMER1_init</name>
         <load_address>0xb2d7</load_address>
         <run_address>0xb2d7</run_address>
         <size>0x25</size>
         <input_file_ref idref="fl-2"/>
      </object_component>
      <object_component id="oc-4f8">
         <name>.text:ADC_setInterruptSOCTrigger</name>
         <load_address>0xb2fc</load_address>
         <run_address>0xb2fc</run_address>
         <size>0x24</size>
         <input_file_ref idref="fl-2"/>
      </object_component>
      <object_component id="oc-4a4">
         <name>.text:DCC_enableSingleShotMode</name>
         <load_address>0xb320</load_address>
         <run_address>0xb320</run_address>
         <size>0x24</size>
         <input_file_ref idref="fl-10"/>
      </object_component>
      <object_component id="oc-1f2">
         <name>.text:CAN_writeDataReg</name>
         <load_address>0xb344</load_address>
         <run_address>0xb344</run_address>
         <size>0x22</size>
         <input_file_ref idref="fl-b"/>
      </object_component>
      <object_component id="oc-4ce">
         <name>.text:ADC_setOffsetTrimAll</name>
         <load_address>0xb366</load_address>
         <run_address>0xb366</run_address>
         <size>0x20</size>
         <input_file_ref idref="fl-a"/>
      </object_component>
      <object_component id="oc-4f2">
         <name>.text:ADC_setupSOC</name>
         <load_address>0xb386</load_address>
         <run_address>0xb386</run_address>
         <size>0x20</size>
         <input_file_ref idref="fl-2"/>
      </object_component>
      <object_component id="oc-158">
         <name>.text:CAN_getErrorCount</name>
         <load_address>0xb3a6</load_address>
         <run_address>0xb3a6</run_address>
         <size>0x20</size>
         <input_file_ref idref="fl-4"/>
      </object_component>
      <object_component id="oc-461">
         <name>.text:SysCtl_selectXTALSingleEnded</name>
         <load_address>0xb3c6</load_address>
         <run_address>0xb3c6</run_address>
         <size>0x20</size>
         <input_file_ref idref="fl-10"/>
      </object_component>
      <object_component id="oc-492">
         <name>.text:DCC_setCounter0ClkSource</name>
         <load_address>0xb3e6</load_address>
         <run_address>0xb3e6</run_address>
         <size>0x1e</size>
         <input_file_ref idref="fl-10"/>
      </object_component>
      <object_component id="oc-498">
         <name>.text:DCC_setCounter1ClkSource</name>
         <load_address>0xb404</load_address>
         <run_address>0xb404</run_address>
         <size>0x1e</size>
         <input_file_ref idref="fl-10"/>
      </object_component>
      <object_component id="oc-6d">
         <name>.text:Interrupt_initVectorTable</name>
         <load_address>0xb422</load_address>
         <run_address>0xb422</run_address>
         <size>0x1e</size>
         <input_file_ref idref="fl-f"/>
      </object_component>
      <object_component id="oc-83">
         <name>.text</name>
         <load_address>0xb440</load_address>
         <run_address>0xb440</run_address>
         <size>0x1d</size>
         <input_file_ref idref="fl-28"/>
      </object_component>
      <object_component id="oc-4fe">
         <name>.text:ADC_setInterruptSource</name>
         <load_address>0xb45d</load_address>
         <run_address>0xb45d</run_address>
         <size>0x1c</size>
         <input_file_ref idref="fl-2"/>
      </object_component>
      <object_component id="oc-517">
         <name>.text:CAN_initModule</name>
         <load_address>0xb479</load_address>
         <run_address>0xb479</run_address>
         <size>0x1c</size>
         <input_file_ref idref="fl-b"/>
      </object_component>
      <object_component id="oc-2a1">
         <name>.text:CAN_readDataReg</name>
         <load_address>0xb495</load_address>
         <run_address>0xb495</run_address>
         <size>0x1b</size>
         <input_file_ref idref="fl-b"/>
      </object_component>
      <object_component id="oc-61a">
         <name>.text:XBAR_isBaseValid</name>
         <load_address>0xb4b0</load_address>
         <run_address>0xb4b0</run_address>
         <size>0x1b</size>
         <input_file_ref idref="fl-e"/>
      </object_component>
      <object_component id="oc-5e8">
         <name>.text:CAN_initRAM</name>
         <load_address>0xb4cb</load_address>
         <run_address>0xb4cb</run_address>
         <size>0x1a</size>
         <input_file_ref idref="fl-b"/>
      </object_component>
      <object_component id="oc-3aa">
         <name>.text:EPWM_disableCounterCompareShadowLoadMode</name>
         <load_address>0xb4e5</load_address>
         <run_address>0xb4e5</run_address>
         <size>0x1a</size>
         <input_file_ref idref="fl-2"/>
      </object_component>
      <object_component id="oc-3b6">
         <name>.text:EPWM_setupEPWMLinks</name>
         <load_address>0xb4ff</load_address>
         <run_address>0xb4ff</run_address>
         <size>0x1a</size>
         <input_file_ref idref="fl-2"/>
      </object_component>
      <object_component id="oc-11f">
         <name>.text:Board_init</name>
         <load_address>0xb519</load_address>
         <run_address>0xb519</run_address>
         <size>0x19</size>
         <input_file_ref idref="fl-2"/>
      </object_component>
      <object_component id="oc-1fe">
         <name>.text:EPWM_getCounterCompareValue</name>
         <load_address>0xb532</load_address>
         <run_address>0xb532</run_address>
         <size>0x18</size>
         <input_file_ref idref="fl-4"/>
      </object_component>
      <object_component id="oc-3a4">
         <name>.text:EPWM_setCounterCompareValue</name>
         <load_address>0xb54a</load_address>
         <run_address>0xb54a</run_address>
         <size>0x18</size>
         <input_file_ref idref="fl-2"/>
      </object_component>
      <object_component id="oc-204">
         <name>.text:EPWM_setCounterCompareValue</name>
         <load_address>0xb562</load_address>
         <run_address>0xb562</run_address>
         <size>0x18</size>
         <input_file_ref idref="fl-4"/>
      </object_component>
      <object_component id="oc-119">
         <name>.text:SysCtl_disablePeripheral</name>
         <load_address>0xb57a</load_address>
         <run_address>0xb57a</run_address>
         <size>0x18</size>
         <input_file_ref idref="fl-4"/>
      </object_component>
      <object_component id="oc-50a">
         <name>.text:ADC_disableContinuousMode</name>
         <load_address>0xb592</load_address>
         <run_address>0xb592</run_address>
         <size>0x17</size>
         <input_file_ref idref="fl-2"/>
      </object_component>
      <object_component id="oc-5f5">
         <name>.text:CPUTimer_isBaseValid</name>
         <load_address>0xb5a9</load_address>
         <run_address>0xb5a9</run_address>
         <size>0x17</size>
         <input_file_ref idref="fl-c"/>
      </object_component>
      <object_component id="oc-307">
         <name>.text:SysCtl_enablePeripheral</name>
         <load_address>0xb5c0</load_address>
         <run_address>0xb5c0</run_address>
         <size>0x17</size>
         <input_file_ref idref="fl-3"/>
      </object_component>
      <object_component id="oc-46e">
         <name>.text:SysCtl_enablePeripheral</name>
         <load_address>0xb5d7</load_address>
         <run_address>0xb5d7</run_address>
         <size>0x17</size>
         <input_file_ref idref="fl-10"/>
      </object_component>
      <object_component id="oc-137">
         <name>.text:SysCtl_enablePeripheral</name>
         <load_address>0xb5ee</load_address>
         <run_address>0xb5ee</run_address>
         <size>0x17</size>
         <input_file_ref idref="fl-4"/>
      </object_component>
      <object_component id="oc-1ba">
         <name>.text:main</name>
         <load_address>0xb605</load_address>
         <run_address>0xb605</run_address>
         <size>0x17</size>
         <input_file_ref idref="fl-4"/>
      </object_component>
      <object_component id="oc-21">
         <name>.text</name>
         <load_address>0xb61c</load_address>
         <run_address>0xb61c</run_address>
         <size>0x17</size>
         <input_file_ref idref="fl-1c"/>
      </object_component>
      <object_component id="oc-510">
         <name>.text:ADC_enableInterrupt</name>
         <load_address>0xb633</load_address>
         <run_address>0xb633</run_address>
         <size>0x16</size>
         <input_file_ref idref="fl-2"/>
      </object_component>
      <object_component id="oc-48c">
         <name>.text:DCC_disableDoneSignal</name>
         <load_address>0xb649</load_address>
         <run_address>0xb649</run_address>
         <size>0x16</size>
         <input_file_ref idref="fl-10"/>
      </object_component>
      <object_component id="oc-68">
         <name>.text:Interrupt_defaultHandler</name>
         <load_address>0xb65f</load_address>
         <run_address>0xb65f</run_address>
         <size>0x16</size>
         <input_file_ref idref="fl-f"/>
      </object_component>
      <object_component id="oc-47a">
         <name>.text:DCC_clearDoneFlag</name>
         <load_address>0xb675</load_address>
         <run_address>0xb675</run_address>
         <size>0x15</size>
         <input_file_ref idref="fl-10"/>
      </object_component>
      <object_component id="oc-474">
         <name>.text:DCC_clearErrorFlag</name>
         <load_address>0xb68a</load_address>
         <run_address>0xb68a</run_address>
         <size>0x15</size>
         <input_file_ref idref="fl-10"/>
      </object_component>
      <object_component id="oc-486">
         <name>.text:DCC_disableErrorSignal</name>
         <load_address>0xb69f</load_address>
         <run_address>0xb69f</run_address>
         <size>0x15</size>
         <input_file_ref idref="fl-10"/>
      </object_component>
      <object_component id="oc-5c6">
         <name>.text:DCC_isBaseValid</name>
         <load_address>0xb6b4</load_address>
         <run_address>0xb6b4</run_address>
         <size>0x15</size>
         <input_file_ref idref="fl-10"/>
      </object_component>
      <object_component id="oc-423">
         <name>.text:ENA_out_init</name>
         <load_address>0xb6c9</load_address>
         <run_address>0xb6c9</run_address>
         <size>0x15</size>
         <input_file_ref idref="fl-2"/>
      </object_component>
      <object_component id="oc-411">
         <name>.text:ENB_out_init</name>
         <load_address>0xb6de</load_address>
         <run_address>0xb6de</run_address>
         <size>0x15</size>
         <input_file_ref idref="fl-2"/>
      </object_component>
      <object_component id="oc-3e0">
         <name>.text:EPWM_setFallingEdgeDelayCountShadowLoadMode</name>
         <load_address>0xb6f3</load_address>
         <run_address>0xb6f3</run_address>
         <size>0x15</size>
         <input_file_ref idref="fl-2"/>
      </object_component>
      <object_component id="oc-3f8">
         <name>.text:EPWM_setInterruptEventCount</name>
         <load_address>0xb708</load_address>
         <run_address>0xb708</run_address>
         <size>0x15</size>
         <input_file_ref idref="fl-2"/>
      </object_component>
      <object_component id="oc-3d4">
         <name>.text:EPWM_setRisingEdgeDelayCountShadowLoadMode</name>
         <load_address>0xb71d</load_address>
         <run_address>0xb71d</run_address>
         <size>0x15</size>
         <input_file_ref idref="fl-2"/>
      </object_component>
      <object_component id="oc-42f">
         <name>.text:FAN_ctrl_out_init</name>
         <load_address>0xb732</load_address>
         <run_address>0xb732</run_address>
         <size>0x15</size>
         <input_file_ref idref="fl-2"/>
      </object_component>
      <object_component id="oc-232">
         <name>.text:GPIO_unlockPortConfig</name>
         <load_address>0xb747</load_address>
         <run_address>0xb747</run_address>
         <size>0x15</size>
         <input_file_ref idref="fl-3"/>
      </object_component>
      <object_component id="oc-480">
         <name>.text:DCC_disableModule</name>
         <load_address>0xb75c</load_address>
         <run_address>0xb75c</run_address>
         <size>0x14</size>
         <input_file_ref idref="fl-10"/>
      </object_component>
      <object_component id="oc-4aa">
         <name>.text:DCC_enableModule</name>
         <load_address>0xb770</load_address>
         <run_address>0xb770</run_address>
         <size>0x14</size>
         <input_file_ref idref="fl-10"/>
      </object_component>
      <object_component id="oc-398">
         <name>.text:EPWM_setPhaseShift</name>
         <load_address>0xb784</load_address>
         <run_address>0xb784</run_address>
         <size>0x14</size>
         <input_file_ref idref="fl-2"/>
      </object_component>
      <object_component id="oc-4b9">
         <name>.text:GPIO_isPinValid</name>
         <load_address>0xb798</load_address>
         <run_address>0xb798</run_address>
         <size>0x14</size>
         <input_file_ref idref="fl-e"/>
      </object_component>
      <object_component id="oc-21e">
         <name>.text:SysCtl_deviceCal</name>
         <load_address>0xb7ac</load_address>
         <run_address>0xb7ac</run_address>
         <size>0x14</size>
         <input_file_ref idref="fl-3"/>
      </object_component>
      <object_component id="oc-2f7">
         <name>.text:SysCtl_setPLLSysClk</name>
         <load_address>0xb7c0</load_address>
         <run_address>0xb7c0</run_address>
         <size>0x14</size>
         <input_file_ref idref="fl-10"/>
      </object_component>
      <object_component id="oc-e0">
         <name>.text:ADC_getInterruptOverflowStatus</name>
         <load_address>0xb7d4</load_address>
         <run_address>0xb7d4</run_address>
         <size>0x13</size>
         <input_file_ref idref="fl-4"/>
      </object_component>
      <object_component id="oc-542">
         <name>.text:CPUTimer_setEmulationMode</name>
         <load_address>0xb7e7</load_address>
         <run_address>0xb7e7</run_address>
         <size>0x13</size>
         <input_file_ref idref="fl-c"/>
      </object_component>
      <object_component id="oc-3bc">
         <name>.text:EPWM_setActionQualifierContSWForceShadowMode</name>
         <load_address>0xb7fa</load_address>
         <run_address>0xb7fa</run_address>
         <size>0x13</size>
         <input_file_ref idref="fl-2"/>
      </object_component>
      <object_component id="oc-3c8">
         <name>.text:EPWM_setActionQualifierT2TriggerSource</name>
         <load_address>0xb80d</load_address>
         <run_address>0xb80d</run_address>
         <size>0x13</size>
         <input_file_ref idref="fl-2"/>
      </object_component>
      <object_component id="oc-26c">
         <name>.text:GPIO_init</name>
         <load_address>0xb820</load_address>
         <run_address>0xb820</run_address>
         <size>0x13</size>
         <input_file_ref idref="fl-2"/>
      </object_component>
      <object_component id="oc-4ec">
         <name>.text:ADC_setSOCPriority</name>
         <load_address>0xb833</load_address>
         <run_address>0xb833</run_address>
         <size>0x12</size>
         <input_file_ref idref="fl-2"/>
      </object_component>
      <object_component id="oc-101">
         <name>.text:Device_init</name>
         <load_address>0xb845</load_address>
         <run_address>0xb845</run_address>
         <size>0x12</size>
         <input_file_ref idref="fl-3"/>
      </object_component>
      <object_component id="oc-279">
         <name>.text:EPWM_disableADCTrigger</name>
         <load_address>0xb857</load_address>
         <run_address>0xb857</run_address>
         <size>0x12</size>
         <input_file_ref idref="fl-4"/>
      </object_component>
      <object_component id="oc-13d">
         <name>.text:EPWM_enableADCTrigger</name>
         <load_address>0xb869</load_address>
         <run_address>0xb869</run_address>
         <size>0x12</size>
         <input_file_ref idref="fl-4"/>
      </object_component>
      <object_component id="oc-374">
         <name>.text:EPWM_setClockPrescaler</name>
         <load_address>0xb87b</load_address>
         <run_address>0xb87b</run_address>
         <size>0x12</size>
         <input_file_ref idref="fl-2"/>
      </object_component>
      <object_component id="oc-291">
         <name>.text:EPWM_setClockPrescaler</name>
         <load_address>0xb88d</load_address>
         <run_address>0xb88d</run_address>
         <size>0x12</size>
         <input_file_ref idref="fl-4"/>
      </object_component>
      <object_component id="oc-339">
         <name>.text:SysCtl_setSyncOutputConfig</name>
         <load_address>0xb89f</load_address>
         <run_address>0xb89f</run_address>
         <size>0x12</size>
         <input_file_ref idref="fl-2"/>
      </object_component>
      <object_component id="oc-1e5">
         <name>.text:CAN_isBaseValid</name>
         <load_address>0xb8b1</load_address>
         <run_address>0xb8b1</run_address>
         <size>0x10</size>
         <input_file_ref idref="fl-b"/>
      </object_component>
      <object_component id="oc-566">
         <name>.text:CPUTimer_startTimer</name>
         <load_address>0xb8c1</load_address>
         <run_address>0xb8c1</run_address>
         <size>0x10</size>
         <input_file_ref idref="fl-2"/>
      </object_component>
      <object_component id="oc-3ff">
         <name>.text:CSIG2_in_init</name>
         <load_address>0xb8d1</load_address>
         <run_address>0xb8d1</run_address>
         <size>0x10</size>
         <input_file_ref idref="fl-2"/>
      </object_component>
      <object_component id="oc-107">
         <name>.text:Device_initGPIO</name>
         <load_address>0xb8e1</load_address>
         <run_address>0xb8e1</run_address>
         <size>0x10</size>
         <input_file_ref idref="fl-3"/>
      </object_component>
      <object_component id="oc-429">
         <name>.text:EN_in_init</name>
         <load_address>0xb8f1</load_address>
         <run_address>0xb8f1</run_address>
         <size>0x10</size>
         <input_file_ref idref="fl-2"/>
      </object_component>
      <object_component id="oc-3c2">
         <name>.text:EPWM_setActionQualifierT1TriggerSource</name>
         <load_address>0xb901</load_address>
         <run_address>0xb901</run_address>
         <size>0x10</size>
         <input_file_ref idref="fl-2"/>
      </object_component>
      <object_component id="oc-40b">
         <name>.text:FLTN_in_init</name>
         <load_address>0xb911</load_address>
         <run_address>0xb911</run_address>
         <size>0x10</size>
         <input_file_ref idref="fl-2"/>
      </object_component>
      <object_component id="oc-59a">
         <name>.text:GPIO_setInterruptType</name>
         <load_address>0xb921</load_address>
         <run_address>0xb921</run_address>
         <size>0x10</size>
         <input_file_ref idref="fl-2"/>
      </object_component>
      <object_component id="oc-417">
         <name>.text:GSYNC_in_init</name>
         <load_address>0xb931</load_address>
         <run_address>0xb931</run_address>
         <size>0x10</size>
         <input_file_ref idref="fl-2"/>
      </object_component>
      <object_component id="oc-41d">
         <name>.text:RDY_out_init</name>
         <load_address>0xb941</load_address>
         <run_address>0xb941</run_address>
         <size>0x10</size>
         <input_file_ref idref="fl-2"/>
      </object_component>
      <object_component id="oc-405">
         <name>.text:CSIG1_in_init</name>
         <load_address>0xb951</load_address>
         <run_address>0xb951</run_address>
         <size>0xf</size>
         <input_file_ref idref="fl-2"/>
      </object_component>
      <object_component id="oc-c3">
         <name>.text:Interrupt_register</name>
         <load_address>0xb960</load_address>
         <run_address>0xb960</run_address>
         <size>0xf</size>
         <input_file_ref idref="fl-2"/>
      </object_component>
      <object_component id="oc-113">
         <name>.text:Interrupt_register</name>
         <load_address>0xb96f</load_address>
         <run_address>0xb96f</run_address>
         <size>0xf</size>
         <input_file_ref idref="fl-4"/>
      </object_component>
      <object_component id="oc-12b">
         <name>.text:initEPWM2</name>
         <load_address>0xb97e</load_address>
         <run_address>0xb97e</run_address>
         <size>0xf</size>
         <input_file_ref idref="fl-4"/>
      </object_component>
      <object_component id="oc-3e6">
         <name>.text:EPWM_disableFallingEdgeDelayCountShadowLoadMode</name>
         <load_address>0xb98d</load_address>
         <run_address>0xb98d</run_address>
         <size>0xe</size>
         <input_file_ref idref="fl-2"/>
      </object_component>
      <object_component id="oc-3da">
         <name>.text:EPWM_disableRisingEdgeDelayCountShadowLoadMode</name>
         <load_address>0xb99b</load_address>
         <run_address>0xb99b</run_address>
         <size>0xe</size>
         <input_file_ref idref="fl-2"/>
      </object_component>
      <object_component id="oc-131">
         <name>.text:initEPWM3</name>
         <load_address>0xb9a9</load_address>
         <run_address>0xb9a9</run_address>
         <size>0xe</size>
         <input_file_ref idref="fl-4"/>
      </object_component>
      <object_component id="oc-548">
         <name>.text:CPUTimer_setPreScaler</name>
         <load_address>0xb9b7</load_address>
         <run_address>0xb9b7</run_address>
         <size>0xd</size>
         <input_file_ref idref="fl-2"/>
      </object_component>
      <object_component id="oc-1d2">
         <name>.text:Interrupt_disableGlobal</name>
         <load_address>0xb9c4</load_address>
         <run_address>0xb9c4</run_address>
         <size>0xd</size>
         <input_file_ref idref="fl-f"/>
      </object_component>
      <object_component id="oc-1d8">
         <name>.text:Interrupt_enableGlobal</name>
         <load_address>0xb9d1</load_address>
         <run_address>0xb9d1</run_address>
         <size>0xd</size>
         <input_file_ref idref="fl-f"/>
      </object_component>
      <object_component id="oc-218">
         <name>.text:SysCtl_setLowSpeedClock</name>
         <load_address>0xb9de</load_address>
         <run_address>0xb9de</run_address>
         <size>0xd</size>
         <input_file_ref idref="fl-3"/>
      </object_component>
      <object_component id="oc-8b">
         <name>.text:decompress:ZI:__TI_zero_init_nomemset</name>
         <load_address>0xb9eb</load_address>
         <run_address>0xb9eb</run_address>
         <size>0xd</size>
         <input_file_ref idref="fl-20"/>
      </object_component>
      <object_component id="oc-4da">
         <name>.text:ADC_setInterruptPulseMode</name>
         <load_address>0xb9f8</load_address>
         <run_address>0xb9f8</run_address>
         <size>0xc</size>
         <input_file_ref idref="fl-2"/>
      </object_component>
      <object_component id="oc-4d4">
         <name>.text:ADC_setPrescaler</name>
         <load_address>0xba04</load_address>
         <run_address>0xba04</run_address>
         <size>0xc</size>
         <input_file_ref idref="fl-2"/>
      </object_component>
      <object_component id="oc-352">
         <name>.text:ASysCtl_setAnalogReference1P65</name>
         <load_address>0xba10</load_address>
         <run_address>0xba10</run_address>
         <size>0xc</size>
         <input_file_ref idref="fl-2"/>
      </object_component>
      <object_component id="oc-554">
         <name>.text:CPUTimer_enableInterrupt</name>
         <load_address>0xba1c</load_address>
         <run_address>0xba1c</run_address>
         <size>0xc</size>
         <input_file_ref idref="fl-2"/>
      </object_component>
      <object_component id="oc-43c">
         <name>.text:EN_in_XINT_init</name>
         <load_address>0xba28</load_address>
         <run_address>0xba28</run_address>
         <size>0xc</size>
         <input_file_ref idref="fl-2"/>
      </object_component>
      <object_component id="oc-380">
         <name>.text:EPWM_enableGlobalLoadRegisters</name>
         <load_address>0xba34</load_address>
         <run_address>0xba34</run_address>
         <size>0xc</size>
         <input_file_ref idref="fl-2"/>
      </object_component>
      <object_component id="oc-39e">
         <name>.text:EPWM_setSyncInPulseSource</name>
         <load_address>0xba40</load_address>
         <run_address>0xba40</run_address>
         <size>0xc</size>
         <input_file_ref idref="fl-2"/>
      </object_component>
      <object_component id="oc-436">
         <name>.text:FLTN_in_XINT_init</name>
         <load_address>0xba4c</load_address>
         <run_address>0xba4c</run_address>
         <size>0xc</size>
         <input_file_ref idref="fl-2"/>
      </object_component>
      <object_component id="oc-33f">
         <name>.text:SysCtl_enableExtADCSOCSource</name>
         <load_address>0xba58</load_address>
         <run_address>0xba58</run_address>
         <size>0xc</size>
         <input_file_ref idref="fl-2"/>
      </object_component>
      <object_component id="oc-4c1">
         <name>.text:XBAR_setInputPin</name>
         <load_address>0xba64</load_address>
         <run_address>0xba64</run_address>
         <size>0xc</size>
         <input_file_ref idref="fl-2"/>
      </object_component>
      <object_component id="oc-9e">
         <name>.text</name>
         <load_address>0xba70</load_address>
         <run_address>0xba70</run_address>
         <size>0xc</size>
         <input_file_ref idref="fl-25"/>
      </object_component>
      <object_component id="oc-4e6">
         <name>.text:ADC_disableBurstMode</name>
         <load_address>0xba7c</load_address>
         <run_address>0xba7c</run_address>
         <size>0xb</size>
         <input_file_ref idref="fl-2"/>
      </object_component>
      <object_component id="oc-523">
         <name>.text:CAN_enableInterrupt</name>
         <load_address>0xba87</load_address>
         <run_address>0xba87</run_address>
         <size>0xb</size>
         <input_file_ref idref="fl-2"/>
      </object_component>
      <object_component id="oc-560">
         <name>.text:CPUTimer_reloadTimerCounter</name>
         <load_address>0xba92</load_address>
         <run_address>0xba92</run_address>
         <size>0xb</size>
         <input_file_ref idref="fl-2"/>
      </object_component>
      <object_component id="oc-55a">
         <name>.text:CPUTimer_stopTimer</name>
         <load_address>0xba9d</load_address>
         <run_address>0xba9d</run_address>
         <size>0xb</size>
         <input_file_ref idref="fl-2"/>
      </object_component>
      <object_component id="oc-2ea">
         <name>.text:SysCtl_isMCDClockFailureDetected</name>
         <load_address>0xbaa8</load_address>
         <run_address>0xbaa8</run_address>
         <size>0xb</size>
         <input_file_ref idref="fl-10"/>
      </object_component>
      <object_component id="oc-e6">
         <name>.text:ADC_clearInterruptOverflowStatus</name>
         <load_address>0xbab3</load_address>
         <run_address>0xbab3</run_address>
         <size>0xa</size>
         <input_file_ref idref="fl-4"/>
      </object_component>
      <object_component id="oc-504">
         <name>.text:ADC_clearInterruptStatus</name>
         <load_address>0xbabd</load_address>
         <run_address>0xbabd</run_address>
         <size>0xa</size>
         <input_file_ref idref="fl-2"/>
      </object_component>
      <object_component id="oc-da">
         <name>.text:ADC_clearInterruptStatus</name>
         <load_address>0xbac7</load_address>
         <run_address>0xbac7</run_address>
         <size>0xa</size>
         <input_file_ref idref="fl-4"/>
      </object_component>
      <object_component id="oc-34c">
         <name>.text:ASysCtl_setAnalogReferenceInternal</name>
         <load_address>0xbad1</load_address>
         <run_address>0xbad1</run_address>
         <size>0xa</size>
         <input_file_ref idref="fl-2"/>
      </object_component>
      <object_component id="oc-16a">
         <name>.text:CAN_clearGlobalInterruptStatus</name>
         <load_address>0xbadb</load_address>
         <run_address>0xbadb</run_address>
         <size>0xa</size>
         <input_file_ref idref="fl-4"/>
      </object_component>
      <object_component id="oc-529">
         <name>.text:CAN_enableGlobalInterrupt</name>
         <load_address>0xbae5</load_address>
         <run_address>0xbae5</run_address>
         <size>0xa</size>
         <input_file_ref idref="fl-2"/>
      </object_component>
      <object_component id="oc-38c">
         <name>.text:EPWM_setTimeBaseCounterMode</name>
         <load_address>0xbaef</load_address>
         <run_address>0xbaef</run_address>
         <size>0xa</size>
         <input_file_ref idref="fl-2"/>
      </object_component>
      <object_component id="oc-143">
         <name>.text:EPWM_setTimeBaseCounterMode</name>
         <load_address>0xbaf9</load_address>
         <run_address>0xbaf9</run_address>
         <size>0xa</size>
         <input_file_ref idref="fl-4"/>
      </object_component>
      <object_component id="oc-37a">
         <name>.text:EPWM_setTimeBasePeriod</name>
         <load_address>0xbb03</load_address>
         <run_address>0xbb03</run_address>
         <size>0xa</size>
         <input_file_ref idref="fl-2"/>
      </object_component>
      <object_component id="oc-28b">
         <name>.text:EPWM_setTimeBasePeriod</name>
         <load_address>0xbb0d</load_address>
         <run_address>0xbb0d</run_address>
         <size>0xa</size>
         <input_file_ref idref="fl-4"/>
      </object_component>
      <object_component id="oc-74">
         <name>.text:Interrupt_illegalOperationHandler</name>
         <load_address>0xbb17</load_address>
         <run_address>0xbb17</run_address>
         <size>0xa</size>
         <input_file_ref idref="fl-f"/>
      </object_component>
      <object_component id="oc-7a">
         <name>.text:Interrupt_nmiHandler</name>
         <load_address>0xbb21</load_address>
         <run_address>0xbb21</run_address>
         <size>0xa</size>
         <input_file_ref idref="fl-f"/>
      </object_component>
      <object_component id="oc-248">
         <name>.text:SYNC_init</name>
         <load_address>0xbb2b</load_address>
         <run_address>0xbb2b</run_address>
         <size>0xa</size>
         <input_file_ref idref="fl-2"/>
      </object_component>
      <object_component id="oc-4e0">
         <name>.text:ADC_enableConverter</name>
         <load_address>0xbb35</load_address>
         <run_address>0xbb35</run_address>
         <size>0x9</size>
         <input_file_ref idref="fl-2"/>
      </object_component>
      <object_component id="oc-24e">
         <name>.text:ASYSCTL_init</name>
         <load_address>0xbb3e</load_address>
         <run_address>0xbb3e</run_address>
         <size>0x9</size>
         <input_file_ref idref="fl-2"/>
      </object_component>
      <object_component id="oc-535">
         <name>.text:CAN_setInterruptMux</name>
         <load_address>0xbb47</load_address>
         <run_address>0xbb47</run_address>
         <size>0x9</size>
         <input_file_ref idref="fl-2"/>
      </object_component>
      <object_component id="oc-fb">
         <name>.text:EPWM_clearEventTriggerInterruptFlag</name>
         <load_address>0xbb50</load_address>
         <run_address>0xbb50</run_address>
         <size>0x9</size>
         <input_file_ref idref="fl-4"/>
      </object_component>
      <object_component id="oc-3ec">
         <name>.text:EPWM_enableInterrupt</name>
         <load_address>0xbb59</load_address>
         <run_address>0xbb59</run_address>
         <size>0x9</size>
         <input_file_ref idref="fl-2"/>
      </object_component>
      <object_component id="oc-5a6">
         <name>.text:GPIO_enableInterrupt</name>
         <load_address>0xbb62</load_address>
         <run_address>0xbb62</run_address>
         <size>0x9</size>
         <input_file_ref idref="fl-2"/>
      </object_component>
      <object_component id="oc-2d2">
         <name>.text</name>
         <load_address>0xbb6b</load_address>
         <run_address>0xbb6b</run_address>
         <size>0x9</size>
         <input_file_ref idref="fl-24"/>
      </object_component>
      <object_component id="oc-ab">
         <name>.text:ADC_readResult</name>
         <load_address>0xbb74</load_address>
         <run_address>0xbb74</run_address>
         <size>0x8</size>
         <input_file_ref idref="fl-4"/>
      </object_component>
      <object_component id="oc-14c">
         <name>.text:CAN_getInterruptCause</name>
         <load_address>0xbb7c</load_address>
         <run_address>0xbb7c</run_address>
         <size>0x8</size>
         <input_file_ref idref="fl-4"/>
      </object_component>
      <object_component id="oc-386">
         <name>.text:EPWM_setTimeBaseCounter</name>
         <load_address>0xbb84</load_address>
         <run_address>0xbb84</run_address>
         <size>0x8</size>
         <input_file_ref idref="fl-2"/>
      </object_component>
      <object_component id="oc-20c">
         <name>.text:SysCtl_disableWatchdog</name>
         <load_address>0xbb8c</load_address>
         <run_address>0xbb8c</run_address>
         <size>0x8</size>
         <input_file_ref idref="fl-3"/>
      </object_component>
      <object_component id="oc-1a">
         <name>.text:decompress:none</name>
         <load_address>0xbb94</load_address>
         <run_address>0xbb94</run_address>
         <size>0x8</size>
         <input_file_ref idref="fl-21"/>
      </object_component>
      <object_component id="oc-346">
         <name>.text:ASysCtl_disableTemperatureSensor</name>
         <load_address>0xbb9c</load_address>
         <run_address>0xbb9c</run_address>
         <size>0x7</size>
         <input_file_ref idref="fl-2"/>
      </object_component>
      <object_component id="oc-22a">
         <name>.text:ASysCtl_lockVREG</name>
         <load_address>0xbba3</load_address>
         <run_address>0xbba3</run_address>
         <size>0x7</size>
         <input_file_ref idref="fl-3"/>
      </object_component>
      <object_component id="oc-53b">
         <name>.text:CAN_startModule</name>
         <load_address>0xbbaa</load_address>
         <run_address>0xbbaa</run_address>
         <size>0x7</size>
         <input_file_ref idref="fl-2"/>
      </object_component>
      <object_component id="oc-54e">
         <name>.text:CPUTimer_setPeriod</name>
         <load_address>0xbbb1</load_address>
         <run_address>0xbbb1</run_address>
         <size>0x7</size>
         <input_file_ref idref="fl-2"/>
      </object_component>
      <object_component id="oc-392">
         <name>.text:EPWM_disablePhaseShiftLoad</name>
         <load_address>0xbbb8</load_address>
         <run_address>0xbbb8</run_address>
         <size>0x7</size>
         <input_file_ref idref="fl-2"/>
      </object_component>
      <object_component id="oc-5bc">
         <name>.text:SysCtl_resetMCD</name>
         <load_address>0xbbbf</load_address>
         <run_address>0xbbbf</run_address>
         <size>0x7</size>
         <input_file_ref idref="fl-10"/>
      </object_component>
      <object_component id="oc-1ec">
         <name>.text:__error__</name>
         <load_address>0xbbc6</load_address>
         <run_address>0xbbc6</run_address>
         <size>0x7</size>
         <input_file_ref idref="fl-3"/>
      </object_component>
      <object_component id="oc-32c">
         <name>.text:myINPUTXBARINPUT0_init</name>
         <load_address>0xbbcd</load_address>
         <run_address>0xbbcd</run_address>
         <size>0x7</size>
         <input_file_ref idref="fl-2"/>
      </object_component>
      <object_component id="oc-332">
         <name>.text:myINPUTXBARINPUT1_init</name>
         <load_address>0xbbd4</load_address>
         <run_address>0xbbd4</run_address>
         <size>0x7</size>
         <input_file_ref idref="fl-2"/>
      </object_component>
      <object_component id="oc-152">
         <name>.text:CAN_getStatus</name>
         <load_address>0xbbdb</load_address>
         <run_address>0xbbdb</run_address>
         <size>0x6</size>
         <input_file_ref idref="fl-4"/>
      </object_component>
      <object_component id="oc-b7">
         <name>.text:Interrupt_clearACKGroup</name>
         <load_address>0xbbe1</load_address>
         <run_address>0xbbe1</run_address>
         <size>0x6</size>
         <input_file_ref idref="fl-4"/>
      </object_component>
      <object_component id="oc-260">
         <name>.text:CPUTIMER_init</name>
         <load_address>0xbbe7</load_address>
         <run_address>0xbbe7</run_address>
         <size>0x5</size>
         <input_file_ref idref="fl-2"/>
      </object_component>
      <object_component id="oc-242">
         <name>.text:INPUTXBAR_init</name>
         <load_address>0xbbec</load_address>
         <run_address>0xbbec</run_address>
         <size>0x5</size>
         <input_file_ref idref="fl-2"/>
      </object_component>
      <object_component id="oc-272">
         <name>.text:XINT_init</name>
         <load_address>0xbbf1</load_address>
         <run_address>0xbbf1</run_address>
         <size>0x5</size>
         <input_file_ref idref="fl-2"/>
      </object_component>
      <object_component id="oc-254">
         <name>.text:ADC_init</name>
         <load_address>0xbbf6</load_address>
         <run_address>0xbbf6</run_address>
         <size>0x3</size>
         <input_file_ref idref="fl-2"/>
      </object_component>
      <object_component id="oc-25a">
         <name>.text:CAN_init</name>
         <load_address>0xbbf9</load_address>
         <run_address>0xbbf9</run_address>
         <size>0x3</size>
         <input_file_ref idref="fl-2"/>
      </object_component>
      <object_component id="oc-97">
         <name>.text</name>
         <load_address>0xbbfc</load_address>
         <run_address>0xbbfc</run_address>
         <size>0x2</size>
         <input_file_ref idref="fl-1e"/>
      </object_component>
      <object_component id="oc-2b7">
         <name>.text</name>
         <load_address>0xbbfe</load_address>
         <run_address>0xbbfe</run_address>
         <size>0x1</size>
         <input_file_ref idref="fl-29"/>
      </object_component>
      <object_component id="oc-2f0">
         <name>.TI.ramfunc</name>
         <load_address>0x128</load_address>
         <run_address>0x128</run_address>
         <size>0x4</size>
         <input_file_ref idref="fl-10"/>
      </object_component>
      <object_component id="oc-64c">
         <name>.cinit..data.load</name>
         <load_address>0x12c</load_address>
         <run_address>0x12c</run_address>
         <size>0xa</size>
      </object_component>
      <object_component id="oc-649">
         <name>__TI_handler_table</name>
         <load_address>0x136</load_address>
         <run_address>0x136</run_address>
         <size>0x6</size>
      </object_component>
      <object_component id="oc-64b">
         <name>.cinit..bss.load</name>
         <load_address>0x13c</load_address>
         <run_address>0x13c</run_address>
         <size>0x4</size>
      </object_component>
      <object_component id="oc-64a">
         <name>__TI_cinit_table</name>
         <load_address>0x140</load_address>
         <run_address>0x140</run_address>
         <size>0x8</size>
      </object_component>
      <object_component id="oc-80">
         <name>.stack</name>
         <uninitialized>true</uninitialized>
         <run_address>0x400</run_address>
         <size>0x0</size>
         <input_file_ref idref="fl-1c"/>
      </object_component>
      <object_component id="oc-64d">
         <name>.stack</name>
         <uninitialized>true</uninitialized>
         <run_address>0x400</run_address>
         <size>0x0</size>
      </object_component>
      <object_component id="oc-bd">
         <name>.bss</name>
         <uninitialized>true</uninitialized>
         <run_address>0xbc00</run_address>
         <size>0x1e</size>
         <input_file_ref idref="fl-4"/>
      </object_component>
      <object_component id="oc-2e9">
         <name>.const:.string</name>
         <load_address>0xc000</load_address>
         <run_address>0xc000</run_address>
         <size>0x9a</size>
         <input_file_ref idref="fl-10"/>
      </object_component>
      <object_component id="oc-4b7">
         <name>.const:.string</name>
         <load_address>0xc09a</load_address>
         <run_address>0xc09a</run_address>
         <size>0x98</size>
         <input_file_ref idref="fl-e"/>
      </object_component>
      <object_component id="oc-1eb">
         <name>.const:.string</name>
         <load_address>0xc132</load_address>
         <run_address>0xc132</run_address>
         <size>0x97</size>
         <input_file_ref idref="fl-b"/>
      </object_component>
      <object_component id="oc-5fb">
         <name>.const:.string</name>
         <load_address>0xc1ca</load_address>
         <run_address>0xc1ca</run_address>
         <size>0x50</size>
         <input_file_ref idref="fl-c"/>
      </object_component>
      <object_component id="oc-c0">
         <name>.data</name>
         <load_address>0xbc24</load_address>
         <run_address>0xbc24</run_address>
         <size>0x4</size>
         <input_file_ref idref="fl-4"/>
      </object_component>
      <object_component id="oc-1c2">
         <name>.data</name>
         <load_address>0xbc1e</load_address>
         <run_address>0xbc1e</run_address>
         <size>0x6</size>
         <input_file_ref idref="fl-23"/>
      </object_component>
      <object_component id="oc-1c5">
         <name>.data:_lock</name>
         <load_address>0xbc28</load_address>
         <run_address>0xbc28</run_address>
         <size>0x2</size>
         <input_file_ref idref="fl-24"/>
      </object_component>
      <object_component id="oc-453">
         <name>.data:_unlock</name>
         <load_address>0xbc2a</load_address>
         <run_address>0xbc2a</run_address>
         <size>0x2</size>
         <input_file_ref idref="fl-24"/>
      </object_component>
      <object_component id="oc-d0">
         <name>.debug_types</name>
         <load_address>0x0</load_address>
         <run_address>0x0</run_address>
         <size>0x2dab</size>
         <input_file_ref idref="fl-2"/>
      </object_component>
      <object_component id="oc-231">
         <name>.debug_types</name>
         <load_address>0x2dab</load_address>
         <run_address>0x2dab</run_address>
         <size>0xa92</size>
         <input_file_ref idref="fl-3"/>
      </object_component>
      <object_component id="oc-d2">
         <name>.debug_types</name>
         <load_address>0x383d</load_address>
         <run_address>0x383d</run_address>
         <size>0x532</size>
         <input_file_ref idref="fl-4"/>
      </object_component>
      <object_component id="oc-5dc">
         <name>.debug_types</name>
         <load_address>0x3d6f</load_address>
         <run_address>0x3d6f</run_address>
         <size>0x126</size>
         <input_file_ref idref="fl-a"/>
      </object_component>
      <object_component id="oc-1f9">
         <name>.debug_types</name>
         <load_address>0x3e95</load_address>
         <run_address>0x3e95</run_address>
         <size>0x14f</size>
         <input_file_ref idref="fl-b"/>
      </object_component>
      <object_component id="oc-5fd">
         <name>.debug_types</name>
         <load_address>0x0</load_address>
         <run_address>0x0</run_address>
         <size>0x0</size>
         <input_file_ref idref="fl-c"/>
      </object_component>
      <object_component id="oc-4b6">
         <name>.debug_types</name>
         <load_address>0x0</load_address>
         <run_address>0x0</run_address>
         <size>0x0</size>
         <input_file_ref idref="fl-e"/>
      </object_component>
      <object_component id="oc-173">
         <name>.debug_types</name>
         <load_address>0x0</load_address>
         <run_address>0x0</run_address>
         <size>0x0</size>
         <input_file_ref idref="fl-f"/>
      </object_component>
      <object_component id="oc-304">
         <name>.debug_types</name>
         <load_address>0x3fe4</load_address>
         <run_address>0x3fe4</run_address>
         <size>0x716</size>
         <input_file_ref idref="fl-10"/>
      </object_component>
      <object_component id="oc-189">
         <name>.debug_types</name>
         <load_address>0x0</load_address>
         <run_address>0x0</run_address>
         <size>0x0</size>
         <input_file_ref idref="fl-1e"/>
      </object_component>
      <object_component id="oc-2be">
         <name>.debug_types</name>
         <load_address>0x46fa</load_address>
         <run_address>0x46fa</run_address>
         <size>0x49b</size>
         <input_file_ref idref="fl-1f"/>
      </object_component>
      <object_component id="oc-180">
         <name>.debug_types</name>
         <load_address>0x4b95</load_address>
         <run_address>0x4b95</run_address>
         <size>0x1f3</size>
         <input_file_ref idref="fl-20"/>
      </object_component>
      <object_component id="oc-8a">
         <name>.debug_types</name>
         <load_address>0x0</load_address>
         <run_address>0x0</run_address>
         <size>0x0</size>
         <input_file_ref idref="fl-21"/>
      </object_component>
      <object_component id="oc-82">
         <name>.debug_types</name>
         <load_address>0x4d88</load_address>
         <run_address>0x4d88</run_address>
         <size>0x191</size>
         <input_file_ref idref="fl-22"/>
      </object_component>
      <object_component id="oc-1c9">
         <name>.debug_types</name>
         <load_address>0x4f19</load_address>
         <run_address>0x4f19</run_address>
         <size>0xbf</size>
         <input_file_ref idref="fl-23"/>
      </object_component>
      <object_component id="oc-2da">
         <name>.debug_types</name>
         <load_address>0x4fd8</load_address>
         <run_address>0x4fd8</run_address>
         <size>0x2f</size>
         <input_file_ref idref="fl-24"/>
      </object_component>
      <object_component id="oc-1c1">
         <name>.debug_types</name>
         <load_address>0x5007</load_address>
         <run_address>0x5007</run_address>
         <size>0xe1</size>
         <input_file_ref idref="fl-25"/>
      </object_component>
      <object_component id="oc-17b">
         <name>.debug_types</name>
         <load_address>0x50e8</load_address>
         <run_address>0x50e8</run_address>
         <size>0xb8</size>
         <input_file_ref idref="fl-28"/>
      </object_component>
      <object_component id="oc-44d">
         <name>.debug_types</name>
         <load_address>0x0</load_address>
         <run_address>0x0</run_address>
         <size>0x0</size>
         <input_file_ref idref="fl-29"/>
      </object_component>
      <object_component id="oc-4d5">
         <name>.debug_info</name>
         <load_address>0x0</load_address>
         <run_address>0x0</run_address>
         <size>0x191</size>
         <input_file_ref idref="fl-2"/>
      </object_component>
      <object_component id="oc-4f3">
         <name>.debug_info</name>
         <load_address>0x191</load_address>
         <run_address>0x191</run_address>
         <size>0x1f0</size>
         <input_file_ref idref="fl-2"/>
      </object_component>
      <object_component id="oc-4f9">
         <name>.debug_info</name>
         <load_address>0x381</load_address>
         <run_address>0x381</run_address>
         <size>0x1dd</size>
         <input_file_ref idref="fl-2"/>
      </object_component>
      <object_component id="oc-4db">
         <name>.debug_info</name>
         <load_address>0x55e</load_address>
         <run_address>0x55e</run_address>
         <size>0x19f</size>
         <input_file_ref idref="fl-2"/>
      </object_component>
      <object_component id="oc-4e1">
         <name>.debug_info</name>
         <load_address>0x6fd</load_address>
         <run_address>0x6fd</run_address>
         <size>0x168</size>
         <input_file_ref idref="fl-2"/>
      </object_component>
      <object_component id="oc-505">
         <name>.debug_info</name>
         <load_address>0x865</load_address>
         <run_address>0x865</run_address>
         <size>0x19d</size>
         <input_file_ref idref="fl-2"/>
      </object_component>
      <object_component id="oc-4e7">
         <name>.debug_info</name>
         <load_address>0xa02</load_address>
         <run_address>0xa02</run_address>
         <size>0x16a</size>
         <input_file_ref idref="fl-2"/>
      </object_component>
      <object_component id="oc-4ed">
         <name>.debug_info</name>
         <load_address>0xb6c</load_address>
         <run_address>0xb6c</run_address>
         <size>0x18d</size>
         <input_file_ref idref="fl-2"/>
      </object_component>
      <object_component id="oc-511">
         <name>.debug_info</name>
         <load_address>0xcf9</load_address>
         <run_address>0xcf9</run_address>
         <size>0x1bf</size>
         <input_file_ref idref="fl-2"/>
      </object_component>
      <object_component id="oc-4ff">
         <name>.debug_info</name>
         <load_address>0xeb8</load_address>
         <run_address>0xeb8</run_address>
         <size>0x1f2</size>
         <input_file_ref idref="fl-2"/>
      </object_component>
      <object_component id="oc-50b">
         <name>.debug_info</name>
         <load_address>0x10aa</load_address>
         <run_address>0x10aa</run_address>
         <size>0x1cb</size>
         <input_file_ref idref="fl-2"/>
      </object_component>
      <object_component id="oc-347">
         <name>.debug_info</name>
         <load_address>0x1275</load_address>
         <run_address>0x1275</run_address>
         <size>0x163</size>
         <input_file_ref idref="fl-2"/>
      </object_component>
      <object_component id="oc-34d">
         <name>.debug_info</name>
         <load_address>0x13d8</load_address>
         <run_address>0x13d8</run_address>
         <size>0x192</size>
         <input_file_ref idref="fl-2"/>
      </object_component>
      <object_component id="oc-353">
         <name>.debug_info</name>
         <load_address>0x156a</load_address>
         <run_address>0x156a</run_address>
         <size>0x18c</size>
         <input_file_ref idref="fl-2"/>
      </object_component>
      <object_component id="oc-c4">
         <name>.debug_info</name>
         <load_address>0x16f6</load_address>
         <run_address>0x16f6</run_address>
         <size>0x1bc</size>
         <input_file_ref idref="fl-2"/>
      </object_component>
      <object_component id="oc-33a">
         <name>.debug_info</name>
         <load_address>0x18b2</load_address>
         <run_address>0x18b2</run_address>
         <size>0x17f</size>
         <input_file_ref idref="fl-2"/>
      </object_component>
      <object_component id="oc-340">
         <name>.debug_info</name>
         <load_address>0x1a31</load_address>
         <run_address>0x1a31</run_address>
         <size>0x187</size>
         <input_file_ref idref="fl-2"/>
      </object_component>
      <object_component id="oc-53c">
         <name>.debug_info</name>
         <load_address>0x1bb8</load_address>
         <run_address>0x1bb8</run_address>
         <size>0x160</size>
         <input_file_ref idref="fl-2"/>
      </object_component>
      <object_component id="oc-524">
         <name>.debug_info</name>
         <load_address>0x1d18</load_address>
         <run_address>0x1d18</run_address>
         <size>0x17d</size>
         <input_file_ref idref="fl-2"/>
      </object_component>
      <object_component id="oc-536">
         <name>.debug_info</name>
         <load_address>0x1e95</load_address>
         <run_address>0x1e95</run_address>
         <size>0x178</size>
         <input_file_ref idref="fl-2"/>
      </object_component>
      <object_component id="oc-52a">
         <name>.debug_info</name>
         <load_address>0x200d</load_address>
         <run_address>0x200d</run_address>
         <size>0x19d</size>
         <input_file_ref idref="fl-2"/>
      </object_component>
      <object_component id="oc-555">
         <name>.debug_info</name>
         <load_address>0x21aa</load_address>
         <run_address>0x21aa</run_address>
         <size>0x18a</size>
         <input_file_ref idref="fl-2"/>
      </object_component>
      <object_component id="oc-561">
         <name>.debug_info</name>
         <load_address>0x2334</load_address>
         <run_address>0x2334</run_address>
         <size>0x190</size>
         <input_file_ref idref="fl-2"/>
      </object_component>
      <object_component id="oc-55b">
         <name>.debug_info</name>
         <load_address>0x24c4</load_address>
         <run_address>0x24c4</run_address>
         <size>0x17f</size>
         <input_file_ref idref="fl-2"/>
      </object_component>
      <object_component id="oc-567">
         <name>.debug_info</name>
         <load_address>0x2643</load_address>
         <run_address>0x2643</run_address>
         <size>0x182</size>
         <input_file_ref idref="fl-2"/>
      </object_component>
      <object_component id="oc-54f">
         <name>.debug_info</name>
         <load_address>0x27c5</load_address>
         <run_address>0x27c5</run_address>
         <size>0x183</size>
         <input_file_ref idref="fl-2"/>
      </object_component>
      <object_component id="oc-549">
         <name>.debug_info</name>
         <load_address>0x2948</load_address>
         <run_address>0x2948</run_address>
         <size>0x19c</size>
         <input_file_ref idref="fl-2"/>
      </object_component>
      <object_component id="oc-387">
         <name>.debug_info</name>
         <load_address>0x2ae4</load_address>
         <run_address>0x2ae4</run_address>
         <size>0x194</size>
         <input_file_ref idref="fl-2"/>
      </object_component>
      <object_component id="oc-375">
         <name>.debug_info</name>
         <load_address>0x2c78</load_address>
         <run_address>0x2c78</run_address>
         <size>0x1d7</size>
         <input_file_ref idref="fl-2"/>
      </object_component>
      <object_component id="oc-39f">
         <name>.debug_info</name>
         <load_address>0x2e4f</load_address>
         <run_address>0x2e4f</run_address>
         <size>0x19a</size>
         <input_file_ref idref="fl-2"/>
      </object_component>
      <object_component id="oc-393">
         <name>.debug_info</name>
         <load_address>0x2fe9</load_address>
         <run_address>0x2fe9</run_address>
         <size>0x177</size>
         <input_file_ref idref="fl-2"/>
      </object_component>
      <object_component id="oc-38d">
         <name>.debug_info</name>
         <load_address>0x3160</load_address>
         <run_address>0x3160</run_address>
         <size>0x1a8</size>
         <input_file_ref idref="fl-2"/>
      </object_component>
      <object_component id="oc-399">
         <name>.debug_info</name>
         <load_address>0x3308</load_address>
         <run_address>0x3308</run_address>
         <size>0x194</size>
         <input_file_ref idref="fl-2"/>
      </object_component>
      <object_component id="oc-37b">
         <name>.debug_info</name>
         <load_address>0x349c</load_address>
         <run_address>0x349c</run_address>
         <size>0x19e</size>
         <input_file_ref idref="fl-2"/>
      </object_component>
      <object_component id="oc-3b7">
         <name>.debug_info</name>
         <load_address>0x363a</load_address>
         <run_address>0x363a</run_address>
         <size>0x1d6</size>
         <input_file_ref idref="fl-2"/>
      </object_component>
      <object_component id="oc-3b1">
         <name>.debug_info</name>
         <load_address>0x3810</load_address>
         <run_address>0x3810</run_address>
         <size>0x24f</size>
         <input_file_ref idref="fl-2"/>
      </object_component>
      <object_component id="oc-3ab">
         <name>.debug_info</name>
         <load_address>0x3a5f</load_address>
         <run_address>0x3a5f</run_address>
         <size>0x1f8</size>
         <input_file_ref idref="fl-2"/>
      </object_component>
      <object_component id="oc-3a5">
         <name>.debug_info</name>
         <load_address>0x3c57</load_address>
         <run_address>0x3c57</run_address>
         <size>0x1ec</size>
         <input_file_ref idref="fl-2"/>
      </object_component>
      <object_component id="oc-3c3">
         <name>.debug_info</name>
         <load_address>0x3e43</load_address>
         <run_address>0x3e43</run_address>
         <size>0x1b6</size>
         <input_file_ref idref="fl-2"/>
      </object_component>
      <object_component id="oc-3c9">
         <name>.debug_info</name>
         <load_address>0x3ff9</load_address>
         <run_address>0x3ff9</run_address>
         <size>0x1b6</size>
         <input_file_ref idref="fl-2"/>
      </object_component>
      <object_component id="oc-3cf">
         <name>.debug_info</name>
         <load_address>0x41af</load_address>
         <run_address>0x41af</run_address>
         <size>0x218</size>
         <input_file_ref idref="fl-2"/>
      </object_component>
      <object_component id="oc-3bd">
         <name>.debug_info</name>
         <load_address>0x43c7</load_address>
         <run_address>0x43c7</run_address>
         <size>0x1bc</size>
         <input_file_ref idref="fl-2"/>
      </object_component>
      <object_component id="oc-3d5">
         <name>.debug_info</name>
         <load_address>0x4583</load_address>
         <run_address>0x4583</run_address>
         <size>0x1c0</size>
         <input_file_ref idref="fl-2"/>
      </object_component>
      <object_component id="oc-3db">
         <name>.debug_info</name>
         <load_address>0x4743</load_address>
         <run_address>0x4743</run_address>
         <size>0x19f</size>
         <input_file_ref idref="fl-2"/>
      </object_component>
      <object_component id="oc-3e1">
         <name>.debug_info</name>
         <load_address>0x48e2</load_address>
         <run_address>0x48e2</run_address>
         <size>0x1c2</size>
         <input_file_ref idref="fl-2"/>
      </object_component>
      <object_component id="oc-3e7">
         <name>.debug_info</name>
         <load_address>0x4aa4</load_address>
         <run_address>0x4aa4</run_address>
         <size>0x1a1</size>
         <input_file_ref idref="fl-2"/>
      </object_component>
      <object_component id="oc-3ed">
         <name>.debug_info</name>
         <load_address>0x4c45</load_address>
         <run_address>0x4c45</run_address>
         <size>0x16b</size>
         <input_file_ref idref="fl-2"/>
      </object_component>
      <object_component id="oc-3f3">
         <name>.debug_info</name>
         <load_address>0x4db0</load_address>
         <run_address>0x4db0</run_address>
         <size>0x1be</size>
         <input_file_ref idref="fl-2"/>
      </object_component>
      <object_component id="oc-3f9">
         <name>.debug_info</name>
         <load_address>0x4f6e</load_address>
         <run_address>0x4f6e</run_address>
         <size>0x1a6</size>
         <input_file_ref idref="fl-2"/>
      </object_component>
      <object_component id="oc-381">
         <name>.debug_info</name>
         <load_address>0x5114</load_address>
         <run_address>0x5114</run_address>
         <size>0x1b0</size>
         <input_file_ref idref="fl-2"/>
      </object_component>
      <object_component id="oc-4c2">
         <name>.debug_info</name>
         <load_address>0x52c4</load_address>
         <run_address>0x52c4</run_address>
         <size>0x1a5</size>
         <input_file_ref idref="fl-2"/>
      </object_component>
      <object_component id="oc-59b">
         <name>.debug_info</name>
         <load_address>0x5469</load_address>
         <run_address>0x5469</run_address>
         <size>0x19d</size>
         <input_file_ref idref="fl-2"/>
      </object_component>
      <object_component id="oc-5a7">
         <name>.debug_info</name>
         <load_address>0x5606</load_address>
         <run_address>0x5606</run_address>
[...]
      <cptbl>
         <name>__TI_cinit_table</name>
         <cprec>
            <name>.data</name>
            <load_address>0x12c</load_address>
            <load_size>0xa</load_size>
            <run_address>0xbc1e</run_address>
            <run_size>0xe</run_size>
            <compression>lzss</compression>
         </cprec>
         <cprec>
            <name>.bss</name>
            <load_address>0x13c</load_address>
            <load_size>0x4</load_size>
            <run_address>0xbc00</run_address>
            <run_size>0x1e</run_size>
            <compression>zero_init</compression>
         </cprec>
      </cptbl>
   </cptbl_list>
   <handler_table>
      <handler_table_name>__TI_handler_table</handler_table_name>
      <handler>
         <index>0x0</index>
         <name>__TI_zero_init</name>
      </handler>
      <handler>
         <index>0x1</index>
         <name>__TI_decompress_lzss</name>
      </handler>
      <handler>
         <index>0x2</index>
         <name>__TI_decompress_none</name>
      </handler>
   </handler_table>
   <symbol_table>
      <symbol id="sm-1">
         <name>__TI_CINIT_Base</name>
         <value>0x140</value>
      </symbol>
      <symbol id="sm-2">
         <name>__TI_CINIT_Limit</name>
         <value>0x148</value>
      </symbol>
      <symbol id="sm-3">
         <name>__TI_CINIT_Warm</name>
         <value>0x148</value>
      </symbol>
      <symbol id="sm-4">
         <name>__TI_Handler_Table_Base</name>
         <value>0x136</value>
      </symbol>
      <symbol id="sm-5">
         <name>__TI_Handler_Table_Limit</name>
         <value>0x13c</value>
      </symbol>
      <symbol id="sm-6">
         <name>__TI_STACK_SIZE</name>
         <value>0x200</value>
      </symbol>
      <symbol id="sm-7">
         <name>__TI_STACK_END</name>
         <value>0x600</value>
      </symbol>
      <symbol id="sm-8">
         <name>__TI_pprof_out_hndl</name>
         <value>0xffffffff</value>
      </symbol>
      <symbol id="sm-9">
         <name>__TI_prof_data_start</name>
         <value>0xffffffff</value>
      </symbol>
      <symbol id="sm-a">
         <name>__TI_prof_data_size</name>
         <value>0xffffffff</value>
      </symbol>
      <symbol id="sm-2ba">
         <name>INPUTXBAR_init</name>
         <value>0xbbec</value>
         <object_component_ref idref="oc-242"/>
      </symbol>
      <symbol id="sm-2bb">
         <name>INTERRUPT_init</name>
         <value>0xab49</value>
         <object_component_ref idref="oc-27"/>
      </symbol>
      <symbol id="sm-2bc">
         <name>CSIG2_in_init</name>
         <value>0xb8d1</value>
         <object_component_ref idref="oc-3ff"/>
      </symbol>
      <symbol id="sm-2bd">
         <name>EN_in_XINT_init</name>
         <value>0xba28</value>
         <object_component_ref idref="oc-43c"/>
      </symbol>
      <symbol id="sm-2be">
         <name>PinMux_init</name>
         <value>0xa58e</value>
         <object_component_ref idref="oc-23c"/>
      </symbol>
      <symbol id="sm-2bf">
         <name>myINPUTXBARINPUT1_init</name>
         <value>0xbbd4</value>
         <object_component_ref idref="oc-332"/>
      </symbol>
      <symbol id="sm-2c0">
         <name>myINPUTXBARINPUT0_init</name>
         <value>0xbbcd</value>
         <object_component_ref idref="oc-32c"/>
      </symbol>
      <symbol id="sm-2c1">
         <name>Board_init</name>
         <value>0xb519</value>
         <object_component_ref idref="oc-11f"/>
      </symbol>
      <symbol id="sm-2c2">
         <name>XINT_init</name>
         <value>0xbbf1</value>
         <object_component_ref idref="oc-272"/>
      </symbol>
      <symbol id="sm-2c3">
         <name>EN_in_init</name>
         <value>0xb8f1</value>
         <object_component_ref idref="oc-429"/>
      </symbol>
      <symbol id="sm-2c4">
         <name>GPIO_init</name>
         <value>0xb820</value>
         <object_component_ref idref="oc-26c"/>
      </symbol>
      <symbol id="sm-2c5">
         <name>ENB_out_init</name>
         <value>0xb6de</value>
         <object_component_ref idref="oc-411"/>
      </symbol>
      <symbol id="sm-2c6">
         <name>FLTN_in_init</name>
         <value>0xb911</value>
         <object_component_ref idref="oc-40b"/>
      </symbol>
      <symbol id="sm-2c7">
         <name>CSIG1_in_init</name>
         <value>0xb951</value>
         <object_component_ref idref="oc-405"/>
      </symbol>
      <symbol id="sm-2c8">
         <name>ADC_init</name>
         <value>0xbbf6</value>
         <object_component_ref idref="oc-254"/>
      </symbol>
      <symbol id="sm-2c9">
         <name>CAN_init</name>
         <value>0xbbf9</value>
         <object_component_ref idref="oc-25a"/>
      </symbol>
      <symbol id="sm-2ca">
         <name>RDY_out_init</name>
         <value>0xb941</value>
         <object_component_ref idref="oc-41d"/>
      </symbol>
      <symbol id="sm-2cb">
         <name>myADC0_init</name>
         <value>0xa4c7</value>
         <object_component_ref idref="oc-359"/>
      </symbol>
      <symbol id="sm-2cc">
         <name>SYNC_init</name>
         <value>0xbb2b</value>
         <object_component_ref idref="oc-248"/>
      </symbol>
      <symbol id="sm-2cd">
         <name>ENA_out_init</name>
         <value>0xb6c9</value>
         <object_component_ref idref="oc-423"/>
      </symbol>
      <symbol id="sm-2ce">
         <name>myCAN0_init</name>
         <value>0xaa80</value>
         <object_component_ref idref="oc-360"/>
      </symbol>
      <symbol id="sm-2cf">
         <name>FLTN_in_XINT_init</name>
         <value>0xba4c</value>
         <object_component_ref idref="oc-436"/>
      </symbol>
      <symbol id="sm-2d0">
         <name>GSYNC_in_init</name>
         <value>0xb931</value>
         <object_component_ref idref="oc-417"/>
      </symbol>
      <symbol id="sm-2d1">
         <name>EPWM_init</name>
         <value>0xa000</value>
         <object_component_ref idref="oc-266"/>
      </symbol>
      <symbol id="sm-2d2">
         <name>FAN_ctrl_out_init</name>
         <value>0xb732</value>
         <object_component_ref idref="oc-42f"/>
      </symbol>
      <symbol id="sm-2d3">
         <name>CPUTIMER_init</name>
         <value>0xbbe7</value>
         <object_component_ref idref="oc-260"/>
      </symbol>
      <symbol id="sm-2d4">
         <name>ASYSCTL_init</name>
         <value>0xbb3e</value>
         <object_component_ref idref="oc-24e"/>
      </symbol>
      <symbol id="sm-2d5">
         <name>myCPUTIMER1_init</name>
         <value>0xb2d7</value>
         <object_component_ref idref="oc-36d"/>
      </symbol>
      <symbol id="sm-2d6">
         <name>myCPUTIMER0_init</name>
         <value>0xb2b1</value>
         <object_component_ref idref="oc-367"/>
      </symbol>
      <symbol id="sm-328">
         <name>Device_enableAllPeripherals</name>
         <value>0xaa1a</value>
         <object_component_ref idref="oc-224"/>
      </symbol>
      <symbol id="sm-329">
         <name>Device_initGPIO</name>
         <value>0xb8e1</value>
         <object_component_ref idref="oc-107"/>
      </symbol>
      <symbol id="sm-32a">
         <name>Device_init</name>
         <value>0xb845</value>
         <object_component_ref idref="oc-101"/>
      </symbol>
      <symbol id="sm-32b">
         <name>__error__</name>
         <value>0xbbc6</value>
         <object_component_ref idref="oc-1ec"/>
      </symbol>
      <symbol id="sm-492">
         <name>epwm3ISR</name>
         <value>0xb07f</value>
         <object_component_ref idref="oc-56"/>
      </symbol>
      <symbol id="sm-493">
         <name>adc_raw_vdc2</name>
         <value>0xbc06</value>
         <object_component_ref idref="oc-bd"/>
      </symbol>
      <symbol id="sm-494">
         <name>adc_raw_vdc1</name>
         <value>0xbc05</value>
         <object_component_ref idref="oc-bd"/>
      </symbol>
      <symbol id="sm-495">
         <name>overTempThreshold</name>
         <value>0xbc24</value>
         <object_component_ref idref="oc-c0"/>
      </symbol>
      <symbol id="sm-496">
         <name>adc_raw_fans</name>
         <value>0xbc04</value>
         <object_component_ref idref="oc-bd"/>
      </symbol>
      <symbol id="sm-497">
         <name>adcA1ISR</name>
         <value>0xa94c</value>
         <object_component_ref idref="oc-38"/>
      </symbol>
      <symbol id="sm-498">
         <name>gbl_enbl_ISR</name>
         <value>0xae4c</value>
         <object_component_ref idref="oc-44"/>
      </symbol>
      <symbol id="sm-499">
         <name>errorFlag</name>
         <value>0xbc25</value>
         <object_component_ref idref="oc-c0"/>
      </symbol>
      <symbol id="sm-49a">
         <name>initEPWM3</name>
         <value>0xb9a9</value>
         <object_component_ref idref="oc-131"/>
      </symbol>
      <symbol id="sm-49b">
         <name>initEPWM2</name>
         <value>0xb97e</value>
         <object_component_ref idref="oc-12b"/>
      </symbol>
      <symbol id="sm-49c">
         <name>epwm2ISR</name>
         <value>0xb049</value>
         <object_component_ref idref="oc-4a"/>
      </symbol>
      <symbol id="sm-49d">
         <name>adc_raw_ntc2</name>
         <value>0xbc01</value>
         <object_component_ref idref="oc-bd"/>
      </symbol>
      <symbol id="sm-49e">
         <name>adc_raw_ntc1</name>
         <value>0xbc00</value>
         <object_component_ref idref="oc-bd"/>
      </symbol>
      <symbol id="sm-49f">
         <name>updateCompare</name>
         <value>0xad54</value>
         <object_component_ref idref="oc-f5"/>
      </symbol>
      <symbol id="sm-4a0">
         <name>adc_raw_iac2</name>
         <value>0xbc03</value>
         <object_component_ref idref="oc-bd"/>
      </symbol>
      <symbol id="sm-4a1">
         <name>adc_raw_iac1</name>
         <value>0xbc02</value>
         <object_component_ref idref="oc-bd"/>
      </symbol>
      <symbol id="sm-4a2">
         <name>myCAN0_0_ISR</name>
         <value>0xa644</value>
         <object_component_ref idref="oc-5c"/>
      </symbol>
      <symbol id="sm-4a3">
         <name>systemInit</name>
         <value>0xad94</value>
         <object_component_ref idref="oc-4b"/>
      </symbol>
      <symbol id="sm-4a4">
         <name>epwm2Info</name>
         <value>0xbc0a</value>
         <object_component_ref idref="oc-bd"/>
      </symbol>
      <symbol id="sm-4a5">
         <name>myCAN0_1_ISR</name>
         <value>0xb0b5</value>
         <object_component_ref idref="oc-62"/>
      </symbol>
      <symbol id="sm-4a6">
         <name>main</name>
         <value>0xb605</value>
         <object_component_ref idref="oc-1ba"/>
      </symbol>
      <symbol id="sm-4a7">
         <name>epwm3Info</name>
         <value>0xbc14</value>
         <object_component_ref idref="oc-bd"/>
      </symbol>
      <symbol id="sm-4a8">
         <name>adc_raw_vac2</name>
         <value>0xbc08</value>
         <object_component_ref idref="oc-bd"/>
      </symbol>
      <symbol id="sm-4a9">
         <name>adc_raw_vac1</name>
         <value>0xbc07</value>
         <object_component_ref idref="oc-bd"/>
      </symbol>
      <symbol id="sm-4aa">
         <name>initEPWM</name>
         <value>0xb237</value>
         <object_component_ref idref="oc-125"/>
      </symbol>
      <symbol id="sm-4ab">
         <name>transmitReady</name>
         <value>0xbc27</value>
         <object_component_ref idref="oc-c0"/>
      </symbol>
      <symbol id="sm-4ac">
         <name>adcDataReady</name>
         <value>0xbc26</value>
         <object_component_ref idref="oc-c0"/>
      </symbol>
      <symbol id="sm-4ad">
         <name>gbl_flt_ISR</name>
         <value>0xaefd</value>
         <object_component_ref idref="oc-3e"/>
      </symbol>
      <symbol id="sm-4ae">
         <name>canSendISR</name>
         <value>0xabf0</value>
         <object_component_ref idref="oc-32"/>
      </symbol>
      <symbol id="sm-4af">
         <name>fanctrlISR</name>
         <value>0xa6e2</value>
         <object_component_ref idref="oc-26"/>
      </symbol>
      <symbol id="sm-4be">
         <name>ADC_setOffsetTrimAll</name>
         <value>0xb366</value>
         <object_component_ref idref="oc-4ce"/>
      </symbol>
      <symbol id="sm-549">
         <name>CAN_sendMessage</name>
         <value>0xa86f</value>
         <object_component_ref idref="oc-d3"/>
      </symbol>
      <symbol id="sm-54a">
         <name>CAN_setBitTiming</name>
         <value>0xaae5</value>
         <object_component_ref idref="oc-51d"/>
      </symbol>
      <symbol id="sm-54b">
         <name>CAN_clearInterruptStatus</name>
         <value>0xac41</value>
         <object_component_ref idref="oc-15e"/>
      </symbol>
      <symbol id="sm-54c">
         <name>CAN_setupMessageObject</name>
         <value>0xa3ec</value>
         <object_component_ref idref="oc-52f"/>
      </symbol>
      <symbol id="sm-54d">
         <name>CAN_initModule</name>
         <value>0xb479</value>
         <object_component_ref idref="oc-517"/>
      </symbol>
      <symbol id="sm-54e">
         <name>CAN_readMessage</name>
         <value>0xa9b4</value>
         <object_component_ref idref="oc-164"/>
      </symbol>
      <symbol id="sm-568">
         <name>CPUTimer_setEmulationMode</name>
         <value>0xb7e7</value>
         <object_component_ref idref="oc-542"/>
      </symbol>
      <symbol id="sm-5d6">
         <name>GPIO_setQualificationMode</name>
         <value>0xafa5</value>
         <object_component_ref idref="oc-325"/>
      </symbol>
      <symbol id="sm-5d7">
         <name>GPIO_setPadConfig</name>
         <value>0xab9e</value>
         <object_component_ref idref="oc-31f"/>
      </symbol>
      <symbol id="sm-5d8">
         <name>GPIO_setInterruptPin</name>
         <value>0xaf37</value>
         <object_component_ref idref="oc-5a0"/>
      </symbol>
      <symbol id="sm-5d9">
         <name>GPIO_setAnalogMode</name>
         <value>0xac87</value>
         <object_component_ref idref="oc-319"/>
      </symbol>
      <symbol id="sm-5da">
         <name>GPIO_setDirectionMode</name>
         <value>0xb181</value>
         <object_component_ref idref="oc-585"/>
      </symbol>
      <symbol id="sm-5db">
         <name>GPIO_setPinConfig</name>
         <value>0xaf6e</value>
         <object_component_ref idref="oc-313"/>
      </symbol>
      <symbol id="sm-62a">
         <name>Interrupt_defaultHandler</name>
         <value>0xb65f</value>
         <object_component_ref idref="oc-68"/>
      </symbol>
      <symbol id="sm-62b">
         <name>Interrupt_initModule</name>
         <value>0xadd2</value>
         <object_component_ref idref="oc-10d"/>
      </symbol>
      <symbol id="sm-62c">
         <name>Interrupt_nmiHandler</name>
         <value>0xbb21</value>
         <object_component_ref idref="oc-7a"/>
      </symbol>
      <symbol id="sm-62d">
         <name>Interrupt_enable</name>
         <value>0xafdc</value>
         <object_component_ref idref="oc-c9"/>
      </symbol>
      <symbol id="sm-62e">
         <name>Interrupt_initVectorTable</name>
         <value>0xb422</value>
         <object_component_ref idref="oc-6d"/>
      </symbol>
      <symbol id="sm-62f">
         <name>Interrupt_illegalOperationHandler</name>
         <value>0xbb17</value>
         <object_component_ref idref="oc-74"/>
      </symbol>
      <symbol id="sm-72a">
         <name>SysCtl_isPLLValid</name>
         <value>0xa2ee</value>
         <object_component_ref idref="oc-2fd"/>
      </symbol>
      <symbol id="sm-72b">
         <name>SysCtl_delay</name>
         <value>0x128</value>
         <object_component_ref idref="oc-2f0"/>
      </symbol>
      <symbol id="sm-72c">
         <name>SysCtl_selectXTALSingleEnded</name>
         <value>0xb3c6</value>
         <object_component_ref idref="oc-461"/>
      </symbol>
      <symbol id="sm-72d">
         <name>SysCtl_selectXTAL</name>
         <value>0xae0f</value>
         <object_component_ref idref="oc-45b"/>
      </symbol>
      <symbol id="sm-72e">
         <name>SysCtl_selectOscSource</name>
         <value>0xad12</value>
         <object_component_ref idref="oc-2f1"/>
      </symbol>
      <symbol id="sm-72f">
         <name>SysCtl_setClock</name>
         <value>0xa1cd</value>
         <object_component_ref idref="oc-212"/>
      </symbol>
      <symbol id="sm-739">
         <name>_c_int00</name>
         <value>0xb61c</value>
         <object_component_ref idref="oc-21"/>
      </symbol>
      <symbol id="sm-73a">
         <name>__stack</name>
         <value>0x400</value>
         <object_component_ref idref="oc-80"/>
      </symbol>
      <symbol id="sm-747">
         <name>__c28xabi_divf</name>
         <value>0xa774</value>
         <object_component_ref idref="oc-469"/>
      </symbol>
      <symbol id="sm-754">
         <name>_system_pre_init</name>
         <value>0xbbfc</value>
         <object_component_ref idref="oc-97"/>
      </symbol>
      <symbol id="sm-763">
         <name>__TI_auto_init_nobinit_nopinit</name>
         <value>0xb1e2</value>
         <object_component_ref idref="oc-18a"/>
      </symbol>
      <symbol id="sm-772">
         <name>__TI_zero_init_nomemset</name>
         <value>0xb9eb</value>
         <object_component_ref idref="oc-8b"/>
      </symbol>
      <symbol id="sm-77f">
         <name>__TI_decompress_none</name>
         <value>0xbb94</value>
         <object_component_ref idref="oc-1a"/>
      </symbol>
      <symbol id="sm-793">
         <name>__TI_decompress_lzss</name>
         <value>0xb1b2</value>
         <object_component_ref idref="oc-14"/>
      </symbol>
      <symbol id="sm-7a9">
         <name>C$$EXIT</name>
         <value>0xb261</value>
         <object_component_ref idref="oc-a4"/>
      </symbol>
      <symbol id="sm-7aa">
         <name>abort</name>
         <value>0xb261</value>
         <object_component_ref idref="oc-a4"/>
      </symbol>
      <symbol id="sm-7ab">
         <name>exit</name>
         <value>0xb263</value>
         <object_component_ref idref="oc-a4"/>
      </symbol>
      <symbol id="sm-7ac">
         <name>__TI_dtors_ptr</name>
         <value>0xbc22</value>
         <object_component_ref idref="oc-1c2"/>
      </symbol>
      <symbol id="sm-7ad">
         <name>__TI_cleanup_ptr</name>
         <value>0xbc20</value>
         <object_component_ref idref="oc-1c2"/>
      </symbol>
      <symbol id="sm-7ae">
         <name>__TI_enable_exit_profile_output</name>
         <value>0xbc1e</value>
         <object_component_ref idref="oc-1c2"/>
      </symbol>
      <symbol id="sm-7c5">
         <name>_nop</name>
         <value>0xbb73</value>
         <object_component_ref idref="oc-2d2"/>
      </symbol>
      <symbol id="sm-7c6">
         <name>_lock</name>
         <value>0xbc28</value>
         <object_component_ref idref="oc-1c5"/>
      </symbol>
      <symbol id="sm-7c7">
         <name>_unlock</name>
         <value>0xbc2a</value>
         <object_component_ref idref="oc-453"/>
      </symbol>
      <symbol id="sm-7c8">
         <name>_register_lock</name>
         <value>0xbb6f</value>
         <object_component_ref idref="oc-2d2"/>
      </symbol>
      <symbol id="sm-7c9">
         <name>_register_unlock</name>
         <value>0xbb6b</value>
         <object_component_ref idref="oc-2d2"/>
      </symbol>
      <symbol id="sm-7d8">
         <name>_args_main</name>
         <value>0xba70</value>
         <object_component_ref idref="oc-9e"/>
      </symbol>
      <symbol id="sm-7ec">
         <name>memcpy</name>
         <value>0xb440</value>
         <object_component_ref idref="oc-83"/>
      </symbol>
      <symbol id="sm-7f9">
         <name>_system_post_cinit</name>
         <value>0xbbfe</value>
         <object_component_ref idref="oc-2b7"/>
      </symbol>
      <symbol id="sm-7fb">
         <name>__c_args__</name>
         <value>0x0</value>
      </symbol>
   </symbol_table>
   <title>Link successful</title>
</link_info>
