******************************************************************************
             TMS320C2000 Linker PC v22.6.1                     
******************************************************************************
>> Linked Wed Jun 19 11:36:18 2024

OUTPUT FILE NAME:   <i2c_gd_setup2.out>
ENTRY POINT SYMBOL: "_c_int00"  address: 0000a9ba


MEMORY CONFIGURATION

         name            origin    length      used     unused   attr    fill
----------------------  --------  ---------  --------  --------  ----  --------
  BEGIN                 00000000   00000002  00000002  00000000  RWIX
  BOOT_RSVD             00000002   00000126  00000000  00000126  RWIX
  RAMM0                 00000128   000002d8  0000003c  0000029c  RWIX
  RAMM1                 00000400   000003f8  00000200  000001f8  RWIX
  RAMLS4567             0000a000   00002000  00000c9f  00001361  RWIX
  RAMGS0                0000c000   000007f8  00000000  000007f8  RWIX
  BOOTROM               003f0000   00008000  00000000  00008000  RWIX
  BOOTROM_EXT           003f8000   00007fc0  00000000  00007fc0  RWIX
  RESET                 003fffc0   00000002  00000000  00000002  RWIX


SECTION ALLOCATION MAP

 output                                  attributes/
section   page    origin      length       input sections
--------  ----  ----------  ----------   ----------------
.TI.ramfunc 
*          0    00000128    00000004     
                  00000128    00000004     sysctl.obj (.TI.ramfunc)

.cinit     0    0000012c    00000038     
                  0000012c    00000025     (.cinit..data.load) [load image, compression = lzss]
                  00000151    00000001     --HOLE-- [fill = 0]
                  00000152    00000006     (__TI_handler_table)
                  00000158    00000004     (.cinit..bss.load) [load image, compression = zero_init]
                  0000015c    00000008     (__TI_cinit_table)

.text      0    0000a000    00000c53     
                  0000a000    00000163     i2c_gd_setup.obj (.text:I2C_GD_Setup)
                  0000a163    000000f8     sysctl.obj (.text:SysCtl_setClock)
                  0000a25b    000000f2     sysctl.obj (.text:SysCtl_isPLLValid)
                  0000a34d    00000088     rts2800_fpu32_eabi.lib : fs_div28.asm.obj (.text)
                  0000a3d5    00000083     i2c_gd_setup.obj (.text:I2C_GPIO_init)
                  0000a458    0000007c     i2c.obj (.text:I2C_initController)
                  0000a4d4    0000006c     gpio.obj (.text:GPIO_setQualificationMode)
                  0000a540    00000066     gpio.obj (.text:GPIO_setPadConfig)
                  0000a5a6    00000049     sysctl.obj (.text:SysCtl_setPLLSysClk)
                  0000a5ef    00000045     gpio.obj (.text:GPIO_setDirectionMode)
                  0000a634    00000045     sysctl.obj (.text:SysCtl_pollX1Counter)
                  0000a679    0000003f     i2cLib_polling.obj (.text:I2C_TransmitTargetAddress_ControlBytes)
                  0000a6b8    0000003d     sysctl.obj (.text:SysCtl_selectXTAL)
                  0000a6f5    0000003c     device.obj (.text:Device_enableAllPeripherals)
                  0000a731    0000003a     i2c_gd_setup.obj (.text:GPIO_writePin)
                  0000a76b    00000038     i2c_gd_setup.obj (.text:I2Cinit)
                  0000a7a3    00000037     gpio.obj (.text:GPIO_setPinConfig)
                  0000a7da    00000030     i2cLib_polling.obj (.text:I2C_ControllerReceiver)
                  0000a80a    00000030     rts2800_fpu32_eabi.lib : copy_decompress_lzss.c.obj (.text:decompress:lzss)
                  0000a83a    0000002f     sysctl.obj (.text:DCC_setCounterSeeds)
                  0000a869    0000002f     i2c_gd_setup.obj (.text:I2C_Read_Status)
                  0000a898    0000002b     sysctl.obj (.text:SysCtl_selectOscSource)
                  0000a8c3    0000002b     rts2800_fpu32_eabi.lib : autoinit.c.obj (.text:__TI_auto_init_nobinit_nopinit)
                  0000a8ee    00000029                            : exit.c.obj (.text)
                  0000a917    00000020     sysctl.obj (.text:SysCtl_selectXTALSingleEnded)
                  0000a937    0000001e     interrupt.obj (.text:Interrupt_initVectorTable)
                  0000a955    0000001d     rts2800_fpu32_eabi.lib : memcpy.c.obj (.text)
                  0000a972    0000001a     sysctl.obj (.text:DCC_enableSingleShotMode)
                  0000a98c    00000017     device.obj (.text:SysCtl_enablePeripheral)
                  0000a9a3    00000017     sysctl.obj (.text:SysCtl_enablePeripheral)
                  0000a9ba    00000017     rts2800_fpu32_eabi.lib : boot28.asm.obj (.text)
                  0000a9d1    00000016     interrupt.obj (.text:Interrupt_defaultHandler)
                  0000a9e7    00000015     device.obj (.text:GPIO_unlockPortConfig)
                  0000a9fc    00000014     sysctl.obj (.text:DCC_setCounter0ClkSource)
                  0000aa10    00000014     sysctl.obj (.text:DCC_setCounter1ClkSource)
                  0000aa24    00000014     i2cLib_polling.obj (.text:I2C_isBusBusy)
                  0000aa38    00000014     device.obj (.text:SysCtl_deviceCal)
                  0000aa4c    00000014     i2cLib_polling.obj (.text:checkBusStatus)
                  0000aa60    00000013     i2c_gd_setup.obj (.text:main)
                  0000aa73    00000012     device.obj (.text:Device_init)
                  0000aa85    00000010     device.obj (.text:Device_initGPIO)
                  0000aa95    00000010     i2cLib_polling.obj (.text:I2C_getStopConditionStatus)
                  0000aaa5    00000010     i2cLib_polling.obj (.text:I2C_setAddressMode)
                  0000aab5    00000010     i2c_gd_setup.obj (.text:I2C_setAddressMode)
                  0000aac5    00000010     i2c_gd_setup.obj (.text:I2C_setBitCount)
                  0000aad5    00000010     i2cLib_polling.obj (.text:I2C_setConfig)
                  0000aae5    00000010     i2c_gd_setup.obj (.text:I2C_setConfig)
                  0000aaf5    00000010     i2c_gd_setup.obj (.text:I2C_setEmulationMode)
                  0000ab05    0000000f     i2cLib_polling.obj (.text:I2C_ControllerTransmitter)
                  0000ab14    0000000e     i2cLib_polling.obj (.text:I2C_disableFIFO)
                  0000ab22    0000000e     i2cLib_polling.obj (.text:I2C_enableFIFO)
                  0000ab30    0000000d     device.obj (.text:SysCtl_setLowSpeedClock)
                  0000ab3d    0000000d     rts2800_fpu32_eabi.lib : copy_zero_init.c.obj (.text:decompress:ZI:__TI_zero_init_nomemset)
                  0000ab4a    0000000c     sysctl.obj (.text:DCC_disableDoneSignal)
                  0000ab56    0000000c     rts2800_fpu32_eabi.lib : args_main.c.obj (.text)
                  0000ab62    0000000b     sysctl.obj (.text:DCC_clearDoneFlag)
                  0000ab6d    0000000b     sysctl.obj (.text:DCC_clearErrorFlag)
                  0000ab78    0000000b     sysctl.obj (.text:DCC_disableErrorSignal)
                  0000ab83    0000000b     sysctl.obj (.text:DCC_disableModule)
                  0000ab8e    0000000b     sysctl.obj (.text:DCC_enableModule)
                  0000ab99    0000000b     sysctl.obj (.text:SysCtl_isMCDClockFailureDetected)
                  0000aba4    0000000a     i2cLib_polling.obj (.text:I2C_putData)
                  0000abae    0000000a     interrupt.obj (.text:Interrupt_illegalOperationHandler)
                  0000abb8    0000000a     interrupt.obj (.text:Interrupt_nmiHandler)
                  0000abc2    00000009     i2c_gd_setup.obj (.text:I2C_disableLoopback)
                  0000abcb    00000009     i2c_gd_setup.obj (.text:I2C_disableModule)
                  0000abd4    00000009     i2c_gd_setup.obj (.text:I2C_enableModule)
                  0000abdd    00000009     i2cLib_polling.obj (.text:I2C_sendStartCondition)
                  0000abe6    00000009     i2cLib_polling.obj (.text:I2C_sendStopCondition)
                  0000abef    00000009     rts2800_fpu32_eabi.lib : _lock.c.obj (.text)
                  0000abf8    00000008     i2cLib_polling.obj (.text:I2C_setDataCount)
                  0000ac00    00000008     i2c_gd_setup.obj (.text:I2C_setDataCount)
                  0000ac08    00000008     i2cLib_polling.obj (.text:I2C_setTargetAddress)
                  0000ac10    00000008     i2c_gd_setup.obj (.text:I2C_setTargetAddress)
                  0000ac18    00000008     device.obj (.text:SysCtl_disableWatchdog)
                  0000ac20    00000008     rts2800_fpu32_eabi.lib : copy_decompress_none.c.obj (.text:decompress:none)
                  0000ac28    00000008     f28002x_codestartbranch.obj (.text)
                  0000ac30    00000007     device.obj (.text:ASysCtl_lockVREG)
                  0000ac37    00000007     sysctl.obj (.text:SysCtl_resetMCD)
                  0000ac3e    00000006     i2cLib_polling.obj (.text:I2C_getData)
                  0000ac44    00000006     i2cLib_polling.obj (.text:I2C_getStatus)
                  0000ac4a    00000006     i2c_gd_setup.obj (.text:I2C_getStatus)
                  0000ac50    00000002     rts2800_fpu32_eabi.lib : pre_init.c.obj (.text)
                  0000ac52    00000001                            : startup.c.obj (.text)

.reset     0    003fffc0    00000000     DSECT

codestart 
*          0    00000000    00000002     
                  00000000    00000002     f28002x_codestartbranch.obj (codestart)

.stack     0    00000400    00000200     UNINITIALIZED
                  00000400    00000200     --HOLE--

.bss       0    0000ac82    0000001e     UNINITIALIZED
                  0000ac82    00000018     i2c_gd_setup.obj (.bss:gds_data)
                  0000ac9a    00000006     i2c_gd_setup.obj (.bss)

.init_array 
*          0    00000128    00000000     UNINITIALIZED

.data      0    0000ac54    0000002e     UNINITIALIZED
                  0000ac54    00000006     i2c_gd_setup.obj (.data:gateData)
                  0000ac5a    00000006     rts2800_fpu32_eabi.lib : exit.c.obj (.data)
                  0000ac60    00000004     i2c_gd_setup.obj (.data:add1Data)
                  0000ac64    00000004     i2c_gd_setup.obj (.data:add2Data)
                  0000ac68    00000004     i2c_gd_setup.obj (.data:add3Data)
                  0000ac6c    00000004     i2c_gd_setup.obj (.data:add4Data)
                  0000ac70    00000004     i2c_gd_setup.obj (.data)
                  0000ac74    00000004     i2c_gd_setup.obj (.data:setOKData)
                  0000ac78    00000003     i2c_gd_setup.obj (.data:safetestData)
                  0000ac7b    00000001     i2c_gd_setup.obj (.data:statusData)
                  0000ac7c    00000002     rts2800_fpu32_eabi.lib : _lock.c.obj (.data:_lock)
                  0000ac7e    00000002                            : _lock.c.obj (.data:_unlock)
                  0000ac80    00000002     i2c_gd_setup.obj (.data:desatimeData)

MODULE SUMMARY

       Module                        code   ro data   rw data
       ------                        ----   -------   -------
    .\
       i2c_gd_setup.obj              779    0         66     
       i2cLib_polling.obj            298    0         0      
    +--+-----------------------------+------+---------+---------+
       Total:                        1077   0         66     
                                                             
    .\device\
       device.obj                    186    0         0      
       f28002x_codestartbranch.obj   10     0         0      
    +--+-----------------------------+------+---------+---------+
       Total:                        196    0         0      
                                                             
    .\device\driverlib\
       sysctl.obj                    993    0         0      
       gpio.obj                      334    0         0      
       i2c.obj                       124    0         0      
       interrupt.obj                 72     0         0      
    +--+-----------------------------+------+---------+---------+
       Total:                        1523   0         0      
                                                             
    C:\ti\ccs1260\ccs\tools\compiler\ti-cgt-c2000_22.6.1.LTS\lib\rts2800_fpu32_eabi.lib
       fs_div28.asm.obj              136    0         0      
       copy_decompress_lzss.c.obj    48     0         0      
       exit.c.obj                    41     0         6      
       autoinit.c.obj                43     0         0      
       memcpy.c.obj                  29     0         0      
       boot28.asm.obj                23     0         0      
       _lock.c.obj                   9      0         4      
       copy_zero_init.c.obj          13     0         0      
       args_main.c.obj               12     0         0      
       copy_decompress_none.c.obj    8      0         0      
       pre_init.c.obj                2      0         0      
       startup.c.obj                 1      0         0      
    +--+-----------------------------+------+---------+---------+
       Total:                        365    0         10     
                                                             
       Stack:                        0      0         512    
       Linker Generated:             0      55        0      
    +--+-----------------------------+------+---------+---------+
       Grand Total:                  3161   55        588    


LINKER GENERATED COPY TABLES

__TI_cinit_table @ 0000015c records: 2, size/record: 4, table size: 8
	.data: load addr=0000012c, load size=00000025 bytes, run addr=0000ac54, run size=0000002e bytes, compression=lzss
	.bss: load addr=00000158, load size=00000004 bytes, run addr=0000ac82, run size=0000001e bytes, compression=zero_init


LINKER GENERATED HANDLER TABLE

__TI_handler_table @ 00000152 records: 3, size/record: 2, table size: 6
	index: 0, handler: __TI_zero_init
	index: 1, handler: __TI_decompress_lzss
	index: 2, handler: __TI_decompress_none


GLOBAL DATA SYMBOLS: SORTED BY DATA PAGE

address     data page           name
--------    ----------------    ----
00000400      10 (00000400)     __stack

0000ac5a     2b1 (0000ac40)     __TI_enable_exit_profile_output
0000ac5c     2b1 (0000ac40)     __TI_cleanup_ptr
0000ac5e     2b1 (0000ac40)     __TI_dtors_ptr
0000ac70     2b1 (0000ac40)     status
0000ac72     2b1 (0000ac40)     stat_data
0000ac7c     2b1 (0000ac40)     _lock
0000ac7e     2b1 (0000ac40)     _unlock

0000ac82     2b2 (0000ac80)     gds_data
0000ac9a     2b2 (0000ac80)     I2CB


GLOBAL SYMBOLS: SORTED ALPHABETICALLY BY Name 

page  address   name                                  
----  -------   ----                                  
0     0000a8ee  C$$EXIT                               
0     0000a6f5  Device_enableAllPeripherals           
0     0000aa73  Device_init                           
0     0000aa85  Device_initGPIO                       
0     0000a5ef  GPIO_setDirectionMode                 
0     0000a540  GPIO_setPadConfig                     
0     0000a7a3  GPIO_setPinConfig                     
0     0000a4d4  GPIO_setQualificationMode             
0     0000ac9a  I2CB                                  
0     0000a7da  I2C_ControllerReceiver                
0     0000ab05  I2C_ControllerTransmitter             
0     0000a000  I2C_GD_Setup                          
0     0000a3d5  I2C_GPIO_init                         
0     0000a869  I2C_Read_Status                       
0     0000a679  I2C_TransmitTargetAddress_ControlBytes
0     0000a458  I2C_initController                    
0     0000a76b  I2Cinit                               
0     0000a9d1  Interrupt_defaultHandler              
0     0000abae  Interrupt_illegalOperationHandler     
0     0000a937  Interrupt_initVectorTable             
0     0000abb8  Interrupt_nmiHandler                  
0     00000128  SysCtl_delay                          
0     0000a25b  SysCtl_isPLLValid                     
0     0000a898  SysCtl_selectOscSource                
0     0000a6b8  SysCtl_selectXTAL                     
0     0000a917  SysCtl_selectXTALSingleEnded          
0     0000a163  SysCtl_setClock                       
0     0000015c  __TI_CINIT_Base                       
0     00000164  __TI_CINIT_Limit                      
0     00000164  __TI_CINIT_Warm                       
0     00000152  __TI_Handler_Table_Base               
0     00000158  __TI_Handler_Table_Limit              
0     00000600  __TI_STACK_END                        
abs   00000200  __TI_STACK_SIZE                       
0     0000a8c3  __TI_auto_init_nobinit_nopinit        
0     0000ac5c  __TI_cleanup_ptr                      
0     0000a80a  __TI_decompress_lzss                  
0     0000ac20  __TI_decompress_none                  
0     0000ac5e  __TI_dtors_ptr                        
0     0000ac5a  __TI_enable_exit_profile_output       
abs   ffffffff  __TI_pprof_out_hndl                   
abs   ffffffff  __TI_prof_data_size                   
abs   ffffffff  __TI_prof_data_start                  
0     0000ab3d  __TI_zero_init_nomemset               
0     0000a34d  __c28xabi_divf                        
n/a   UNDEFED   __c_args__                            
0     00000400  __stack                               
0     0000ab56  _args_main                            
0     0000a9ba  _c_int00                              
0     0000ac7c  _lock                                 
0     0000abf7  _nop                                  
0     0000abf3  _register_lock                        
0     0000abef  _register_unlock                      
0     0000ac52  _system_post_cinit                    
0     0000ac50  _system_pre_init                      
0     0000ac7e  _unlock                               
0     0000a8ee  abort                                 
0     0000aa4c  checkBusStatus                        
0     00000000  code_start                            
0     0000a8f0  exit                                  
0     0000ac82  gds_data                              
0     0000aa60  main                                  
0     0000a955  memcpy                                
0     0000ac72  stat_data                             
0     0000ac70  status                                


GLOBAL SYMBOLS: SORTED BY Symbol Address 

page  address   name                                  
----  -------   ----                                  
0     00000000  code_start                            
0     00000128  SysCtl_delay                          
0     00000152  __TI_Handler_Table_Base               
0     00000158  __TI_Handler_Table_Limit              
0     0000015c  __TI_CINIT_Base                       
0     00000164  __TI_CINIT_Limit                      
0     00000164  __TI_CINIT_Warm                       
0     00000400  __stack                               
0     00000600  __TI_STACK_END                        
0     0000a000  I2C_GD_Setup                          
0     0000a163  SysCtl_setClock                       
0     0000a25b  SysCtl_isPLLValid                     
0     0000a34d  __c28xabi_divf                        
0     0000a3d5  I2C_GPIO_init                         
0     0000a458  I2C_initController                    
0     0000a4d4  GPIO_setQualificationMode             
0     0000a540  GPIO_setPadConfig                     
0     0000a5ef  GPIO_setDirectionMode                 
0     0000a679  I2C_TransmitTargetAddress_ControlBytes
0     0000a6b8  SysCtl_selectXTAL                     
0     0000a6f5  Device_enableAllPeripherals           
0     0000a76b  I2Cinit                               
0     0000a7a3  GPIO_setPinConfig                     
0     0000a7da  I2C_ControllerReceiver                
0     0000a80a  __TI_decompress_lzss                  
0     0000a869  I2C_Read_Status                       
0     0000a898  SysCtl_selectOscSource                
0     0000a8c3  __TI_auto_init_nobinit_nopinit        
0     0000a8ee  C$$EXIT                               
0     0000a8ee  abort                                 
0     0000a8f0  exit                                  
0     0000a917  SysCtl_selectXTALSingleEnded          
0     0000a937  Interrupt_initVectorTable             
0     0000a955  memcpy                                
0     0000a9ba  _c_int00                              
0     0000a9d1  Interrupt_defaultHandler              
0     0000aa4c  checkBusStatus                        
0     0000aa60  main                                  
0     0000aa73  Device_init                           
0     0000aa85  Device_initGPIO                       
0     0000ab05  I2C_ControllerTransmitter             
0     0000ab3d  __TI_zero_init_nomemset               
0     0000ab56  _args_main                            
0     0000abae  Interrupt_illegalOperationHandler     
0     0000abb8  Interrupt_nmiHandler                  
0     0000abef  _register_unlock                      
0     0000abf3  _register_lock                        
0     0000abf7  _nop                                  
0     0000ac20  __TI_decompress_none                  
0     0000ac50  _system_pre_init                      
0     0000ac52  _system_post_cinit                    
0     0000ac5a  __TI_enable_exit_profile_output       
0     0000ac5c  __TI_cleanup_ptr                      
0     0000ac5e  __TI_dtors_ptr                        
0     0000ac70  status                                
0     0000ac72  stat_data                             
0     0000ac7c  _lock                                 
0     0000ac7e  _unlock                               
0     0000ac82  gds_data                              
0     0000ac9a  I2CB                                  
abs   00000200  __TI_STACK_SIZE                       
abs   ffffffff  __TI_pprof_out_hndl                   
abs   ffffffff  __TI_prof_data_size                   
abs   ffffffff  __TI_prof_data_start                  
n/a   UNDEFED   __c_args__                            

[65 symbols]
