******************************************************************************
             TMS320C2000 Linker PC v22.6.2                     
******************************************************************************
>> Linked Fri Aug  8 17:15:15 2025

OUTPUT FILE NAME:   <local_uC.out>
ENTRY POINT SYMBOL: "_c_int00"  address: 0000b28a


MEMORY CONFIGURATION

         name            origin    length      used     unused   attr    fill
----------------------  --------  ---------  --------  --------  ----  --------
  BEGIN                 00000000   00000002  00000000  00000002  RWIX
  BOOT_RSVD             00000002   00000126  00000000  00000126  RWIX
  RAMM0                 00000128   000002d8  00000020  000002b8  RWIX
  RAMM1                 00000400   000003f8  00000200  000001f8  RWIX
  RAMLS4567             0000a000   00002000  0000155b  00000aa5  RWIX
  RAMGS0                0000c000   000007f8  0000021a  000005de  RWIX
  BOOTROM               003f0000   00008000  00000000  00008000  RWIX
  BOOTROM_EXT           003f8000   00007fc0  00000000  00007fc0  RWIX
  RESET                 003fffc0   00000002  00000000  00000002  RWIX


SECTION ALLOCATION MAP

 output                                  attributes/
section   page    origin      length       input sections
--------  ----  ----------  ----------   ----------------
.TI.ramfunc 
*          0    00000128    00000004     
                  00000128    00000004     driverlib.lib : sysctl.obj (.TI.ramfunc)

.cinit     0    0000012c    0000001c     
                  0000012c    00000009     (.cinit..data.load) [load image, compression = lzss]
                  00000135    00000001     --HOLE-- [fill = 0]
                  00000136    00000006     (__TI_handler_table)
                  0000013c    00000004     (.cinit..bss.load) [load image, compression = zero_init]
                  00000140    00000008     (__TI_cinit_table)

.text      0    0000a000    0000152d     
                  0000a000    000001f5     board.obj (.text:EPWM_init)
                  0000a1f5    00000123     driverlib.lib : sysctl.obj (.text:SysCtl_setClock)
                  0000a318    000000fe                   : sysctl.obj (.text:SysCtl_isPLLValid)
                  0000a416    000000df     board.obj (.text:myADC0_init)
                  0000a4f5    000000db     driverlib.lib : can.obj (.text:CAN_setupMessageObject)
                  0000a5d0    000000b6     board.obj (.text:PinMux_init)
                  0000a686    00000088     rts2800_fpu32_eabi.lib : fs_div28.asm.obj (.text)
                  0000a70e    00000076     main.obj (.text:myCAN0_0_ISR)
                  0000a784    00000073     driverlib.lib : sysctl.obj (.text:DCC_setCounterSeeds)
                  0000a7f7    00000073     main.obj (.text:fanctrlISR)
                  0000a86a    00000072     driverlib.lib : can.obj (.text:CAN_sendMessage)
                  0000a8dc    00000066                   : can.obj (.text:CAN_readMessage)
                  0000a942    00000065     device.obj (.text:Device_enableAllPeripherals)
                  0000a9a7    00000064     driverlib.lib : can.obj (.text:CAN_setBitTiming)
                  0000aa0b    00000052                   : gpio.obj (.text:GPIO_setPadConfig)
                  0000aa5d    00000051     main.obj (.text:canSendISR)
                  0000aaae    0000004e     board.obj (.text:INTERRUPT_init)
                  0000aafc    00000047     driverlib.lib : sysctl.obj (.text:SysCtl_selectOscSource)
                  0000ab43    00000046                   : can.obj (.text:CAN_clearInterruptStatus)
                  0000ab89    00000046                   : gpio.obj (.text:GPIO_setAnalogMode)
                  0000abcf    00000046                   : sysctl.obj (.text:SysCtl_selectXTAL)
                  0000ac15    00000045                   : sysctl.obj (.text:SysCtl_pollX1Counter)
                  0000ac5a    00000041     main.obj (.text:systemInit)
                  0000ac9b    0000003d     driverlib.lib : interrupt.obj (.text:Interrupt_initModule)
                  0000acd8    0000003a     board.obj (.text:myCAN0_init)
                  0000ad12    00000037     driverlib.lib : gpio.obj (.text:GPIO_setInterruptPin)
                  0000ad49    00000037                   : gpio.obj (.text:GPIO_setPinConfig)
                  0000ad80    00000037                   : gpio.obj (.text:GPIO_setQualificationMode)
                  0000adb7    00000037                   : interrupt.obj (.text:Interrupt_enable)
                  0000adee    00000037     main.obj (.text:epwm2ISR)
                  0000ae25    00000037     main.obj (.text:epwm3ISR)
                  0000ae5c    00000035     device.obj (.text:Device_init)
                  0000ae91    00000035     main.obj (.text:initEPWM)
                  0000aec6    00000035     board.obj (.text:myCPUTIMER0_init)
                  0000aefb    00000034     board.obj (.text:myCPUTIMER1_init)
                  0000af2f    00000031     driverlib.lib : gpio.obj (.text:GPIO_setDirectionMode)
                  0000af60    0000002f     main.obj (.text:adcA1ISR)
                  0000af8f    0000002e     rts2800_fpu32_eabi.lib : copy_decompress_lzss.c.obj (.text:decompress:lzss)
                  0000afbd    0000002b                            : autoinit.c.obj (.text:__TI_auto_init_nobinit_nopinit)
                  0000afe8    0000002a     driverlib.lib : gpio.obj (.text:XBAR_setInputPin)
                  0000b012    0000002a     main.obj (.text:gbl_enbl_ISR)
                  0000b03c    00000029     rts2800_fpu32_eabi.lib : exit.c.obj (.text)
                  0000b065    00000026     main.obj (.text:updateCompare)
                  0000b08b    00000025     driverlib.lib : sysctl.obj (.text:SysCtl_selectXTALSingleEnded)
                  0000b0b0    00000024                   : sysctl.obj (.text:DCC_enableSingleShotMode)
                  0000b0d4    00000022                   : can.obj (.text:CAN_writeDataReg)
                  0000b0f6    00000020                   : adc.obj (.text:ADC_setOffsetTrimAll)
                  0000b116    0000001e                   : sysctl.obj (.text:DCC_setCounter0ClkSource)
                  0000b134    0000001e                   : sysctl.obj (.text:DCC_setCounter1ClkSource)
                  0000b152    0000001e                   : interrupt.obj (.text:Interrupt_initVectorTable)
                  0000b170    0000001d     rts2800_fpu32_eabi.lib : memcpy.c.obj (.text)
                  0000b18d    0000001c     driverlib.lib : can.obj (.text:CAN_initModule)
                  0000b1a9    0000001b                   : can.obj (.text:CAN_readDataReg)
                  0000b1c4    0000001b                   : gpio.obj (.text:XBAR_isBaseValid)
                  0000b1df    0000001a                   : can.obj (.text:CAN_initRAM)
                  0000b1f9    0000001a     main.obj (.text:gbl_flt_ISR)
                  0000b213    00000019     board.obj (.text:Board_init)
                  0000b22c    00000019     driverlib.lib : sysctl.obj (.text:SysCtl_setPLLSysClk)
                  0000b245    00000017                   : cputimer.obj (.text:CPUTimer_isBaseValid)
                  0000b25c    00000017                   : sysctl.obj (.text:SysCtl_enablePeripheral)
                  0000b273    00000017     main.obj (.text:myCAN0_1_ISR)
                  0000b28a    00000017     rts2800_fpu32_eabi.lib : boot28.asm.obj (.text)
                  0000b2a1    00000016     driverlib.lib : sysctl.obj (.text:DCC_disableDoneSignal)
                  0000b2b7    00000016                   : interrupt.obj (.text:Interrupt_defaultHandler)
                  0000b2cd    00000015                   : sysctl.obj (.text:DCC_clearDoneFlag)
                  0000b2e2    00000015                   : sysctl.obj (.text:DCC_clearErrorFlag)
                  0000b2f7    00000015                   : sysctl.obj (.text:DCC_disableErrorSignal)
                  0000b30c    00000015                   : sysctl.obj (.text:DCC_isBaseValid)
                  0000b321    00000014                   : sysctl.obj (.text:DCC_disableModule)
                  0000b335    00000014                   : sysctl.obj (.text:DCC_enableModule)
                  0000b349    00000014     board.obj (.text:FAN_ctrl_out_init)
                  0000b35d    00000014     driverlib.lib : gpio.obj (.text:GPIO_isPinValid)
                  0000b371    00000014     board.obj (.text:RDY_out_init)
                  0000b385    00000013     driverlib.lib : cputimer.obj (.text:CPUTimer_setEmulationMode)
                  0000b398    00000013     board.obj (.text:ENA_out_init)
                  0000b3ab    00000013     board.obj (.text:ENB_out_init)
                  0000b3be    00000013     board.obj (.text:GPIO_init)
                  0000b3d1    00000011     board.obj (.text:SYNC_init)
                  0000b3e2    00000010     driverlib.lib : can.obj (.text:CAN_isBaseValid)
                  0000b3f2    00000010     board.obj (.text:CSIG2_in_init)
                  0000b402    00000010     device.obj (.text:Device_initGPIO)
                  0000b412    00000010     board.obj (.text:EN_in_init)
                  0000b422    00000010     board.obj (.text:FLTN_in_XINT_init)
                  0000b432    00000010     board.obj (.text:FLTN_in_init)
                  0000b442    00000010     board.obj (.text:GSYNC_in_init)
                  0000b452    0000000f     board.obj (.text:CSIG1_in_init)
                  0000b461    0000000f     board.obj (.text:EN_in_XINT_init)
                  0000b470    0000000f     main.obj (.text:initEPWM2)
                  0000b47f    0000000e     main.obj (.text:initEPWM3)
                  0000b48d    0000000d     board.obj (.text:ASYSCTL_init)
                  0000b49a    0000000d     driverlib.lib : interrupt.obj (.text:Interrupt_disableGlobal)
                  0000b4a7    0000000d                   : interrupt.obj (.text:Interrupt_enableGlobal)
                  0000b4b4    0000000d     rts2800_fpu32_eabi.lib : copy_zero_init.c.obj (.text:decompress:ZI:__TI_zero_init_nomemset)
                  0000b4c1    0000000c                            : args_main.c.obj (.text)
                  0000b4cd    0000000b     driverlib.lib : sysctl.obj (.text:SysCtl_isMCDClockFailureDetected)
                  0000b4d8    0000000a                   : interrupt.obj (.text:Interrupt_illegalOperationHandler)
                  0000b4e2    0000000a                   : interrupt.obj (.text:Interrupt_nmiHandler)
                  0000b4ec    00000009     rts2800_fpu32_eabi.lib : _lock.c.obj (.text)
                  0000b4f5    00000008                            : copy_decompress_none.c.obj (.text:decompress:none)
                  0000b4fd    00000008     main.obj (.text:main)
                  0000b505    00000007     driverlib.lib : sysctl.obj (.text:SysCtl_resetMCD)
                  0000b50c    00000006     board.obj (.text:myINPUTXBARINPUT0_init)
                  0000b512    00000006     board.obj (.text:myINPUTXBARINPUT1_init)
                  0000b518    00000005     board.obj (.text:CPUTIMER_init)
                  0000b51d    00000005     board.obj (.text:INPUTXBAR_init)
                  0000b522    00000005     board.obj (.text:XINT_init)
                  0000b527    00000003     device.obj (.text:__error__)
                  0000b52a    00000002     rts2800_fpu32_eabi.lib : pre_init.c.obj (.text)
                  0000b52c    00000001                            : startup.c.obj (.text)

.reset     0    003fffc0    00000000     DSECT

.stack     0    00000400    00000200     UNINITIALIZED
                  00000400    00000200     --HOLE--

.bss       0    0000b540    0000001e     UNINITIALIZED
                  0000b540    0000001e     main.obj (.bss)

.init_array 
*          0    00000128    00000000     UNINITIALIZED

.data      0    0000b52e    00000010     UNINITIALIZED
                  0000b52e    00000006     rts2800_fpu32_eabi.lib : exit.c.obj (.data)
                  0000b534    00000005     main.obj (.data)
                  0000b539    00000001     --HOLE--
                  0000b53a    00000002     rts2800_fpu32_eabi.lib : _lock.c.obj (.data:_lock)
                  0000b53c    00000002                            : _lock.c.obj (.data:_unlock)

.const     0    0000c000    0000021a     
                  0000c000    0000009a     driverlib.lib : sysctl.obj (.const:.string)
                  0000c09a    00000098                   : gpio.obj (.const:.string)
                  0000c132    00000097                   : can.obj (.const:.string)
                  0000c1c9    00000001     --HOLE-- [fill = 0]
                  0000c1ca    00000050                   : cputimer.obj (.const:.string)

MODULE SUMMARY

       Module                       code   ro data   rw data
       ------                       ----   -------   -------
    .\
       board.obj                    1436   0         0      
       main.obj                     755    0         35     
       device.obj                   173    0         0      
    +--+----------------------------+------+---------+---------+
       Total:                       2364   0         35     
                                                            
    C:/ti/c2000/C2000Ware_5_05_00_00/driverlib/f28002x/driverlib/ccs/Debug/driverlib.lib
       sysctl.obj                   1219   154       0      
       can.obj                      736    151       0      
       gpio.obj                     455    152       0      
       interrupt.obj                214    0         0      
       cputimer.obj                 42     80        0      
       adc.obj                      32     0         0      
    +--+----------------------------+------+---------+---------+
       Total:                       2698   537       0      
                                                            
    C:\ti\ccs2020\ccs\tools\compiler\ti-cgt-c2000_22.6.2.LTS\lib\rts2800_fpu32_eabi.lib
       fs_div28.asm.obj             136    0         0      
       exit.c.obj                   41     0         6      
       copy_decompress_lzss.c.obj   46     0         0      
       autoinit.c.obj               43     0         0      
       memcpy.c.obj                 29     0         0      
       boot28.asm.obj               23     0         0      
       _lock.c.obj                  9      0         4      
       copy_zero_init.c.obj         13     0         0      
       args_main.c.obj              12     0         0      
       copy_decompress_none.c.obj   8      0         0      
       pre_init.c.obj               2      0         0      
       startup.c.obj                1      0         0      
    +--+----------------------------+------+---------+---------+
       Total:                       363    0         10     
                                                            
       Stack:                       0      0         512    
       Linker Generated:            0      27        0      
    +--+----------------------------+------+---------+---------+
       Grand Total:                 5425   564       557    


LINKER GENERATED COPY TABLES

__TI_cinit_table @ 00000140 records: 2, size/record: 4, table size: 8
	.data: load addr=0000012c, load size=00000009 bytes, run addr=0000b52e, run size=00000010 bytes, compression=lzss
	.bss: load addr=0000013c, load size=00000004 bytes, run addr=0000b540, run size=0000001e bytes, compression=zero_init


LINKER GENERATED HANDLER TABLE

__TI_handler_table @ 00000136 records: 3, size/record: 2, table size: 6
	index: 0, handler: __TI_zero_init
	index: 1, handler: __TI_decompress_lzss
	index: 2, handler: __TI_decompress_none


GLOBAL DATA SYMBOLS: SORTED BY DATA PAGE

address     data page           name
--------    ----------------    ----
00000400      10 (00000400)     __stack

0000b52e     2d4 (0000b500)     __TI_enable_exit_profile_output
0000b530     2d4 (0000b500)     __TI_cleanup_ptr
0000b532     2d4 (0000b500)     __TI_dtors_ptr
0000b534     2d4 (0000b500)     overTempThreshold
0000b535     2d4 (0000b500)     fanTachPresent
0000b536     2d4 (0000b500)     errorFlag
0000b537     2d4 (0000b500)     adcDataReady
0000b538     2d4 (0000b500)     transmitReady
0000b53a     2d4 (0000b500)     _lock
0000b53c     2d4 (0000b500)     _unlock

0000b540     2d5 (0000b540)     adc_raw_ntc1
0000b541     2d5 (0000b540)     adc_raw_ntc2
0000b542     2d5 (0000b540)     adc_raw_iac1
0000b543     2d5 (0000b540)     adc_raw_iac2
0000b544     2d5 (0000b540)     adc_raw_fans
0000b545     2d5 (0000b540)     adc_raw_vdc1
0000b546     2d5 (0000b540)     adc_raw_vdc2
0000b547     2d5 (0000b540)     adc_raw_vac1
0000b548     2d5 (0000b540)     adc_raw_vac2
0000b54a     2d5 (0000b540)     epwm2Info
0000b554     2d5 (0000b540)     epwm3Info


GLOBAL SYMBOLS: SORTED ALPHABETICALLY BY Name 

page  address   name                             
----  -------   ----                             
0     0000a416  ADC_init                         
0     0000b0f6  ADC_setOffsetTrimAll             
0     0000b48d  ASYSCTL_init                     
0     0000b213  Board_init                       
0     0000b03c  C$$EXIT                          
0     0000ab43  CAN_clearInterruptStatus         
0     0000acd8  CAN_init                         
0     0000b18d  CAN_initModule                   
0     0000a8dc  CAN_readMessage                  
0     0000a86a  CAN_sendMessage                  
0     0000a9a7  CAN_setBitTiming                 
0     0000a4f5  CAN_setupMessageObject           
0     0000b518  CPUTIMER_init                    
0     0000b385  CPUTimer_setEmulationMode        
0     0000b452  CSIG1_in_init                    
0     0000b3f2  CSIG2_in_init                    
0     0000a942  Device_enableAllPeripherals      
0     0000ae5c  Device_init                      
0     0000b402  Device_initGPIO                  
0     0000b398  ENA_out_init                     
0     0000b3ab  ENB_out_init                     
0     0000b461  EN_in_XINT_init                  
0     0000b412  EN_in_init                       
0     0000a000  EPWM_init                        
0     0000b349  FAN_ctrl_out_init                
0     0000b422  FLTN_in_XINT_init                
0     0000b432  FLTN_in_init                     
0     0000b3be  GPIO_init                        
0     0000ab89  GPIO_setAnalogMode               
0     0000af2f  GPIO_setDirectionMode            
0     0000ad12  GPIO_setInterruptPin             
0     0000aa0b  GPIO_setPadConfig                
0     0000ad49  GPIO_setPinConfig                
0     0000ad80  GPIO_setQualificationMode        
0     0000b442  GSYNC_in_init                    
0     0000b51d  INPUTXBAR_init                   
0     0000aaae  INTERRUPT_init                   
0     0000b2b7  Interrupt_defaultHandler         
0     0000adb7  Interrupt_enable                 
0     0000b4d8  Interrupt_illegalOperationHandler
0     0000ac9b  Interrupt_initModule             
0     0000b152  Interrupt_initVectorTable        
0     0000b4e2  Interrupt_nmiHandler             
0     0000a5d0  PinMux_init                      
0     0000b371  RDY_out_init                     
0     0000b3d1  SYNC_init                        
0     00000128  SysCtl_delay                     
0     0000a318  SysCtl_isPLLValid                
0     0000aafc  SysCtl_selectOscSource           
0     0000abcf  SysCtl_selectXTAL                
0     0000b08b  SysCtl_selectXTALSingleEnded     
0     0000a1f5  SysCtl_setClock                  
0     0000b522  XINT_init                        
0     00000140  __TI_CINIT_Base                  
0     00000148  __TI_CINIT_Limit                 
0     00000148  __TI_CINIT_Warm                  
0     00000136  __TI_Handler_Table_Base          
0     0000013c  __TI_Handler_Table_Limit         
0     00000600  __TI_STACK_END                   
abs   00000200  __TI_STACK_SIZE                  
0     0000afbd  __TI_auto_init_nobinit_nopinit   
0     0000b530  __TI_cleanup_ptr                 
0     0000af8f  __TI_decompress_lzss             
0     0000b4f5  __TI_decompress_none             
0     0000b532  __TI_dtors_ptr                   
0     0000b52e  __TI_enable_exit_profile_output  
abs   ffffffff  __TI_pprof_out_hndl              
abs   ffffffff  __TI_prof_data_size              
abs   ffffffff  __TI_prof_data_start             
0     0000b4b4  __TI_zero_init_nomemset          
0     0000a686  __c28xabi_divf                   
n/a   UNDEFED   __c_args__                       
0     0000b527  __error__                        
0     00000400  __stack                          
0     0000b4c1  _args_main                       
0     0000b28a  _c_int00                         
0     0000b53a  _lock                            
0     0000b4f4  _nop                             
0     0000b4f0  _register_lock                   
0     0000b4ec  _register_unlock                 
0     0000b52c  _system_post_cinit               
0     0000b52a  _system_pre_init                 
0     0000b53c  _unlock                          
0     0000b03c  abort                            
0     0000af60  adcA1ISR                         
0     0000b537  adcDataReady                     
0     0000b544  adc_raw_fans                     
0     0000b542  adc_raw_iac1                     
0     0000b543  adc_raw_iac2                     
0     0000b540  adc_raw_ntc1                     
0     0000b541  adc_raw_ntc2                     
0     0000b547  adc_raw_vac1                     
0     0000b548  adc_raw_vac2                     
0     0000b545  adc_raw_vdc1                     
0     0000b546  adc_raw_vdc2                     
0     0000aa5d  canSendISR                       
0     0000adee  epwm2ISR                         
0     0000b54a  epwm2Info                        
0     0000ae25  epwm3ISR                         
0     0000b554  epwm3Info                        
0     0000b536  errorFlag                        
0     0000b03e  exit                             
0     0000b535  fanTachPresent                   
0     0000a7f7  fanctrlISR                       
0     0000b012  gbl_enbl_ISR                     
0     0000b1f9  gbl_flt_ISR                      
0     0000ae91  initEPWM                         
0     0000b470  initEPWM2                        
0     0000b47f  initEPWM3                        
0     0000b4fd  main                             
0     0000b170  memcpy                           
0     0000a416  myADC0_init                      
0     0000a70e  myCAN0_0_ISR                     
0     0000b273  myCAN0_1_ISR                     
0     0000acd8  myCAN0_init                      
0     0000aec6  myCPUTIMER0_init                 
0     0000aefb  myCPUTIMER1_init                 
0     0000b50c  myINPUTXBARINPUT0_init           
0     0000b512  myINPUTXBARINPUT1_init           
0     0000b534  overTempThreshold                
0     0000ac5a  systemInit                       
0     0000b538  transmitReady                    
0     0000b065  updateCompare                    


GLOBAL SYMBOLS: SORTED BY Symbol Address 

page  address   name                             
----  -------   ----                             
0     00000128  SysCtl_delay                     
0     00000136  __TI_Handler_Table_Base          
0     0000013c  __TI_Handler_Table_Limit         
0     00000140  __TI_CINIT_Base                  
0     00000148  __TI_CINIT_Limit                 
0     00000148  __TI_CINIT_Warm                  
0     00000400  __stack                          
0     00000600  __TI_STACK_END                   
0     0000a000  EPWM_init                        
0     0000a1f5  SysCtl_setClock                  
0     0000a318  SysCtl_isPLLValid                
0     0000a416  ADC_init                         
0     0000a416  myADC0_init                      
0     0000a4f5  CAN_setupMessageObject           
0     0000a5d0  PinMux_init                      
0     0000a686  __c28xabi_divf                   
0     0000a70e  myCAN0_0_ISR                     
0     0000a7f7  fanctrlISR                       
0     0000a86a  CAN_sendMessage                  
0     0000a8dc  CAN_readMessage                  
0     0000a942  Device_enableAllPeripherals      
0     0000a9a7  CAN_setBitTiming                 
0     0000aa0b  GPIO_setPadConfig                
0     0000aa5d  canSendISR                       
0     0000aaae  INTERRUPT_init                   
0     0000aafc  SysCtl_selectOscSource           
0     0000ab43  CAN_clearInterruptStatus         
0     0000ab89  GPIO_setAnalogMode               
0     0000abcf  SysCtl_selectXTAL                
0     0000ac5a  systemInit                       
0     0000ac9b  Interrupt_initModule             
0     0000acd8  CAN_init                         
0     0000acd8  myCAN0_init                      
0     0000ad12  GPIO_setInterruptPin             
0     0000ad49  GPIO_setPinConfig                
0     0000ad80  GPIO_setQualificationMode        
0     0000adb7  Interrupt_enable                 
0     0000adee  epwm2ISR                         
0     0000ae25  epwm3ISR                         
0     0000ae5c  Device_init                      
0     0000ae91  initEPWM                         
0     0000aec6  myCPUTIMER0_init                 
0     0000aefb  myCPUTIMER1_init                 
0     0000af2f  GPIO_setDirectionMode            
0     0000af60  adcA1ISR                         
0     0000af8f  __TI_decompress_lzss             
0     0000afbd  __TI_auto_init_nobinit_nopinit   
0     0000b012  gbl_enbl_ISR                     
0     0000b03c  C$$EXIT                          
0     0000b03c  abort                            
0     0000b03e  exit                             
0     0000b065  updateCompare                    
0     0000b08b  SysCtl_selectXTALSingleEnded     
0     0000b0f6  ADC_setOffsetTrimAll             
0     0000b152  Interrupt_initVectorTable        
0     0000b170  memcpy                           
0     0000b18d  CAN_initModule                   
0     0000b1f9  gbl_flt_ISR                      
0     0000b213  Board_init                       
0     0000b273  myCAN0_1_ISR                     
0     0000b28a  _c_int00                         
0     0000b2b7  Interrupt_defaultHandler         
0     0000b349  FAN_ctrl_out_init                
0     0000b371  RDY_out_init                     
0     0000b385  CPUTimer_setEmulationMode        
0     0000b398  ENA_out_init                     
0     0000b3ab  ENB_out_init                     
0     0000b3be  GPIO_init                        
0     0000b3d1  SYNC_init                        
0     0000b3f2  CSIG2_in_init                    
0     0000b402  Device_initGPIO                  
0     0000b412  EN_in_init                       
0     0000b422  FLTN_in_XINT_init                
0     0000b432  FLTN_in_init                     
0     0000b442  GSYNC_in_init                    
0     0000b452  CSIG1_in_init                    
0     0000b461  EN_in_XINT_init                  
0     0000b470  initEPWM2                        
0     0000b47f  initEPWM3                        
0     0000b48d  ASYSCTL_init                     
0     0000b4b4  __TI_zero_init_nomemset          
0     0000b4c1  _args_main                       
0     0000b4d8  Interrupt_illegalOperationHandler
0     0000b4e2  Interrupt_nmiHandler             
0     0000b4ec  _register_unlock                 
0     0000b4f0  _register_lock                   
0     0000b4f4  _nop                             
0     0000b4f5  __TI_decompress_none             
0     0000b4fd  main                             
0     0000b50c  myINPUTXBARINPUT0_init           
0     0000b512  myINPUTXBARINPUT1_init           
0     0000b518  CPUTIMER_init                    
0     0000b51d  INPUTXBAR_init                   
0     0000b522  XINT_init                        
0     0000b527  __error__                        
0     0000b52a  _system_pre_init                 
0     0000b52c  _system_post_cinit               
0     0000b52e  __TI_enable_exit_profile_output  
0     0000b530  __TI_cleanup_ptr                 
0     0000b532  __TI_dtors_ptr                   
0     0000b534  overTempThreshold                
0     0000b535  fanTachPresent                   
0     0000b536  errorFlag                        
0     0000b537  adcDataReady                     
0     0000b538  transmitReady                    
0     0000b53a  _lock                            
0     0000b53c  _unlock                          
0     0000b540  adc_raw_ntc1                     
0     0000b541  adc_raw_ntc2                     
0     0000b542  adc_raw_iac1                     
0     0000b543  adc_raw_iac2                     
0     0000b544  adc_raw_fans                     
0     0000b545  adc_raw_vdc1                     
0     0000b546  adc_raw_vdc2                     
0     0000b547  adc_raw_vac1                     
0     0000b548  adc_raw_vac2                     
0     0000b54a  epwm2Info                        
0     0000b554  epwm3Info                        
abs   00000200  __TI_STACK_SIZE                  
abs   ffffffff  __TI_pprof_out_hndl              
abs   ffffffff  __TI_prof_data_size              
abs   ffffffff  __TI_prof_data_start             
n/a   UNDEFED   __c_args__                       

[123 symbols]
