******************************************************************************
             TMS320C2000 Linker PC v22.6.1                     
******************************************************************************
>> Linked Sun Sep  1 22:13:30 2024

OUTPUT FILE NAME:   <inverter_basic.out>
ENTRY POINT SYMBOL: "code_start"  address: 00080000


MEMORY CONFIGURATION

         name            origin    length      used     unused   attr    fill
----------------------  --------  ---------  --------  --------  ----  --------
  BOOT_RSVD             00000002   00000126  00000000  00000126  RWIX
  RAMM0                 00000128   000002d8  00000000  000002d8  RWIX
  RAMM1                 00000400   000003f8  00000200  000001f8  RWIX
  RAMLS4567             0000a000   00002000  0000001e  00001fe2  RWIX
  RAMGS0                0000c000   000007f8  00000123  000006d5  RWIX
  BEGIN                 00080000   00000002  00000002  00000000  RWIX
  FLASH_BANK0_SEC0      00080002   00000ffe  00000000  00000ffe  RWIX
  FLASH_BANK0_SEC1      00081000   00001000  00000502  00000afe  RWIX
  FLASH_BANK0_SEC2      00082000   00001000  00001000  00000000  RWIX
  FLASH_BANK0_SEC3      00083000   00001000  000003ad  00000c53  RWIX
  FLASH_BANK0_SEC4      00084000   00001000  00000000  00001000  RWIX
  FLASH_BANK0_SEC5      00085000   00001000  00000000  00001000  RWIX
  FLASH_BANK0_SEC6      00086000   00001000  00000000  00001000  RWIX
  FLASH_BANK0_SEC7      00087000   00000ff0  00000000  00000ff0  RWIX
  FLASH_BANK0_SEC7_DO_N 00087ff0   00000010  00000000  00000010  RWIX
  BOOTROM               003f0000   00008000  00000000  00008000  RWIX
  BOOTROM_EXT           003f8000   00007fc0  00000000  00007fc0  RWIX
  RESET                 003fffc0   00000002  00000000  00000002  RWIX


SECTION ALLOCATION MAP

 output                                  attributes/
section   page    origin      length       input sections
--------  ----  ----------  ----------   ----------------
codestart 
*          0    00080000    00000002     
                  00080000    00000002     f28002x_codestartbranch.obj (codestart)

.cinit     0    000814f0    0000001c     
                  000814f0    00000009     (.cinit..data.load) [load image, compression = lzss]
                  000814f9    00000001     --HOLE-- [fill = 0]
                  000814fa    00000006     (__TI_handler_table)
                  00081500    00000004     (.cinit..bss.load) [load image, compression = zero_init]
                  00081504    00000008     (__TI_cinit_table)

.reset     0    003fffc0    00000000     DSECT

.stack     0    00000400    00000200     UNINITIALIZED
                  00000400    00000200     --HOLE--

.init_array 
*          0    00081000    00000000     UNINITIALIZED

.bss       0    0000a000    00000014     UNINITIALIZED
                  0000a000    00000014     inverter_basic.obj (.bss)

.data      0    0000a014    0000000a     UNINITIALIZED
                  0000a014    00000006     rts2800_fpu32_eabi.lib : exit.c.obj (.data)
                  0000a01a    00000002                            : _lock.c.obj (.data:_lock)
                  0000a01c    00000002                            : _lock.c.obj (.data:_unlock)

.const     0    00081000    000003c3     
                  00081000    00000114     board.obj (.const:.string)
                  00081114    0000009b     driverlib.lib : flash.obj (.const:.string)
                  000811af    00000001     --HOLE-- [fill = 0]
                  000811b0    0000009a                   : sysctl.obj (.const:.string)
                  0008124a    00000098                   : gpio.obj (.const:.string)
                  000812e2    00000088     inverter_basic.obj (.const:.string)
                  0008136a    00000059     device.obj (.const:.string)

.TI.ramfunc 
*          0    000813c8    00000123     RUN ADDR = 0000c000
                  000813c8    0000003f     driverlib.lib : flash.obj (.TI.ramfunc:Flash_initModule)
                  00081407    0000002c                   : flash.obj (.TI.ramfunc:Flash_setBankPowerMode)
                  00081433    00000023                   : flash.obj (.TI.ramfunc:Flash_setWaitstates)
                  00081456    0000001d                   : flash.obj (.TI.ramfunc:Flash_setPumpPowerMode)
                  00081473    00000018                   : flash.obj (.TI.ramfunc:Flash_disableCache)
                  0008148b    00000018                   : flash.obj (.TI.ramfunc:Flash_disablePrefetch)
                  000814a3    00000017                   : flash.obj (.TI.ramfunc:Flash_enableCache)
                  000814ba    00000017                   : flash.obj (.TI.ramfunc:Flash_enablePrefetch)
                  000814d1    00000016                   : flash.obj (.TI.ramfunc:Flash_enableECC)
                  000814e7    00000004                   : sysctl.obj (.TI.ramfunc)

.TI.memcrc 
*          0    00000000    00000042     COPY SECTION
                  00000000    00000042     (.TI.memcrc:_ccs_flash_checksum)

.text.1    0    00082000    00001000     
                  00082000    000001e3     board.obj (.text:EPWM_init)
                  000821e3    00000121     driverlib.lib : sysctl.obj (.text:SysCtl_setClock)
                  00082304    000000fe                   : sysctl.obj (.text:SysCtl_isPLLValid)
                  00082402    00000088     rts2800_fpu32_eabi.lib : fs_div28.asm.obj (.text)
                  0008248a    00000082     board.obj (.text:PinMux_init)
                  0008250c    00000073     driverlib.lib : sysctl.obj (.text:DCC_setCounterSeeds)
                  0008257f    00000066     device.obj (.text:Device_enableAllPeripherals)
                  000825e5    00000065     driverlib.lib : sysctl.obj (.text:SysCtl_getClock)
                  0008264a    00000052                   : gpio.obj (.text:GPIO_setPadConfig)
                  0008269c    00000051     inverter_basic.obj (.text:main)
                  000826ed    0000004b     board.obj (.text:EPWM_setInterruptSource)
                  00082738    00000049     device.obj (.text:Device_init)
                  00082781    00000046     driverlib.lib : gpio.obj (.text:GPIO_setAnalogMode)
                  000827c7    00000045                   : sysctl.obj (.text:SysCtl_pollX1Counter)
                  0008280c    00000044     board.obj (.text:GPIO_writePin)
                  00082850    00000044     inverter_basic.obj (.text:GPIO_writePin)
                  00082894    00000042     driverlib.lib : sysctl.obj (.text:SysCtl_selectOscSource)
                  000828d6    00000040     board.obj (.text:EPWM_setActionQualifierAction)
                  00082916    0000003e     board.obj (.text:EPWM_setCounterCompareShadowLoadMode)
                  00082954    0000003d     driverlib.lib : interrupt.obj (.text:Interrupt_initModule)
                  00082991    0000003d                   : sysctl.obj (.text:SysCtl_selectXTAL)
                  000829ce    0000003a     inverter_basic.obj (.text:gbl_flt_ISR)
                  00082a08    00000037     driverlib.lib : gpio.obj (.text:GPIO_setInterruptPin)
                  00082a3f    00000037                   : gpio.obj (.text:GPIO_setPinConfig)
                  00082a76    00000037                   : gpio.obj (.text:GPIO_setQualificationMode)
                  00082aad    00000037                   : interrupt.obj (.text:Interrupt_enable)
                  00082ae4    00000032     inverter_basic.obj (.text:epwm2ISR)
                  00082b16    00000032     inverter_basic.obj (.text:epwm3ISR)
                  00082b48    00000031     driverlib.lib : gpio.obj (.text:GPIO_setDirectionMode)
                  00082b79    00000030     rts2800_fpu32_eabi.lib : copy_decompress_lzss.c.obj (.text:decompress:lzss)
                  00082ba9    0000002b                            : autoinit.c.obj (.text:__TI_auto_init_nobinit_nopinit)
                  00082bd4    0000002a     board.obj (.text:XBAR_setInputPin)
                  00082bfe    0000002a     driverlib.lib : gpio.obj (.text:XBAR_setInputPin)
                  00082c28    00000029     rts2800_fpu32_eabi.lib : exit.c.obj (.text)
                  00082c51    00000028     board.obj (.text:EPWM_setInterruptEventCount)
                  00082c79    00000027     board.obj (.text:EPWM_isBaseValid)
                  00082ca0    00000027     inverter_basic.obj (.text:EPWM_isBaseValid)
                  00082cc7    00000024     driverlib.lib : sysctl.obj (.text:DCC_enableSingleShotMode)
                  00082ceb    00000024     board.obj (.text:EPWM_disableCounterCompareShadowLoadMode)
                  00082d0f    00000024     board.obj (.text:EPWM_setupEPWMLinks)
                  00082d33    00000022     board.obj (.text:EPWM_setCounterCompareValue)
                  00082d55    00000021     board.obj (.text:EPWM_enableGlobalLoadRegisters)
                  00082d76    00000020     driverlib.lib : sysctl.obj (.text:SysCtl_selectXTALSingleEnded)
                  00082d96    0000001f     board.obj (.text:EPWM_setFallingEdgeDelayCountShadowLoadMode)
                  00082db5    0000001f     board.obj (.text:EPWM_setRisingEdgeDelayCountShadowLoadMode)
                  00082dd4    0000001e     driverlib.lib : sysctl.obj (.text:DCC_setCounter0ClkSource)
                  00082df2    0000001e                   : sysctl.obj (.text:DCC_setCounter1ClkSource)
                  00082e10    0000001e     board.obj (.text:EPWM_setPhaseShift)
                  00082e2e    0000001e     driverlib.lib : interrupt.obj (.text:Interrupt_initVectorTable)
                  00082e4c    0000001d     board.obj (.text:EPWM_setActionQualifierContSWForceShadowMode)
                  00082e69    0000001d     board.obj (.text:EPWM_setActionQualifierT2TriggerSource)
                  00082e86    0000001d     rts2800_fpu32_eabi.lib : memcpy.c.obj (.text)
                  00082ea3    0000001c     inverter_basic.obj (.text:EPWM_enableADCTrigger)
                  00082ebf    0000001c     board.obj (.text:EPWM_setClockPrescaler)
                  00082edb    0000001b     board.obj (.text:XBAR_isBaseValid)
                  00082ef6    0000001b     driverlib.lib : gpio.obj (.text:XBAR_isBaseValid)
                  00082f11    0000001a     board.obj (.text:ASysCtl_setAnalogReference1P65)
                  00082f2b    0000001a     board.obj (.text:EPWM_setActionQualifierT1TriggerSource)
                  00082f45    0000001a     driverlib.lib : sysctl.obj (.text:SysCtl_getLowSpeedClock)
                  00082f5f    00000018     board.obj (.text:ASysCtl_setAnalogReferenceInternal)
                  00082f77    00000018     board.obj (.text:EPWM_disableFallingEdgeDelayCountShadowLoadMode)
                  00082f8f    00000018     board.obj (.text:EPWM_disableRisingEdgeDelayCountShadowLoadMode)
                  00082fa7    00000018     inverter_basic.obj (.text:SysCtl_disablePeripheral)
                  00082fbf    00000017     device.obj (.text:SysCtl_enablePeripheral)
                  00082fd6    00000017     driverlib.lib : sysctl.obj (.text:SysCtl_enablePeripheral)
                  00082fed    00000013     board.obj (.text:Board_init)

.text.2    0    00083000    000003ad     
                  00083000    00000017     inverter_basic.obj (.text:SysCtl_enablePeripheral)
                  00083017    00000017     rts2800_fpu32_eabi.lib : boot28.asm.obj (.text)
                  0008302e    00000016     driverlib.lib : sysctl.obj (.text:DCC_disableDoneSignal)
                  00083044    00000016     board.obj (.text:EPWM_setSyncInPulseSource)
                  0008305a    00000016     driverlib.lib : interrupt.obj (.text:Interrupt_defaultHandler)
                  00083070    00000015                   : sysctl.obj (.text:DCC_clearDoneFlag)
                  00083085    00000015                   : sysctl.obj (.text:DCC_clearErrorFlag)
                  0008309a    00000015                   : sysctl.obj (.text:DCC_disableErrorSignal)
                  000830af    00000015                   : sysctl.obj (.text:DCC_isBaseValid)
                  000830c4    00000015     device.obj (.text:GPIO_unlockPortConfig)
                  000830d9    00000015     board.obj (.text:RDY_out_init)
                  000830ee    00000014     driverlib.lib : sysctl.obj (.text:DCC_disableModule)
                  00083102    00000014                   : sysctl.obj (.text:DCC_enableModule)
                  00083116    00000014     board.obj (.text:EPWM_setTimeBaseCounterMode)
                  0008312a    00000014     inverter_basic.obj (.text:EPWM_setTimeBaseCounterMode)
                  0008313e    00000014     board.obj (.text:EPWM_setTimeBasePeriod)
                  00083152    00000014     board.obj (.text:GPIO_isPinValid)
                  00083166    00000014     driverlib.lib : gpio.obj (.text:GPIO_isPinValid)
                  0008317a    00000014     inverter_basic.obj (.text:GPIO_isPinValid)
                  0008318e    00000014     driverlib.lib : sysctl.obj (.text:SysCtl_setPLLSysClk)
                  000831a2    00000013     inverter_basic.obj (.text:EPWM_clearEventTriggerInterruptFlag)
                  000831b5    00000013     board.obj (.text:EPWM_enableInterrupt)
                  000831c8    00000012     board.obj (.text:EPWM_setTimeBaseCounter)
                  000831da    00000012     board.obj (.text:SysCtl_setSyncOutputConfig)
                  000831ec    00000011     board.obj (.text:EPWM_disablePhaseShiftLoad)
                  000831fd    00000010     device.obj (.text:Device_initGPIO)
                  0008320d    00000010     board.obj (.text:ENA_out_init)
                  0008321d    00000010     board.obj (.text:ENB_out_init)
                  0008322d    00000010     board.obj (.text:FLTN_in_init)
                  0008323d    00000010     driverlib.lib : flash.obj (.text:Flash_isCtrlBaseValid)
                  0008324d    00000010                   : flash.obj (.text:Flash_isECCBaseValid)
                  0008325d    00000010     board.obj (.text:GPIO_setInterruptType)
                  0008326d    0000000f     board.obj (.text:Interrupt_register)
                  0008327c    0000000f     inverter_basic.obj (.text:Interrupt_register)
                  0008328b    0000000f     inverter_basic.obj (.text:initEPWM2)
                  0008329a    0000000e     inverter_basic.obj (.text:initEPWM3)
                  000832a8    0000000d     board.obj (.text:INTERRUPT_init)
                  000832b5    0000000d     driverlib.lib : interrupt.obj (.text:Interrupt_disableGlobal)
                  000832c2    0000000d                   : interrupt.obj (.text:Interrupt_enableGlobal)
                  000832cf    0000000d     device.obj (.text:SysCtl_setLowSpeedClock)
                  000832dc    0000000d     rts2800_fpu32_eabi.lib : copy_zero_init.c.obj (.text:decompress:ZI:__TI_zero_init_nomemset)
                  000832e9    0000000c     board.obj (.text:FLTN_in_XINT_init)
                  000832f5    0000000c     board.obj (.text:SysCtl_enableExtADCSOCSource)
                  00083301    0000000c     rts2800_fpu32_eabi.lib : args_main.c.obj (.text)
                  0008330d    0000000b     driverlib.lib : sysctl.obj (.text:SysCtl_isMCDClockFailureDetected)
                  00083318    0000000a                   : interrupt.obj (.text:Interrupt_illegalOperationHandler)
                  00083322    0000000a                   : interrupt.obj (.text:Interrupt_nmiHandler)
                  0008332c    0000000a     board.obj (.text:SYNC_init)
                  00083336    00000009     board.obj (.text:ASYSCTL_init)
                  0008333f    00000009     board.obj (.text:GPIO_enableInterrupt)
                  00083348    00000009     board.obj (.text:GPIO_init)
                  00083351    00000009     rts2800_fpu32_eabi.lib : _lock.c.obj (.text)
                  0008335a    00000008     device.obj (.text:SysCtl_disableWatchdog)
                  00083362    00000008     rts2800_fpu32_eabi.lib : copy_decompress_none.c.obj (.text:decompress:none)
                  0008336a    00000008     f28002x_codestartbranch.obj (.text)
                  00083372    00000007     board.obj (.text:ASysCtl_disableTemperatureSensor)
                  00083379    00000007     device.obj (.text:ASysCtl_lockVREG)
                  00083380    00000007     driverlib.lib : sysctl.obj (.text:SysCtl_resetMCD)
                  00083387    00000007     device.obj (.text:__error__)
                  0008338e    00000007     board.obj (.text:myINPUTXBARINPUT0_init)
                  00083395    00000007     board.obj (.text:myINPUTXBARINPUT1_init)
                  0008339c    00000006     inverter_basic.obj (.text:Interrupt_clearACKGroup)
                  000833a2    00000005     board.obj (.text:INPUTXBAR_init)
                  000833a7    00000003     board.obj (.text:XINT_init)
                  000833aa    00000002     rts2800_fpu32_eabi.lib : pre_init.c.obj (.text)
                  000833ac    00000001                            : startup.c.obj (.text)

MODULE SUMMARY

       Module                        code   ro data   rw data
       ------                        ----   -------   -------
    .\
       inverter_basic.obj            530    136       20     
    +--+-----------------------------+------+---------+---------+
       Total:                        530    136       20     
                                                             
    .\device\
       device.obj                    270    89        0      
       f28002x_codestartbranch.obj   10     0         0      
    +--+-----------------------------+------+---------+---------+
       Total:                        280    89        0      
                                                             
    .\syscfg\
       board.obj                     1847   276       0      
    +--+-----------------------------+------+---------+---------+
       Total:                        1847   276       0      
                                                             
    C:/ti/c2000/C2000Ware_5_01_00_00/driverlib/f28002x/driverlib/ccs/Debug/driverlib.lib
       sysctl.obj                    1324   154       0      
       flash.obj                     606    155       0      
       gpio.obj                      455    152       0      
       interrupt.obj                 214    0         0      
    +--+-----------------------------+------+---------+---------+
       Total:                        2599   461       0      
                                                             
    C:\ti\ccs1260\ccs\tools\compiler\ti-cgt-c2000_22.6.1.LTS\lib\rts2800_fpu32_eabi.lib
       fs_div28.asm.obj              136    0         0      
       copy_decompress_lzss.c.obj    48     0         0      
       exit.c.obj                    41     0         6      
       autoinit.c.obj                43     0         0      
       memcpy.c.obj                  29     0         0      
       boot28.asm.obj                23     0         0      
       _lock.c.obj                   9      0         4      
       copy_zero_init.c.obj          13     0         0      
       args_main.c.obj               12     0         0      
       copy_decompress_none.c.obj    8      0         0      
       pre_init.c.obj                2      0         0      
       startup.c.obj                 1      0         0      
    +--+-----------------------------+------+---------+---------+
       Total:                        365    0         10     
                                                             
       Stack:                        0      0         512    
       Linker Generated:             0      27        0      
    +--+-----------------------------+------+---------+---------+
       Grand Total:                  5621   989       542    


LINKER GENERATED COPY TABLES

__TI_cinit_table @ 00081504 records: 2, size/record: 4, table size: 8
	.data: load addr=000814f0, load size=00000009 bytes, run addr=0000a014, run size=0000000a bytes, compression=lzss
	.bss: load addr=00081500, load size=00000004 bytes, run addr=0000a000, run size=00000014 bytes, compression=zero_init


LINKER GENERATED HANDLER TABLE

__TI_handler_table @ 000814fa records: 3, size/record: 2, table size: 6
	index: 0, handler: __TI_zero_init
	index: 1, handler: __TI_decompress_lzss
	index: 2, handler: __TI_decompress_none


LINKER GENERATED MEMRANGE CRC TABLES

_ccs_flash_checksum @ 00000000 records: 10, size/record: 6, table size: 66, algorithm=C28_CHECKSUM_16(ID=13), CRC: 00009498
	BEGIN: page=0, load addr=00080000, size=00000002
	FLASH_BANK0_SEC0: page=0, load addr=00080002, size=00000ffe
	FLASH_BANK0_SEC1: page=0, load addr=00081000, size=00001000
	FLASH_BANK0_SEC2: page=0, load addr=00082000, size=00001000
	FLASH_BANK0_SEC3: page=0, load addr=00083000, size=00001000
	FLASH_BANK0_SEC4: page=0, load addr=00084000, size=00001000
	FLASH_BANK0_SEC5: page=0, load addr=00085000, size=00001000
	FLASH_BANK0_SEC6: page=0, load addr=00086000, size=00001000
	FLASH_BANK0_SEC7: page=0, load addr=00087000, size=00000ff0
	FLASH_BANK0_SEC7_DO_NOT_USE: page=0, load addr=00087ff0, size=00000010


GLOBAL DATA SYMBOLS: SORTED BY DATA PAGE

address     data page           name
--------    ----------------    ----
00000400      10 (00000400)     __stack

0000a000     280 (0000a000)     epwm2Info
0000a00a     280 (0000a000)     epwm3Info
0000a014     280 (0000a000)     __TI_enable_exit_profile_output
0000a016     280 (0000a000)     __TI_cleanup_ptr
0000a018     280 (0000a000)     __TI_dtors_ptr
0000a01a     280 (0000a000)     _lock
0000a01c     280 (0000a000)     _unlock


GLOBAL SYMBOLS: SORTED ALPHABETICALLY BY Name 

page  address   name                                 
----  -------   ----                                 
0     00083336  ASYSCTL_init                         
0     00082fed  Board_init                           
0     00082c28  C$$EXIT                              
0     0008257f  Device_enableAllPeripherals          
0     00082738  Device_init                          
0     000831fd  Device_initGPIO                      
0     0008320d  ENA_out_init                         
0     0008321d  ENB_out_init                         
0     00082000  EPWM_init                            
0     000832e9  FLTN_in_XINT_init                    
0     0008322d  FLTN_in_init                         
0     0000c000  Flash_initModule                     
0     00083348  GPIO_init                            
0     00082781  GPIO_setAnalogMode                   
0     00082b48  GPIO_setDirectionMode                
0     00082a08  GPIO_setInterruptPin                 
0     0008264a  GPIO_setPadConfig                    
0     00082a3f  GPIO_setPinConfig                    
0     00082a76  GPIO_setQualificationMode            
0     000833a2  INPUTXBAR_init                       
0     000832a8  INTERRUPT_init                       
0     0008305a  Interrupt_defaultHandler             
0     00082aad  Interrupt_enable                     
0     00083318  Interrupt_illegalOperationHandler    
0     00082954  Interrupt_initModule                 
0     00082e2e  Interrupt_initVectorTable            
0     00083322  Interrupt_nmiHandler                 
0     0008248a  PinMux_init                          
0     000830d9  RDY_out_init                         
0     000814eb  RamfuncsLoadEnd                      
abs   00000123  RamfuncsLoadSize                     
0     000813c8  RamfuncsLoadStart                    
0     0000c123  RamfuncsRunEnd                       
abs   00000123  RamfuncsRunSize                      
0     0000c000  RamfuncsRunStart                     
0     0008332c  SYNC_init                            
0     0000c11f  SysCtl_delay                         
0     000825e5  SysCtl_getClock                      
0     00082f45  SysCtl_getLowSpeedClock              
0     00082304  SysCtl_isPLLValid                    
0     00082894  SysCtl_selectOscSource               
0     00082991  SysCtl_selectXTAL                    
0     00082d76  SysCtl_selectXTALSingleEnded         
0     000821e3  SysCtl_setClock                      
0     000833a7  XINT_init                            
0     00081504  __TI_CINIT_Base                      
0     0008150c  __TI_CINIT_Limit                     
0     0008150c  __TI_CINIT_Warm                      
0     000814fa  __TI_Handler_Table_Base              
0     00081500  __TI_Handler_Table_Limit             
0     00000000  __TI_MEMRANGE_CRC__ccs_flash_checksum
0     00000600  __TI_STACK_END                       
abs   00000200  __TI_STACK_SIZE                      
0     00082ba9  __TI_auto_init_nobinit_nopinit       
0     0000a016  __TI_cleanup_ptr                     
0     00082b79  __TI_decompress_lzss                 
0     00083362  __TI_decompress_none                 
0     0000a018  __TI_dtors_ptr                       
0     0000a014  __TI_enable_exit_profile_output      
abs   ffffffff  __TI_pprof_out_hndl                  
abs   ffffffff  __TI_prof_data_size                  
abs   ffffffff  __TI_prof_data_start                 
0     000832dc  __TI_zero_init_nomemset              
0     00082402  __c28xabi_divf                       
n/a   UNDEFED   __c_args__                           
0     00083387  __error__                            
0     00000400  __stack                              
0     00083301  _args_main                           
0     00083017  _c_int00                             
0     00000000  _ccs_flash_checksum                  
0     0000a01a  _lock                                
0     00083359  _nop                                 
0     00083355  _register_lock                       
0     00083351  _register_unlock                     
0     000833ac  _system_post_cinit                   
0     000833aa  _system_pre_init                     
0     0000a01c  _unlock                              
0     00082c28  abort                                
0     00080000  code_start                           
0     00082ae4  epwm2ISR                             
0     0000a000  epwm2Info                            
0     00082b16  epwm3ISR                             
0     0000a00a  epwm3Info                            
0     00082c2a  exit                                 
0     000829ce  gbl_flt_ISR                          
0     0008328b  initEPWM2                            
0     0008329a  initEPWM3                            
0     0008269c  main                                 
0     00082e86  memcpy                               
0     0008338e  myINPUTXBARINPUT0_init               
0     00083395  myINPUTXBARINPUT1_init               


GLOBAL SYMBOLS: SORTED BY Symbol Address 

page  address   name                                 
----  -------   ----                                 
0     00000000  __TI_MEMRANGE_CRC__ccs_flash_checksum
0     00000000  _ccs_flash_checksum                  
0     00000400  __stack                              
0     00000600  __TI_STACK_END                       
0     0000a000  epwm2Info                            
0     0000a00a  epwm3Info                            
0     0000a014  __TI_enable_exit_profile_output      
0     0000a016  __TI_cleanup_ptr                     
0     0000a018  __TI_dtors_ptr                       
0     0000a01a  _lock                                
0     0000a01c  _unlock                              
0     0000c000  Flash_initModule                     
0     0000c000  RamfuncsRunStart                     
0     0000c11f  SysCtl_delay                         
0     0000c123  RamfuncsRunEnd                       
0     00080000  code_start                           
0     000813c8  RamfuncsLoadStart                    
0     000814eb  RamfuncsLoadEnd                      
0     000814fa  __TI_Handler_Table_Base              
0     00081500  __TI_Handler_Table_Limit             
0     00081504  __TI_CINIT_Base                      
0     0008150c  __TI_CINIT_Limit                     
0     0008150c  __TI_CINIT_Warm                      
0     00082000  EPWM_init                            
0     000821e3  SysCtl_setClock                      
0     00082304  SysCtl_isPLLValid                    
0     00082402  __c28xabi_divf                       
0     0008248a  PinMux_init                          
0     0008257f  Device_enableAllPeripherals          
0     000825e5  SysCtl_getClock                      
0     0008264a  GPIO_setPadConfig                    
0     0008269c  main                                 
0     00082738  Device_init                          
0     00082781  GPIO_setAnalogMode                   
0     00082894  SysCtl_selectOscSource               
0     00082954  Interrupt_initModule                 
0     00082991  SysCtl_selectXTAL                    
0     000829ce  gbl_flt_ISR                          
0     00082a08  GPIO_setInterruptPin                 
0     00082a3f  GPIO_setPinConfig                    
0     00082a76  GPIO_setQualificationMode            
0     00082aad  Interrupt_enable                     
0     00082ae4  epwm2ISR                             
0     00082b16  epwm3ISR                             
0     00082b48  GPIO_setDirectionMode                
0     00082b79  __TI_decompress_lzss                 
0     00082ba9  __TI_auto_init_nobinit_nopinit       
0     00082c28  C$$EXIT                              
0     00082c28  abort                                
0     00082c2a  exit                                 
0     00082d76  SysCtl_selectXTALSingleEnded         
0     00082e2e  Interrupt_initVectorTable            
0     00082e86  memcpy                               
0     00082f45  SysCtl_getLowSpeedClock              
0     00082fed  Board_init                           
0     00083017  _c_int00                             
0     0008305a  Interrupt_defaultHandler             
0     000830d9  RDY_out_init                         
0     000831fd  Device_initGPIO                      
0     0008320d  ENA_out_init                         
0     0008321d  ENB_out_init                         
0     0008322d  FLTN_in_init                         
0     0008328b  initEPWM2                            
0     0008329a  initEPWM3                            
0     000832a8  INTERRUPT_init                       
0     000832dc  __TI_zero_init_nomemset              
0     000832e9  FLTN_in_XINT_init                    
0     00083301  _args_main                           
0     00083318  Interrupt_illegalOperationHandler    
0     00083322  Interrupt_nmiHandler                 
0     0008332c  SYNC_init                            
0     00083336  ASYSCTL_init                         
0     00083348  GPIO_init                            
0     00083351  _register_unlock                     
0     00083355  _register_lock                       
0     00083359  _nop                                 
0     00083362  __TI_decompress_none                 
0     00083387  __error__                            
0     0008338e  myINPUTXBARINPUT0_init               
0     00083395  myINPUTXBARINPUT1_init               
0     000833a2  INPUTXBAR_init                       
0     000833a7  XINT_init                            
0     000833aa  _system_pre_init                     
0     000833ac  _system_post_cinit                   
abs   00000123  RamfuncsLoadSize                     
abs   00000123  RamfuncsRunSize                      
abs   00000200  __TI_STACK_SIZE                      
abs   ffffffff  __TI_pprof_out_hndl                  
abs   ffffffff  __TI_prof_data_size                  
abs   ffffffff  __TI_prof_data_start                 
n/a   UNDEFED   __c_args__                           

[91 symbols]
