******************************************************************************
             TMS320C2000 Linker PC v22.6.1                     
******************************************************************************
>> Linked Fri Oct 25 17:12:54 2024

OUTPUT FILE NAME:   <inverter_basic.out>
ENTRY POINT SYMBOL: "code_start"  address: 00000000


MEMORY CONFIGURATION

         name            origin    length      used     unused   attr    fill
----------------------  --------  ---------  --------  --------  ----  --------
  BEGIN                 00000000   00000002  00000002  00000000  RWIX
  BOOT_RSVD             00000002   00000126  00000000  00000126  RWIX
  RAMM0                 00000128   000002d8  0000001e  000002ba  RWIX
  RAMM1                 00000400   000003f8  00000200  000001f8  RWIX
  RAMLS4567             0000a000   00002000  0000139b  00000c65  RWIX
  RAMGS0                0000c000   000007f8  00000327  000004d1  RWIX
  BOOTROM               003f0000   00008000  00000000  00008000  RWIX
  BOOTROM_EXT           003f8000   00007fc0  00000000  00007fc0  RWIX
  RESET                 003fffc0   00000002  00000000  00000002  RWIX


SECTION ALLOCATION MAP

 output                                  attributes/
section   page    origin      length       input sections
--------  ----  ----------  ----------   ----------------
.TI.ramfunc 
*          0    00000128    00000004     
                  00000128    00000004     driverlib.lib : sysctl.obj (.TI.ramfunc)

.cinit     0    0000012c    0000001a     
                  0000012c    00000008     (.cinit..data.load) [load image, compression = lzss]
                  00000134    00000006     (__TI_handler_table)
                  0000013a    00000004     (.cinit..bss.load) [load image, compression = zero_init]
                  0000013e    00000008     (__TI_cinit_table)

.text      0    0000a000    0000137d     
                  0000a000    000001e3     board.obj (.text:EPWM_init)
                  0000a1e3    00000121     driverlib.lib : sysctl.obj (.text:SysCtl_setClock)
                  0000a304    000000fe                   : sysctl.obj (.text:SysCtl_isPLLValid)
                  0000a402    00000088     rts2800_fpu32_eabi.lib : fs_div28.asm.obj (.text)
                  0000a48a    00000082     board.obj (.text:PinMux_init)
                  0000a50c    00000073     driverlib.lib : sysctl.obj (.text:DCC_setCounterSeeds)
                  0000a57f    00000066     device.obj (.text:Device_enableAllPeripherals)
                  0000a5e5    00000065     driverlib.lib : sysctl.obj (.text:SysCtl_getClock)
                  0000a64a    00000052                   : gpio.obj (.text:GPIO_setPadConfig)
                  0000a69c    0000004c     inverter_basic.obj (.text:main)
                  0000a6e8    0000004b     board.obj (.text:EPWM_setInterruptSource)
                  0000a733    00000046     driverlib.lib : gpio.obj (.text:GPIO_setAnalogMode)
                  0000a779    00000045                   : sysctl.obj (.text:SysCtl_pollX1Counter)
                  0000a7be    00000044     board.obj (.text:GPIO_writePin)
                  0000a802    00000044     inverter_basic.obj (.text:GPIO_writePin)
                  0000a846    00000042     driverlib.lib : sysctl.obj (.text:SysCtl_selectOscSource)
                  0000a888    00000040     board.obj (.text:EPWM_setActionQualifierAction)
                  0000a8c8    0000003e     board.obj (.text:EPWM_setCounterCompareShadowLoadMode)
                  0000a906    0000003d     driverlib.lib : interrupt.obj (.text:Interrupt_initModule)
                  0000a943    0000003d                   : sysctl.obj (.text:SysCtl_selectXTAL)
                  0000a980    00000037                   : gpio.obj (.text:GPIO_setInterruptPin)
                  0000a9b7    00000037                   : gpio.obj (.text:GPIO_setPinConfig)
                  0000a9ee    00000037                   : gpio.obj (.text:GPIO_setQualificationMode)
                  0000aa25    00000037                   : interrupt.obj (.text:Interrupt_enable)
                  0000aa5c    00000036     device.obj (.text:Device_init)
                  0000aa92    00000032     inverter_basic.obj (.text:epwm2ISR)
                  0000aac4    00000032     inverter_basic.obj (.text:epwm3ISR)
                  0000aaf6    00000031     driverlib.lib : gpio.obj (.text:GPIO_setDirectionMode)
                  0000ab27    00000030     rts2800_fpu32_eabi.lib : copy_decompress_lzss.c.obj (.text:decompress:lzss)
                  0000ab57    0000002e     inverter_basic.obj (.text:gbl_flt_ISR)
                  0000ab85    0000002b     rts2800_fpu32_eabi.lib : autoinit.c.obj (.text:__TI_auto_init_nobinit_nopinit)
                  0000abb0    0000002a     board.obj (.text:XBAR_setInputPin)
                  0000abda    0000002a     driverlib.lib : gpio.obj (.text:XBAR_setInputPin)
                  0000ac04    00000029     rts2800_fpu32_eabi.lib : exit.c.obj (.text)
                  0000ac2d    00000028     board.obj (.text:EPWM_setInterruptEventCount)
                  0000ac55    00000027     board.obj (.text:EPWM_isBaseValid)
                  0000ac7c    00000027     inverter_basic.obj (.text:EPWM_isBaseValid)
                  0000aca3    00000024     driverlib.lib : sysctl.obj (.text:DCC_enableSingleShotMode)
                  0000acc7    00000024     board.obj (.text:EPWM_disableCounterCompareShadowLoadMode)
                  0000aceb    00000024     board.obj (.text:EPWM_setupEPWMLinks)
                  0000ad0f    00000022     board.obj (.text:EPWM_setCounterCompareValue)
                  0000ad31    00000021     board.obj (.text:EPWM_enableGlobalLoadRegisters)
                  0000ad52    00000020     driverlib.lib : sysctl.obj (.text:SysCtl_selectXTALSingleEnded)
                  0000ad72    0000001f     board.obj (.text:EPWM_setFallingEdgeDelayCountShadowLoadMode)
                  0000ad91    0000001f     board.obj (.text:EPWM_setRisingEdgeDelayCountShadowLoadMode)
                  0000adb0    0000001e     driverlib.lib : sysctl.obj (.text:DCC_setCounter0ClkSource)
                  0000adce    0000001e                   : sysctl.obj (.text:DCC_setCounter1ClkSource)
                  0000adec    0000001e     board.obj (.text:EPWM_setPhaseShift)
                  0000ae0a    0000001e     driverlib.lib : interrupt.obj (.text:Interrupt_initVectorTable)
                  0000ae28    0000001d     board.obj (.text:EPWM_setActionQualifierContSWForceShadowMode)
                  0000ae45    0000001d     board.obj (.text:EPWM_setActionQualifierT2TriggerSource)
                  0000ae62    0000001d     rts2800_fpu32_eabi.lib : memcpy.c.obj (.text)
                  0000ae7f    0000001c     inverter_basic.obj (.text:EPWM_enableADCTrigger)
                  0000ae9b    0000001c     board.obj (.text:EPWM_setClockPrescaler)
                  0000aeb7    0000001b     board.obj (.text:XBAR_isBaseValid)
                  0000aed2    0000001b     driverlib.lib : gpio.obj (.text:XBAR_isBaseValid)
                  0000aeed    0000001a     board.obj (.text:ASysCtl_setAnalogReference1P65)
                  0000af07    0000001a     board.obj (.text:EPWM_setActionQualifierT1TriggerSource)
                  0000af21    0000001a     driverlib.lib : sysctl.obj (.text:SysCtl_getLowSpeedClock)
                  0000af3b    00000018     board.obj (.text:ASysCtl_setAnalogReferenceInternal)
                  0000af53    00000018     board.obj (.text:EPWM_disableFallingEdgeDelayCountShadowLoadMode)
                  0000af6b    00000018     board.obj (.text:EPWM_disableRisingEdgeDelayCountShadowLoadMode)
                  0000af83    00000018     inverter_basic.obj (.text:SysCtl_disablePeripheral)
                  0000af9b    00000017     device.obj (.text:SysCtl_enablePeripheral)
                  0000afb2    00000017     driverlib.lib : sysctl.obj (.text:SysCtl_enablePeripheral)
                  0000afc9    00000017     inverter_basic.obj (.text:SysCtl_enablePeripheral)
                  0000afe0    00000017     rts2800_fpu32_eabi.lib : boot28.asm.obj (.text)
                  0000aff7    00000016     driverlib.lib : sysctl.obj (.text:DCC_disableDoneSignal)
                  0000b00d    00000016     board.obj (.text:EPWM_setSyncInPulseSource)
                  0000b023    00000016     driverlib.lib : interrupt.obj (.text:Interrupt_defaultHandler)
                  0000b039    00000015                   : sysctl.obj (.text:DCC_clearDoneFlag)
                  0000b04e    00000015                   : sysctl.obj (.text:DCC_clearErrorFlag)
                  0000b063    00000015                   : sysctl.obj (.text:DCC_disableErrorSignal)
                  0000b078    00000015                   : sysctl.obj (.text:DCC_isBaseValid)
                  0000b08d    00000015     device.obj (.text:GPIO_unlockPortConfig)
                  0000b0a2    00000015     board.obj (.text:RDY_out_init)
                  0000b0b7    00000014     driverlib.lib : sysctl.obj (.text:DCC_disableModule)
                  0000b0cb    00000014                   : sysctl.obj (.text:DCC_enableModule)
                  0000b0df    00000014     board.obj (.text:EPWM_setTimeBaseCounterMode)
                  0000b0f3    00000014     inverter_basic.obj (.text:EPWM_setTimeBaseCounterMode)
                  0000b107    00000014     board.obj (.text:EPWM_setTimeBasePeriod)
                  0000b11b    00000014     board.obj (.text:GPIO_isPinValid)
                  0000b12f    00000014     driverlib.lib : gpio.obj (.text:GPIO_isPinValid)
                  0000b143    00000014     inverter_basic.obj (.text:GPIO_isPinValid)
                  0000b157    00000014     device.obj (.text:SysCtl_deviceCal)
                  0000b16b    00000014     driverlib.lib : sysctl.obj (.text:SysCtl_setPLLSysClk)
                  0000b17f    00000013     board.obj (.text:Board_init)
                  0000b192    00000013     inverter_basic.obj (.text:EPWM_clearEventTriggerInterruptFlag)
                  0000b1a5    00000013     board.obj (.text:EPWM_enableInterrupt)
                  0000b1b8    00000012     board.obj (.text:EPWM_setTimeBaseCounter)
                  0000b1ca    00000012     board.obj (.text:SysCtl_setSyncOutputConfig)
                  0000b1dc    00000011     board.obj (.text:EPWM_disablePhaseShiftLoad)
                  0000b1ed    00000010     device.obj (.text:Device_initGPIO)
                  0000b1fd    00000010     board.obj (.text:ENA_out_init)
                  0000b20d    00000010     board.obj (.text:ENB_out_init)
                  0000b21d    00000010     board.obj (.text:FLTN_in_init)
                  0000b22d    00000010     board.obj (.text:GPIO_setInterruptType)
                  0000b23d    0000000f     board.obj (.text:Interrupt_register)
                  0000b24c    0000000f     inverter_basic.obj (.text:Interrupt_register)
                  0000b25b    0000000f     inverter_basic.obj (.text:initEPWM2)
                  0000b26a    0000000e     inverter_basic.obj (.text:initEPWM3)
                  0000b278    0000000d     board.obj (.text:INTERRUPT_init)
                  0000b285    0000000d     driverlib.lib : interrupt.obj (.text:Interrupt_disableGlobal)
                  0000b292    0000000d                   : interrupt.obj (.text:Interrupt_enableGlobal)
                  0000b29f    0000000d     device.obj (.text:SysCtl_setLowSpeedClock)
                  0000b2ac    0000000d     rts2800_fpu32_eabi.lib : copy_zero_init.c.obj (.text:decompress:ZI:__TI_zero_init_nomemset)
                  0000b2b9    0000000c     board.obj (.text:FLTN_in_XINT_init)
                  0000b2c5    0000000c     board.obj (.text:SysCtl_enableExtADCSOCSource)
                  0000b2d1    0000000c     rts2800_fpu32_eabi.lib : args_main.c.obj (.text)
                  0000b2dd    0000000b     driverlib.lib : sysctl.obj (.text:SysCtl_isMCDClockFailureDetected)
                  0000b2e8    0000000a                   : interrupt.obj (.text:Interrupt_illegalOperationHandler)
                  0000b2f2    0000000a                   : interrupt.obj (.text:Interrupt_nmiHandler)
                  0000b2fc    0000000a     board.obj (.text:SYNC_init)
                  0000b306    00000009     board.obj (.text:ASYSCTL_init)
                  0000b30f    00000009     board.obj (.text:GPIO_enableInterrupt)
                  0000b318    00000009     board.obj (.text:GPIO_init)
                  0000b321    00000009     rts2800_fpu32_eabi.lib : _lock.c.obj (.text)
                  0000b32a    00000008     device.obj (.text:SysCtl_disableWatchdog)
                  0000b332    00000008     rts2800_fpu32_eabi.lib : copy_decompress_none.c.obj (.text:decompress:none)
                  0000b33a    00000008     f28002x_codestartbranch.obj (.text)
                  0000b342    00000007     board.obj (.text:ASysCtl_disableTemperatureSensor)
                  0000b349    00000007     device.obj (.text:ASysCtl_lockVREG)
                  0000b350    00000007     driverlib.lib : sysctl.obj (.text:SysCtl_resetMCD)
                  0000b357    00000007     device.obj (.text:__error__)
                  0000b35e    00000007     board.obj (.text:myINPUTXBARINPUT0_init)
                  0000b365    00000007     board.obj (.text:myINPUTXBARINPUT1_init)
                  0000b36c    00000006     inverter_basic.obj (.text:Interrupt_clearACKGroup)
                  0000b372    00000005     board.obj (.text:INPUTXBAR_init)
                  0000b377    00000003     board.obj (.text:XINT_init)
                  0000b37a    00000002     rts2800_fpu32_eabi.lib : pre_init.c.obj (.text)
                  0000b37c    00000001                            : startup.c.obj (.text)

.reset     0    003fffc0    00000000     DSECT

codestart 
*          0    00000000    00000002     
                  00000000    00000002     f28002x_codestartbranch.obj (codestart)

.stack     0    00000400    00000200     UNINITIALIZED
                  00000400    00000200     --HOLE--

.bss       0    0000b380    00000014     UNINITIALIZED
                  0000b380    00000014     inverter_basic.obj (.bss)

.init_array 
*          0    00000128    00000000     UNINITIALIZED

.data      0    0000b394    0000000a     UNINITIALIZED
                  0000b394    00000006     rts2800_fpu32_eabi.lib : exit.c.obj (.data)
                  0000b39a    00000002                            : _lock.c.obj (.data:_lock)
                  0000b39c    00000002                            : _lock.c.obj (.data:_unlock)

.const     0    0000c000    00000327     
                  0000c000    00000114     board.obj (.const:.string)
                  0000c114    0000009a     driverlib.lib : sysctl.obj (.const:.string)
                  0000c1ae    00000098                   : gpio.obj (.const:.string)
                  0000c246    00000088     inverter_basic.obj (.const:.string)
                  0000c2ce    00000059     device.obj (.const:.string)

MODULE SUMMARY

       Module                        code   ro data   rw data
       ------                        ----   -------   -------
    .\
       inverter_basic.obj            513    136       20     
    +--+-----------------------------+------+---------+---------+
       Total:                        513    136       20     
                                                             
    .\device\
       device.obj                    271    89        0      
       f28002x_codestartbranch.obj   10     0         0      
    +--+-----------------------------+------+---------+---------+
       Total:                        281    89        0      
                                                             
    .\syscfg\
       board.obj                     1847   276       0      
    +--+-----------------------------+------+---------+---------+
       Total:                        1847   276       0      
                                                             
    C:/ti/c2000/C2000Ware_5_01_00_00/driverlib/f28002x/driverlib/ccs/Debug/driverlib.lib
       sysctl.obj                    1320   154       0      
       gpio.obj                      455    152       0      
       interrupt.obj                 214    0         0      
    +--+-----------------------------+------+---------+---------+
       Total:                        1989   306       0      
                                                             
    C:\ti\ccs1260\ccs\tools\compiler\ti-cgt-c2000_22.6.1.LTS\lib\rts2800_fpu32_eabi.lib
       fs_div28.asm.obj              136    0         0      
       copy_decompress_lzss.c.obj    48     0         0      
       exit.c.obj                    41     0         6      
       autoinit.c.obj                43     0         0      
       memcpy.c.obj                  29     0         0      
       boot28.asm.obj                23     0         0      
       _lock.c.obj                   9      0         4      
       copy_zero_init.c.obj          13     0         0      
       args_main.c.obj               12     0         0      
       copy_decompress_none.c.obj    8      0         0      
       pre_init.c.obj                2      0         0      
       startup.c.obj                 1      0         0      
    +--+-----------------------------+------+---------+---------+
       Total:                        365    0         10     
                                                             
       Stack:                        0      0         512    
       Linker Generated:             0      26        0      
    +--+-----------------------------+------+---------+---------+
       Grand Total:                  4995   833       542    


LINKER GENERATED COPY TABLES

__TI_cinit_table @ 0000013e records: 2, size/record: 4, table size: 8
	.data: load addr=0000012c, load size=00000008 bytes, run addr=0000b394, run size=0000000a bytes, compression=lzss
	.bss: load addr=0000013a, load size=00000004 bytes, run addr=0000b380, run size=00000014 bytes, compression=zero_init


LINKER GENERATED HANDLER TABLE

__TI_handler_table @ 00000134 records: 3, size/record: 2, table size: 6
	index: 0, handler: __TI_zero_init
	index: 1, handler: __TI_decompress_lzss
	index: 2, handler: __TI_decompress_none


GLOBAL DATA SYMBOLS: SORTED BY DATA PAGE

address     data page           name
--------    ----------------    ----
00000400      10 (00000400)     __stack

0000b380     2ce (0000b380)     epwm2Info
0000b38a     2ce (0000b380)     epwm3Info
0000b394     2ce (0000b380)     __TI_enable_exit_profile_output
0000b396     2ce (0000b380)     __TI_cleanup_ptr
0000b398     2ce (0000b380)     __TI_dtors_ptr
0000b39a     2ce (0000b380)     _lock
0000b39c     2ce (0000b380)     _unlock


GLOBAL SYMBOLS: SORTED ALPHABETICALLY BY Name 

page  address   name                             
----  -------   ----                             
0     0000b306  ASYSCTL_init                     
0     0000b17f  Board_init                       
0     0000ac04  C$$EXIT                          
0     0000a57f  Device_enableAllPeripherals      
0     0000aa5c  Device_init                      
0     0000b1ed  Device_initGPIO                  
0     0000b1fd  ENA_out_init                     
0     0000b20d  ENB_out_init                     
0     0000a000  EPWM_init                        
0     0000b2b9  FLTN_in_XINT_init                
0     0000b21d  FLTN_in_init                     
0     0000b318  GPIO_init                        
0     0000a733  GPIO_setAnalogMode               
0     0000aaf6  GPIO_setDirectionMode            
0     0000a980  GPIO_setInterruptPin             
0     0000a64a  GPIO_setPadConfig                
0     0000a9b7  GPIO_setPinConfig                
0     0000a9ee  GPIO_setQualificationMode        
0     0000b372  INPUTXBAR_init                   
0     0000b278  INTERRUPT_init                   
0     0000b023  Interrupt_defaultHandler         
0     0000aa25  Interrupt_enable                 
0     0000b2e8  Interrupt_illegalOperationHandler
0     0000a906  Interrupt_initModule             
0     0000ae0a  Interrupt_initVectorTable        
0     0000b2f2  Interrupt_nmiHandler             
0     0000a48a  PinMux_init                      
0     0000b0a2  RDY_out_init                     
0     0000b2fc  SYNC_init                        
0     00000128  SysCtl_delay                     
0     0000a5e5  SysCtl_getClock                  
0     0000af21  SysCtl_getLowSpeedClock          
0     0000a304  SysCtl_isPLLValid                
0     0000a846  SysCtl_selectOscSource           
0     0000a943  SysCtl_selectXTAL                
0     0000ad52  SysCtl_selectXTALSingleEnded     
0     0000a1e3  SysCtl_setClock                  
0     0000b377  XINT_init                        
0     0000013e  __TI_CINIT_Base                  
0     00000146  __TI_CINIT_Limit                 
0     00000146  __TI_CINIT_Warm                  
0     00000134  __TI_Handler_Table_Base          
0     0000013a  __TI_Handler_Table_Limit         
0     00000600  __TI_STACK_END                   
abs   00000200  __TI_STACK_SIZE                  
0     0000ab85  __TI_auto_init_nobinit_nopinit   
0     0000b396  __TI_cleanup_ptr                 
0     0000ab27  __TI_decompress_lzss             
0     0000b332  __TI_decompress_none             
0     0000b398  __TI_dtors_ptr                   
0     0000b394  __TI_enable_exit_profile_output  
abs   ffffffff  __TI_pprof_out_hndl              
abs   ffffffff  __TI_prof_data_size              
abs   ffffffff  __TI_prof_data_start             
0     0000b2ac  __TI_zero_init_nomemset          
0     0000a402  __c28xabi_divf                   
n/a   UNDEFED   __c_args__                       
0     0000b357  __error__                        
0     00000400  __stack                          
0     0000b2d1  _args_main                       
0     0000afe0  _c_int00                         
0     0000b39a  _lock                            
0     0000b329  _nop                             
0     0000b325  _register_lock                   
0     0000b321  _register_unlock                 
0     0000b37c  _system_post_cinit               
0     0000b37a  _system_pre_init                 
0     0000b39c  _unlock                          
0     0000ac04  abort                            
0     00000000  code_start                       
0     0000aa92  epwm2ISR                         
0     0000b380  epwm2Info                        
0     0000aac4  epwm3ISR                         
0     0000b38a  epwm3Info                        
0     0000ac06  exit                             
0     0000ab57  gbl_flt_ISR                      
0     0000b25b  initEPWM2                        
0     0000b26a  initEPWM3                        
0     0000a69c  main                             
0     0000ae62  memcpy                           
0     0000b35e  myINPUTXBARINPUT0_init           
0     0000b365  myINPUTXBARINPUT1_init           


GLOBAL SYMBOLS: SORTED BY Symbol Address 

page  address   name                             
----  -------   ----                             
0     00000000  code_start                       
0     00000128  SysCtl_delay                     
0     00000134  __TI_Handler_Table_Base          
0     0000013a  __TI_Handler_Table_Limit         
0     0000013e  __TI_CINIT_Base                  
0     00000146  __TI_CINIT_Limit                 
0     00000146  __TI_CINIT_Warm                  
0     00000400  __stack                          
0     00000600  __TI_STACK_END                   
0     0000a000  EPWM_init                        
0     0000a1e3  SysCtl_setClock                  
0     0000a304  SysCtl_isPLLValid                
0     0000a402  __c28xabi_divf                   
0     0000a48a  PinMux_init                      
0     0000a57f  Device_enableAllPeripherals      
0     0000a5e5  SysCtl_getClock                  
0     0000a64a  GPIO_setPadConfig                
0     0000a69c  main                             
0     0000a733  GPIO_setAnalogMode               
0     0000a846  SysCtl_selectOscSource           
0     0000a906  Interrupt_initModule             
0     0000a943  SysCtl_selectXTAL                
0     0000a980  GPIO_setInterruptPin             
0     0000a9b7  GPIO_setPinConfig                
0     0000a9ee  GPIO_setQualificationMode        
0     0000aa25  Interrupt_enable                 
0     0000aa5c  Device_init                      
0     0000aa92  epwm2ISR                         
0     0000aac4  epwm3ISR                         
0     0000aaf6  GPIO_setDirectionMode            
0     0000ab27  __TI_decompress_lzss             
0     0000ab57  gbl_flt_ISR                      
0     0000ab85  __TI_auto_init_nobinit_nopinit   
0     0000ac04  C$$EXIT                          
0     0000ac04  abort                            
0     0000ac06  exit                             
0     0000ad52  SysCtl_selectXTALSingleEnded     
0     0000ae0a  Interrupt_initVectorTable        
0     0000ae62  memcpy                           
0     0000af21  SysCtl_getLowSpeedClock          
0     0000afe0  _c_int00                         
0     0000b023  Interrupt_defaultHandler         
0     0000b0a2  RDY_out_init                     
0     0000b17f  Board_init                       
0     0000b1ed  Device_initGPIO                  
0     0000b1fd  ENA_out_init                     
0     0000b20d  ENB_out_init                     
0     0000b21d  FLTN_in_init                     
0     0000b25b  initEPWM2                        
0     0000b26a  initEPWM3                        
0     0000b278  INTERRUPT_init                   
0     0000b2ac  __TI_zero_init_nomemset          
0     0000b2b9  FLTN_in_XINT_init                
0     0000b2d1  _args_main                       
0     0000b2e8  Interrupt_illegalOperationHandler
0     0000b2f2  Interrupt_nmiHandler             
0     0000b2fc  SYNC_init                        
0     0000b306  ASYSCTL_init                     
0     0000b318  GPIO_init                        
0     0000b321  _register_unlock                 
0     0000b325  _register_lock                   
0     0000b329  _nop                             
0     0000b332  __TI_decompress_none             
0     0000b357  __error__                        
0     0000b35e  myINPUTXBARINPUT0_init           
0     0000b365  myINPUTXBARINPUT1_init           
0     0000b372  INPUTXBAR_init                   
0     0000b377  XINT_init                        
0     0000b37a  _system_pre_init                 
0     0000b37c  _system_post_cinit               
0     0000b380  epwm2Info                        
0     0000b38a  epwm3Info                        
0     0000b394  __TI_enable_exit_profile_output  
0     0000b396  __TI_cleanup_ptr                 
0     0000b398  __TI_dtors_ptr                   
0     0000b39a  _lock                            
0     0000b39c  _unlock                          
abs   00000200  __TI_STACK_SIZE                  
abs   ffffffff  __TI_pprof_out_hndl              
abs   ffffffff  __TI_prof_data_size              
abs   ffffffff  __TI_prof_data_start             
n/a   UNDEFED   __c_args__                       

[82 symbols]
