******************************************************************************
             TMS320C2000 Linker PC v22.6.1                     
******************************************************************************
>> Linked Sun Sep  1 21:58:40 2024

OUTPUT FILE NAME:   <inverter_basic.out>
ENTRY POINT SYMBOL: "code_start"  address: 00000000


MEMORY CONFIGURATION

         name            origin    length      used     unused   attr    fill
----------------------  --------  ---------  --------  --------  ----  --------
  BEGIN                 00000000   00000002  00000002  00000000  RWIX
  BOOT_RSVD             00000002   00000126  00000000  00000126  RWIX
  RAMM0                 00000128   000002d8  0000001e  000002ba  RWIX
  RAMM1                 00000400   000003f8  00000200  000001f8  RWIX
  RAMLS4567             0000a000   00002000  000013ac  00000c54  RWIX
  RAMGS0                0000c000   000007f8  00000327  000004d1  RWIX
  BOOTROM               003f0000   00008000  00000000  00008000  RWIX
  BOOTROM_EXT           003f8000   00007fc0  00000000  00007fc0  RWIX
  RESET                 003fffc0   00000002  00000000  00000002  RWIX


SECTION ALLOCATION MAP

 output                                  attributes/
section   page    origin      length       input sections
--------  ----  ----------  ----------   ----------------
.TI.ramfunc 
*          0    00000128    00000004     
                  00000128    00000004     driverlib.lib : sysctl.obj (.TI.ramfunc)

.cinit     0    0000012c    0000001a     
                  0000012c    00000008     (.cinit..data.load) [load image, compression = lzss]
                  00000134    00000006     (__TI_handler_table)
                  0000013a    00000004     (.cinit..bss.load) [load image, compression = zero_init]
                  0000013e    00000008     (__TI_cinit_table)

.text      0    0000a000    0000138e     
                  0000a000    000001e3     board.obj (.text:EPWM_init)
                  0000a1e3    00000121     driverlib.lib : sysctl.obj (.text:SysCtl_setClock)
                  0000a304    000000fe                   : sysctl.obj (.text:SysCtl_isPLLValid)
                  0000a402    00000088     rts2800_fpu32_eabi.lib : fs_div28.asm.obj (.text)
                  0000a48a    00000082     board.obj (.text:PinMux_init)
                  0000a50c    00000073     driverlib.lib : sysctl.obj (.text:DCC_setCounterSeeds)
                  0000a57f    00000066     device.obj (.text:Device_enableAllPeripherals)
                  0000a5e5    00000065     driverlib.lib : sysctl.obj (.text:SysCtl_getClock)
                  0000a64a    00000052                   : gpio.obj (.text:GPIO_setPadConfig)
                  0000a69c    00000051     inverter_basic.obj (.text:main)
                  0000a6ed    0000004b     board.obj (.text:EPWM_setInterruptSource)
                  0000a738    00000046     driverlib.lib : gpio.obj (.text:GPIO_setAnalogMode)
                  0000a77e    00000045                   : sysctl.obj (.text:SysCtl_pollX1Counter)
                  0000a7c3    00000044     board.obj (.text:GPIO_writePin)
                  0000a807    00000044     inverter_basic.obj (.text:GPIO_writePin)
                  0000a84b    00000042     driverlib.lib : sysctl.obj (.text:SysCtl_selectOscSource)
                  0000a88d    00000040     board.obj (.text:EPWM_setActionQualifierAction)
                  0000a8cd    0000003e     board.obj (.text:EPWM_setCounterCompareShadowLoadMode)
                  0000a90b    0000003d     driverlib.lib : interrupt.obj (.text:Interrupt_initModule)
                  0000a948    0000003d                   : sysctl.obj (.text:SysCtl_selectXTAL)
                  0000a985    0000003a     inverter_basic.obj (.text:gbl_flt_ISR)
                  0000a9bf    00000037     driverlib.lib : gpio.obj (.text:GPIO_setInterruptPin)
                  0000a9f6    00000037                   : gpio.obj (.text:GPIO_setPinConfig)
                  0000aa2d    00000037                   : gpio.obj (.text:GPIO_setQualificationMode)
                  0000aa64    00000037                   : interrupt.obj (.text:Interrupt_enable)
                  0000aa9b    00000036     device.obj (.text:Device_init)
                  0000aad1    00000032     inverter_basic.obj (.text:epwm2ISR)
                  0000ab03    00000032     inverter_basic.obj (.text:epwm3ISR)
                  0000ab35    00000031     driverlib.lib : gpio.obj (.text:GPIO_setDirectionMode)
                  0000ab66    00000030     rts2800_fpu32_eabi.lib : copy_decompress_lzss.c.obj (.text:decompress:lzss)
                  0000ab96    0000002b                            : autoinit.c.obj (.text:__TI_auto_init_nobinit_nopinit)
                  0000abc1    0000002a     board.obj (.text:XBAR_setInputPin)
                  0000abeb    0000002a     driverlib.lib : gpio.obj (.text:XBAR_setInputPin)
                  0000ac15    00000029     rts2800_fpu32_eabi.lib : exit.c.obj (.text)
                  0000ac3e    00000028     board.obj (.text:EPWM_setInterruptEventCount)
                  0000ac66    00000027     board.obj (.text:EPWM_isBaseValid)
                  0000ac8d    00000027     inverter_basic.obj (.text:EPWM_isBaseValid)
                  0000acb4    00000024     driverlib.lib : sysctl.obj (.text:DCC_enableSingleShotMode)
                  0000acd8    00000024     board.obj (.text:EPWM_disableCounterCompareShadowLoadMode)
                  0000acfc    00000024     board.obj (.text:EPWM_setupEPWMLinks)
                  0000ad20    00000022     board.obj (.text:EPWM_setCounterCompareValue)
                  0000ad42    00000021     board.obj (.text:EPWM_enableGlobalLoadRegisters)
                  0000ad63    00000020     driverlib.lib : sysctl.obj (.text:SysCtl_selectXTALSingleEnded)
                  0000ad83    0000001f     board.obj (.text:EPWM_setFallingEdgeDelayCountShadowLoadMode)
                  0000ada2    0000001f     board.obj (.text:EPWM_setRisingEdgeDelayCountShadowLoadMode)
                  0000adc1    0000001e     driverlib.lib : sysctl.obj (.text:DCC_setCounter0ClkSource)
                  0000addf    0000001e                   : sysctl.obj (.text:DCC_setCounter1ClkSource)
                  0000adfd    0000001e     board.obj (.text:EPWM_setPhaseShift)
                  0000ae1b    0000001e     driverlib.lib : interrupt.obj (.text:Interrupt_initVectorTable)
                  0000ae39    0000001d     board.obj (.text:EPWM_setActionQualifierContSWForceShadowMode)
                  0000ae56    0000001d     board.obj (.text:EPWM_setActionQualifierT2TriggerSource)
                  0000ae73    0000001d     rts2800_fpu32_eabi.lib : memcpy.c.obj (.text)
                  0000ae90    0000001c     inverter_basic.obj (.text:EPWM_enableADCTrigger)
                  0000aeac    0000001c     board.obj (.text:EPWM_setClockPrescaler)
                  0000aec8    0000001b     board.obj (.text:XBAR_isBaseValid)
                  0000aee3    0000001b     driverlib.lib : gpio.obj (.text:XBAR_isBaseValid)
                  0000aefe    0000001a     board.obj (.text:ASysCtl_setAnalogReference1P65)
                  0000af18    0000001a     board.obj (.text:EPWM_setActionQualifierT1TriggerSource)
                  0000af32    0000001a     driverlib.lib : sysctl.obj (.text:SysCtl_getLowSpeedClock)
                  0000af4c    00000018     board.obj (.text:ASysCtl_setAnalogReferenceInternal)
                  0000af64    00000018     board.obj (.text:EPWM_disableFallingEdgeDelayCountShadowLoadMode)
                  0000af7c    00000018     board.obj (.text:EPWM_disableRisingEdgeDelayCountShadowLoadMode)
                  0000af94    00000018     inverter_basic.obj (.text:SysCtl_disablePeripheral)
                  0000afac    00000017     device.obj (.text:SysCtl_enablePeripheral)
                  0000afc3    00000017     driverlib.lib : sysctl.obj (.text:SysCtl_enablePeripheral)
                  0000afda    00000017     inverter_basic.obj (.text:SysCtl_enablePeripheral)
                  0000aff1    00000017     rts2800_fpu32_eabi.lib : boot28.asm.obj (.text)
                  0000b008    00000016     driverlib.lib : sysctl.obj (.text:DCC_disableDoneSignal)
                  0000b01e    00000016     board.obj (.text:EPWM_setSyncInPulseSource)
                  0000b034    00000016     driverlib.lib : interrupt.obj (.text:Interrupt_defaultHandler)
                  0000b04a    00000015                   : sysctl.obj (.text:DCC_clearDoneFlag)
                  0000b05f    00000015                   : sysctl.obj (.text:DCC_clearErrorFlag)
                  0000b074    00000015                   : sysctl.obj (.text:DCC_disableErrorSignal)
                  0000b089    00000015                   : sysctl.obj (.text:DCC_isBaseValid)
                  0000b09e    00000015     device.obj (.text:GPIO_unlockPortConfig)
                  0000b0b3    00000015     board.obj (.text:RDY_out_init)
                  0000b0c8    00000014     driverlib.lib : sysctl.obj (.text:DCC_disableModule)
                  0000b0dc    00000014                   : sysctl.obj (.text:DCC_enableModule)
                  0000b0f0    00000014     board.obj (.text:EPWM_setTimeBaseCounterMode)
                  0000b104    00000014     inverter_basic.obj (.text:EPWM_setTimeBaseCounterMode)
                  0000b118    00000014     board.obj (.text:EPWM_setTimeBasePeriod)
                  0000b12c    00000014     board.obj (.text:GPIO_isPinValid)
                  0000b140    00000014     driverlib.lib : gpio.obj (.text:GPIO_isPinValid)
                  0000b154    00000014     inverter_basic.obj (.text:GPIO_isPinValid)
                  0000b168    00000014     device.obj (.text:SysCtl_deviceCal)
                  0000b17c    00000014     driverlib.lib : sysctl.obj (.text:SysCtl_setPLLSysClk)
                  0000b190    00000013     board.obj (.text:Board_init)
                  0000b1a3    00000013     inverter_basic.obj (.text:EPWM_clearEventTriggerInterruptFlag)
                  0000b1b6    00000013     board.obj (.text:EPWM_enableInterrupt)
                  0000b1c9    00000012     board.obj (.text:EPWM_setTimeBaseCounter)
                  0000b1db    00000012     board.obj (.text:SysCtl_setSyncOutputConfig)
                  0000b1ed    00000011     board.obj (.text:EPWM_disablePhaseShiftLoad)
                  0000b1fe    00000010     device.obj (.text:Device_initGPIO)
                  0000b20e    00000010     board.obj (.text:ENA_out_init)
                  0000b21e    00000010     board.obj (.text:ENB_out_init)
                  0000b22e    00000010     board.obj (.text:FLTN_in_init)
                  0000b23e    00000010     board.obj (.text:GPIO_setInterruptType)
                  0000b24e    0000000f     board.obj (.text:Interrupt_register)
                  0000b25d    0000000f     inverter_basic.obj (.text:Interrupt_register)
                  0000b26c    0000000f     inverter_basic.obj (.text:initEPWM2)
                  0000b27b    0000000e     inverter_basic.obj (.text:initEPWM3)
                  0000b289    0000000d     board.obj (.text:INTERRUPT_init)
                  0000b296    0000000d     driverlib.lib : interrupt.obj (.text:Interrupt_disableGlobal)
                  0000b2a3    0000000d                   : interrupt.obj (.text:Interrupt_enableGlobal)
                  0000b2b0    0000000d     device.obj (.text:SysCtl_setLowSpeedClock)
                  0000b2bd    0000000d     rts2800_fpu32_eabi.lib : copy_zero_init.c.obj (.text:decompress:ZI:__TI_zero_init_nomemset)
                  0000b2ca    0000000c     board.obj (.text:FLTN_in_XINT_init)
                  0000b2d6    0000000c     board.obj (.text:SysCtl_enableExtADCSOCSource)
                  0000b2e2    0000000c     rts2800_fpu32_eabi.lib : args_main.c.obj (.text)
                  0000b2ee    0000000b     driverlib.lib : sysctl.obj (.text:SysCtl_isMCDClockFailureDetected)
                  0000b2f9    0000000a                   : interrupt.obj (.text:Interrupt_illegalOperationHandler)
                  0000b303    0000000a                   : interrupt.obj (.text:Interrupt_nmiHandler)
                  0000b30d    0000000a     board.obj (.text:SYNC_init)
                  0000b317    00000009     board.obj (.text:ASYSCTL_init)
                  0000b320    00000009     board.obj (.text:GPIO_enableInterrupt)
                  0000b329    00000009     board.obj (.text:GPIO_init)
                  0000b332    00000009     rts2800_fpu32_eabi.lib : _lock.c.obj (.text)
                  0000b33b    00000008     device.obj (.text:SysCtl_disableWatchdog)
                  0000b343    00000008     rts2800_fpu32_eabi.lib : copy_decompress_none.c.obj (.text:decompress:none)
                  0000b34b    00000008     f28002x_codestartbranch.obj (.text)
                  0000b353    00000007     board.obj (.text:ASysCtl_disableTemperatureSensor)
                  0000b35a    00000007     device.obj (.text:ASysCtl_lockVREG)
                  0000b361    00000007     driverlib.lib : sysctl.obj (.text:SysCtl_resetMCD)
                  0000b368    00000007     device.obj (.text:__error__)
                  0000b36f    00000007     board.obj (.text:myINPUTXBARINPUT0_init)
                  0000b376    00000007     board.obj (.text:myINPUTXBARINPUT1_init)
                  0000b37d    00000006     inverter_basic.obj (.text:Interrupt_clearACKGroup)
                  0000b383    00000005     board.obj (.text:INPUTXBAR_init)
                  0000b388    00000003     board.obj (.text:XINT_init)
                  0000b38b    00000002     rts2800_fpu32_eabi.lib : pre_init.c.obj (.text)
                  0000b38d    00000001                            : startup.c.obj (.text)

.reset     0    003fffc0    00000000     DSECT

codestart 
*          0    00000000    00000002     
                  00000000    00000002     f28002x_codestartbranch.obj (codestart)

.stack     0    00000400    00000200     UNINITIALIZED
                  00000400    00000200     --HOLE--

.bss       0    0000b38e    00000014     UNINITIALIZED
                  0000b38e    00000014     inverter_basic.obj (.bss)

.init_array 
*          0    00000128    00000000     UNINITIALIZED

.data      0    0000b3a2    0000000a     UNINITIALIZED
                  0000b3a2    00000006     rts2800_fpu32_eabi.lib : exit.c.obj (.data)
                  0000b3a8    00000002                            : _lock.c.obj (.data:_lock)
                  0000b3aa    00000002                            : _lock.c.obj (.data:_unlock)

.const     0    0000c000    00000327     
                  0000c000    00000114     board.obj (.const:.string)
                  0000c114    0000009a     driverlib.lib : sysctl.obj (.const:.string)
                  0000c1ae    00000098                   : gpio.obj (.const:.string)
                  0000c246    00000088     inverter_basic.obj (.const:.string)
                  0000c2ce    00000059     device.obj (.const:.string)

MODULE SUMMARY

       Module                        code   ro data   rw data
       ------                        ----   -------   -------
    .\
       inverter_basic.obj            530    136       20     
    +--+-----------------------------+------+---------+---------+
       Total:                        530    136       20     
                                                             
    .\device\
       device.obj                    271    89        0      
       f28002x_codestartbranch.obj   10     0         0      
    +--+-----------------------------+------+---------+---------+
       Total:                        281    89        0      
                                                             
    .\syscfg\
       board.obj                     1847   276       0      
    +--+-----------------------------+------+---------+---------+
       Total:                        1847   276       0      
                                                             
    C:/ti/c2000/C2000Ware_5_01_00_00/driverlib/f28002x/driverlib/ccs/Debug/driverlib.lib
       sysctl.obj                    1320   154       0      
       gpio.obj                      455    152       0      
       interrupt.obj                 214    0         0      
    +--+-----------------------------+------+---------+---------+
       Total:                        1989   306       0      
                                                             
    C:\ti\ccs1260\ccs\tools\compiler\ti-cgt-c2000_22.6.1.LTS\lib\rts2800_fpu32_eabi.lib
       fs_div28.asm.obj              136    0         0      
       copy_decompress_lzss.c.obj    48     0         0      
       exit.c.obj                    41     0         6      
       autoinit.c.obj                43     0         0      
       memcpy.c.obj                  29     0         0      
       boot28.asm.obj                23     0         0      
       _lock.c.obj                   9      0         4      
       copy_zero_init.c.obj          13     0         0      
       args_main.c.obj               12     0         0      
       copy_decompress_none.c.obj    8      0         0      
       pre_init.c.obj                2      0         0      
       startup.c.obj                 1      0         0      
    +--+-----------------------------+------+---------+---------+
       Total:                        365    0         10     
                                                             
       Stack:                        0      0         512    
       Linker Generated:             0      26        0      
    +--+-----------------------------+------+---------+---------+
       Grand Total:                  5012   833       542    


LINKER GENERATED COPY TABLES

__TI_cinit_table @ 0000013e records: 2, size/record: 4, table size: 8
	.data: load addr=0000012c, load size=00000008 bytes, run addr=0000b3a2, run size=0000000a bytes, compression=lzss
	.bss: load addr=0000013a, load size=00000004 bytes, run addr=0000b38e, run size=00000014 bytes, compression=zero_init


LINKER GENERATED HANDLER TABLE

__TI_handler_table @ 00000134 records: 3, size/record: 2, table size: 6
	index: 0, handler: __TI_zero_init
	index: 1, handler: __TI_decompress_lzss
	index: 2, handler: __TI_decompress_none


GLOBAL DATA SYMBOLS: SORTED BY DATA PAGE

address     data page           name
--------    ----------------    ----
00000400      10 (00000400)     __stack

0000b38e     2ce (0000b380)     epwm2Info
0000b398     2ce (0000b380)     epwm3Info
0000b3a2     2ce (0000b380)     __TI_enable_exit_profile_output
0000b3a4     2ce (0000b380)     __TI_cleanup_ptr
0000b3a6     2ce (0000b380)     __TI_dtors_ptr
0000b3a8     2ce (0000b380)     _lock
0000b3aa     2ce (0000b380)     _unlock


GLOBAL SYMBOLS: SORTED ALPHABETICALLY BY Name 

page  address   name                             
----  -------   ----                             
0     0000b317  ASYSCTL_init                     
0     0000b190  Board_init                       
0     0000ac15  C$$EXIT                          
0     0000a57f  Device_enableAllPeripherals      
0     0000aa9b  Device_init                      
0     0000b1fe  Device_initGPIO                  
0     0000b20e  ENA_out_init                     
0     0000b21e  ENB_out_init                     
0     0000a000  EPWM_init                        
0     0000b2ca  FLTN_in_XINT_init                
0     0000b22e  FLTN_in_init                     
0     0000b329  GPIO_init                        
0     0000a738  GPIO_setAnalogMode               
0     0000ab35  GPIO_setDirectionMode            
0     0000a9bf  GPIO_setInterruptPin             
0     0000a64a  GPIO_setPadConfig                
0     0000a9f6  GPIO_setPinConfig                
0     0000aa2d  GPIO_setQualificationMode        
0     0000b383  INPUTXBAR_init                   
0     0000b289  INTERRUPT_init                   
0     0000b034  Interrupt_defaultHandler         
0     0000aa64  Interrupt_enable                 
0     0000b2f9  Interrupt_illegalOperationHandler
0     0000a90b  Interrupt_initModule             
0     0000ae1b  Interrupt_initVectorTable        
0     0000b303  Interrupt_nmiHandler             
0     0000a48a  PinMux_init                      
0     0000b0b3  RDY_out_init                     
0     0000b30d  SYNC_init                        
0     00000128  SysCtl_delay                     
0     0000a5e5  SysCtl_getClock                  
0     0000af32  SysCtl_getLowSpeedClock          
0     0000a304  SysCtl_isPLLValid                
0     0000a84b  SysCtl_selectOscSource           
0     0000a948  SysCtl_selectXTAL                
0     0000ad63  SysCtl_selectXTALSingleEnded     
0     0000a1e3  SysCtl_setClock                  
0     0000b388  XINT_init                        
0     0000013e  __TI_CINIT_Base                  
0     00000146  __TI_CINIT_Limit                 
0     00000146  __TI_CINIT_Warm                  
0     00000134  __TI_Handler_Table_Base          
0     0000013a  __TI_Handler_Table_Limit         
0     00000600  __TI_STACK_END                   
abs   00000200  __TI_STACK_SIZE                  
0     0000ab96  __TI_auto_init_nobinit_nopinit   
0     0000b3a4  __TI_cleanup_ptr                 
0     0000ab66  __TI_decompress_lzss             
0     0000b343  __TI_decompress_none             
0     0000b3a6  __TI_dtors_ptr                   
0     0000b3a2  __TI_enable_exit_profile_output  
abs   ffffffff  __TI_pprof_out_hndl              
abs   ffffffff  __TI_prof_data_size              
abs   ffffffff  __TI_prof_data_start             
0     0000b2bd  __TI_zero_init_nomemset          
0     0000a402  __c28xabi_divf                   
n/a   UNDEFED   __c_args__                       
0     0000b368  __error__                        
0     00000400  __stack                          
0     0000b2e2  _args_main                       
0     0000aff1  _c_int00                         
0     0000b3a8  _lock                            
0     0000b33a  _nop                             
0     0000b336  _register_lock                   
0     0000b332  _register_unlock                 
0     0000b38d  _system_post_cinit               
0     0000b38b  _system_pre_init                 
0     0000b3aa  _unlock                          
0     0000ac15  abort                            
0     00000000  code_start                       
0     0000aad1  epwm2ISR                         
0     0000b38e  epwm2Info                        
0     0000ab03  epwm3ISR                         
0     0000b398  epwm3Info                        
0     0000ac17  exit                             
0     0000a985  gbl_flt_ISR                      
0     0000b26c  initEPWM2                        
0     0000b27b  initEPWM3                        
0     0000a69c  main                             
0     0000ae73  memcpy                           
0     0000b36f  myINPUTXBARINPUT0_init           
0     0000b376  myINPUTXBARINPUT1_init           


GLOBAL SYMBOLS: SORTED BY Symbol Address 

page  address   name                             
----  -------   ----                             
0     00000000  code_start                       
0     00000128  SysCtl_delay                     
0     00000134  __TI_Handler_Table_Base          
0     0000013a  __TI_Handler_Table_Limit         
0     0000013e  __TI_CINIT_Base                  
0     00000146  __TI_CINIT_Limit                 
0     00000146  __TI_CINIT_Warm                  
0     00000400  __stack                          
0     00000600  __TI_STACK_END                   
0     0000a000  EPWM_init                        
0     0000a1e3  SysCtl_setClock                  
0     0000a304  SysCtl_isPLLValid                
0     0000a402  __c28xabi_divf                   
0     0000a48a  PinMux_init                      
0     0000a57f  Device_enableAllPeripherals      
0     0000a5e5  SysCtl_getClock                  
0     0000a64a  GPIO_setPadConfig                
0     0000a69c  main                             
0     0000a738  GPIO_setAnalogMode               
0     0000a84b  SysCtl_selectOscSource           
0     0000a90b  Interrupt_initModule             
0     0000a948  SysCtl_selectXTAL                
0     0000a985  gbl_flt_ISR                      
0     0000a9bf  GPIO_setInterruptPin             
0     0000a9f6  GPIO_setPinConfig                
0     0000aa2d  GPIO_setQualificationMode        
0     0000aa64  Interrupt_enable                 
0     0000aa9b  Device_init                      
0     0000aad1  epwm2ISR                         
0     0000ab03  epwm3ISR                         
0     0000ab35  GPIO_setDirectionMode            
0     0000ab66  __TI_decompress_lzss             
0     0000ab96  __TI_auto_init_nobinit_nopinit   
0     0000ac15  C$$EXIT                          
0     0000ac15  abort                            
0     0000ac17  exit                             
0     0000ad63  SysCtl_selectXTALSingleEnded     
0     0000ae1b  Interrupt_initVectorTable        
0     0000ae73  memcpy                           
0     0000af32  SysCtl_getLowSpeedClock          
0     0000aff1  _c_int00                         
0     0000b034  Interrupt_defaultHandler         
0     0000b0b3  RDY_out_init                     
0     0000b190  Board_init                       
0     0000b1fe  Device_initGPIO                  
0     0000b20e  ENA_out_init                     
0     0000b21e  ENB_out_init                     
0     0000b22e  FLTN_in_init                     
0     0000b26c  initEPWM2                        
0     0000b27b  initEPWM3                        
0     0000b289  INTERRUPT_init                   
0     0000b2bd  __TI_zero_init_nomemset          
0     0000b2ca  FLTN_in_XINT_init                
0     0000b2e2  _args_main                       
0     0000b2f9  Interrupt_illegalOperationHandler
0     0000b303  Interrupt_nmiHandler             
0     0000b30d  SYNC_init                        
0     0000b317  ASYSCTL_init                     
0     0000b329  GPIO_init                        
0     0000b332  _register_unlock                 
0     0000b336  _register_lock                   
0     0000b33a  _nop                             
0     0000b343  __TI_decompress_none             
0     0000b368  __error__                        
0     0000b36f  myINPUTXBARINPUT0_init           
0     0000b376  myINPUTXBARINPUT1_init           
0     0000b383  INPUTXBAR_init                   
0     0000b388  XINT_init                        
0     0000b38b  _system_pre_init                 
0     0000b38d  _system_post_cinit               
0     0000b38e  epwm2Info                        
0     0000b398  epwm3Info                        
0     0000b3a2  __TI_enable_exit_profile_output  
0     0000b3a4  __TI_cleanup_ptr                 
0     0000b3a6  __TI_dtors_ptr                   
0     0000b3a8  _lock                            
0     0000b3aa  _unlock                          
abs   00000200  __TI_STACK_SIZE                  
abs   ffffffff  __TI_pprof_out_hndl              
abs   ffffffff  __TI_prof_data_size              
abs   ffffffff  __TI_prof_data_start             
n/a   UNDEFED   __c_args__                       

[82 symbols]
