******************************************************************************
             TMS320C2000 Linker PC v22.6.1                     
******************************************************************************
>> Linked Tue Jul 16 20:47:29 2024

OUTPUT FILE NAME:   <inverter_basic.out>
ENTRY POINT SYMBOL: "code_start"  address: 00000000


MEMORY CONFIGURATION

         name            origin    length      used     unused   attr    fill
----------------------  --------  ---------  --------  --------  ----  --------
  BEGIN                 00000000   00000002  00000002  00000000  RWIX
  BOOT_RSVD             00000002   00000126  00000000  00000126  RWIX
  RAMM0                 00000128   000002d8  0000001c  000002bc  RWIX
  RAMM1                 00000400   000003f8  00000200  000001f8  RWIX
  RAMLS4567             0000a000   00002000  00001ff2  0000000e  RWIX
  RAMGS0                0000c000   000007f8  00000524  000002d4  RWIX
  BOOTROM               003f0000   00008000  00000000  00008000  RWIX
  BOOTROM_EXT           003f8000   00007fc0  00000000  00007fc0  RWIX
  RESET                 003fffc0   00000002  00000000  00000002  RWIX


SECTION ALLOCATION MAP

 output                                  attributes/
section   page    origin      length       input sections
--------  ----  ----------  ----------   ----------------
.TI.ramfunc 
*          0    00000128    00000004     
                  00000128    00000004     driverlib.lib : sysctl.obj (.TI.ramfunc)

.cinit     0    0000012c    00000018     
                  0000012c    00000006     (.cinit..data.load) [load image, compression = lzss]
                  00000132    00000006     (__TI_handler_table)
                  00000138    00000004     (.cinit..bss.load) [load image, compression = zero_init]
                  0000013c    00000008     (__TI_cinit_table)

.text      0    0000a000    00001fe8     
                  0000a000    000002cf     board.obj (.text:EPWM_init)
                  0000a2cf    00000121     driverlib.lib : sysctl.obj (.text:SysCtl_setClock)
                  0000a3f0    000000fe                   : sysctl.obj (.text:SysCtl_isPLLValid)
                  0000a4ee    000000db                   : can.obj (.text:CAN_setupMessageObject)
                  0000a5c9    000000c7     board.obj (.text:myADC0_init)
                  0000a690    000000bf     board.obj (.text:PinMux_init)
                  0000a74f    00000088     rts2800_fpu32_eabi.lib : fs_div28.asm.obj (.text)
                  0000a7d7    00000075     inverter_basic.obj (.text:EPWM_setADCTriggerSource)
                  0000a84c    00000074     inverter_basic.obj (.text:adcA1ISR)
                  0000a8c0    00000073     driverlib.lib : sysctl.obj (.text:DCC_setCounterSeeds)
                  0000a933    0000006a     inverter_basic.obj (.text:myCAN0_0_ISR)
                  0000a99d    00000066     driverlib.lib : can.obj (.text:CAN_readMessage)
                  0000aa03    00000066     device.obj (.text:Device_enableAllPeripherals)
                  0000aa69    00000066     inverter_basic.obj (.text:main)
                  0000aacf    00000065     driverlib.lib : sysctl.obj (.text:SysCtl_getClock)
                  0000ab34    00000064                   : can.obj (.text:CAN_setBitTiming)
                  0000ab98    00000054     board.obj (.text:myCAN0_init)
                  0000abec    00000052     driverlib.lib : gpio.obj (.text:GPIO_setPadConfig)
                  0000ac3e    0000004d     inverter_basic.obj (.text:fanctrlISR)
                  0000ac8b    0000004b     board.obj (.text:EPWM_setInterruptSource)
                  0000acd6    00000049     board.obj (.text:INTERRUPT_init)
                  0000ad1f    00000046     driverlib.lib : can.obj (.text:CAN_clearInterruptStatus)
                  0000ad65    00000046                   : gpio.obj (.text:GPIO_setAnalogMode)
                  0000adab    00000045                   : sysctl.obj (.text:SysCtl_pollX1Counter)
                  0000adf0    00000044     inverter_basic.obj (.text:GPIO_writePin)
                  0000ae34    00000042     driverlib.lib : sysctl.obj (.text:SysCtl_selectOscSource)
                  0000ae76    00000040     board.obj (.text:EPWM_setActionQualifierAction)
                  0000aeb6    00000040     inverter_basic.obj (.text:updateCompare)
                  0000aef6    0000003e     board.obj (.text:EPWM_setCounterCompareShadowLoadMode)
                  0000af34    0000003d     driverlib.lib : interrupt.obj (.text:Interrupt_initModule)
                  0000af71    0000003d                   : sysctl.obj (.text:SysCtl_selectXTAL)
                  0000afae    0000003d     inverter_basic.obj (.text:gbl_enbl_ISR)
                  0000afeb    0000003c     inverter_basic.obj (.text:GPIO_readPin)
                  0000b027    0000003b     inverter_basic.obj (.text:updateCompareA)
                  0000b062    0000003a     inverter_basic.obj (.text:EPWM_setADCTriggerEventPrescale)
                  0000b09c    0000003a     inverter_basic.obj (.text:gbl_flt_ISR)
                  0000b0d6    00000037     driverlib.lib : gpio.obj (.text:GPIO_setInterruptPin)
                  0000b10d    00000037                   : gpio.obj (.text:GPIO_setPinConfig)
                  0000b144    00000037                   : gpio.obj (.text:GPIO_setQualificationMode)
                  0000b17b    00000037                   : interrupt.obj (.text:Interrupt_enable)
                  0000b1b2    00000036     board.obj (.text:ADC_setupSOC)
                  0000b1e8    00000036     device.obj (.text:Device_init)
                  0000b21e    00000036     inverter_basic.obj (.text:epwm2ISR)
                  0000b254    00000036     inverter_basic.obj (.text:epwm3ISR)
                  0000b28a    00000035     inverter_basic.obj (.text:myCAN0_1_ISR)
                  0000b2bf    00000031     driverlib.lib : gpio.obj (.text:GPIO_setDirectionMode)
                  0000b2f0    00000030     rts2800_fpu32_eabi.lib : copy_decompress_lzss.c.obj (.text:decompress:lzss)
                  0000b320    0000002f     board.obj (.text:ADC_setInterruptSource)
                  0000b34f    0000002e     board.obj (.text:ADC_setInterruptSOCTrigger)
                  0000b37d    0000002b     rts2800_fpu32_eabi.lib : autoinit.c.obj (.text:__TI_auto_init_nobinit_nopinit)
                  0000b3a8    0000002a     board.obj (.text:XBAR_setInputPin)
                  0000b3d2    0000002a     driverlib.lib : gpio.obj (.text:XBAR_setInputPin)
                  0000b3fc    0000002a     inverter_basic.obj (.text:initEPWM)
                  0000b426    00000029     rts2800_fpu32_eabi.lib : exit.c.obj (.text)
                  0000b44f    00000028     board.obj (.text:EPWM_setInterruptEventCount)
                  0000b477    00000027     board.obj (.text:EPWM_isBaseValid)
                  0000b49e    00000027     inverter_basic.obj (.text:EPWM_isBaseValid)
                  0000b4c5    00000024     driverlib.lib : sysctl.obj (.text:DCC_enableSingleShotMode)
                  0000b4e9    00000024     board.obj (.text:EPWM_disableCounterCompareShadowLoadMode)
                  0000b50d    00000024     board.obj (.text:EPWM_setupEPWMLinks)
                  0000b531    00000024     board.obj (.text:myCPUTIMER0_init)
                  0000b555    00000022     board.obj (.text:CAN_enableInterrupt)
                  0000b577    00000022     inverter_basic.obj (.text:EPWM_getCounterCompareValue)
                  0000b599    00000022     board.obj (.text:EPWM_setCounterCompareValue)
                  0000b5bb    00000022     inverter_basic.obj (.text:EPWM_setCounterCompareValue)
                  0000b5dd    00000021     board.obj (.text:ADC_disableContinuousMode)
                  0000b5fe    00000021     board.obj (.text:EPWM_enableGlobalLoadRegisters)
                  0000b61f    00000020     board.obj (.text:ADC_enableInterrupt)
                  0000b63f    00000020     driverlib.lib : adc.obj (.text:ADC_setOffsetTrimAll)
                  0000b65f    00000020                   : sysctl.obj (.text:SysCtl_selectXTALSingleEnded)
                  0000b67f    0000001f     board.obj (.text:EPWM_setFallingEdgeDelayCountShadowLoadMode)
                  0000b69e    0000001f     board.obj (.text:EPWM_setRisingEdgeDelayCountShadowLoadMode)
                  0000b6bd    0000001e     driverlib.lib : sysctl.obj (.text:DCC_setCounter0ClkSource)
                  0000b6db    0000001e                   : sysctl.obj (.text:DCC_setCounter1ClkSource)
                  0000b6f9    0000001e     board.obj (.text:EPWM_setPhaseShift)
                  0000b717    0000001e     driverlib.lib : interrupt.obj (.text:Interrupt_initVectorTable)
                  0000b735    0000001d     inverter_basic.obj (.text:ADC_getInterruptOverflowStatus)
                  0000b752    0000001d     inverter_basic.obj (.text:CAN_clearGlobalInterruptStatus)
                  0000b76f    0000001d     board.obj (.text:CAN_enableGlobalInterrupt)
                  0000b78c    0000001d     board.obj (.text:EPWM_setActionQualifierContSWForceShadowMode)
                  0000b7a9    0000001d     board.obj (.text:EPWM_setActionQualifierT2TriggerSource)
                  0000b7c6    0000001d     rts2800_fpu32_eabi.lib : memcpy.c.obj (.text)
                  0000b7e3    0000001c     board.obj (.text:ADC_setSOCPriority)
                  0000b7ff    0000001c     driverlib.lib : can.obj (.text:CAN_initModule)
                  0000b81b    0000001c     inverter_basic.obj (.text:EPWM_disableADCTrigger)
                  0000b837    0000001c     inverter_basic.obj (.text:EPWM_enableADCTrigger)
                  0000b853    0000001c     board.obj (.text:EPWM_setClockPrescaler)
                  0000b86f    0000001c     inverter_basic.obj (.text:EPWM_setClockPrescaler)
                  0000b88b    0000001b     driverlib.lib : can.obj (.text:CAN_readDataReg)
                  0000b8a6    0000001b     board.obj (.text:XBAR_isBaseValid)
                  0000b8c1    0000001b     driverlib.lib : gpio.obj (.text:XBAR_isBaseValid)
                  0000b8dc    0000001a     board.obj (.text:ASysCtl_setAnalogReference1P65)
                  0000b8f6    0000001a     driverlib.lib : can.obj (.text:CAN_initRAM)
                  0000b910    0000001a     board.obj (.text:CPUTimer_startTimer)
                  0000b92a    0000001a     board.obj (.text:EPWM_setActionQualifierT1TriggerSource)
                  0000b944    0000001a     driverlib.lib : sysctl.obj (.text:SysCtl_getLowSpeedClock)
                  0000b95e    00000019     board.obj (.text:Board_init)
                  0000b977    00000018     board.obj (.text:ASysCtl_setAnalogReferenceInternal)
                  0000b98f    00000018     board.obj (.text:EPWM_disableFallingEdgeDelayCountShadowLoadMode)
                  0000b9a7    00000018     board.obj (.text:EPWM_disableRisingEdgeDelayCountShadowLoadMode)
                  0000b9bf    00000018     inverter_basic.obj (.text:SysCtl_disablePeripheral)
                  0000b9d7    00000017     board.obj (.text:CPUTimer_isBaseValid)
                  0000b9ee    00000017     driverlib.lib : cputimer.obj (.text:CPUTimer_isBaseValid)
                  0000ba05    00000017     board.obj (.text:CPUTimer_setPreScaler)
                  0000ba1c    00000017     device.obj (.text:SysCtl_enablePeripheral)
                  0000ba33    00000017     driverlib.lib : sysctl.obj (.text:SysCtl_enablePeripheral)
                  0000ba4a    00000017     inverter_basic.obj (.text:SysCtl_enablePeripheral)
                  0000ba61    00000017     rts2800_fpu32_eabi.lib : boot28.asm.obj (.text)
                  0000ba78    00000016     inverter_basic.obj (.text:ADC_readResult)
                  0000ba8e    00000016     board.obj (.text:ADC_setInterruptPulseMode)
                  0000baa4    00000016     board.obj (.text:ADC_setPrescaler)
                  0000baba    00000016     driverlib.lib : sysctl.obj (.text:DCC_disableDoneSignal)
                  0000bad0    00000016     board.obj (.text:EPWM_setSyncInPulseSource)
                  0000bae6    00000016     driverlib.lib : interrupt.obj (.text:Interrupt_defaultHandler)
                  0000bafc    00000015     board.obj (.text:ADC_disableBurstMode)
                  0000bb11    00000015     board.obj (.text:CPUTimer_enableInterrupt)
                  0000bb26    00000015     driverlib.lib : sysctl.obj (.text:DCC_clearDoneFlag)
                  0000bb3b    00000015                   : sysctl.obj (.text:DCC_clearErrorFlag)
                  0000bb50    00000015                   : sysctl.obj (.text:DCC_disableErrorSignal)
                  0000bb65    00000015                   : sysctl.obj (.text:DCC_isBaseValid)
                  0000bb7a    00000015     device.obj (.text:GPIO_unlockPortConfig)
                  0000bb8f    00000014     inverter_basic.obj (.text:ADC_clearInterruptOverflowStatus)
                  0000bba3    00000014     board.obj (.text:ADC_clearInterruptStatus)
                  0000bbb7    00000014     inverter_basic.obj (.text:ADC_clearInterruptStatus)
                  0000bbcb    00000014     board.obj (.text:CPUTimer_reloadTimerCounter)
                  0000bbdf    00000014     board.obj (.text:CPUTimer_stopTimer)
                  0000bbf3    00000014     driverlib.lib : sysctl.obj (.text:DCC_disableModule)
                  0000bc07    00000014                   : sysctl.obj (.text:DCC_enableModule)
                  0000bc1b    00000014     board.obj (.text:EPWM_setTimeBaseCounterMode)
                  0000bc2f    00000014     inverter_basic.obj (.text:EPWM_setTimeBaseCounterMode)
                  0000bc43    00000014     board.obj (.text:EPWM_setTimeBasePeriod)
                  0000bc57    00000014     inverter_basic.obj (.text:EPWM_setTimeBasePeriod)
                  0000bc6b    00000014     driverlib.lib : gpio.obj (.text:GPIO_isPinValid)
                  0000bc7f    00000014     inverter_basic.obj (.text:GPIO_isPinValid)
                  0000bc93    00000014     device.obj (.text:SysCtl_deviceCal)
                  0000bca7    00000014     driverlib.lib : sysctl.obj (.text:SysCtl_setPLLSysClk)
                  0000bcbb    00000013     board.obj (.text:ADC_enableConverter)
                  0000bcce    00000013     board.obj (.text:ADC_isBaseValid)
                  0000bce1    00000013     inverter_basic.obj (.text:ADC_isBaseValid)
                  0000bcf4    00000013     board.obj (.text:CAN_setInterruptMux)
                  0000bd07    00000013     driverlib.lib : cputimer.obj (.text:CPUTimer_setEmulationMode)
                  0000bd1a    00000013     inverter_basic.obj (.text:EPWM_clearEventTriggerInterruptFlag)
                  0000bd2d    00000013     board.obj (.text:EPWM_enableInterrupt)
                  0000bd40    00000012     inverter_basic.obj (.text:CAN_getInterruptCause)
                  0000bd52    00000012     board.obj (.text:EPWM_setTimeBaseCounter)
                  0000bd64    00000012     board.obj (.text:SysCtl_setSyncOutputConfig)
                  0000bd76    00000011     board.obj (.text:CAN_startModule)
                  0000bd87    00000011     board.obj (.text:CPUTimer_setPeriod)
                  0000bd98    00000011     board.obj (.text:EPWM_disablePhaseShiftLoad)
                  0000bda9    00000011     board.obj (.text:GPIO_init)
                  0000bdba    00000010     inverter_basic.obj (.text:CAN_getStatus)
                  0000bdca    00000010     board.obj (.text:CAN_isBaseValid)
                  0000bdda    00000010     driverlib.lib : can.obj (.text:CAN_isBaseValid)
                  0000bdea    00000010     inverter_basic.obj (.text:CAN_isBaseValid)
                  0000bdfa    00000010     board.obj (.text:CSIG2_in_init)
                  0000be0a    00000010     device.obj (.text:Device_initGPIO)
                  0000be1a    00000010     board.obj (.text:ENA_out_init)
                  0000be2a    00000010     board.obj (.text:ENB_out_init)
                  0000be3a    00000010     board.obj (.text:EN_in_init)
                  0000be4a    00000010     board.obj (.text:FLTN_in_init)
                  0000be5a    00000010     board.obj (.text:GPIO_setInterruptType)
                  0000be6a    00000010     board.obj (.text:GSYNC_in_init)
                  0000be7a    00000010     board.obj (.text:RDY_out_init)
                  0000be8a    0000000f     board.obj (.text:CSIG1_in_init)
                  0000be99    0000000f     board.obj (.text:Interrupt_register)
                  0000bea8    0000000f     inverter_basic.obj (.text:Interrupt_register)
                  0000beb7    0000000f     inverter_basic.obj (.text:initEPWM2)
                  0000bec6    0000000e     inverter_basic.obj (.text:initEPWM3)
                  0000bed4    0000000e     inverter_basic.obj (.text:initEPWM5)
                  0000bee2    0000000d     driverlib.lib : interrupt.obj (.text:Interrupt_disableGlobal)
                  0000beef    0000000d                   : interrupt.obj (.text:Interrupt_enableGlobal)
                  0000befc    0000000d     device.obj (.text:SysCtl_setLowSpeedClock)
                  0000bf09    0000000d     rts2800_fpu32_eabi.lib : copy_zero_init.c.obj (.text:decompress:ZI:__TI_zero_init_nomemset)
                  0000bf16    0000000c     board.obj (.text:EN_in_XINT_init)
                  0000bf22    0000000c     board.obj (.text:FLTN_in_XINT_init)
                  0000bf2e    0000000c     board.obj (.text:SysCtl_enableExtADCSOCSource)
                  0000bf3a    0000000c     rts2800_fpu32_eabi.lib : args_main.c.obj (.text)
                  0000bf46    0000000b     driverlib.lib : sysctl.obj (.text:SysCtl_isMCDClockFailureDetected)
                  0000bf51    0000000a                   : interrupt.obj (.text:Interrupt_illegalOperationHandler)
                  0000bf5b    0000000a                   : interrupt.obj (.text:Interrupt_nmiHandler)
                  0000bf65    0000000a     board.obj (.text:SYNC_init)
                  0000bf6f    00000009     board.obj (.text:ASYSCTL_init)
                  0000bf78    00000009     board.obj (.text:GPIO_enableInterrupt)
                  0000bf81    00000009     rts2800_fpu32_eabi.lib : _lock.c.obj (.text)
                  0000bf8a    00000008     device.obj (.text:SysCtl_disableWatchdog)
                  0000bf92    00000008     rts2800_fpu32_eabi.lib : copy_decompress_none.c.obj (.text:decompress:none)
                  0000bf9a    00000008     f28002x_codestartbranch.obj (.text)
                  0000bfa2    00000007     board.obj (.text:ASysCtl_disableTemperatureSensor)
                  0000bfa9    00000007     device.obj (.text:ASysCtl_lockVREG)
                  0000bfb0    00000007     driverlib.lib : sysctl.obj (.text:SysCtl_resetMCD)
                  0000bfb7    00000007     device.obj (.text:__error__)
                  0000bfbe    00000007     board.obj (.text:myINPUTXBARINPUT0_init)
                  0000bfc5    00000007     board.obj (.text:myINPUTXBARINPUT1_init)
                  0000bfcc    00000006     inverter_basic.obj (.text:Interrupt_clearACKGroup)
                  0000bfd2    00000005     board.obj (.text:INPUTXBAR_init)
                  0000bfd7    00000005     board.obj (.text:XINT_init)
                  0000bfdc    00000003     board.obj (.text:ADC_init)
                  0000bfdf    00000003     board.obj (.text:CAN_init)
                  0000bfe2    00000003     board.obj (.text:CPUTIMER_init)
                  0000bfe5    00000002     rts2800_fpu32_eabi.lib : pre_init.c.obj (.text)
                  0000bfe7    00000001                            : startup.c.obj (.text)

.reset     0    003fffc0    00000000     DSECT

codestart 
*          0    00000000    00000002     
                  00000000    00000002     f28002x_codestartbranch.obj (codestart)

.bss       0    00000000    0000002c     FAILED TO ALLOCATE
.stack     0    00000400    00000200     UNINITIALIZED
                  00000400    00000200     --HOLE--

.init_array 
*          0    00000128    00000000     UNINITIALIZED

.data      0    0000bfe8    0000000a     UNINITIALIZED
                  0000bfe8    00000006     rts2800_fpu32_eabi.lib : exit.c.obj (.data)
                  0000bfee    00000002                            : _lock.c.obj (.data:_lock)
                  0000bff0    00000002                            : _lock.c.obj (.data:_unlock)

.const     0    0000c000    00000524     
                  0000c000    000001a0     board.obj (.const:.string)
                  0000c1a0    00000110     inverter_basic.obj (.const:.string)
                  0000c2b0    0000009a     driverlib.lib : sysctl.obj (.const:.string)
                  0000c34a    00000098                   : gpio.obj (.const:.string)
                  0000c3e2    00000097                   : can.obj (.const:.string)
                  0000c479    00000001     --HOLE-- [fill = 0]
                  0000c47a    00000059     device.obj (.const:.string)
                  0000c4d3    00000001     --HOLE-- [fill = 0]
                  0000c4d4    00000050     driverlib.lib : cputimer.obj (.const:.string)

MODULE SUMMARY

       Module                        code   ro data   rw data
       ------                        ----   -------   -------
    .\
       inverter_basic.obj            1719   272       0      
    +--+-----------------------------+------+---------+---------+
       Total:                        1719   272       0      
                                                             
    .\device\
       device.obj                    271    89        0      
       f28002x_codestartbranch.obj   10     0         0      
    +--+-----------------------------+------+---------+---------+
       Total:                        281    89        0      
                                                             
    .\syscfg\
       board.obj                     3158   416       0      
    +--+-----------------------------+------+---------+---------+
       Total:                        3158   416       0      
                                                             
    C:/ti/c2000/C2000Ware_5_01_00_00/driverlib/f28002x/driverlib/ccs/Debug/driverlib.lib
       sysctl.obj                    1320   154       0      
       can.obj                       588    151       0      
       gpio.obj                      455    152       0      
       interrupt.obj                 214    0         0      
       cputimer.obj                  42     80        0      
       adc.obj                       32     0         0      
    +--+-----------------------------+------+---------+---------+
       Total:                        2651   537       0      
                                                             
    C:\ti\ccs1260\ccs\tools\compiler\ti-cgt-c2000_22.6.1.LTS\lib\rts2800_fpu32_eabi.lib
       fs_div28.asm.obj              136    0         0      
       copy_decompress_lzss.c.obj    48     0         0      
       exit.c.obj                    41     0         6      
       autoinit.c.obj                43     0         0      
       memcpy.c.obj                  29     0         0      
       boot28.asm.obj                23     0         0      
       _lock.c.obj                   9      0         4      
       copy_zero_init.c.obj          13     0         0      
       args_main.c.obj               12     0         0      
       copy_decompress_none.c.obj    8      0         0      
       pre_init.c.obj                2      0         0      
       startup.c.obj                 1      0         0      
    +--+-----------------------------+------+---------+---------+
       Total:                        365    0         10     
                                                             
       Stack:                        0      0         512    
       Linker Generated:             0      24        0      
    +--+-----------------------------+------+---------+---------+
       Grand Total:                  8174   1338      522    


LINKER GENERATED COPY TABLES

__TI_cinit_table @ 0000013c records: 2, size/record: 4, table size: 8
	.data: load addr=0000012c, load size=00000006 bytes, run addr=0000bfe8, run size=0000000a bytes, compression=lzss
	.bss: load addr=00000138, load size=00000004 bytes, run addr=00000000, run size=0000002c bytes, compression=zero_init


LINKER GENERATED HANDLER TABLE

__TI_handler_table @ 00000132 records: 3, size/record: 2, table size: 6
	index: 0, handler: __TI_zero_init
	index: 1, handler: __TI_decompress_lzss
	index: 2, handler: __TI_decompress_none


GLOBAL DATA SYMBOLS: SORTED BY DATA PAGE

address     data page           name
--------    ----------------    ----
00000000       0 (00000000)     adc_raw_ntc1
00000001       0 (00000000)     adc_raw_ntc2
00000002       0 (00000000)     adc_raw_iac1
00000003       0 (00000000)     adc_raw_iac2
00000004       0 (00000000)     adc_raw_fans
00000005       0 (00000000)     adc_raw_vdc1
00000006       0 (00000000)     adc_raw_vdc2
00000007       0 (00000000)     adc_raw_vac1
00000008       0 (00000000)     adc_raw_vac2
0000000a       0 (00000000)     epwm2Info
00000014       0 (00000000)     epwm3Info
0000001e       0 (00000000)     epwm5Info
00000028       0 (00000000)     txMsgData

00000400      10 (00000400)     __stack

0000bfe8     2ff (0000bfc0)     __TI_enable_exit_profile_output
0000bfea     2ff (0000bfc0)     __TI_cleanup_ptr
0000bfec     2ff (0000bfc0)     __TI_dtors_ptr
0000bfee     2ff (0000bfc0)     _lock
0000bff0     2ff (0000bfc0)     _unlock


GLOBAL SYMBOLS: SORTED ALPHABETICALLY BY Name 

page  address   name                             
----  -------   ----                             
0     0000bfdc  ADC_init                         
0     0000b63f  ADC_setOffsetTrimAll             
0     0000bf6f  ASYSCTL_init                     
0     0000b95e  Board_init                       
0     0000b426  C$$EXIT                          
0     0000ad1f  CAN_clearInterruptStatus         
0     0000bfdf  CAN_init                         
0     0000b7ff  CAN_initModule                   
0     0000a99d  CAN_readMessage                  
0     0000ab34  CAN_setBitTiming                 
0     0000a4ee  CAN_setupMessageObject           
0     0000bfe2  CPUTIMER_init                    
0     0000bd07  CPUTimer_setEmulationMode        
0     0000be8a  CSIG1_in_init                    
0     0000bdfa  CSIG2_in_init                    
0     0000aa03  Device_enableAllPeripherals      
0     0000b1e8  Device_init                      
0     0000be0a  Device_initGPIO                  
0     0000be1a  ENA_out_init                     
0     0000be2a  ENB_out_init                     
0     0000bf16  EN_in_XINT_init                  
0     0000be3a  EN_in_init                       
0     0000a000  EPWM_init                        
0     0000bf22  FLTN_in_XINT_init                
0     0000be4a  FLTN_in_init                     
0     0000bda9  GPIO_init                        
0     0000ad65  GPIO_setAnalogMode               
0     0000b2bf  GPIO_setDirectionMode            
0     0000b0d6  GPIO_setInterruptPin             
0     0000abec  GPIO_setPadConfig                
0     0000b10d  GPIO_setPinConfig                
0     0000b144  GPIO_setQualificationMode        
0     0000be6a  GSYNC_in_init                    
0     0000bfd2  INPUTXBAR_init                   
0     0000acd6  INTERRUPT_init                   
0     0000bae6  Interrupt_defaultHandler         
0     0000b17b  Interrupt_enable                 
0     0000bf51  Interrupt_illegalOperationHandler
0     0000af34  Interrupt_initModule             
0     0000b717  Interrupt_initVectorTable        
0     0000bf5b  Interrupt_nmiHandler             
0     0000a690  PinMux_init                      
0     0000be7a  RDY_out_init                     
0     0000bf65  SYNC_init                        
0     00000128  SysCtl_delay                     
0     0000aacf  SysCtl_getClock                  
0     0000b944  SysCtl_getLowSpeedClock          
0     0000a3f0  SysCtl_isPLLValid                
0     0000ae34  SysCtl_selectOscSource           
0     0000af71  SysCtl_selectXTAL                
0     0000b65f  SysCtl_selectXTALSingleEnded     
0     0000a2cf  SysCtl_setClock                  
0     0000bfd7  XINT_init                        
0     0000013c  __TI_CINIT_Base                  
0     00000144  __TI_CINIT_Limit                 
0     00000144  __TI_CINIT_Warm                  
0     00000132  __TI_Handler_Table_Base          
0     00000138  __TI_Handler_Table_Limit         
0     00000600  __TI_STACK_END                   
abs   00000200  __TI_STACK_SIZE                  
0     0000b37d  __TI_auto_init_nobinit_nopinit   
0     0000bfea  __TI_cleanup_ptr                 
0     0000b2f0  __TI_decompress_lzss             
0     0000bf92  __TI_decompress_none             
0     0000bfec  __TI_dtors_ptr                   
0     0000bfe8  __TI_enable_exit_profile_output  
abs   ffffffff  __TI_pprof_out_hndl              
abs   ffffffff  __TI_prof_data_size              
abs   ffffffff  __TI_prof_data_start             
0     0000bf09  __TI_zero_init_nomemset          
0     0000a74f  __c28xabi_divf                   
n/a   UNDEFED   __c_args__                       
0     0000bfb7  __error__                        
0     00000400  __stack                          
0     0000bf3a  _args_main                       
0     0000ba61  _c_int00                         
0     0000bfee  _lock                            
0     0000bf89  _nop                             
0     0000bf85  _register_lock                   
0     0000bf81  _register_unlock                 
0     0000bfe7  _system_post_cinit               
0     0000bfe5  _system_pre_init                 
0     0000bff0  _unlock                          
0     0000b426  abort                            
0     0000a84c  adcA1ISR                         
0     00000004  adc_raw_fans                     
0     00000002  adc_raw_iac1                     
0     00000003  adc_raw_iac2                     
0     00000000  adc_raw_ntc1                     
0     00000001  adc_raw_ntc2                     
0     00000007  adc_raw_vac1                     
0     00000008  adc_raw_vac2                     
0     00000005  adc_raw_vdc1                     
0     00000006  adc_raw_vdc2                     
0     00000000  code_start                       
0     0000b21e  epwm2ISR                         
0     0000000a  epwm2Info                        
0     0000b254  epwm3ISR                         
0     00000014  epwm3Info                        
0     0000001e  epwm5Info                        
0     0000b428  exit                             
0     0000ac3e  fanctrlISR                       
0     0000afae  gbl_enbl_ISR                     
0     0000b09c  gbl_flt_ISR                      
0     0000b3fc  initEPWM                         
0     0000beb7  initEPWM2                        
0     0000bec6  initEPWM3                        
0     0000bed4  initEPWM5                        
0     0000aa69  main                             
0     0000b7c6  memcpy                           
0     0000a5c9  myADC0_init                      
0     0000a933  myCAN0_0_ISR                     
0     0000b28a  myCAN0_1_ISR                     
0     0000ab98  myCAN0_init                      
0     0000b531  myCPUTIMER0_init                 
0     0000bfbe  myINPUTXBARINPUT0_init           
0     0000bfc5  myINPUTXBARINPUT1_init           
0     00000028  txMsgData                        
0     0000aeb6  updateCompare                    
0     0000b027  updateCompareA                   


GLOBAL SYMBOLS: SORTED BY Symbol Address 

page  address   name                             
----  -------   ----                             
0     00000000  adc_raw_ntc1                     
0     00000000  code_start                       
0     00000001  adc_raw_ntc2                     
0     00000002  adc_raw_iac1                     
0     00000003  adc_raw_iac2                     
0     00000004  adc_raw_fans                     
0     00000005  adc_raw_vdc1                     
0     00000006  adc_raw_vdc2                     
0     00000007  adc_raw_vac1                     
0     00000008  adc_raw_vac2                     
0     0000000a  epwm2Info                        
0     00000014  epwm3Info                        
0     0000001e  epwm5Info                        
0     00000028  txMsgData                        
0     00000128  SysCtl_delay                     
0     00000132  __TI_Handler_Table_Base          
0     00000138  __TI_Handler_Table_Limit         
0     0000013c  __TI_CINIT_Base                  
0     00000144  __TI_CINIT_Limit                 
0     00000144  __TI_CINIT_Warm                  
0     00000400  __stack                          
0     00000600  __TI_STACK_END                   
0     0000a000  EPWM_init                        
0     0000a2cf  SysCtl_setClock                  
0     0000a3f0  SysCtl_isPLLValid                
0     0000a4ee  CAN_setupMessageObject           
0     0000a5c9  myADC0_init                      
0     0000a690  PinMux_init                      
0     0000a74f  __c28xabi_divf                   
0     0000a84c  adcA1ISR                         
0     0000a933  myCAN0_0_ISR                     
0     0000a99d  CAN_readMessage                  
0     0000aa03  Device_enableAllPeripherals      
0     0000aa69  main                             
0     0000aacf  SysCtl_getClock                  
0     0000ab34  CAN_setBitTiming                 
0     0000ab98  myCAN0_init                      
0     0000abec  GPIO_setPadConfig                
0     0000ac3e  fanctrlISR                       
0     0000acd6  INTERRUPT_init                   
0     0000ad1f  CAN_clearInterruptStatus         
0     0000ad65  GPIO_setAnalogMode               
0     0000ae34  SysCtl_selectOscSource           
0     0000aeb6  updateCompare                    
0     0000af34  Interrupt_initModule             
0     0000af71  SysCtl_selectXTAL                
0     0000afae  gbl_enbl_ISR                     
0     0000b027  updateCompareA                   
0     0000b09c  gbl_flt_ISR                      
0     0000b0d6  GPIO_setInterruptPin             
0     0000b10d  GPIO_setPinConfig                
0     0000b144  GPIO_setQualificationMode        
0     0000b17b  Interrupt_enable                 
0     0000b1e8  Device_init                      
0     0000b21e  epwm2ISR                         
0     0000b254  epwm3ISR                         
0     0000b28a  myCAN0_1_ISR                     
0     0000b2bf  GPIO_setDirectionMode            
0     0000b2f0  __TI_decompress_lzss             
0     0000b37d  __TI_auto_init_nobinit_nopinit   
0     0000b3fc  initEPWM                         
0     0000b426  C$$EXIT                          
0     0000b426  abort                            
0     0000b428  exit                             
0     0000b531  myCPUTIMER0_init                 
0     0000b63f  ADC_setOffsetTrimAll             
0     0000b65f  SysCtl_selectXTALSingleEnded     
0     0000b717  Interrupt_initVectorTable        
0     0000b7c6  memcpy                           
0     0000b7ff  CAN_initModule                   
0     0000b944  SysCtl_getLowSpeedClock          
0     0000b95e  Board_init                       
0     0000ba61  _c_int00                         
0     0000bae6  Interrupt_defaultHandler         
0     0000bd07  CPUTimer_setEmulationMode        
0     0000bda9  GPIO_init                        
0     0000bdfa  CSIG2_in_init                    
0     0000be0a  Device_initGPIO                  
0     0000be1a  ENA_out_init                     
0     0000be2a  ENB_out_init                     
0     0000be3a  EN_in_init                       
0     0000be4a  FLTN_in_init                     
0     0000be6a  GSYNC_in_init                    
0     0000be7a  RDY_out_init                     
0     0000be8a  CSIG1_in_init                    
0     0000beb7  initEPWM2                        
0     0000bec6  initEPWM3                        
0     0000bed4  initEPWM5                        
0     0000bf09  __TI_zero_init_nomemset          
0     0000bf16  EN_in_XINT_init                  
0     0000bf22  FLTN_in_XINT_init                
0     0000bf3a  _args_main                       
0     0000bf51  Interrupt_illegalOperationHandler
0     0000bf5b  Interrupt_nmiHandler             
0     0000bf65  SYNC_init                        
0     0000bf6f  ASYSCTL_init                     
0     0000bf81  _register_unlock                 
0     0000bf85  _register_lock                   
0     0000bf89  _nop                             
0     0000bf92  __TI_decompress_none             
0     0000bfb7  __error__                        
0     0000bfbe  myINPUTXBARINPUT0_init           
0     0000bfc5  myINPUTXBARINPUT1_init           
0     0000bfd2  INPUTXBAR_init                   
0     0000bfd7  XINT_init                        
0     0000bfdc  ADC_init                         
0     0000bfdf  CAN_init                         
0     0000bfe2  CPUTIMER_init                    
0     0000bfe5  _system_pre_init                 
0     0000bfe7  _system_post_cinit               
0     0000bfe8  __TI_enable_exit_profile_output  
0     0000bfea  __TI_cleanup_ptr                 
0     0000bfec  __TI_dtors_ptr                   
0     0000bfee  _lock                            
0     0000bff0  _unlock                          
abs   00000200  __TI_STACK_SIZE                  
abs   ffffffff  __TI_pprof_out_hndl              
abs   ffffffff  __TI_prof_data_size              
abs   ffffffff  __TI_prof_data_start             
n/a   UNDEFED   __c_args__                       

[120 symbols]
