******************************************************************************
             TMS320C2000 Linker PC v22.6.1                     
******************************************************************************
>> Linked Fri Jul 19 10:11:57 2024

OUTPUT FILE NAME:   <inverter_uC_MMC.out>
ENTRY POINT SYMBOL: "code_start"  address: 00000000


MEMORY CONFIGURATION

         name            origin    length      used     unused   attr    fill
----------------------  --------  ---------  --------  --------  ----  --------
  BEGIN                 00000000   00000002  00000002  00000000  RWIX
  BOOT_RSVD             00000002   00000126  00000000  00000126  RWIX
  RAMM0                 00000128   000002d8  0000001e  000002ba  RWIX
  RAMM1                 00000400   000003f8  00000200  000001f8  RWIX
  RAMLS4567             0000a000   00002000  0000002e  00001fd2  RWIX
  RAMGS0                0000c000   000007f8  00000568  00000290  RWIX
  BOOTROM               003f0000   00008000  00000000  00008000  RWIX
  BOOTROM_EXT           003f8000   00007fc0  00000000  00007fc0  RWIX
  RESET                 003fffc0   00000002  00000000  00000002  RWIX


SECTION ALLOCATION MAP

 output                                  attributes/
section   page    origin      length       input sections
--------  ----  ----------  ----------   ----------------
.text      0    00000000    00002012     FAILED TO ALLOCATE
.TI.ramfunc 
*          0    00000128    00000004     
                  00000128    00000004     driverlib.lib : sysctl.obj (.TI.ramfunc)

.cinit     0    0000012c    0000001a     
                  0000012c    00000007     (.cinit..data.load) [load image, compression = lzss]
                  00000133    00000001     --HOLE-- [fill = 0]
                  00000134    00000006     (__TI_handler_table)
                  0000013a    00000004     (.cinit..bss.load) [load image, compression = zero_init]
                  0000013e    00000008     (__TI_cinit_table)

.reset     0    003fffc0    00000000     DSECT

codestart 
*          0    00000000    00000002     
                  00000000    00000002     f28002x_codestartbranch.obj (codestart)

.stack     0    00000400    00000200     UNINITIALIZED
                  00000400    00000200     --HOLE--

.bss       0    0000a000    00000022     UNINITIALIZED
                  0000a000    0000001e     inverter_basic.obj (.bss)
                  0000a01e    00000004     inverter_basic.obj (.bss:txMsgData)

.init_array 
*          0    00000128    00000000     UNINITIALIZED

.data      0    0000a022    0000000c     UNINITIALIZED
                  0000a022    00000006     rts2800_fpu32_eabi.lib : exit.c.obj (.data)
                  0000a028    00000002                            : _lock.c.obj (.data:_lock)
                  0000a02a    00000002                            : _lock.c.obj (.data:_unlock)
                  0000a02c    00000002     inverter_basic.obj (.data)

.const     0    0000c000    00000568     
                  0000c000    000001e4     board.obj (.const:.string)
                  0000c1e4    00000110     inverter_basic.obj (.const:.string)
                  0000c2f4    0000009a     driverlib.lib : sysctl.obj (.const:.string)
                  0000c38e    00000098                   : gpio.obj (.const:.string)
                  0000c426    00000097                   : can.obj (.const:.string)
                  0000c4bd    00000001     --HOLE-- [fill = 0]
                  0000c4be    00000059     device.obj (.const:.string)
                  0000c517    00000001     --HOLE-- [fill = 0]
                  0000c518    00000050     driverlib.lib : cputimer.obj (.const:.string)

MODULE SUMMARY

       Module                        code   ro data   rw data
       ------                        ----   -------   -------
    .\
       inverter_basic.obj            0      272       36     
    +--+-----------------------------+------+---------+---------+
       Total:                        0      272       36     
                                                             
    .\device\
       device.obj                    0      89        0      
       f28002x_codestartbranch.obj   2      0         0      
    +--+-----------------------------+------+---------+---------+
       Total:                        2      89        0      
                                                             
    .\syscfg\
       board.obj                     0      484       0      
    +--+-----------------------------+------+---------+---------+
       Total:                        0      484       0      
                                                             
    C:/ti/c2000/C2000Ware_5_01_00_00/driverlib/f28002x/driverlib/ccs/Debug/driverlib.lib
       sysctl.obj                    4      154       0      
       gpio.obj                      0      152       0      
       can.obj                       0      151       0      
       cputimer.obj                  0      80        0      
    +--+-----------------------------+------+---------+---------+
       Total:                        4      537       0      
                                                             
    C:\ti\ccs1260\ccs\tools\compiler\ti-cgt-c2000_22.6.1.LTS\lib\rts2800_fpu32_eabi.lib
       exit.c.obj                    0      0         6      
       _lock.c.obj                   0      0         4      
    +--+-----------------------------+------+---------+---------+
       Total:                        0      0         10     
                                                             
       Stack:                        0      0         512    
       Linker Generated:             0      25        0      
    +--+-----------------------------+------+---------+---------+
       Grand Total:                  6      1407      558    


LINKER GENERATED COPY TABLES

__TI_cinit_table @ 0000013e records: 2, size/record: 4, table size: 8
	.data: load addr=0000012c, load size=00000007 bytes, run addr=0000a022, run size=0000000c bytes, compression=lzss
	.bss: load addr=0000013a, load size=00000004 bytes, run addr=0000a000, run size=00000022 bytes, compression=zero_init


LINKER GENERATED HANDLER TABLE

__TI_handler_table @ 00000134 records: 3, size/record: 2, table size: 6
	index: 0, handler: __TI_zero_init
	index: 1, handler: __TI_decompress_lzss
	index: 2, handler: __TI_decompress_none


GLOBAL DATA SYMBOLS: SORTED BY DATA PAGE

address     data page           name
--------    ----------------    ----
00000400      10 (00000400)     __stack

0000a000     280 (0000a000)     adc_raw_ntc1
0000a001     280 (0000a000)     adc_raw_ntc2
0000a002     280 (0000a000)     adc_raw_iac1
0000a003     280 (0000a000)     adc_raw_iac2
0000a004     280 (0000a000)     adc_raw_fans
0000a005     280 (0000a000)     adc_raw_vdc1
0000a006     280 (0000a000)     adc_raw_vdc2
0000a007     280 (0000a000)     adc_raw_vac1
0000a008     280 (0000a000)     adc_raw_vac2
0000a00a     280 (0000a000)     epwm2Info
0000a014     280 (0000a000)     epwm3Info
0000a01e     280 (0000a000)     txMsgData
0000a022     280 (0000a000)     __TI_enable_exit_profile_output
0000a024     280 (0000a000)     __TI_cleanup_ptr
0000a026     280 (0000a000)     __TI_dtors_ptr
0000a028     280 (0000a000)     _lock
0000a02a     280 (0000a000)     _unlock
0000a02c     280 (0000a000)     errorFlag
0000a02d     280 (0000a000)     txMsgSuccessful


GLOBAL SYMBOLS: SORTED ALPHABETICALLY BY Name 

page  address   name                             
----  -------   ----                             
0     00002006  ADC_init                         
0     00001642  ADC_setOffsetTrimAll             
0     00001f99  ASYSCTL_init                     
0     00001961  Board_init                       
0     00001407  C$$EXIT                          
0     00000cf7  CAN_clearInterruptStatus         
0     00002009  CAN_init                         
0     00001802  CAN_initModule                   
0     000009dc  CAN_readMessage                  
0     0000096a  CAN_sendMessage                  
0     00000b0d  CAN_setBitTiming                 
0     00000402  CAN_setupMessageObject           
0     0000200c  CPUTIMER_init                    
0     00001d5d  CPUTimer_setEmulationMode        
0     00001ec2  CSIG1_in_init                    
0     00001e52  CSIG2_in_init                    
0     00000a42  Device_enableAllPeripherals      
0     000011c9  Device_init                      
0     00001e62  Device_initGPIO                  
0     00001b7d  ENA_out_init                     
0     00001b92  ENB_out_init                     
0     00001f40  EN_in_XINT_init                  
0     00001e72  EN_in_init                       
0     00000000  EPWM_init                        
0     00001ba7  FAN_ctrl_out_init                
0     00001f4c  FLTN_in_XINT_init                
0     00001e82  FLTN_in_init                     
0     00001d96  GPIO_init                        
0     00000d3d  GPIO_setAnalogMode               
0     000012a0  GPIO_setDirectionMode            
0     000010b7  GPIO_setInterruptPin             
0     00000bc8  GPIO_setPadConfig                
0     000010ee  GPIO_setPinConfig                
0     00001125  GPIO_setQualificationMode        
0     00001ea2  GSYNC_in_init                    
0     00001ffc  INPUTXBAR_init                   
0     00000c65  INTERRUPT_init                   
0     00001ae9  Interrupt_defaultHandler         
0     0000115c  Interrupt_enable                 
0     00001f7b  Interrupt_illegalOperationHandler
0     00000f50  Interrupt_initModule             
0     0000171a  Interrupt_initVectorTable        
0     00001f85  Interrupt_nmiHandler             
0     000005a4  PinMux_init                      
0     00001eb2  RDY_out_init                     
0     00001f8f  SYNC_init                        
0     00000128  SysCtl_delay                     
0     00000aa8  SysCtl_getClock                  
0     00001947  SysCtl_getLowSpeedClock          
0     00000304  SysCtl_isPLLValid                
0     00000e50  SysCtl_selectOscSource           
0     00000f8d  SysCtl_selectXTAL                
0     00001662  SysCtl_selectXTALSingleEnded     
0     000001e3  SysCtl_setClock                  
0     00002001  XINT_init                        
0     0000013e  __TI_CINIT_Base                  
0     00000146  __TI_CINIT_Limit                 
0     00000146  __TI_CINIT_Warm                  
0     00000134  __TI_Handler_Table_Base          
0     0000013a  __TI_Handler_Table_Limit         
0     00000600  __TI_STACK_END                   
abs   00000200  __TI_STACK_SIZE                  
0     0000135e  __TI_auto_init_nobinit_nopinit   
0     0000a024  __TI_cleanup_ptr                 
0     000012d1  __TI_decompress_lzss             
0     00001fbc  __TI_decompress_none             
0     0000a026  __TI_dtors_ptr                   
0     0000a022  __TI_enable_exit_profile_output  
abs   ffffffff  __TI_pprof_out_hndl              
abs   ffffffff  __TI_prof_data_size              
abs   ffffffff  __TI_prof_data_start             
0     00001f33  __TI_zero_init_nomemset          
0     00000786  __c28xabi_divf                   
n/a   UNDEFED   __c_args__                       
0     00001fe1  __error__                        
0     00000400  __stack                          
0     00001f64  _args_main                       
0     00001a64  _c_int00                         
0     0000a028  _lock                            
0     00001fb3  _nop                             
0     00001faf  _register_lock                   
0     00001fab  _register_unlock                 
0     00002011  _system_post_cinit               
0     0000200f  _system_pre_init                 
0     0000a02a  _unlock                          
0     00001407  abort                            
0     00000883  adcA1ISR                         
0     0000a004  adc_raw_fans                     
0     0000a002  adc_raw_iac1                     
0     0000a003  adc_raw_iac2                     
0     0000a000  adc_raw_ntc1                     
0     0000a001  adc_raw_ntc2                     
0     0000a007  adc_raw_vac1                     
0     0000a008  adc_raw_vac2                     
0     0000a005  adc_raw_vdc1                     
0     0000a006  adc_raw_vdc2                     
0     00000000  code_start                       
0     000011ff  epwm2ISR                         
0     0000a00a  epwm2Info                        
0     00001235  epwm3ISR                         
0     0000a014  epwm3Info                        
0     0000a02c  errorFlag                        
0     00001409  exit                             
0     00000cae  fanctrlISR                       
0     00000fca  gbl_enbl_ISR                     
0     0000107d  gbl_flt_ISR                      
0     000013dd  initEPWM                         
0     00001eef  initEPWM2                        
0     00001efe  initEPWM3                        
0     0000065a  main                             
0     000017c9  memcpy                           
0     000004dd  myADC0_init                      
0     000006f6  myCAN0_0_ISR                     
0     0000126b  myCAN0_1_ISR                     
0     00000b71  myCAN0_init                      
0     00001512  myCPUTIMER0_init                 
0     00001fe8  myINPUTXBARINPUT0_init           
0     00001fef  myINPUTXBARINPUT1_init           
0     0000a01e  txMsgData                        
0     0000a02d  txMsgSuccessful                  
0     00000ed2  updateCompare                    


GLOBAL SYMBOLS: SORTED BY Symbol Address 

page  address   name                             
----  -------   ----                             
0     00000000  EPWM_init                        
0     00000000  code_start                       
0     00000128  SysCtl_delay                     
0     00000134  __TI_Handler_Table_Base          
0     0000013a  __TI_Handler_Table_Limit         
0     0000013e  __TI_CINIT_Base                  
0     00000146  __TI_CINIT_Limit                 
0     00000146  __TI_CINIT_Warm                  
0     000001e3  SysCtl_setClock                  
0     00000304  SysCtl_isPLLValid                
0     00000400  __stack                          
0     00000402  CAN_setupMessageObject           
0     000004dd  myADC0_init                      
0     000005a4  PinMux_init                      
0     00000600  __TI_STACK_END                   
0     0000065a  main                             
0     000006f6  myCAN0_0_ISR                     
0     00000786  __c28xabi_divf                   
0     00000883  adcA1ISR                         
0     0000096a  CAN_sendMessage                  
0     000009dc  CAN_readMessage                  
0     00000a42  Device_enableAllPeripherals      
0     00000aa8  SysCtl_getClock                  
0     00000b0d  CAN_setBitTiming                 
0     00000b71  myCAN0_init                      
0     00000bc8  GPIO_setPadConfig                
0     00000c65  INTERRUPT_init                   
0     00000cae  fanctrlISR                       
0     00000cf7  CAN_clearInterruptStatus         
0     00000d3d  GPIO_setAnalogMode               
0     00000e50  SysCtl_selectOscSource           
0     00000ed2  updateCompare                    
0     00000f50  Interrupt_initModule             
0     00000f8d  SysCtl_selectXTAL                
0     00000fca  gbl_enbl_ISR                     
0     0000107d  gbl_flt_ISR                      
0     000010b7  GPIO_setInterruptPin             
0     000010ee  GPIO_setPinConfig                
0     00001125  GPIO_setQualificationMode        
0     0000115c  Interrupt_enable                 
0     000011c9  Device_init                      
0     000011ff  epwm2ISR                         
0     00001235  epwm3ISR                         
0     0000126b  myCAN0_1_ISR                     
0     000012a0  GPIO_setDirectionMode            
0     000012d1  __TI_decompress_lzss             
0     0000135e  __TI_auto_init_nobinit_nopinit   
0     000013dd  initEPWM                         
0     00001407  C$$EXIT                          
0     00001407  abort                            
0     00001409  exit                             
0     00001512  myCPUTIMER0_init                 
0     00001642  ADC_setOffsetTrimAll             
0     00001662  SysCtl_selectXTALSingleEnded     
0     0000171a  Interrupt_initVectorTable        
0     000017c9  memcpy                           
0     00001802  CAN_initModule                   
0     00001947  SysCtl_getLowSpeedClock          
0     00001961  Board_init                       
0     00001a64  _c_int00                         
0     00001ae9  Interrupt_defaultHandler         
0     00001b7d  ENA_out_init                     
0     00001b92  ENB_out_init                     
0     00001ba7  FAN_ctrl_out_init                
0     00001d5d  CPUTimer_setEmulationMode        
0     00001d96  GPIO_init                        
0     00001e52  CSIG2_in_init                    
0     00001e62  Device_initGPIO                  
0     00001e72  EN_in_init                       
0     00001e82  FLTN_in_init                     
0     00001ea2  GSYNC_in_init                    
0     00001eb2  RDY_out_init                     
0     00001ec2  CSIG1_in_init                    
0     00001eef  initEPWM2                        
0     00001efe  initEPWM3                        
0     00001f33  __TI_zero_init_nomemset          
0     00001f40  EN_in_XINT_init                  
0     00001f4c  FLTN_in_XINT_init                
0     00001f64  _args_main                       
0     00001f7b  Interrupt_illegalOperationHandler
0     00001f85  Interrupt_nmiHandler             
0     00001f8f  SYNC_init                        
0     00001f99  ASYSCTL_init                     
0     00001fab  _register_unlock                 
0     00001faf  _register_lock                   
0     00001fb3  _nop                             
0     00001fbc  __TI_decompress_none             
0     00001fe1  __error__                        
0     00001fe8  myINPUTXBARINPUT0_init           
0     00001fef  myINPUTXBARINPUT1_init           
0     00001ffc  INPUTXBAR_init                   
0     00002001  XINT_init                        
0     00002006  ADC_init                         
0     00002009  CAN_init                         
0     0000200c  CPUTIMER_init                    
0     0000200f  _system_pre_init                 
0     00002011  _system_post_cinit               
0     0000a000  adc_raw_ntc1                     
0     0000a001  adc_raw_ntc2                     
0     0000a002  adc_raw_iac1                     
0     0000a003  adc_raw_iac2                     
0     0000a004  adc_raw_fans                     
0     0000a005  adc_raw_vdc1                     
0     0000a006  adc_raw_vdc2                     
0     0000a007  adc_raw_vac1                     
0     0000a008  adc_raw_vac2                     
0     0000a00a  epwm2Info                        
0     0000a014  epwm3Info                        
0     0000a01e  txMsgData                        
0     0000a022  __TI_enable_exit_profile_output  
0     0000a024  __TI_cleanup_ptr                 
0     0000a026  __TI_dtors_ptr                   
0     0000a028  _lock                            
0     0000a02a  _unlock                          
0     0000a02c  errorFlag                        
0     0000a02d  txMsgSuccessful                  
abs   00000200  __TI_STACK_SIZE                  
abs   ffffffff  __TI_pprof_out_hndl              
abs   ffffffff  __TI_prof_data_size              
abs   ffffffff  __TI_prof_data_start             
n/a   UNDEFED   __c_args__                       

[121 symbols]
