******************************************************************************
             TMS320C2000 Linker PC v22.6.1                     
******************************************************************************
>> Linked Sun Oct 13 21:03:50 2024

OUTPUT FILE NAME:   <inverter_uC_MMC.out>
ENTRY POINT SYMBOL: "code_start"  address: 00000000


MEMORY CONFIGURATION

         name            origin    length      used     unused   attr    fill
----------------------  --------  ---------  --------  --------  ----  --------
  BEGIN                 00000000   00000002  00000002  00000000  RWIX
  BOOT_RSVD             00000002   00000126  00000000  00000126  RWIX
  RAMM0                 00000128   000002d8  0000001e  000002ba  RWIX
  RAMM1                 00000400   000003f8  00000200  000001f8  RWIX
  RAMLS4567             0000a000   00002000  00001ff7  00000009  RWIX
  RAMGS0                0000c000   000007f8  00000568  00000290  RWIX
  BOOTROM               003f0000   00008000  00000000  00008000  RWIX
  BOOTROM_EXT           003f8000   00007fc0  00000000  00007fc0  RWIX
  RESET                 003fffc0   00000002  00000000  00000002  RWIX


SECTION ALLOCATION MAP

 output                                  attributes/
section   page    origin      length       input sections
--------  ----  ----------  ----------   ----------------
.TI.ramfunc 
*          0    00000128    00000004     
                  00000128    00000004     driverlib.lib : sysctl.obj (.TI.ramfunc)

.cinit     0    0000012c    0000001a     
                  0000012c    00000007     (.cinit..data.load) [load image, compression = lzss]
                  00000133    00000001     --HOLE-- [fill = 0]
                  00000134    00000006     (__TI_handler_table)
                  0000013a    00000004     (.cinit..bss.load) [load image, compression = zero_init]
                  0000013e    00000008     (__TI_cinit_table)

.text      0    0000a000    00001ff7     
                  0000a000    000001e3     board.obj (.text:EPWM_init)
                  0000a1e3    00000121     driverlib.lib : sysctl.obj (.text:SysCtl_setClock)
                  0000a304    000000fe                   : sysctl.obj (.text:SysCtl_isPLLValid)
                  0000a402    000000db                   : can.obj (.text:CAN_setupMessageObject)
                  0000a4dd    000000c7     board.obj (.text:myADC0_init)
                  0000a5a4    000000b6     board.obj (.text:PinMux_init)
                  0000a65a    0000009c     inverter_uC_MMC.obj (.text:main)
                  0000a6f6    00000097     inverter_uC_MMC.obj (.text:fanctrlISR)
                  0000a78d    00000090     inverter_uC_MMC.obj (.text:myCAN0_0_ISR)
                  0000a81d    00000088     rts2800_fpu32_eabi.lib : fs_div28.asm.obj (.text)
                  0000a8a5    00000075     inverter_uC_MMC.obj (.text:EPWM_setADCTriggerSource)
                  0000a91a    00000074     inverter_uC_MMC.obj (.text:adcA1ISR)
                  0000a98e    00000073     driverlib.lib : sysctl.obj (.text:DCC_setCounterSeeds)
                  0000aa01    00000072                   : can.obj (.text:CAN_sendMessage)
                  0000aa73    00000066                   : can.obj (.text:CAN_readMessage)
                  0000aad9    00000066     device.obj (.text:Device_enableAllPeripherals)
                  0000ab3f    00000065     driverlib.lib : sysctl.obj (.text:SysCtl_getClock)
                  0000aba4    00000064                   : can.obj (.text:CAN_setBitTiming)
                  0000ac08    00000057     board.obj (.text:myCAN0_init)
                  0000ac5f    00000052     driverlib.lib : gpio.obj (.text:GPIO_setPadConfig)
                  0000acb1    0000004b     board.obj (.text:EPWM_setInterruptSource)
                  0000acfc    00000049     board.obj (.text:INTERRUPT_init)
                  0000ad45    00000046     driverlib.lib : can.obj (.text:CAN_clearInterruptStatus)
                  0000ad8b    00000046                   : gpio.obj (.text:GPIO_setAnalogMode)
                  0000add1    00000045                   : sysctl.obj (.text:SysCtl_pollX1Counter)
                  0000ae16    00000044     board.obj (.text:GPIO_writePin)
                  0000ae5a    00000044     inverter_uC_MMC.obj (.text:GPIO_writePin)
                  0000ae9e    00000042     driverlib.lib : sysctl.obj (.text:SysCtl_selectOscSource)
                  0000aee0    00000040     board.obj (.text:EPWM_setActionQualifierAction)
                  0000af20    0000003e     board.obj (.text:EPWM_setCounterCompareShadowLoadMode)
                  0000af5e    0000003d     driverlib.lib : interrupt.obj (.text:Interrupt_initModule)
                  0000af9b    0000003d                   : sysctl.obj (.text:SysCtl_selectXTAL)
                  0000afd8    0000003d     inverter_uC_MMC.obj (.text:gbl_enbl_ISR)
                  0000b015    0000003c     inverter_uC_MMC.obj (.text:GPIO_readPin)
                  0000b051    0000003a     inverter_uC_MMC.obj (.text:EPWM_setADCTriggerEventPrescale)
                  0000b08b    0000003a     inverter_uC_MMC.obj (.text:gbl_flt_ISR)
                  0000b0c5    00000037     driverlib.lib : gpio.obj (.text:GPIO_setInterruptPin)
                  0000b0fc    00000037                   : gpio.obj (.text:GPIO_setPinConfig)
                  0000b133    00000037                   : gpio.obj (.text:GPIO_setQualificationMode)
                  0000b16a    00000037                   : interrupt.obj (.text:Interrupt_enable)
                  0000b1a1    00000036     board.obj (.text:ADC_setupSOC)
                  0000b1d7    00000036     device.obj (.text:Device_init)
                  0000b20d    00000035     inverter_uC_MMC.obj (.text:myCAN0_1_ISR)
                  0000b242    00000032     inverter_uC_MMC.obj (.text:epwm2ISR)
                  0000b274    00000032     inverter_uC_MMC.obj (.text:epwm3ISR)
                  0000b2a6    00000031     driverlib.lib : gpio.obj (.text:GPIO_setDirectionMode)
                  0000b2d7    00000030     rts2800_fpu32_eabi.lib : copy_decompress_lzss.c.obj (.text:decompress:lzss)
                  0000b307    0000002f     board.obj (.text:ADC_setInterruptSource)
                  0000b336    0000002e     board.obj (.text:ADC_setInterruptSOCTrigger)
                  0000b364    0000002b     rts2800_fpu32_eabi.lib : autoinit.c.obj (.text:__TI_auto_init_nobinit_nopinit)
                  0000b38f    0000002a     board.obj (.text:XBAR_setInputPin)
                  0000b3b9    0000002a     driverlib.lib : gpio.obj (.text:XBAR_setInputPin)
                  0000b3e3    0000002a     inverter_uC_MMC.obj (.text:initEPWM)
                  0000b40d    00000029     rts2800_fpu32_eabi.lib : exit.c.obj (.text)
                  0000b436    00000028     board.obj (.text:EPWM_setInterruptEventCount)
                  0000b45e    00000027     board.obj (.text:EPWM_isBaseValid)
                  0000b485    00000027     inverter_uC_MMC.obj (.text:EPWM_isBaseValid)
                  0000b4ac    00000025     board.obj (.text:myCPUTIMER0_init)
                  0000b4d1    00000024     driverlib.lib : sysctl.obj (.text:DCC_enableSingleShotMode)
                  0000b4f5    00000024     board.obj (.text:EPWM_disableCounterCompareShadowLoadMode)
                  0000b519    00000024     board.obj (.text:EPWM_setupEPWMLinks)
                  0000b53d    00000022     board.obj (.text:CAN_enableInterrupt)
                  0000b55f    00000022     driverlib.lib : can.obj (.text:CAN_writeDataReg)
                  0000b581    00000022     board.obj (.text:EPWM_setCounterCompareValue)
                  0000b5a3    00000022     inverter_uC_MMC.obj (.text:EPWM_setCounterCompareValue)
                  0000b5c5    00000021     board.obj (.text:ADC_disableContinuousMode)
                  0000b5e6    00000021     board.obj (.text:EPWM_enableGlobalLoadRegisters)
                  0000b607    00000020     board.obj (.text:ADC_enableInterrupt)
                  0000b627    00000020     driverlib.lib : adc.obj (.text:ADC_setOffsetTrimAll)
                  0000b647    00000020                   : sysctl.obj (.text:SysCtl_selectXTALSingleEnded)
                  0000b667    0000001f     board.obj (.text:EPWM_setFallingEdgeDelayCountShadowLoadMode)
                  0000b686    0000001f     board.obj (.text:EPWM_setRisingEdgeDelayCountShadowLoadMode)
                  0000b6a5    0000001e     driverlib.lib : sysctl.obj (.text:DCC_setCounter0ClkSource)
                  0000b6c3    0000001e                   : sysctl.obj (.text:DCC_setCounter1ClkSource)
                  0000b6e1    0000001e     board.obj (.text:EPWM_setPhaseShift)
                  0000b6ff    0000001e     driverlib.lib : interrupt.obj (.text:Interrupt_initVectorTable)
                  0000b71d    0000001d     inverter_uC_MMC.obj (.text:ADC_getInterruptOverflowStatus)
                  0000b73a    0000001d     inverter_uC_MMC.obj (.text:CAN_clearGlobalInterruptStatus)
                  0000b757    0000001d     board.obj (.text:CAN_enableGlobalInterrupt)
                  0000b774    0000001d     board.obj (.text:EPWM_setActionQualifierContSWForceShadowMode)
                  0000b791    0000001d     board.obj (.text:EPWM_setActionQualifierT2TriggerSource)
                  0000b7ae    0000001d     rts2800_fpu32_eabi.lib : memcpy.c.obj (.text)
                  0000b7cb    0000001c     board.obj (.text:ADC_setSOCPriority)
                  0000b7e7    0000001c     driverlib.lib : can.obj (.text:CAN_initModule)
                  0000b803    0000001c     inverter_uC_MMC.obj (.text:EPWM_disableADCTrigger)
                  0000b81f    0000001c     inverter_uC_MMC.obj (.text:EPWM_enableADCTrigger)
                  0000b83b    0000001c     board.obj (.text:EPWM_setClockPrescaler)
                  0000b857    0000001c     inverter_uC_MMC.obj (.text:EPWM_setClockPrescaler)
                  0000b873    0000001b     driverlib.lib : can.obj (.text:CAN_readDataReg)
                  0000b88e    0000001b     board.obj (.text:XBAR_isBaseValid)
                  0000b8a9    0000001b     driverlib.lib : gpio.obj (.text:XBAR_isBaseValid)
                  0000b8c4    0000001a     board.obj (.text:ASysCtl_setAnalogReference1P65)
                  0000b8de    0000001a     driverlib.lib : can.obj (.text:CAN_initRAM)
                  0000b8f8    0000001a     board.obj (.text:CPUTimer_startTimer)
                  0000b912    0000001a     board.obj (.text:EPWM_setActionQualifierT1TriggerSource)
                  0000b92c    0000001a     driverlib.lib : sysctl.obj (.text:SysCtl_getLowSpeedClock)
                  0000b946    00000019     board.obj (.text:Board_init)
                  0000b95f    00000018     board.obj (.text:ASysCtl_setAnalogReferenceInternal)
                  0000b977    00000018     board.obj (.text:EPWM_disableFallingEdgeDelayCountShadowLoadMode)
                  0000b98f    00000018     board.obj (.text:EPWM_disableRisingEdgeDelayCountShadowLoadMode)
                  0000b9a7    00000018     inverter_uC_MMC.obj (.text:SysCtl_disablePeripheral)
                  0000b9bf    00000017     board.obj (.text:CPUTimer_isBaseValid)
                  0000b9d6    00000017     driverlib.lib : cputimer.obj (.text:CPUTimer_isBaseValid)
                  0000b9ed    00000017     board.obj (.text:CPUTimer_setPreScaler)
                  0000ba04    00000017     device.obj (.text:SysCtl_enablePeripheral)
                  0000ba1b    00000017     driverlib.lib : sysctl.obj (.text:SysCtl_enablePeripheral)
                  0000ba32    00000017     inverter_uC_MMC.obj (.text:SysCtl_enablePeripheral)
                  0000ba49    00000017     rts2800_fpu32_eabi.lib : boot28.asm.obj (.text)
                  0000ba60    00000016     inverter_uC_MMC.obj (.text:ADC_readResult)
                  0000ba76    00000016     board.obj (.text:ADC_setInterruptPulseMode)
                  0000ba8c    00000016     board.obj (.text:ADC_setPrescaler)
                  0000baa2    00000016     driverlib.lib : sysctl.obj (.text:DCC_disableDoneSignal)
                  0000bab8    00000016     board.obj (.text:EPWM_setSyncInPulseSource)
                  0000bace    00000016     driverlib.lib : interrupt.obj (.text:Interrupt_defaultHandler)
                  0000bae4    00000015     board.obj (.text:ADC_disableBurstMode)
                  0000baf9    00000015     board.obj (.text:CPUTimer_enableInterrupt)
                  0000bb0e    00000015     driverlib.lib : sysctl.obj (.text:DCC_clearDoneFlag)
                  0000bb23    00000015                   : sysctl.obj (.text:DCC_clearErrorFlag)
                  0000bb38    00000015                   : sysctl.obj (.text:DCC_disableErrorSignal)
                  0000bb4d    00000015                   : sysctl.obj (.text:DCC_isBaseValid)
                  0000bb62    00000015     board.obj (.text:ENA_out_init)
                  0000bb77    00000015     board.obj (.text:ENB_out_init)
                  0000bb8c    00000015     board.obj (.text:FAN_ctrl_out_init)
                  0000bba1    00000015     device.obj (.text:GPIO_unlockPortConfig)
                  0000bbb6    00000014     inverter_uC_MMC.obj (.text:ADC_clearInterruptOverflowStatus)
                  0000bbca    00000014     board.obj (.text:ADC_clearInterruptStatus)
                  0000bbde    00000014     inverter_uC_MMC.obj (.text:ADC_clearInterruptStatus)
                  0000bbf2    00000014     board.obj (.text:CPUTimer_reloadTimerCounter)
                  0000bc06    00000014     board.obj (.text:CPUTimer_stopTimer)
                  0000bc1a    00000014     driverlib.lib : sysctl.obj (.text:DCC_disableModule)
                  0000bc2e    00000014                   : sysctl.obj (.text:DCC_enableModule)
                  0000bc42    00000014     board.obj (.text:EPWM_setTimeBaseCounterMode)
                  0000bc56    00000014     inverter_uC_MMC.obj (.text:EPWM_setTimeBaseCounterMode)
                  0000bc6a    00000014     board.obj (.text:EPWM_setTimeBasePeriod)
                  0000bc7e    00000014     inverter_uC_MMC.obj (.text:EPWM_setTimeBasePeriod)
                  0000bc92    00000014     board.obj (.text:GPIO_isPinValid)
                  0000bca6    00000014     driverlib.lib : gpio.obj (.text:GPIO_isPinValid)
                  0000bcba    00000014     inverter_uC_MMC.obj (.text:GPIO_isPinValid)
                  0000bcce    00000014     device.obj (.text:SysCtl_deviceCal)
                  0000bce2    00000014     driverlib.lib : sysctl.obj (.text:SysCtl_setPLLSysClk)
                  0000bcf6    00000013     board.obj (.text:ADC_enableConverter)
                  0000bd09    00000013     board.obj (.text:ADC_isBaseValid)
                  0000bd1c    00000013     inverter_uC_MMC.obj (.text:ADC_isBaseValid)
                  0000bd2f    00000013     board.obj (.text:CAN_setInterruptMux)
                  0000bd42    00000013     driverlib.lib : cputimer.obj (.text:CPUTimer_setEmulationMode)
                  0000bd55    00000013     inverter_uC_MMC.obj (.text:EPWM_clearEventTriggerInterruptFlag)
                  0000bd68    00000013     board.obj (.text:EPWM_enableInterrupt)
                  0000bd7b    00000013     board.obj (.text:GPIO_init)
                  0000bd8e    00000012     inverter_uC_MMC.obj (.text:CAN_getInterruptCause)
                  0000bda0    00000012     board.obj (.text:EPWM_setTimeBaseCounter)
                  0000bdb2    00000012     board.obj (.text:SysCtl_setSyncOutputConfig)
                  0000bdc4    00000011     board.obj (.text:CAN_startModule)
                  0000bdd5    00000011     board.obj (.text:CPUTimer_setPeriod)
                  0000bde6    00000011     board.obj (.text:EPWM_disablePhaseShiftLoad)
                  0000bdf7    00000010     inverter_uC_MMC.obj (.text:CAN_getStatus)
                  0000be07    00000010     board.obj (.text:CAN_isBaseValid)
                  0000be17    00000010     driverlib.lib : can.obj (.text:CAN_isBaseValid)
                  0000be27    00000010     inverter_uC_MMC.obj (.text:CAN_isBaseValid)
                  0000be37    00000010     board.obj (.text:CSIG2_in_init)
                  0000be47    00000010     device.obj (.text:Device_initGPIO)
                  0000be57    00000010     board.obj (.text:EN_in_init)
                  0000be67    00000010     board.obj (.text:FLTN_in_init)
                  0000be77    00000010     board.obj (.text:GPIO_setInterruptType)
                  0000be87    00000010     board.obj (.text:GSYNC_in_init)
                  0000be97    00000010     board.obj (.text:RDY_out_init)
                  0000bea7    0000000f     board.obj (.text:CSIG1_in_init)
                  0000beb6    0000000f     board.obj (.text:Interrupt_register)
                  0000bec5    0000000f     inverter_uC_MMC.obj (.text:Interrupt_register)
                  0000bed4    0000000f     inverter_uC_MMC.obj (.text:initEPWM2)
                  0000bee3    0000000e     inverter_uC_MMC.obj (.text:initEPWM3)
                  0000bef1    0000000d     driverlib.lib : interrupt.obj (.text:Interrupt_disableGlobal)
                  0000befe    0000000d                   : interrupt.obj (.text:Interrupt_enableGlobal)
                  0000bf0b    0000000d     device.obj (.text:SysCtl_setLowSpeedClock)
                  0000bf18    0000000d     rts2800_fpu32_eabi.lib : copy_zero_init.c.obj (.text:decompress:ZI:__TI_zero_init_nomemset)
                  0000bf25    0000000c     board.obj (.text:EN_in_XINT_init)
                  0000bf31    0000000c     board.obj (.text:FLTN_in_XINT_init)
                  0000bf3d    0000000c     board.obj (.text:SysCtl_enableExtADCSOCSource)
                  0000bf49    0000000c     rts2800_fpu32_eabi.lib : args_main.c.obj (.text)
                  0000bf55    0000000b     driverlib.lib : sysctl.obj (.text:SysCtl_isMCDClockFailureDetected)
                  0000bf60    0000000a                   : interrupt.obj (.text:Interrupt_illegalOperationHandler)
                  0000bf6a    0000000a                   : interrupt.obj (.text:Interrupt_nmiHandler)
                  0000bf74    0000000a     board.obj (.text:SYNC_init)
                  0000bf7e    00000009     board.obj (.text:ASYSCTL_init)
                  0000bf87    00000009     board.obj (.text:GPIO_enableInterrupt)
                  0000bf90    00000009     rts2800_fpu32_eabi.lib : _lock.c.obj (.text)
                  0000bf99    00000008     device.obj (.text:SysCtl_disableWatchdog)
                  0000bfa1    00000008     rts2800_fpu32_eabi.lib : copy_decompress_none.c.obj (.text:decompress:none)
                  0000bfa9    00000008     f28002x_codestartbranch.obj (.text)
                  0000bfb1    00000007     board.obj (.text:ASysCtl_disableTemperatureSensor)
                  0000bfb8    00000007     device.obj (.text:ASysCtl_lockVREG)
                  0000bfbf    00000007     driverlib.lib : sysctl.obj (.text:SysCtl_resetMCD)
                  0000bfc6    00000007     device.obj (.text:__error__)
                  0000bfcd    00000007     board.obj (.text:myINPUTXBARINPUT0_init)
                  0000bfd4    00000007     board.obj (.text:myINPUTXBARINPUT1_init)
                  0000bfdb    00000006     inverter_uC_MMC.obj (.text:Interrupt_clearACKGroup)
                  0000bfe1    00000005     board.obj (.text:INPUTXBAR_init)
                  0000bfe6    00000005     board.obj (.text:XINT_init)
                  0000bfeb    00000003     board.obj (.text:ADC_init)
                  0000bfee    00000003     board.obj (.text:CAN_init)
                  0000bff1    00000003     board.obj (.text:CPUTIMER_init)
                  0000bff4    00000002     rts2800_fpu32_eabi.lib : pre_init.c.obj (.text)
                  0000bff6    00000001                            : startup.c.obj (.text)

.reset     0    003fffc0    00000000     DSECT

codestart 
*          0    00000000    00000002     
                  00000000    00000002     f28002x_codestartbranch.obj (codestart)

.bss       0    00000000    00000022     FAILED TO ALLOCATE
.stack     0    00000400    00000200     UNINITIALIZED
                  00000400    00000200     --HOLE--

.init_array 
*          0    00000128    00000000     UNINITIALIZED

.data      0    00000000    0000000e     FAILED TO ALLOCATE
.const     0    0000c000    00000568     
                  0000c000    000001e4     board.obj (.const:.string)
                  0000c1e4    00000110     inverter_uC_MMC.obj (.const:.string)
                  0000c2f4    0000009a     driverlib.lib : sysctl.obj (.const:.string)
                  0000c38e    00000098                   : gpio.obj (.const:.string)
                  0000c426    00000097                   : can.obj (.const:.string)
                  0000c4bd    00000001     --HOLE-- [fill = 0]
                  0000c4be    00000059     device.obj (.const:.string)
                  0000c517    00000001     --HOLE-- [fill = 0]
                  0000c518    00000050     driverlib.lib : cputimer.obj (.const:.string)

MODULE SUMMARY

       Module                        code   ro data   rw data
       ------                        ----   -------   -------
    .\
       inverter_uC_MMC.obj           1706   272       0      
    +--+-----------------------------+------+---------+---------+
       Total:                        1706   272       0      
                                                             
    .\device\
       device.obj                    271    89        0      
       f28002x_codestartbranch.obj   10     0         0      
    +--+-----------------------------+------+---------+---------+
       Total:                        281    89        0      
                                                             
    .\syscfg\
       board.obj                     3038   484       0      
    +--+-----------------------------+------+---------+---------+
       Total:                        3038   484       0      
                                                             
    C:/ti/c2000/C2000Ware_5_01_00_00/driverlib/f28002x/driverlib/ccs/Debug/driverlib.lib
       sysctl.obj                    1320   154       0      
       can.obj                       736    151       0      
       gpio.obj                      455    152       0      
       interrupt.obj                 214    0         0      
       cputimer.obj                  42     80        0      
       adc.obj                       32     0         0      
    +--+-----------------------------+------+---------+---------+
       Total:                        2799   537       0      
                                                             
    C:\ti\ccs1260\ccs\tools\compiler\ti-cgt-c2000_22.6.1.LTS\lib\rts2800_fpu32_eabi.lib
       fs_div28.asm.obj              136    0         0      
       copy_decompress_lzss.c.obj    48     0         0      
       autoinit.c.obj                43     0         0      
       exit.c.obj                    41     0         0      
       memcpy.c.obj                  29     0         0      
       boot28.asm.obj                23     0         0      
       copy_zero_init.c.obj          13     0         0      
       args_main.c.obj               12     0         0      
       _lock.c.obj                   9      0         0      
       copy_decompress_none.c.obj    8      0         0      
       pre_init.c.obj                2      0         0      
       startup.c.obj                 1      0         0      
    +--+-----------------------------+------+---------+---------+
       Total:                        365    0         0      
                                                             
       Stack:                        0      0         512    
       Linker Generated:             0      25        0      
    +--+-----------------------------+------+---------+---------+
       Grand Total:                  8189   1407      512    


LINKER GENERATED COPY TABLES

__TI_cinit_table @ 0000013e records: 2, size/record: 4, table size: 8
	.data: load addr=0000012c, load size=00000007 bytes, run addr=00000000, run size=0000000e bytes, compression=lzss
	.bss: load addr=0000013a, load size=00000004 bytes, run addr=00000000, run size=00000022 bytes, compression=zero_init


LINKER GENERATED HANDLER TABLE

__TI_handler_table @ 00000134 records: 3, size/record: 2, table size: 6
	index: 0, handler: __TI_zero_init
	index: 1, handler: __TI_decompress_lzss
	index: 2, handler: __TI_decompress_none


GLOBAL DATA SYMBOLS: SORTED BY DATA PAGE

address     data page           name
--------    ----------------    ----
00000000       0 (00000000)     __TI_enable_exit_profile_output
00000000       0 (00000000)     adc_raw_ntc1
00000001       0 (00000000)     adc_raw_ntc2
00000002       0 (00000000)     __TI_cleanup_ptr
00000002       0 (00000000)     adc_raw_iac1
00000003       0 (00000000)     adc_raw_iac2
00000004       0 (00000000)     __TI_dtors_ptr
00000004       0 (00000000)     adc_raw_fans
00000005       0 (00000000)     adc_raw_vdc1
00000006       0 (00000000)     adc_raw_vdc2
00000006       0 (00000000)     over_temp_thresh
00000007       0 (00000000)     adc_raw_vac1
00000007       0 (00000000)     errorFlag
00000008       0 (00000000)     adc_raw_vac2
00000008       0 (00000000)     txMsgSuccessful
0000000a       0 (00000000)     _lock
0000000a       0 (00000000)     epwm2Info
0000000c       0 (00000000)     _unlock
00000014       0 (00000000)     epwm3Info
0000001e       0 (00000000)     txMsgData

00000400      10 (00000400)     __stack


GLOBAL SYMBOLS: SORTED ALPHABETICALLY BY Name 

page  address   name                             
----  -------   ----                             
0     0000bfeb  ADC_init                         
0     0000b627  ADC_setOffsetTrimAll             
0     0000bf7e  ASYSCTL_init                     
0     0000b946  Board_init                       
0     0000b40d  C$$EXIT                          
0     0000ad45  CAN_clearInterruptStatus         
0     0000bfee  CAN_init                         
0     0000b7e7  CAN_initModule                   
0     0000aa73  CAN_readMessage                  
0     0000aa01  CAN_sendMessage                  
0     0000aba4  CAN_setBitTiming                 
0     0000a402  CAN_setupMessageObject           
0     0000bff1  CPUTIMER_init                    
0     0000bd42  CPUTimer_setEmulationMode        
0     0000bea7  CSIG1_in_init                    
0     0000be37  CSIG2_in_init                    
0     0000aad9  Device_enableAllPeripherals      
0     0000b1d7  Device_init                      
0     0000be47  Device_initGPIO                  
0     0000bb62  ENA_out_init                     
0     0000bb77  ENB_out_init                     
0     0000bf25  EN_in_XINT_init                  
0     0000be57  EN_in_init                       
0     0000a000  EPWM_init                        
0     0000bb8c  FAN_ctrl_out_init                
0     0000bf31  FLTN_in_XINT_init                
0     0000be67  FLTN_in_init                     
0     0000bd7b  GPIO_init                        
0     0000ad8b  GPIO_setAnalogMode               
0     0000b2a6  GPIO_setDirectionMode            
0     0000b0c5  GPIO_setInterruptPin             
0     0000ac5f  GPIO_setPadConfig                
0     0000b0fc  GPIO_setPinConfig                
0     0000b133  GPIO_setQualificationMode        
0     0000be87  GSYNC_in_init                    
0     0000bfe1  INPUTXBAR_init                   
0     0000acfc  INTERRUPT_init                   
0     0000bace  Interrupt_defaultHandler         
0     0000b16a  Interrupt_enable                 
0     0000bf60  Interrupt_illegalOperationHandler
0     0000af5e  Interrupt_initModule             
0     0000b6ff  Interrupt_initVectorTable        
0     0000bf6a  Interrupt_nmiHandler             
0     0000a5a4  PinMux_init                      
0     0000be97  RDY_out_init                     
0     0000bf74  SYNC_init                        
0     00000128  SysCtl_delay                     
0     0000ab3f  SysCtl_getClock                  
0     0000b92c  SysCtl_getLowSpeedClock          
0     0000a304  SysCtl_isPLLValid                
0     0000ae9e  SysCtl_selectOscSource           
0     0000af9b  SysCtl_selectXTAL                
0     0000b647  SysCtl_selectXTALSingleEnded     
0     0000a1e3  SysCtl_setClock                  
0     0000bfe6  XINT_init                        
0     0000013e  __TI_CINIT_Base                  
0     00000146  __TI_CINIT_Limit                 
0     00000146  __TI_CINIT_Warm                  
0     00000134  __TI_Handler_Table_Base          
0     0000013a  __TI_Handler_Table_Limit         
0     00000600  __TI_STACK_END                   
abs   00000200  __TI_STACK_SIZE                  
0     0000b364  __TI_auto_init_nobinit_nopinit   
0     00000002  __TI_cleanup_ptr                 
0     0000b2d7  __TI_decompress_lzss             
0     0000bfa1  __TI_decompress_none             
0     00000004  __TI_dtors_ptr                   
0     00000000  __TI_enable_exit_profile_output  
abs   ffffffff  __TI_pprof_out_hndl              
abs   ffffffff  __TI_prof_data_size              
abs   ffffffff  __TI_prof_data_start             
0     0000bf18  __TI_zero_init_nomemset          
0     0000a81d  __c28xabi_divf                   
n/a   UNDEFED   __c_args__                       
0     0000bfc6  __error__                        
0     00000400  __stack                          
0     0000bf49  _args_main                       
0     0000ba49  _c_int00                         
0     0000000a  _lock                            
0     0000bf98  _nop                             
0     0000bf94  _register_lock                   
0     0000bf90  _register_unlock                 
0     0000bff6  _system_post_cinit               
0     0000bff4  _system_pre_init                 
0     0000000c  _unlock                          
0     0000b40d  abort                            
0     0000a91a  adcA1ISR                         
0     00000004  adc_raw_fans                     
0     00000002  adc_raw_iac1                     
0     00000003  adc_raw_iac2                     
0     00000000  adc_raw_ntc1                     
0     00000001  adc_raw_ntc2                     
0     00000007  adc_raw_vac1                     
0     00000008  adc_raw_vac2                     
0     00000005  adc_raw_vdc1                     
0     00000006  adc_raw_vdc2                     
0     00000000  code_start                       
0     0000b242  epwm2ISR                         
0     0000000a  epwm2Info                        
0     0000b274  epwm3ISR                         
0     00000014  epwm3Info                        
0     00000007  errorFlag                        
0     0000b40f  exit                             
0     0000a6f6  fanctrlISR                       
0     0000afd8  gbl_enbl_ISR                     
0     0000b08b  gbl_flt_ISR                      
0     0000b3e3  initEPWM                         
0     0000bed4  initEPWM2                        
0     0000bee3  initEPWM3                        
0     0000a65a  main                             
0     0000b7ae  memcpy                           
0     0000a4dd  myADC0_init                      
0     0000a78d  myCAN0_0_ISR                     
0     0000b20d  myCAN0_1_ISR                     
0     0000ac08  myCAN0_init                      
0     0000b4ac  myCPUTIMER0_init                 
0     0000bfcd  myINPUTXBARINPUT0_init           
0     0000bfd4  myINPUTXBARINPUT1_init           
0     00000006  over_temp_thresh                 
0     0000001e  txMsgData                        
0     00000008  txMsgSuccessful                  


GLOBAL SYMBOLS: SORTED BY Symbol Address 

page  address   name                             
----  -------   ----                             
0     00000000  __TI_enable_exit_profile_output  
0     00000000  adc_raw_ntc1                     
0     00000000  code_start                       
0     00000001  adc_raw_ntc2                     
0     00000002  __TI_cleanup_ptr                 
0     00000002  adc_raw_iac1                     
0     00000003  adc_raw_iac2                     
0     00000004  __TI_dtors_ptr                   
0     00000004  adc_raw_fans                     
0     00000005  adc_raw_vdc1                     
0     00000006  adc_raw_vdc2                     
0     00000006  over_temp_thresh                 
0     00000007  adc_raw_vac1                     
0     00000007  errorFlag                        
0     00000008  adc_raw_vac2                     
0     00000008  txMsgSuccessful                  
0     0000000a  _lock                            
0     0000000a  epwm2Info                        
0     0000000c  _unlock                          
0     00000014  epwm3Info                        
0     0000001e  txMsgData                        
0     00000128  SysCtl_delay                     
0     00000134  __TI_Handler_Table_Base          
0     0000013a  __TI_Handler_Table_Limit         
0     0000013e  __TI_CINIT_Base                  
0     00000146  __TI_CINIT_Limit                 
0     00000146  __TI_CINIT_Warm                  
0     00000400  __stack                          
0     00000600  __TI_STACK_END                   
0     0000a000  EPWM_init                        
0     0000a1e3  SysCtl_setClock                  
0     0000a304  SysCtl_isPLLValid                
0     0000a402  CAN_setupMessageObject           
0     0000a4dd  myADC0_init                      
0     0000a5a4  PinMux_init                      
0     0000a65a  main                             
0     0000a6f6  fanctrlISR                       
0     0000a78d  myCAN0_0_ISR                     
0     0000a81d  __c28xabi_divf                   
0     0000a91a  adcA1ISR                         
0     0000aa01  CAN_sendMessage                  
0     0000aa73  CAN_readMessage                  
0     0000aad9  Device_enableAllPeripherals      
0     0000ab3f  SysCtl_getClock                  
0     0000aba4  CAN_setBitTiming                 
0     0000ac08  myCAN0_init                      
0     0000ac5f  GPIO_setPadConfig                
0     0000acfc  INTERRUPT_init                   
0     0000ad45  CAN_clearInterruptStatus         
0     0000ad8b  GPIO_setAnalogMode               
0     0000ae9e  SysCtl_selectOscSource           
0     0000af5e  Interrupt_initModule             
0     0000af9b  SysCtl_selectXTAL                
0     0000afd8  gbl_enbl_ISR                     
0     0000b08b  gbl_flt_ISR                      
0     0000b0c5  GPIO_setInterruptPin             
0     0000b0fc  GPIO_setPinConfig                
0     0000b133  GPIO_setQualificationMode        
0     0000b16a  Interrupt_enable                 
0     0000b1d7  Device_init                      
0     0000b20d  myCAN0_1_ISR                     
0     0000b242  epwm2ISR                         
0     0000b274  epwm3ISR                         
0     0000b2a6  GPIO_setDirectionMode            
0     0000b2d7  __TI_decompress_lzss             
0     0000b364  __TI_auto_init_nobinit_nopinit   
0     0000b3e3  initEPWM                         
0     0000b40d  C$$EXIT                          
0     0000b40d  abort                            
0     0000b40f  exit                             
0     0000b4ac  myCPUTIMER0_init                 
0     0000b627  ADC_setOffsetTrimAll             
0     0000b647  SysCtl_selectXTALSingleEnded     
0     0000b6ff  Interrupt_initVectorTable        
0     0000b7ae  memcpy                           
0     0000b7e7  CAN_initModule                   
0     0000b92c  SysCtl_getLowSpeedClock          
0     0000b946  Board_init                       
0     0000ba49  _c_int00                         
0     0000bace  Interrupt_defaultHandler         
0     0000bb62  ENA_out_init                     
0     0000bb77  ENB_out_init                     
0     0000bb8c  FAN_ctrl_out_init                
0     0000bd42  CPUTimer_setEmulationMode        
0     0000bd7b  GPIO_init                        
0     0000be37  CSIG2_in_init                    
0     0000be47  Device_initGPIO                  
0     0000be57  EN_in_init                       
0     0000be67  FLTN_in_init                     
0     0000be87  GSYNC_in_init                    
0     0000be97  RDY_out_init                     
0     0000bea7  CSIG1_in_init                    
0     0000bed4  initEPWM2                        
0     0000bee3  initEPWM3                        
0     0000bf18  __TI_zero_init_nomemset          
0     0000bf25  EN_in_XINT_init                  
0     0000bf31  FLTN_in_XINT_init                
0     0000bf49  _args_main                       
0     0000bf60  Interrupt_illegalOperationHandler
0     0000bf6a  Interrupt_nmiHandler             
0     0000bf74  SYNC_init                        
0     0000bf7e  ASYSCTL_init                     
0     0000bf90  _register_unlock                 
0     0000bf94  _register_lock                   
0     0000bf98  _nop                             
0     0000bfa1  __TI_decompress_none             
0     0000bfc6  __error__                        
0     0000bfcd  myINPUTXBARINPUT0_init           
0     0000bfd4  myINPUTXBARINPUT1_init           
0     0000bfe1  INPUTXBAR_init                   
0     0000bfe6  XINT_init                        
0     0000bfeb  ADC_init                         
0     0000bfee  CAN_init                         
0     0000bff1  CPUTIMER_init                    
0     0000bff4  _system_pre_init                 
0     0000bff6  _system_post_cinit               
abs   00000200  __TI_STACK_SIZE                  
abs   ffffffff  __TI_pprof_out_hndl              
abs   ffffffff  __TI_prof_data_size              
abs   ffffffff  __TI_prof_data_start             
n/a   UNDEFED   __c_args__                       

[121 symbols]
