******************************************************************************
             TMS320C2000 Linker PC v22.6.1                     
******************************************************************************
>> Linked Sun Oct 13 21:18:10 2024

OUTPUT FILE NAME:   <inverter_uC_MMC.out>
ENTRY POINT SYMBOL: "code_start"  address: 00000000


MEMORY CONFIGURATION

         name            origin    length      used     unused   attr    fill
----------------------  --------  ---------  --------  --------  ----  --------
  BEGIN                 00000000   00000002  00000002  00000000  RWIX
  BOOT_RSVD             00000002   00000126  00000000  00000126  RWIX
  RAMM0                 00000128   000002d8  0000013d  0000019b  RWIX
  RAMM1                 00000400   000003f8  00000200  000001f8  RWIX
  RAMLS4567             0000a000   00002000  00000030  00001fd0  RWIX
  RAMGS0                0000c000   000007f8  00000604  000001f4  RWIX
  BOOTROM               003f0000   00008000  00000000  00008000  RWIX
  BOOTROM_EXT           003f8000   00007fc0  00000000  00007fc0  RWIX
  RESET                 003fffc0   00000002  00000000  00000002  RWIX


SECTION ALLOCATION MAP

 output                                  attributes/
section   page    origin      length       input sections
--------  ----  ----------  ----------   ----------------
.text      0    00000000    00002016     FAILED TO ALLOCATE
.TI.ramfunc 
*          0    00000128    00000123     
                  00000128    0000003f     driverlib.lib : flash.obj (.TI.ramfunc:Flash_initModule)
                  00000167    0000002c                   : flash.obj (.TI.ramfunc:Flash_setBankPowerMode)
                  00000193    00000023                   : flash.obj (.TI.ramfunc:Flash_setWaitstates)
                  000001b6    0000001d                   : flash.obj (.TI.ramfunc:Flash_setPumpPowerMode)
                  000001d3    00000018                   : flash.obj (.TI.ramfunc:Flash_disableCache)
                  000001eb    00000018                   : flash.obj (.TI.ramfunc:Flash_disablePrefetch)
                  00000203    00000017                   : flash.obj (.TI.ramfunc:Flash_enableCache)
                  0000021a    00000017                   : flash.obj (.TI.ramfunc:Flash_enablePrefetch)
                  00000231    00000016                   : flash.obj (.TI.ramfunc:Flash_enableECC)
                  00000247    00000004                   : sysctl.obj (.TI.ramfunc)

.cinit     0    0000024c    0000001a     
                  0000024c    00000007     (.cinit..data.load) [load image, compression = lzss]
                  00000253    00000001     --HOLE-- [fill = 0]
                  00000254    00000006     (__TI_handler_table)
                  0000025a    00000004     (.cinit..bss.load) [load image, compression = zero_init]
                  0000025e    00000008     (__TI_cinit_table)

.reset     0    003fffc0    00000000     DSECT

codestart 
*          0    00000000    00000002     
                  00000000    00000002     f28002x_codestartbranch.obj (codestart)

.stack     0    00000400    00000200     UNINITIALIZED
                  00000400    00000200     --HOLE--

.bss       0    0000a000    00000022     UNINITIALIZED
                  0000a000    0000001e     inverter_uC_MMC.obj (.bss)
                  0000a01e    00000004     inverter_uC_MMC.obj (.bss:txMsgData)

.init_array 
*          0    00000128    00000000     UNINITIALIZED

.data      0    0000a022    0000000e     UNINITIALIZED
                  0000a022    00000006     rts2800_fpu32_eabi.lib : exit.c.obj (.data)
                  0000a028    00000003     inverter_uC_MMC.obj (.data)
                  0000a02b    00000001     --HOLE--
                  0000a02c    00000002     rts2800_fpu32_eabi.lib : _lock.c.obj (.data:_lock)
                  0000a02e    00000002                            : _lock.c.obj (.data:_unlock)

.const     0    0000c000    00000604     
                  0000c000    000001e4     board.obj (.const:.string)
                  0000c1e4    00000110     inverter_uC_MMC.obj (.const:.string)
                  0000c2f4    0000009b     driverlib.lib : flash.obj (.const:.string)
                  0000c38f    00000001     --HOLE-- [fill = 0]
                  0000c390    0000009a                   : sysctl.obj (.const:.string)
                  0000c42a    00000098                   : gpio.obj (.const:.string)
                  0000c4c2    00000097                   : can.obj (.const:.string)
                  0000c559    00000001     --HOLE-- [fill = 0]
                  0000c55a    00000059     device.obj (.const:.string)
                  0000c5b3    00000001     --HOLE-- [fill = 0]
                  0000c5b4    00000050     driverlib.lib : cputimer.obj (.const:.string)

MODULE SUMMARY

       Module                        code   ro data   rw data
       ------                        ----   -------   -------
    .\
       inverter_uC_MMC.obj           0      272       37     
    +--+-----------------------------+------+---------+---------+
       Total:                        0      272       37     
                                                             
    .\device\
       device.obj                    0      89        0      
       f28002x_codestartbranch.obj   2      0         0      
    +--+-----------------------------+------+---------+---------+
       Total:                        2      89        0      
                                                             
    .\syscfg\
       board.obj                     0      484       0      
    +--+-----------------------------+------+---------+---------+
       Total:                        0      484       0      
                                                             
    C:/ti/c2000/C2000Ware_5_01_00_00/driverlib/f28002x/driverlib/ccs/Debug/driverlib.lib
       flash.obj                     287    155       0      
       sysctl.obj                    4      154       0      
       gpio.obj                      0      152       0      
       can.obj                       0      151       0      
       cputimer.obj                  0      80        0      
    +--+-----------------------------+------+---------+---------+
       Total:                        291    692       0      
                                                             
    C:\ti\ccs1260\ccs\tools\compiler\ti-cgt-c2000_22.6.1.LTS\lib\rts2800_fpu32_eabi.lib
       exit.c.obj                    0      0         6      
       _lock.c.obj                   0      0         4      
    +--+-----------------------------+------+---------+---------+
       Total:                        0      0         10     
                                                             
       Stack:                        0      0         512    
       Linker Generated:             0      25        0      
    +--+-----------------------------+------+---------+---------+
       Grand Total:                  293    1562      559    


LINKER GENERATED COPY TABLES

__TI_cinit_table @ 0000025e records: 2, size/record: 4, table size: 8
	.data: load addr=0000024c, load size=00000007 bytes, run addr=0000a022, run size=0000000e bytes, compression=lzss
	.bss: load addr=0000025a, load size=00000004 bytes, run addr=0000a000, run size=00000022 bytes, compression=zero_init


LINKER GENERATED HANDLER TABLE

__TI_handler_table @ 00000254 records: 3, size/record: 2, table size: 6
	index: 0, handler: __TI_zero_init
	index: 1, handler: __TI_decompress_lzss
	index: 2, handler: __TI_decompress_none


GLOBAL DATA SYMBOLS: SORTED BY DATA PAGE

address     data page           name
--------    ----------------    ----
00000400      10 (00000400)     __stack

0000a000     280 (0000a000)     adc_raw_ntc1
0000a001     280 (0000a000)     adc_raw_ntc2
0000a002     280 (0000a000)     adc_raw_iac1
0000a003     280 (0000a000)     adc_raw_iac2
0000a004     280 (0000a000)     adc_raw_fans
0000a005     280 (0000a000)     adc_raw_vdc1
0000a006     280 (0000a000)     adc_raw_vdc2
0000a007     280 (0000a000)     adc_raw_vac1
0000a008     280 (0000a000)     adc_raw_vac2
0000a00a     280 (0000a000)     epwm2Info
0000a014     280 (0000a000)     epwm3Info
0000a01e     280 (0000a000)     txMsgData
0000a022     280 (0000a000)     __TI_enable_exit_profile_output
0000a024     280 (0000a000)     __TI_cleanup_ptr
0000a026     280 (0000a000)     __TI_dtors_ptr
0000a028     280 (0000a000)     over_temp_thresh
0000a029     280 (0000a000)     errorFlag
0000a02a     280 (0000a000)     txMsgSuccessful
0000a02c     280 (0000a000)     _lock
0000a02e     280 (0000a000)     _unlock


GLOBAL SYMBOLS: SORTED ALPHABETICALLY BY Name 

page  address   name                             
----  -------   ----                             
0     0000200a  ADC_init                         
0     0000163a  ADC_setOffsetTrimAll             
0     00001f9d  ASYSCTL_init                     
0     00001959  Board_init                       
0     00001420  C$$EXIT                          
0     00000d8e  CAN_clearInterruptStatus         
0     0000200d  CAN_init                         
0     000017fa  CAN_initModule                   
0     00000a73  CAN_readMessage                  
0     00000a01  CAN_sendMessage                  
0     00000ba4  CAN_setBitTiming                 
0     00000402  CAN_setupMessageObject           
0     00002010  CPUTIMER_init                    
0     00001d41  CPUTimer_setEmulationMode        
0     00001ec6  CSIG1_in_init                    
0     00001e36  CSIG2_in_init                    
0     00000ad9  Device_enableAllPeripherals      
0     00000cfc  Device_init                      
0     00001e46  Device_initGPIO                  
0     00001b75  ENA_out_init                     
0     00001b8a  ENB_out_init                     
0     00001f44  EN_in_XINT_init                  
0     00001e56  EN_in_init                       
0     00000000  EPWM_init                        
0     00001b9f  FAN_ctrl_out_init                
0     00001f50  FLTN_in_XINT_init                
0     00001e66  FLTN_in_init                     
0     00000128  Flash_initModule                 
0     00001d7a  GPIO_init                        
0     00000dd4  GPIO_setAnalogMode               
0     000012b9  GPIO_setDirectionMode            
0     0000110e  GPIO_setInterruptPin             
0     00000c5f  GPIO_setPadConfig                
0     00001145  GPIO_setPinConfig                
0     0000117c  GPIO_setQualificationMode        
0     00001ea6  GSYNC_in_init                    
0     00002000  INPUTXBAR_init                   
0     00000d45  INTERRUPT_init                   
0     00001ae1  Interrupt_defaultHandler         
0     000011b3  Interrupt_enable                 
0     00001f7f  Interrupt_illegalOperationHandler
0     00000fa7  Interrupt_initModule             
0     00001712  Interrupt_initVectorTable        
0     00001f89  Interrupt_nmiHandler             
0     000005a4  PinMux_init                      
0     00001eb6  RDY_out_init                     
n/a   UNDEFED   RamfuncsLoadSize                 
n/a   UNDEFED   RamfuncsLoadStart                
n/a   UNDEFED   RamfuncsRunStart                 
0     00001f93  SYNC_init                        
0     00000247  SysCtl_delay                     
0     00000b3f  SysCtl_getClock                  
0     0000193f  SysCtl_getLowSpeedClock          
0     00000304  SysCtl_isPLLValid                
0     00000ee7  SysCtl_selectOscSource           
0     00000fe4  SysCtl_selectXTAL                
0     0000165a  SysCtl_selectXTALSingleEnded     
0     000001e3  SysCtl_setClock                  
0     00002005  XINT_init                        
0     0000025e  __TI_CINIT_Base                  
0     00000266  __TI_CINIT_Limit                 
0     00000266  __TI_CINIT_Warm                  
0     00000254  __TI_Handler_Table_Base          
0     0000025a  __TI_Handler_Table_Limit         
0     00000600  __TI_STACK_END                   
abs   00000200  __TI_STACK_SIZE                  
0     00001377  __TI_auto_init_nobinit_nopinit   
0     0000a024  __TI_cleanup_ptr                 
0     000012ea  __TI_decompress_lzss             
0     00001fc0  __TI_decompress_none             
0     0000a026  __TI_dtors_ptr                   
0     0000a022  __TI_enable_exit_profile_output  
abs   ffffffff  __TI_pprof_out_hndl              
abs   ffffffff  __TI_prof_data_size              
abs   ffffffff  __TI_prof_data_start             
0     00001f37  __TI_zero_init_nomemset          
0     0000081d  __c28xabi_divf                   
n/a   UNDEFED   __c_args__                       
0     00001fe5  __error__                        
0     00000400  __stack                          
0     00001f68  _args_main                       
0     00001a5c  _c_int00                         
0     0000a02c  _lock                            
0     00001fb7  _nop                             
0     00001fb3  _register_lock                   
0     00001faf  _register_unlock                 
0     00002015  _system_post_cinit               
0     00002013  _system_pre_init                 
0     0000a02e  _unlock                          
0     00001420  abort                            
0     0000091a  adcA1ISR                         
0     0000a004  adc_raw_fans                     
0     0000a002  adc_raw_iac1                     
0     0000a003  adc_raw_iac2                     
0     0000a000  adc_raw_ntc1                     
0     0000a001  adc_raw_ntc2                     
0     0000a007  adc_raw_vac1                     
0     0000a008  adc_raw_vac2                     
0     0000a005  adc_raw_vdc1                     
0     0000a006  adc_raw_vdc2                     
0     00000000  code_start                       
0     00001255  epwm2ISR                         
0     0000a00a  epwm2Info                        
0     00001287  epwm3ISR                         
0     0000a014  epwm3Info                        
0     0000a029  errorFlag                        
0     00001422  exit                             
0     000006f6  fanctrlISR                       
0     00001021  gbl_enbl_ISR                     
0     000010d4  gbl_flt_ISR                      
0     000013f6  initEPWM                         
0     00001ef3  initEPWM2                        
0     00001f02  initEPWM3                        
0     0000065a  main                             
0     000017c1  memcpy                           
0     000004dd  myADC0_init                      
0     0000078d  myCAN0_0_ISR                     
0     00001220  myCAN0_1_ISR                     
0     00000c08  myCAN0_init                      
0     000014bf  myCPUTIMER0_init                 
0     00001fec  myINPUTXBARINPUT0_init           
0     00001ff3  myINPUTXBARINPUT1_init           
0     0000a028  over_temp_thresh                 
0     0000a01e  txMsgData                        
0     0000a02a  txMsgSuccessful                  


GLOBAL SYMBOLS: SORTED BY Symbol Address 

page  address   name                             
----  -------   ----                             
0     00000000  EPWM_init                        
0     00000000  code_start                       
0     00000128  Flash_initModule                 
0     000001e3  SysCtl_setClock                  
0     00000247  SysCtl_delay                     
0     00000254  __TI_Handler_Table_Base          
0     0000025a  __TI_Handler_Table_Limit         
0     0000025e  __TI_CINIT_Base                  
0     00000266  __TI_CINIT_Limit                 
0     00000266  __TI_CINIT_Warm                  
0     00000304  SysCtl_isPLLValid                
0     00000400  __stack                          
0     00000402  CAN_setupMessageObject           
0     000004dd  myADC0_init                      
0     000005a4  PinMux_init                      
0     00000600  __TI_STACK_END                   
0     0000065a  main                             
0     000006f6  fanctrlISR                       
0     0000078d  myCAN0_0_ISR                     
0     0000081d  __c28xabi_divf                   
0     0000091a  adcA1ISR                         
0     00000a01  CAN_sendMessage                  
0     00000a73  CAN_readMessage                  
0     00000ad9  Device_enableAllPeripherals      
0     00000b3f  SysCtl_getClock                  
0     00000ba4  CAN_setBitTiming                 
0     00000c08  myCAN0_init                      
0     00000c5f  GPIO_setPadConfig                
0     00000cfc  Device_init                      
0     00000d45  INTERRUPT_init                   
0     00000d8e  CAN_clearInterruptStatus         
0     00000dd4  GPIO_setAnalogMode               
0     00000ee7  SysCtl_selectOscSource           
0     00000fa7  Interrupt_initModule             
0     00000fe4  SysCtl_selectXTAL                
0     00001021  gbl_enbl_ISR                     
0     000010d4  gbl_flt_ISR                      
0     0000110e  GPIO_setInterruptPin             
0     00001145  GPIO_setPinConfig                
0     0000117c  GPIO_setQualificationMode        
0     000011b3  Interrupt_enable                 
0     00001220  myCAN0_1_ISR                     
0     00001255  epwm2ISR                         
0     00001287  epwm3ISR                         
0     000012b9  GPIO_setDirectionMode            
0     000012ea  __TI_decompress_lzss             
0     00001377  __TI_auto_init_nobinit_nopinit   
0     000013f6  initEPWM                         
0     00001420  C$$EXIT                          
0     00001420  abort                            
0     00001422  exit                             
0     000014bf  myCPUTIMER0_init                 
0     0000163a  ADC_setOffsetTrimAll             
0     0000165a  SysCtl_selectXTALSingleEnded     
0     00001712  Interrupt_initVectorTable        
0     000017c1  memcpy                           
0     000017fa  CAN_initModule                   
0     0000193f  SysCtl_getLowSpeedClock          
0     00001959  Board_init                       
0     00001a5c  _c_int00                         
0     00001ae1  Interrupt_defaultHandler         
0     00001b75  ENA_out_init                     
0     00001b8a  ENB_out_init                     
0     00001b9f  FAN_ctrl_out_init                
0     00001d41  CPUTimer_setEmulationMode        
0     00001d7a  GPIO_init                        
0     00001e36  CSIG2_in_init                    
0     00001e46  Device_initGPIO                  
0     00001e56  EN_in_init                       
0     00001e66  FLTN_in_init                     
0     00001ea6  GSYNC_in_init                    
0     00001eb6  RDY_out_init                     
0     00001ec6  CSIG1_in_init                    
0     00001ef3  initEPWM2                        
0     00001f02  initEPWM3                        
0     00001f37  __TI_zero_init_nomemset          
0     00001f44  EN_in_XINT_init                  
0     00001f50  FLTN_in_XINT_init                
0     00001f68  _args_main                       
0     00001f7f  Interrupt_illegalOperationHandler
0     00001f89  Interrupt_nmiHandler             
0     00001f93  SYNC_init                        
0     00001f9d  ASYSCTL_init                     
0     00001faf  _register_unlock                 
0     00001fb3  _register_lock                   
0     00001fb7  _nop                             
0     00001fc0  __TI_decompress_none             
0     00001fe5  __error__                        
0     00001fec  myINPUTXBARINPUT0_init           
0     00001ff3  myINPUTXBARINPUT1_init           
0     00002000  INPUTXBAR_init                   
0     00002005  XINT_init                        
0     0000200a  ADC_init                         
0     0000200d  CAN_init                         
0     00002010  CPUTIMER_init                    
0     00002013  _system_pre_init                 
0     00002015  _system_post_cinit               
0     0000a000  adc_raw_ntc1                     
0     0000a001  adc_raw_ntc2                     
0     0000a002  adc_raw_iac1                     
0     0000a003  adc_raw_iac2                     
0     0000a004  adc_raw_fans                     
0     0000a005  adc_raw_vdc1                     
0     0000a006  adc_raw_vdc2                     
0     0000a007  adc_raw_vac1                     
0     0000a008  adc_raw_vac2                     
0     0000a00a  epwm2Info                        
0     0000a014  epwm3Info                        
0     0000a01e  txMsgData                        
0     0000a022  __TI_enable_exit_profile_output  
0     0000a024  __TI_cleanup_ptr                 
0     0000a026  __TI_dtors_ptr                   
0     0000a028  over_temp_thresh                 
0     0000a029  errorFlag                        
0     0000a02a  txMsgSuccessful                  
0     0000a02c  _lock                            
0     0000a02e  _unlock                          
abs   00000200  __TI_STACK_SIZE                  
abs   ffffffff  __TI_pprof_out_hndl              
abs   ffffffff  __TI_prof_data_size              
abs   ffffffff  __TI_prof_data_start             
n/a   UNDEFED   RamfuncsLoadSize                 
n/a   UNDEFED   RamfuncsLoadStart                
n/a   UNDEFED   RamfuncsRunStart                 
n/a   UNDEFED   __c_args__                       

[125 symbols]
