******************************************************************************
             TMS320C2000 Linker PC v22.6.1                     
******************************************************************************
>> Linked Fri Aug 16 11:08:04 2024

OUTPUT FILE NAME:   <inverter_uC_MMC.out>
ENTRY POINT SYMBOL: "code_start"  address: 00080000


MEMORY CONFIGURATION

         name            origin    length      used     unused   attr    fill
----------------------  --------  ---------  --------  --------  ----  --------
  BOOT_RSVD             00000002   00000126  00000000  00000126  RWIX
  RAMM0                 00000128   000002d8  00000000  000002d8  RWIX
  RAMM1                 00000400   000003f8  00000200  000001f8  RWIX
  RAMLS4567             0000a000   00002000  00000030  00001fd0  RWIX
  RAMGS0                0000c000   000007f8  00000123  000006d5  RWIX
  BEGIN                 00080000   00000002  00000002  00000000  RWIX
  FLASH_BANK0_SEC0      00080002   00000ffe  00000000  00000ffe  RWIX
  FLASH_BANK0_SEC1      00081000   00001000  00000743  000008bd  RWIX
  FLASH_BANK0_SEC2      00082000   00001000  00001000  00000000  RWIX
  FLASH_BANK0_SEC3      00083000   00001000  00001000  00000000  RWIX
  FLASH_BANK0_SEC4      00084000   00001000  00000080  00000f80  RWIX
  FLASH_BANK0_SEC5      00085000   00001000  00000000  00001000  RWIX
  FLASH_BANK0_SEC6      00086000   00001000  00000000  00001000  RWIX
  FLASH_BANK0_SEC7      00087000   00000ff0  00000000  00000ff0  RWIX
  FLASH_BANK0_SEC7_DO_N 00087ff0   00000010  00000000  00000010  RWIX
  BOOTROM               003f0000   00008000  00000000  00008000  RWIX
  BOOTROM_EXT           003f8000   00007fc0  00000000  00007fc0  RWIX
  RESET                 003fffc0   00000002  00000000  00000002  RWIX


SECTION ALLOCATION MAP

 output                                  attributes/
section   page    origin      length       input sections
--------  ----  ----------  ----------   ----------------
codestart 
*          0    00080000    00000002     
                  00080000    00000002     f28002x_codestartbranch.obj (codestart)

.cinit     0    00081730    0000001c     
                  00081730    0000000a     (.cinit..data.load) [load image, compression = lzss]
                  0008173a    00000006     (__TI_handler_table)
                  00081740    00000004     (.cinit..bss.load) [load image, compression = zero_init]
                  00081744    00000008     (__TI_cinit_table)

.reset     0    003fffc0    00000000     DSECT

.stack     0    00000400    00000200     UNINITIALIZED
                  00000400    00000200     --HOLE--

.init_array 
*          0    00081000    00000000     UNINITIALIZED

.bss       0    0000a000    00000022     UNINITIALIZED
                  0000a000    0000001e     inverter_uC_MMC.obj (.bss)
                  0000a01e    00000004     inverter_uC_MMC.obj (.bss:txMsgData)

.data      0    0000a022    0000000e     UNINITIALIZED
                  0000a022    00000006     rts2800_fpu32_eabi.lib : exit.c.obj (.data)
                  0000a028    00000003     inverter_uC_MMC.obj (.data)
                  0000a02b    00000001     --HOLE--
                  0000a02c    00000002     rts2800_fpu32_eabi.lib : _lock.c.obj (.data:_lock)
                  0000a02e    00000002                            : _lock.c.obj (.data:_unlock)

.const     0    00081000    00000604     
                  00081000    000001e4     board.obj (.const:.string)
                  000811e4    00000110     inverter_uC_MMC.obj (.const:.string)
                  000812f4    0000009b     driverlib.lib : flash.obj (.const:.string)
                  0008138f    00000001     --HOLE-- [fill = 0]
                  00081390    0000009a                   : sysctl.obj (.const:.string)
                  0008142a    00000098                   : gpio.obj (.const:.string)
                  000814c2    00000097                   : can.obj (.const:.string)
                  00081559    00000001     --HOLE-- [fill = 0]
                  0008155a    00000059     device.obj (.const:.string)
                  000815b3    00000001     --HOLE-- [fill = 0]
                  000815b4    00000050     driverlib.lib : cputimer.obj (.const:.string)

.TI.ramfunc 
*          0    00081608    00000123     RUN ADDR = 0000c000
                  00081608    0000003f     driverlib.lib : flash.obj (.TI.ramfunc:Flash_initModule)
                  00081647    0000002c                   : flash.obj (.TI.ramfunc:Flash_setBankPowerMode)
                  00081673    00000023                   : flash.obj (.TI.ramfunc:Flash_setWaitstates)
                  00081696    0000001d                   : flash.obj (.TI.ramfunc:Flash_setPumpPowerMode)
                  000816b3    00000018                   : flash.obj (.TI.ramfunc:Flash_disableCache)
                  000816cb    00000018                   : flash.obj (.TI.ramfunc:Flash_disablePrefetch)
                  000816e3    00000017                   : flash.obj (.TI.ramfunc:Flash_enableCache)
                  000816fa    00000017                   : flash.obj (.TI.ramfunc:Flash_enablePrefetch)
                  00081711    00000016                   : flash.obj (.TI.ramfunc:Flash_enableECC)
                  00081727    00000004                   : sysctl.obj (.TI.ramfunc)

.TI.memcrc 
*          0    00000000    00000042     COPY SECTION
                  00000000    00000042     (.TI.memcrc:_ccs_flash_checksum)

.text.1    0    00082000    00001000     
                  00082000    000001e3     board.obj (.text:EPWM_init)
                  000821e3    00000121     driverlib.lib : sysctl.obj (.text:SysCtl_setClock)
                  00082304    000000fe                   : sysctl.obj (.text:SysCtl_isPLLValid)
                  00082402    000000db                   : can.obj (.text:CAN_setupMessageObject)
                  000824dd    000000c7     board.obj (.text:myADC0_init)
                  000825a4    000000b6     board.obj (.text:PinMux_init)
                  0008265a    0000009c     inverter_uC_MMC.obj (.text:main)
                  000826f6    00000097     inverter_uC_MMC.obj (.text:fanctrlISR)
                  0008278d    00000090     inverter_uC_MMC.obj (.text:myCAN0_0_ISR)
                  0008281d    00000088     rts2800_fpu32_eabi.lib : fs_div28.asm.obj (.text)
                  000828a5    00000075     inverter_uC_MMC.obj (.text:EPWM_setADCTriggerSource)
                  0008291a    00000074     inverter_uC_MMC.obj (.text:adcA1ISR)
                  0008298e    00000073     driverlib.lib : sysctl.obj (.text:DCC_setCounterSeeds)
                  00082a01    00000072                   : can.obj (.text:CAN_sendMessage)
                  00082a73    00000066                   : can.obj (.text:CAN_readMessage)
                  00082ad9    00000066     device.obj (.text:Device_enableAllPeripherals)
                  00082b3f    00000065     driverlib.lib : sysctl.obj (.text:SysCtl_getClock)
                  00082ba4    00000064                   : can.obj (.text:CAN_setBitTiming)
                  00082c08    00000057     board.obj (.text:myCAN0_init)
                  00082c5f    00000052     driverlib.lib : gpio.obj (.text:GPIO_setPadConfig)
                  00082cb1    0000004b     board.obj (.text:EPWM_setInterruptSource)
                  00082cfc    00000049     device.obj (.text:Device_init)
                  00082d45    00000049     board.obj (.text:INTERRUPT_init)
                  00082d8e    00000046     driverlib.lib : can.obj (.text:CAN_clearInterruptStatus)
                  00082dd4    00000046                   : gpio.obj (.text:GPIO_setAnalogMode)
                  00082e1a    00000045                   : sysctl.obj (.text:SysCtl_pollX1Counter)
                  00082e5f    00000044     board.obj (.text:GPIO_writePin)
                  00082ea3    00000044     inverter_uC_MMC.obj (.text:GPIO_writePin)
                  00082ee7    00000042     driverlib.lib : sysctl.obj (.text:SysCtl_selectOscSource)
                  00082f29    00000040     board.obj (.text:EPWM_setActionQualifierAction)
                  00082f69    00000040     inverter_uC_MMC.obj (.text:updateCompare)
                  00082fa9    0000003e     board.obj (.text:EPWM_setCounterCompareShadowLoadMode)
                  00082fe7    00000019     board.obj (.text:Board_init)

.text.2    0    00083000    00001000     
                  00083000    0000003d     driverlib.lib : interrupt.obj (.text:Interrupt_initModule)
                  0008303d    0000003d                   : sysctl.obj (.text:SysCtl_selectXTAL)
                  0008307a    0000003d     inverter_uC_MMC.obj (.text:gbl_enbl_ISR)
                  000830b7    0000003c     inverter_uC_MMC.obj (.text:GPIO_readPin)
                  000830f3    0000003a     inverter_uC_MMC.obj (.text:EPWM_setADCTriggerEventPrescale)
                  0008312d    0000003a     inverter_uC_MMC.obj (.text:gbl_flt_ISR)
                  00083167    00000037     driverlib.lib : gpio.obj (.text:GPIO_setInterruptPin)
                  0008319e    00000037                   : gpio.obj (.text:GPIO_setPinConfig)
                  000831d5    00000037                   : gpio.obj (.text:GPIO_setQualificationMode)
                  0008320c    00000037                   : interrupt.obj (.text:Interrupt_enable)
                  00083243    00000036     board.obj (.text:ADC_setupSOC)
                  00083279    00000036     inverter_uC_MMC.obj (.text:epwm2ISR)
                  000832af    00000036     inverter_uC_MMC.obj (.text:epwm3ISR)
                  000832e5    00000035     inverter_uC_MMC.obj (.text:myCAN0_1_ISR)
                  0008331a    00000031     driverlib.lib : gpio.obj (.text:GPIO_setDirectionMode)
                  0008334b    00000030     rts2800_fpu32_eabi.lib : copy_decompress_lzss.c.obj (.text:decompress:lzss)
                  0008337b    0000002f     board.obj (.text:ADC_setInterruptSource)
                  000833aa    0000002e     board.obj (.text:ADC_setInterruptSOCTrigger)
                  000833d8    0000002b     rts2800_fpu32_eabi.lib : autoinit.c.obj (.text:__TI_auto_init_nobinit_nopinit)
                  00083403    0000002a     board.obj (.text:XBAR_setInputPin)
                  0008342d    0000002a     driverlib.lib : gpio.obj (.text:XBAR_setInputPin)
                  00083457    0000002a     inverter_uC_MMC.obj (.text:initEPWM)
                  00083481    00000029     rts2800_fpu32_eabi.lib : exit.c.obj (.text)
                  000834aa    00000028     board.obj (.text:EPWM_setInterruptEventCount)
                  000834d2    00000027     board.obj (.text:EPWM_isBaseValid)
                  000834f9    00000027     inverter_uC_MMC.obj (.text:EPWM_isBaseValid)
                  00083520    00000025     board.obj (.text:myCPUTIMER0_init)
                  00083545    00000024     driverlib.lib : sysctl.obj (.text:DCC_enableSingleShotMode)
                  00083569    00000024     board.obj (.text:EPWM_disableCounterCompareShadowLoadMode)
                  0008358d    00000024     board.obj (.text:EPWM_setupEPWMLinks)
                  000835b1    00000022     board.obj (.text:CAN_enableInterrupt)
                  000835d3    00000022     driverlib.lib : can.obj (.text:CAN_writeDataReg)
                  000835f5    00000022     inverter_uC_MMC.obj (.text:EPWM_getCounterCompareValue)
                  00083617    00000022     board.obj (.text:EPWM_setCounterCompareValue)
                  00083639    00000022     inverter_uC_MMC.obj (.text:EPWM_setCounterCompareValue)
                  0008365b    00000021     board.obj (.text:ADC_disableContinuousMode)
                  0008367c    00000021     board.obj (.text:EPWM_enableGlobalLoadRegisters)
                  0008369d    00000020     board.obj (.text:ADC_enableInterrupt)
                  000836bd    00000020     driverlib.lib : adc.obj (.text:ADC_setOffsetTrimAll)
                  000836dd    00000020                   : sysctl.obj (.text:SysCtl_selectXTALSingleEnded)
                  000836fd    0000001f     board.obj (.text:EPWM_setFallingEdgeDelayCountShadowLoadMode)
                  0008371c    0000001f     board.obj (.text:EPWM_setRisingEdgeDelayCountShadowLoadMode)
                  0008373b    0000001e     driverlib.lib : sysctl.obj (.text:DCC_setCounter0ClkSource)
                  00083759    0000001e                   : sysctl.obj (.text:DCC_setCounter1ClkSource)
                  00083777    0000001e     board.obj (.text:EPWM_setPhaseShift)
                  00083795    0000001e     driverlib.lib : interrupt.obj (.text:Interrupt_initVectorTable)
                  000837b3    0000001d     inverter_uC_MMC.obj (.text:ADC_getInterruptOverflowStatus)
                  000837d0    0000001d     inverter_uC_MMC.obj (.text:CAN_clearGlobalInterruptStatus)
                  000837ed    0000001d     board.obj (.text:CAN_enableGlobalInterrupt)
                  0008380a    0000001d     board.obj (.text:EPWM_setActionQualifierContSWForceShadowMode)
                  00083827    0000001d     board.obj (.text:EPWM_setActionQualifierT2TriggerSource)
                  00083844    0000001d     rts2800_fpu32_eabi.lib : memcpy.c.obj (.text)
                  00083861    0000001c     board.obj (.text:ADC_setSOCPriority)
                  0008387d    0000001c     driverlib.lib : can.obj (.text:CAN_initModule)
                  00083899    0000001c     inverter_uC_MMC.obj (.text:EPWM_disableADCTrigger)
                  000838b5    0000001c     inverter_uC_MMC.obj (.text:EPWM_enableADCTrigger)
                  000838d1    0000001c     board.obj (.text:EPWM_setClockPrescaler)
                  000838ed    0000001c     inverter_uC_MMC.obj (.text:EPWM_setClockPrescaler)
                  00083909    0000001b     driverlib.lib : can.obj (.text:CAN_readDataReg)
                  00083924    0000001b     board.obj (.text:XBAR_isBaseValid)
                  0008393f    0000001b     driverlib.lib : gpio.obj (.text:XBAR_isBaseValid)
                  0008395a    0000001a     board.obj (.text:ASysCtl_setAnalogReference1P65)
                  00083974    0000001a     driverlib.lib : can.obj (.text:CAN_initRAM)
                  0008398e    0000001a     board.obj (.text:CPUTimer_startTimer)
                  000839a8    0000001a     board.obj (.text:EPWM_setActionQualifierT1TriggerSource)
                  000839c2    0000001a     driverlib.lib : sysctl.obj (.text:SysCtl_getLowSpeedClock)
                  000839dc    00000018     board.obj (.text:ASysCtl_setAnalogReferenceInternal)
                  000839f4    00000018     board.obj (.text:EPWM_disableFallingEdgeDelayCountShadowLoadMode)
                  00083a0c    00000018     board.obj (.text:EPWM_disableRisingEdgeDelayCountShadowLoadMode)
                  00083a24    00000018     inverter_uC_MMC.obj (.text:SysCtl_disablePeripheral)
                  00083a3c    00000017     board.obj (.text:CPUTimer_isBaseValid)
                  00083a53    00000017     driverlib.lib : cputimer.obj (.text:CPUTimer_isBaseValid)
                  00083a6a    00000017     board.obj (.text:CPUTimer_setPreScaler)
                  00083a81    00000017     device.obj (.text:SysCtl_enablePeripheral)
                  00083a98    00000017     driverlib.lib : sysctl.obj (.text:SysCtl_enablePeripheral)
                  00083aaf    00000017     inverter_uC_MMC.obj (.text:SysCtl_enablePeripheral)
                  00083ac6    00000017     rts2800_fpu32_eabi.lib : boot28.asm.obj (.text)
                  00083add    00000016     inverter_uC_MMC.obj (.text:ADC_readResult)
                  00083af3    00000016     board.obj (.text:ADC_setInterruptPulseMode)
                  00083b09    00000016     board.obj (.text:ADC_setPrescaler)
                  00083b1f    00000016     driverlib.lib : sysctl.obj (.text:DCC_disableDoneSignal)
                  00083b35    00000016     board.obj (.text:EPWM_setSyncInPulseSource)
                  00083b4b    00000016     driverlib.lib : interrupt.obj (.text:Interrupt_defaultHandler)
                  00083b61    00000015     board.obj (.text:ADC_disableBurstMode)
                  00083b76    00000015     board.obj (.text:CPUTimer_enableInterrupt)
                  00083b8b    00000015     driverlib.lib : sysctl.obj (.text:DCC_clearDoneFlag)
                  00083ba0    00000015                   : sysctl.obj (.text:DCC_clearErrorFlag)
                  00083bb5    00000015                   : sysctl.obj (.text:DCC_disableErrorSignal)
                  00083bca    00000015                   : sysctl.obj (.text:DCC_isBaseValid)
                  00083bdf    00000015     board.obj (.text:ENA_out_init)
                  00083bf4    00000015     board.obj (.text:ENB_out_init)
                  00083c09    00000015     board.obj (.text:FAN_ctrl_out_init)
                  00083c1e    00000015     device.obj (.text:GPIO_unlockPortConfig)
                  00083c33    00000014     inverter_uC_MMC.obj (.text:ADC_clearInterruptOverflowStatus)
                  00083c47    00000014     board.obj (.text:ADC_clearInterruptStatus)
                  00083c5b    00000014     inverter_uC_MMC.obj (.text:ADC_clearInterruptStatus)
                  00083c6f    00000014     board.obj (.text:CPUTimer_reloadTimerCounter)
                  00083c83    00000014     board.obj (.text:CPUTimer_stopTimer)
                  00083c97    00000014     driverlib.lib : sysctl.obj (.text:DCC_disableModule)
                  00083cab    00000014                   : sysctl.obj (.text:DCC_enableModule)
                  00083cbf    00000014     board.obj (.text:EPWM_setTimeBaseCounterMode)
                  00083cd3    00000014     inverter_uC_MMC.obj (.text:EPWM_setTimeBaseCounterMode)
                  00083ce7    00000014     board.obj (.text:EPWM_setTimeBasePeriod)
                  00083cfb    00000014     inverter_uC_MMC.obj (.text:EPWM_setTimeBasePeriod)
                  00083d0f    00000014     board.obj (.text:GPIO_isPinValid)
                  00083d23    00000014     driverlib.lib : gpio.obj (.text:GPIO_isPinValid)
                  00083d37    00000014     inverter_uC_MMC.obj (.text:GPIO_isPinValid)
                  00083d4b    00000014     driverlib.lib : sysctl.obj (.text:SysCtl_setPLLSysClk)
                  00083d5f    00000013     board.obj (.text:ADC_enableConverter)
                  00083d72    00000013     board.obj (.text:ADC_isBaseValid)
                  00083d85    00000013     inverter_uC_MMC.obj (.text:ADC_isBaseValid)
                  00083d98    00000013     board.obj (.text:CAN_setInterruptMux)
                  00083dab    00000013     driverlib.lib : cputimer.obj (.text:CPUTimer_setEmulationMode)
                  00083dbe    00000013     inverter_uC_MMC.obj (.text:EPWM_clearEventTriggerInterruptFlag)
                  00083dd1    00000013     board.obj (.text:EPWM_enableInterrupt)
                  00083de4    00000013     board.obj (.text:GPIO_init)
                  00083df7    00000012     inverter_uC_MMC.obj (.text:CAN_getInterruptCause)
                  00083e09    00000012     board.obj (.text:EPWM_setTimeBaseCounter)
                  00083e1b    00000012     board.obj (.text:SysCtl_setSyncOutputConfig)
                  00083e2d    00000011     board.obj (.text:CAN_startModule)
                  00083e3e    00000011     board.obj (.text:CPUTimer_setPeriod)
                  00083e4f    00000011     board.obj (.text:EPWM_disablePhaseShiftLoad)
                  00083e60    00000010     inverter_uC_MMC.obj (.text:CAN_getStatus)
                  00083e70    00000010     board.obj (.text:CAN_isBaseValid)
                  00083e80    00000010     driverlib.lib : can.obj (.text:CAN_isBaseValid)
                  00083e90    00000010     inverter_uC_MMC.obj (.text:CAN_isBaseValid)
                  00083ea0    00000010     board.obj (.text:CSIG2_in_init)
                  00083eb0    00000010     device.obj (.text:Device_initGPIO)
                  00083ec0    00000010     board.obj (.text:EN_in_init)
                  00083ed0    00000010     board.obj (.text:FLTN_in_init)
                  00083ee0    00000010     driverlib.lib : flash.obj (.text:Flash_isCtrlBaseValid)
                  00083ef0    00000010                   : flash.obj (.text:Flash_isECCBaseValid)
                  00083f00    00000010     board.obj (.text:GPIO_setInterruptType)
                  00083f10    00000010     board.obj (.text:GSYNC_in_init)
                  00083f20    00000010     board.obj (.text:RDY_out_init)
                  00083f30    0000000f     board.obj (.text:CSIG1_in_init)
                  00083f3f    0000000f     board.obj (.text:Interrupt_register)
                  00083f4e    0000000f     inverter_uC_MMC.obj (.text:Interrupt_register)
                  00083f5d    0000000f     inverter_uC_MMC.obj (.text:initEPWM2)
                  00083f6c    0000000e     inverter_uC_MMC.obj (.text:initEPWM3)
                  00083f7a    0000000d     driverlib.lib : interrupt.obj (.text:Interrupt_disableGlobal)
                  00083f87    0000000d                   : interrupt.obj (.text:Interrupt_enableGlobal)
                  00083f94    0000000d     device.obj (.text:SysCtl_setLowSpeedClock)
                  00083fa1    0000000d     rts2800_fpu32_eabi.lib : copy_zero_init.c.obj (.text:decompress:ZI:__TI_zero_init_nomemset)
                  00083fae    0000000c     board.obj (.text:EN_in_XINT_init)
                  00083fba    0000000c     board.obj (.text:FLTN_in_XINT_init)
                  00083fc6    0000000c     board.obj (.text:SysCtl_enableExtADCSOCSource)
                  00083fd2    0000000c     rts2800_fpu32_eabi.lib : args_main.c.obj (.text)
                  00083fde    0000000b     driverlib.lib : sysctl.obj (.text:SysCtl_isMCDClockFailureDetected)
                  00083fe9    0000000a                   : interrupt.obj (.text:Interrupt_illegalOperationHandler)
                  00083ff3    0000000a                   : interrupt.obj (.text:Interrupt_nmiHandler)
                  00083ffd    00000003     board.obj (.text:ADC_init)

.text.3    0    00084000    00000080     
                  00084000    0000000a     board.obj (.text:SYNC_init)
                  0008400a    00000009     board.obj (.text:ASYSCTL_init)
                  00084013    00000009     board.obj (.text:GPIO_enableInterrupt)
                  0008401c    00000009     rts2800_fpu32_eabi.lib : _lock.c.obj (.text)
                  00084025    00000008     device.obj (.text:SysCtl_disableWatchdog)
                  0008402d    00000008     rts2800_fpu32_eabi.lib : copy_decompress_none.c.obj (.text:decompress:none)
                  00084035    00000008     f28002x_codestartbranch.obj (.text)
                  0008403d    00000007     board.obj (.text:ASysCtl_disableTemperatureSensor)
                  00084044    00000007     device.obj (.text:ASysCtl_lockVREG)
                  0008404b    00000007     driverlib.lib : sysctl.obj (.text:SysCtl_resetMCD)
                  00084052    00000007     device.obj (.text:__error__)
                  00084059    00000007     board.obj (.text:myINPUTXBARINPUT0_init)
                  00084060    00000007     board.obj (.text:myINPUTXBARINPUT1_init)
                  00084067    00000006     inverter_uC_MMC.obj (.text:Interrupt_clearACKGroup)
                  0008406d    00000005     board.obj (.text:INPUTXBAR_init)
                  00084072    00000005     board.obj (.text:XINT_init)
                  00084077    00000003     board.obj (.text:CAN_init)
                  0008407a    00000003     board.obj (.text:CPUTIMER_init)
                  0008407d    00000002     rts2800_fpu32_eabi.lib : pre_init.c.obj (.text)
                  0008407f    00000001                            : startup.c.obj (.text)

MODULE SUMMARY

       Module                        code   ro data   rw data
       ------                        ----   -------   -------
    .\
       inverter_uC_MMC.obj           1812   272       37     
    +--+-----------------------------+------+---------+---------+
       Total:                        1812   272       37     
                                                             
    .\device\
       device.obj                    270    89        0      
       f28002x_codestartbranch.obj   10     0         0      
    +--+-----------------------------+------+---------+---------+
       Total:                        280    89        0      
                                                             
    .\syscfg\
       board.obj                     3038   484       0      
    +--+-----------------------------+------+---------+---------+
       Total:                        3038   484       0      
                                                             
    C:/ti/c2000/C2000Ware_5_01_00_00/driverlib/f28002x/driverlib/ccs/Debug/driverlib.lib
       sysctl.obj                    1324   154       0      
       can.obj                       736    151       0      
       flash.obj                     606    155       0      
       gpio.obj                      455    152       0      
       interrupt.obj                 214    0         0      
       cputimer.obj                  42     80        0      
       adc.obj                       32     0         0      
    +--+-----------------------------+------+---------+---------+
       Total:                        3409   692       0      
                                                             
    C:\ti\ccs1260\ccs\tools\compiler\ti-cgt-c2000_22.6.1.LTS\lib\rts2800_fpu32_eabi.lib
       fs_div28.asm.obj              136    0         0      
       copy_decompress_lzss.c.obj    48     0         0      
       exit.c.obj                    41     0         6      
       autoinit.c.obj                43     0         0      
       memcpy.c.obj                  29     0         0      
       boot28.asm.obj                23     0         0      
       _lock.c.obj                   9      0         4      
       copy_zero_init.c.obj          13     0         0      
       args_main.c.obj               12     0         0      
       copy_decompress_none.c.obj    8      0         0      
       pre_init.c.obj                2      0         0      
       startup.c.obj                 1      0         0      
    +--+-----------------------------+------+---------+---------+
       Total:                        365    0         10     
                                                             
       Stack:                        0      0         512    
       Linker Generated:             0      28        0      
    +--+-----------------------------+------+---------+---------+
       Grand Total:                  8904   1565      559    


LINKER GENERATED COPY TABLES

__TI_cinit_table @ 00081744 records: 2, size/record: 4, table size: 8
	.data: load addr=00081730, load size=0000000a bytes, run addr=0000a022, run size=0000000e bytes, compression=lzss
	.bss: load addr=00081740, load size=00000004 bytes, run addr=0000a000, run size=00000022 bytes, compression=zero_init


LINKER GENERATED HANDLER TABLE

__TI_handler_table @ 0008173a records: 3, size/record: 2, table size: 6
	index: 0, handler: __TI_zero_init
	index: 1, handler: __TI_decompress_lzss
	index: 2, handler: __TI_decompress_none


LINKER GENERATED MEMRANGE CRC TABLES

_ccs_flash_checksum @ 00000000 records: 10, size/record: 6, table size: 66, algorithm=C28_CHECKSUM_16(ID=13), CRC: 00009a46
	BEGIN: page=0, load addr=00080000, size=00000002
	FLASH_BANK0_SEC0: page=0, load addr=00080002, size=00000ffe
	FLASH_BANK0_SEC1: page=0, load addr=00081000, size=00001000
	FLASH_BANK0_SEC2: page=0, load addr=00082000, size=00001000
	FLASH_BANK0_SEC3: page=0, load addr=00083000, size=00001000
	FLASH_BANK0_SEC4: page=0, load addr=00084000, size=00001000
	FLASH_BANK0_SEC5: page=0, load addr=00085000, size=00001000
	FLASH_BANK0_SEC6: page=0, load addr=00086000, size=00001000
	FLASH_BANK0_SEC7: page=0, load addr=00087000, size=00000ff0
	FLASH_BANK0_SEC7_DO_NOT_USE: page=0, load addr=00087ff0, size=00000010


GLOBAL DATA SYMBOLS: SORTED BY DATA PAGE

address     data page           name
--------    ----------------    ----
00000400      10 (00000400)     __stack

0000a000     280 (0000a000)     adc_raw_ntc1
0000a001     280 (0000a000)     adc_raw_ntc2
0000a002     280 (0000a000)     adc_raw_iac1
0000a003     280 (0000a000)     adc_raw_iac2
0000a004     280 (0000a000)     adc_raw_fans
0000a005     280 (0000a000)     adc_raw_vdc1
0000a006     280 (0000a000)     adc_raw_vdc2
0000a007     280 (0000a000)     adc_raw_vac1
0000a008     280 (0000a000)     adc_raw_vac2
0000a00a     280 (0000a000)     epwm2Info
0000a014     280 (0000a000)     epwm3Info
0000a01e     280 (0000a000)     txMsgData
0000a022     280 (0000a000)     __TI_enable_exit_profile_output
0000a024     280 (0000a000)     __TI_cleanup_ptr
0000a026     280 (0000a000)     __TI_dtors_ptr
0000a028     280 (0000a000)     over_temp_thresh
0000a029     280 (0000a000)     errorFlag
0000a02a     280 (0000a000)     txMsgSuccessful
0000a02c     280 (0000a000)     _lock
0000a02e     280 (0000a000)     _unlock


GLOBAL SYMBOLS: SORTED ALPHABETICALLY BY Name 

page  address   name                                 
----  -------   ----                                 
0     00083ffd  ADC_init                             
0     000836bd  ADC_setOffsetTrimAll                 
0     0008400a  ASYSCTL_init                         
0     00082fe7  Board_init                           
0     00083481  C$$EXIT                              
0     00082d8e  CAN_clearInterruptStatus             
0     00084077  CAN_init                             
0     0008387d  CAN_initModule                       
0     00082a73  CAN_readMessage                      
0     00082a01  CAN_sendMessage                      
0     00082ba4  CAN_setBitTiming                     
0     00082402  CAN_setupMessageObject               
0     0008407a  CPUTIMER_init                        
0     00083dab  CPUTimer_setEmulationMode            
0     00083f30  CSIG1_in_init                        
0     00083ea0  CSIG2_in_init                        
0     00082ad9  Device_enableAllPeripherals          
0     00082cfc  Device_init                          
0     00083eb0  Device_initGPIO                      
0     00083bdf  ENA_out_init                         
0     00083bf4  ENB_out_init                         
0     00083fae  EN_in_XINT_init                      
0     00083ec0  EN_in_init                           
0     00082000  EPWM_init                            
0     00083c09  FAN_ctrl_out_init                    
0     00083fba  FLTN_in_XINT_init                    
0     00083ed0  FLTN_in_init                         
0     0000c000  Flash_initModule                     
0     00083de4  GPIO_init                            
0     00082dd4  GPIO_setAnalogMode                   
0     0008331a  GPIO_setDirectionMode                
0     00083167  GPIO_setInterruptPin                 
0     00082c5f  GPIO_setPadConfig                    
0     0008319e  GPIO_setPinConfig                    
0     000831d5  GPIO_setQualificationMode            
0     00083f10  GSYNC_in_init                        
0     0008406d  INPUTXBAR_init                       
0     00082d45  INTERRUPT_init                       
0     00083b4b  Interrupt_defaultHandler             
0     0008320c  Interrupt_enable                     
0     00083fe9  Interrupt_illegalOperationHandler    
0     00083000  Interrupt_initModule                 
0     00083795  Interrupt_initVectorTable            
0     00083ff3  Interrupt_nmiHandler                 
0     000825a4  PinMux_init                          
0     00083f20  RDY_out_init                         
0     0008172b  RamfuncsLoadEnd                      
abs   00000123  RamfuncsLoadSize                     
0     00081608  RamfuncsLoadStart                    
0     0000c123  RamfuncsRunEnd                       
abs   00000123  RamfuncsRunSize                      
0     0000c000  RamfuncsRunStart                     
0     00084000  SYNC_init                            
0     0000c11f  SysCtl_delay                         
0     00082b3f  SysCtl_getClock                      
0     000839c2  SysCtl_getLowSpeedClock              
0     00082304  SysCtl_isPLLValid                    
0     00082ee7  SysCtl_selectOscSource               
0     0008303d  SysCtl_selectXTAL                    
0     000836dd  SysCtl_selectXTALSingleEnded         
0     000821e3  SysCtl_setClock                      
0     00084072  XINT_init                            
0     00081744  __TI_CINIT_Base                      
0     0008174c  __TI_CINIT_Limit                     
0     0008174c  __TI_CINIT_Warm                      
0     0008173a  __TI_Handler_Table_Base              
0     00081740  __TI_Handler_Table_Limit             
0     00000000  __TI_MEMRANGE_CRC__ccs_flash_checksum
0     00000600  __TI_STACK_END                       
abs   00000200  __TI_STACK_SIZE                      
0     000833d8  __TI_auto_init_nobinit_nopinit       
0     0000a024  __TI_cleanup_ptr                     
0     0008334b  __TI_decompress_lzss                 
0     0008402d  __TI_decompress_none                 
0     0000a026  __TI_dtors_ptr                       
0     0000a022  __TI_enable_exit_profile_output      
abs   ffffffff  __TI_pprof_out_hndl                  
abs   ffffffff  __TI_prof_data_size                  
abs   ffffffff  __TI_prof_data_start                 
0     00083fa1  __TI_zero_init_nomemset              
0     0008281d  __c28xabi_divf                       
n/a   UNDEFED   __c_args__                           
0     00084052  __error__                            
0     00000400  __stack                              
0     00083fd2  _args_main                           
0     00083ac6  _c_int00                             
0     00000000  _ccs_flash_checksum                  
0     0000a02c  _lock                                
0     00084024  _nop                                 
0     00084020  _register_lock                       
0     0008401c  _register_unlock                     
0     0008407f  _system_post_cinit                   
0     0008407d  _system_pre_init                     
0     0000a02e  _unlock                              
0     00083481  abort                                
0     0008291a  adcA1ISR                             
0     0000a004  adc_raw_fans                         
0     0000a002  adc_raw_iac1                         
0     0000a003  adc_raw_iac2                         
0     0000a000  adc_raw_ntc1                         
0     0000a001  adc_raw_ntc2                         
0     0000a007  adc_raw_vac1                         
0     0000a008  adc_raw_vac2                         
0     0000a005  adc_raw_vdc1                         
0     0000a006  adc_raw_vdc2                         
0     00080000  code_start                           
0     00083279  epwm2ISR                             
0     0000a00a  epwm2Info                            
0     000832af  epwm3ISR                             
0     0000a014  epwm3Info                            
0     0000a029  errorFlag                            
0     00083483  exit                                 
0     000826f6  fanctrlISR                           
0     0008307a  gbl_enbl_ISR                         
0     0008312d  gbl_flt_ISR                          
0     00083457  initEPWM                             
0     00083f5d  initEPWM2                            
0     00083f6c  initEPWM3                            
0     0008265a  main                                 
0     00083844  memcpy                               
0     000824dd  myADC0_init                          
0     0008278d  myCAN0_0_ISR                         
0     000832e5  myCAN0_1_ISR                         
0     00082c08  myCAN0_init                          
0     00083520  myCPUTIMER0_init                     
0     00084059  myINPUTXBARINPUT0_init               
0     00084060  myINPUTXBARINPUT1_init               
0     0000a028  over_temp_thresh                     
0     0000a01e  txMsgData                            
0     0000a02a  txMsgSuccessful                      
0     00082f69  updateCompare                        


GLOBAL SYMBOLS: SORTED BY Symbol Address 

page  address   name                                 
----  -------   ----                                 
0     00000000  __TI_MEMRANGE_CRC__ccs_flash_checksum
0     00000000  _ccs_flash_checksum                  
0     00000400  __stack                              
0     00000600  __TI_STACK_END                       
0     0000a000  adc_raw_ntc1                         
0     0000a001  adc_raw_ntc2                         
0     0000a002  adc_raw_iac1                         
0     0000a003  adc_raw_iac2                         
0     0000a004  adc_raw_fans                         
0     0000a005  adc_raw_vdc1                         
0     0000a006  adc_raw_vdc2                         
0     0000a007  adc_raw_vac1                         
0     0000a008  adc_raw_vac2                         
0     0000a00a  epwm2Info                            
0     0000a014  epwm3Info                            
0     0000a01e  txMsgData                            
0     0000a022  __TI_enable_exit_profile_output      
0     0000a024  __TI_cleanup_ptr                     
0     0000a026  __TI_dtors_ptr                       
0     0000a028  over_temp_thresh                     
0     0000a029  errorFlag                            
0     0000a02a  txMsgSuccessful                      
0     0000a02c  _lock                                
0     0000a02e  _unlock                              
0     0000c000  Flash_initModule                     
0     0000c000  RamfuncsRunStart                     
0     0000c11f  SysCtl_delay                         
0     0000c123  RamfuncsRunEnd                       
0     00080000  code_start                           
0     00081608  RamfuncsLoadStart                    
0     0008172b  RamfuncsLoadEnd                      
0     0008173a  __TI_Handler_Table_Base              
0     00081740  __TI_Handler_Table_Limit             
0     00081744  __TI_CINIT_Base                      
0     0008174c  __TI_CINIT_Limit                     
0     0008174c  __TI_CINIT_Warm                      
0     00082000  EPWM_init                            
0     000821e3  SysCtl_setClock                      
0     00082304  SysCtl_isPLLValid                    
0     00082402  CAN_setupMessageObject               
0     000824dd  myADC0_init                          
0     000825a4  PinMux_init                          
0     0008265a  main                                 
0     000826f6  fanctrlISR                           
0     0008278d  myCAN0_0_ISR                         
0     0008281d  __c28xabi_divf                       
0     0008291a  adcA1ISR                             
0     00082a01  CAN_sendMessage                      
0     00082a73  CAN_readMessage                      
0     00082ad9  Device_enableAllPeripherals          
0     00082b3f  SysCtl_getClock                      
0     00082ba4  CAN_setBitTiming                     
0     00082c08  myCAN0_init                          
0     00082c5f  GPIO_setPadConfig                    
0     00082cfc  Device_init                          
0     00082d45  INTERRUPT_init                       
0     00082d8e  CAN_clearInterruptStatus             
0     00082dd4  GPIO_setAnalogMode                   
0     00082ee7  SysCtl_selectOscSource               
0     00082f69  updateCompare                        
0     00082fe7  Board_init                           
0     00083000  Interrupt_initModule                 
0     0008303d  SysCtl_selectXTAL                    
0     0008307a  gbl_enbl_ISR                         
0     0008312d  gbl_flt_ISR                          
0     00083167  GPIO_setInterruptPin                 
0     0008319e  GPIO_setPinConfig                    
0     000831d5  GPIO_setQualificationMode            
0     0008320c  Interrupt_enable                     
0     00083279  epwm2ISR                             
0     000832af  epwm3ISR                             
0     000832e5  myCAN0_1_ISR                         
0     0008331a  GPIO_setDirectionMode                
0     0008334b  __TI_decompress_lzss                 
0     000833d8  __TI_auto_init_nobinit_nopinit       
0     00083457  initEPWM                             
0     00083481  C$$EXIT                              
0     00083481  abort                                
0     00083483  exit                                 
0     00083520  myCPUTIMER0_init                     
0     000836bd  ADC_setOffsetTrimAll                 
0     000836dd  SysCtl_selectXTALSingleEnded         
0     00083795  Interrupt_initVectorTable            
0     00083844  memcpy                               
0     0008387d  CAN_initModule                       
0     000839c2  SysCtl_getLowSpeedClock              
0     00083ac6  _c_int00                             
0     00083b4b  Interrupt_defaultHandler             
0     00083bdf  ENA_out_init                         
0     00083bf4  ENB_out_init                         
0     00083c09  FAN_ctrl_out_init                    
0     00083dab  CPUTimer_setEmulationMode            
0     00083de4  GPIO_init                            
0     00083ea0  CSIG2_in_init                        
0     00083eb0  Device_initGPIO                      
0     00083ec0  EN_in_init                           
0     00083ed0  FLTN_in_init                         
0     00083f10  GSYNC_in_init                        
0     00083f20  RDY_out_init                         
0     00083f30  CSIG1_in_init                        
0     00083f5d  initEPWM2                            
0     00083f6c  initEPWM3                            
0     00083fa1  __TI_zero_init_nomemset              
0     00083fae  EN_in_XINT_init                      
0     00083fba  FLTN_in_XINT_init                    
0     00083fd2  _args_main                           
0     00083fe9  Interrupt_illegalOperationHandler    
0     00083ff3  Interrupt_nmiHandler                 
0     00083ffd  ADC_init                             
0     00084000  SYNC_init                            
0     0008400a  ASYSCTL_init                         
0     0008401c  _register_unlock                     
0     00084020  _register_lock                       
0     00084024  _nop                                 
0     0008402d  __TI_decompress_none                 
0     00084052  __error__                            
0     00084059  myINPUTXBARINPUT0_init               
0     00084060  myINPUTXBARINPUT1_init               
0     0008406d  INPUTXBAR_init                       
0     00084072  XINT_init                            
0     00084077  CAN_init                             
0     0008407a  CPUTIMER_init                        
0     0008407d  _system_pre_init                     
0     0008407f  _system_post_cinit                   
abs   00000123  RamfuncsLoadSize                     
abs   00000123  RamfuncsRunSize                      
abs   00000200  __TI_STACK_SIZE                      
abs   ffffffff  __TI_pprof_out_hndl                  
abs   ffffffff  __TI_prof_data_size                  
abs   ffffffff  __TI_prof_data_start                 
n/a   UNDEFED   __c_args__                           

[131 symbols]
