******************************************************************************
             TMS320C2000 Linker PC v22.6.2                     
******************************************************************************
>> Linked Tue Mar 31 21:24:06 2026

OUTPUT FILE NAME:   <inverter_uC_MMC.out>
ENTRY POINT SYMBOL: "code_start"  address: 00080000


MEMORY CONFIGURATION

         name            origin    length      used     unused   attr    fill
----------------------  --------  ---------  --------  --------  ----  --------
  BOOT_RSVD             00000002   00000126  00000000  00000126  RWIX
  RAMM0                 00000128   000002d8  00000000  000002d8  RWIX
  RAMM1                 00000400   000003f8  00000200  000001f8  RWIX
  RAMLS4567             0000a000   00002000  00000032  00001fce  RWIX
  RAMGS0                0000c000   000007f8  00000123  000006d5  RWIX
  BEGIN                 00080000   00000002  00000002  00000000  RWIX
  FLASH_BANK0_SEC0      00080002   00000ffe  00000000  00000ffe  RWIX
  FLASH_BANK0_SEC1      00081000   00001000  00000748  000008b8  RWIX
  FLASH_BANK0_SEC2      00082000   00001000  00001000  00000000  RWIX
  FLASH_BANK0_SEC3      00083000   00001000  00000fff  00000001  RWIX
  FLASH_BANK0_SEC4      00084000   00001000  000001d7  00000e29  RWIX
  FLASH_BANK0_SEC5      00085000   00001000  00000000  00001000  RWIX
  FLASH_BANK0_SEC6      00086000   00001000  00000000  00001000  RWIX
  FLASH_BANK0_SEC7      00087000   00001000  00000000  00001000  RWIX
  FLASH_BANK0_SEC8      00088000   00001000  00000000  00001000  RWIX
  FLASH_BANK0_SEC9      00089000   00001000  00000000  00001000  RWIX
  FLASH_BANK0_SEC10     0008a000   00001000  00000000  00001000  RWIX
  FLASH_BANK0_SEC11     0008b000   00001000  00000000  00001000  RWIX
  FLASH_BANK0_SEC12     0008c000   00001000  00000000  00001000  RWIX
  FLASH_BANK0_SEC13     0008d000   00001000  00000000  00001000  RWIX
  FLASH_BANK0_SEC14     0008e000   00001000  00000000  00001000  RWIX
  FLASH_BANK0_SEC15     0008f000   00000ff0  00000000  00000ff0  RWIX
  BOOTROM               003f0000   00008000  00000000  00008000  RWIX
  BOOTROM_EXT           003f8000   00007fc0  00000000  00007fc0  RWIX
  RESET                 003fffc0   00000002  00000000  00000002  RWIX


SECTION ALLOCATION MAP

 output                                  attributes/
section   page    origin      length       input sections
--------  ----  ----------  ----------   ----------------
codestart 
*          0    00080000    00000002     
                  00080000    00000002     f28002x_codestartbranch.obj (codestart)

.cinit     0    00081730    0000001e     
                  00081730    0000000c     (.cinit..data.load) [load image, compression = lzss]
                  0008173c    00000006     (__TI_handler_table)
                  00081742    00000004     (.cinit..bss.load) [load image, compression = zero_init]
                  00081746    00000008     (__TI_cinit_table)

.reset     0    003fffc0    00000000     DSECT

.stack     0    00000400    00000200     UNINITIALIZED
                  00000400    00000200     --HOLE--

.init_array 
*          0    00081000    00000000     UNINITIALIZED

.bss       0    0000a000    0000001e     UNINITIALIZED
                  0000a000    0000001e     inverter_uC_MMC.obj (.bss)

.data      0    0000a01e    00000014     UNINITIALIZED
                  0000a01e    00000009     inverter_uC_MMC.obj (.data)
                  0000a027    00000001     --HOLE--
                  0000a028    00000006     rts2800_fpu32_eabi.lib : exit.c.obj (.data)
                  0000a02e    00000002                            : _lock.c.obj (.data:_lock)
                  0000a030    00000002                            : _lock.c.obj (.data:_unlock)

.const     0    00081000    00000607     
                  00081000    000001ba     board.obj (.const:.string)
                  000811ba    000000f8     inverter_uC_MMC.obj (.const:.string)
                  000812b2    0000009b     driverlib.lib : flash.obj (.const:.string)
                  0008134d    00000001     --HOLE-- [fill = 0]
                  0008134e    0000009a                   : sysctl.obj (.const:.string)
                  000813e8    00000098                   : gpio.obj (.const:.string)
                  00081480    00000097                   : can.obj (.const:.string)
                  00081517    00000001     --HOLE-- [fill = 0]
                  00081518    00000053     device.obj (.const:.string)
                  0008156b    00000001     --HOLE-- [fill = 0]
                  0008156c    00000050     driverlib.lib : cputimer.obj (.const:.string)
                  000815bc    0000004b                   : adc.obj (.const:.string)

.TI.ramfunc 
*          0    00081608    00000123     RUN ADDR = 0000c000
                  00081608    0000003f     driverlib.lib : flash.obj (.TI.ramfunc:Flash_initModule)
                  00081647    0000002c                   : flash.obj (.TI.ramfunc:Flash_setBankPowerMode)
                  00081673    00000023                   : flash.obj (.TI.ramfunc:Flash_setWaitstates)
                  00081696    0000001d                   : flash.obj (.TI.ramfunc:Flash_setPumpPowerMode)
                  000816b3    00000018                   : flash.obj (.TI.ramfunc:Flash_disableCache)
                  000816cb    00000018                   : flash.obj (.TI.ramfunc:Flash_disablePrefetch)
                  000816e3    00000017                   : flash.obj (.TI.ramfunc:Flash_enableCache)
                  000816fa    00000017                   : flash.obj (.TI.ramfunc:Flash_enablePrefetch)
                  00081711    00000016                   : flash.obj (.TI.ramfunc:Flash_enableECC)
                  00081727    00000004                   : sysctl.obj (.TI.ramfunc)

.text.1    0    00082000    00001000     
                  00082000    000001e3     board.obj (.text:EPWM_init)
                  000821e3    00000123     driverlib.lib : sysctl.obj (.text:SysCtl_setClock)
                  00082306    000000fe                   : sysctl.obj (.text:SysCtl_isPLLValid)
                  00082404    000000e4     inverter_uC_MMC.obj (.text:fanctrlISR)
                  000824e8    000000db     driverlib.lib : can.obj (.text:CAN_setupMessageObject)
                  000825c3    000000b9     board.obj (.text:myADC0_init)
                  0008267c    000000b6     board.obj (.text:PinMux_init)
                  00082732    0000009e     inverter_uC_MMC.obj (.text:myCAN0_0_ISR)
                  000827d0    00000088     rts2800_fpu32_eabi.lib : fs_div28.asm.obj (.text)
                  00082858    00000078     inverter_uC_MMC.obj (.text:adcA1ISR)
                  000828d0    00000075     inverter_uC_MMC.obj (.text:EPWM_setADCTriggerSource)
                  00082945    00000073     driverlib.lib : sysctl.obj (.text:DCC_setCounterSeeds)
                  000829b8    00000072                   : can.obj (.text:CAN_sendMessage)
                  00082a2a    00000066                   : can.obj (.text:CAN_readMessage)
                  00082a90    00000066     device.obj (.text:Device_enableAllPeripherals)
                  00082af6    00000065     driverlib.lib : sysctl.obj (.text:SysCtl_getClock)
                  00082b5b    00000064                   : can.obj (.text:CAN_setBitTiming)
                  00082bbf    00000055     board.obj (.text:INTERRUPT_init)
                  00082c14    00000052     driverlib.lib : gpio.obj (.text:GPIO_setPadConfig)
                  00082c66    00000051     inverter_uC_MMC.obj (.text:canSendISR)
                  00082cb7    00000051     board.obj (.text:myCAN0_init)
                  00082d08    0000004b     board.obj (.text:EPWM_setInterruptSource)
                  00082d53    00000049     device.obj (.text:Device_init)
                  00082d9c    00000047     driverlib.lib : sysctl.obj (.text:SysCtl_selectOscSource)
                  00082de3    00000046     board.obj (.text:ADC_setupSOC)
                  00082e29    00000046     driverlib.lib : can.obj (.text:CAN_clearInterruptStatus)
                  00082e6f    00000046                   : gpio.obj (.text:GPIO_setAnalogMode)
                  00082eb5    00000046                   : sysctl.obj (.text:SysCtl_selectXTAL)
                  00082efb    00000045                   : sysctl.obj (.text:SysCtl_pollX1Counter)
                  00082f40    00000044     board.obj (.text:GPIO_writePin)
                  00082f84    00000044     inverter_uC_MMC.obj (.text:GPIO_writePin)
                  00082fc8    00000037     driverlib.lib : gpio.obj (.text:GPIO_setInterruptPin)
                  00082fff    00000001     rts2800_fpu32_eabi.lib : startup.c.obj (.text)

.text.2    0    00083000    00000fff     
                  00083000    00000041     inverter_uC_MMC.obj (.text:gbl_enbl_ISR)
                  00083041    00000040     board.obj (.text:EPWM_setActionQualifierAction)
                  00083081    00000040     inverter_uC_MMC.obj (.text:updateCompare)
                  000830c1    0000003e     board.obj (.text:EPWM_setCounterCompareShadowLoadMode)
                  000830ff    0000003e     inverter_uC_MMC.obj (.text:systemInit)
                  0008313d    0000003d     driverlib.lib : interrupt.obj (.text:Interrupt_initModule)
                  0008317a    0000003c     inverter_uC_MMC.obj (.text:GPIO_readPin)
                  000831b6    0000003a     inverter_uC_MMC.obj (.text:EPWM_setADCTriggerEventPrescale)
                  000831f0    0000003a     inverter_uC_MMC.obj (.text:gbl_flt_ISR)
                  0008322a    00000037     driverlib.lib : gpio.obj (.text:GPIO_setPinConfig)
                  00083261    00000037                   : gpio.obj (.text:GPIO_setQualificationMode)
                  00083298    00000037                   : interrupt.obj (.text:Interrupt_enable)
                  000832cf    00000036     inverter_uC_MMC.obj (.text:epwm2ISR)
                  00083305    00000036     inverter_uC_MMC.obj (.text:epwm3ISR)
                  0008333b    00000035     inverter_uC_MMC.obj (.text:myCAN0_1_ISR)
                  00083370    00000034     inverter_uC_MMC.obj (.text:main)
                  000833a4    00000031     driverlib.lib : gpio.obj (.text:GPIO_setDirectionMode)
                  000833d5    0000002f     board.obj (.text:ADC_setInterruptSource)
                  00083404    0000002e     board.obj (.text:ADC_setInterruptSOCTrigger)
                  00083432    0000002e     rts2800_fpu32_eabi.lib : copy_decompress_lzss.c.obj (.text:decompress:lzss)
                  00083460    0000002b     inverter_uC_MMC.obj (.text:CAN_getErrorCount)
                  0008348b    0000002b     rts2800_fpu32_eabi.lib : autoinit.c.obj (.text:__TI_auto_init_nobinit_nopinit)
                  000834b6    0000002a     board.obj (.text:XBAR_setInputPin)
                  000834e0    0000002a     driverlib.lib : gpio.obj (.text:XBAR_setInputPin)
                  0008350a    0000002a     inverter_uC_MMC.obj (.text:initEPWM)
                  00083534    00000029     rts2800_fpu32_eabi.lib : exit.c.obj (.text)
                  0008355d    00000028     board.obj (.text:EPWM_setInterruptEventCount)
                  00083585    00000027     driverlib.lib : adc.obj (.text:ADC_setVREF)
                  000835ac    00000027     board.obj (.text:EPWM_isBaseValid)
                  000835d3    00000027     inverter_uC_MMC.obj (.text:EPWM_isBaseValid)
                  000835fa    00000025     driverlib.lib : sysctl.obj (.text:SysCtl_selectXTALSingleEnded)
                  0008361f    00000025     board.obj (.text:myCPUTIMER0_init)
                  00083644    00000024     driverlib.lib : sysctl.obj (.text:DCC_enableSingleShotMode)
                  00083668    00000024     board.obj (.text:EPWM_disableCounterCompareShadowLoadMode)
                  0008368c    00000024     board.obj (.text:EPWM_setupEPWMLinks)
                  000836b0    00000024     board.obj (.text:myCPUTIMER1_init)
                  000836d4    00000022     board.obj (.text:CAN_enableInterrupt)
                  000836f6    00000022     driverlib.lib : can.obj (.text:CAN_writeDataReg)
                  00083718    00000022     inverter_uC_MMC.obj (.text:EPWM_getCounterCompareValue)
                  0008373a    00000022     board.obj (.text:EPWM_setCounterCompareValue)
                  0008375c    00000022     inverter_uC_MMC.obj (.text:EPWM_setCounterCompareValue)
                  0008377e    00000021     board.obj (.text:ADC_disableContinuousMode)
                  0008379f    00000021     board.obj (.text:EPWM_enableGlobalLoadRegisters)
                  000837c0    00000020     board.obj (.text:ADC_enableInterrupt)
                  000837e0    00000020     driverlib.lib : adc.obj (.text:ADC_setOffsetTrimAll)
                  00083800    0000001f     board.obj (.text:EPWM_setFallingEdgeDelayCountShadowLoadMode)
                  0008381f    0000001f     board.obj (.text:EPWM_setRisingEdgeDelayCountShadowLoadMode)
                  0008383e    0000001e     driverlib.lib : sysctl.obj (.text:DCC_setCounter0ClkSource)
                  0008385c    0000001e                   : sysctl.obj (.text:DCC_setCounter1ClkSource)
                  0008387a    0000001e     board.obj (.text:EPWM_setPhaseShift)
                  00083898    0000001e     driverlib.lib : interrupt.obj (.text:Interrupt_initVectorTable)
                  000838b6    0000001d     inverter_uC_MMC.obj (.text:ADC_getInterruptOverflowStatus)
                  000838d3    0000001d     inverter_uC_MMC.obj (.text:CAN_clearGlobalInterruptStatus)
                  000838f0    0000001d     board.obj (.text:CAN_enableGlobalInterrupt)
                  0008390d    0000001d     board.obj (.text:EPWM_setActionQualifierContSWForceShadowMode)
                  0008392a    0000001d     board.obj (.text:EPWM_setActionQualifierT2TriggerSource)
                  00083947    0000001d     rts2800_fpu32_eabi.lib : memcpy.c.obj (.text)
                  00083964    0000001c     board.obj (.text:ADC_setSOCPriority)
                  00083980    0000001c     driverlib.lib : can.obj (.text:CAN_initModule)
                  0008399c    0000001c     inverter_uC_MMC.obj (.text:EPWM_disableADCTrigger)
                  000839b8    0000001c     inverter_uC_MMC.obj (.text:EPWM_enableADCTrigger)
                  000839d4    0000001c     board.obj (.text:EPWM_setClockPrescaler)
                  000839f0    0000001c     inverter_uC_MMC.obj (.text:EPWM_setClockPrescaler)
                  00083a0c    0000001b     board.obj (.text:Board_init)
                  00083a27    0000001b     driverlib.lib : can.obj (.text:CAN_readDataReg)
                  00083a42    0000001b     board.obj (.text:XBAR_isBaseValid)
                  00083a5d    0000001b     driverlib.lib : gpio.obj (.text:XBAR_isBaseValid)
                  00083a78    0000001a     board.obj (.text:ASysCtl_setAnalogReference1P65)
                  00083a92    0000001a     driverlib.lib : can.obj (.text:CAN_initRAM)
                  00083aac    0000001a     board.obj (.text:CPUTimer_startTimer)
                  00083ac6    0000001a     board.obj (.text:EPWM_setActionQualifierT1TriggerSource)
                  00083ae0    0000001a     driverlib.lib : sysctl.obj (.text:SysCtl_getLowSpeedClock)
                  00083afa    00000019                   : sysctl.obj (.text:SysCtl_setPLLSysClk)
                  00083b13    00000018     board.obj (.text:ASysCtl_setAnalogReferenceInternal)
                  00083b2b    00000018     board.obj (.text:EPWM_disableFallingEdgeDelayCountShadowLoadMode)
                  00083b43    00000018     board.obj (.text:EPWM_disableRisingEdgeDelayCountShadowLoadMode)
                  00083b5b    00000018     inverter_uC_MMC.obj (.text:SysCtl_disablePeripheral)
                  00083b73    00000017     board.obj (.text:CPUTimer_isBaseValid)
                  00083b8a    00000017     driverlib.lib : cputimer.obj (.text:CPUTimer_isBaseValid)
                  00083ba1    00000017     board.obj (.text:CPUTimer_setPreScaler)
                  00083bb8    00000017     device.obj (.text:SysCtl_enablePeripheral)
                  00083bcf    00000017     driverlib.lib : sysctl.obj (.text:SysCtl_enablePeripheral)
                  00083be6    00000017     inverter_uC_MMC.obj (.text:SysCtl_enablePeripheral)
                  00083bfd    00000017     rts2800_fpu32_eabi.lib : boot28.asm.obj (.text)
                  00083c14    00000016     inverter_uC_MMC.obj (.text:ADC_readResult)
                  00083c2a    00000016     board.obj (.text:ADC_setInterruptPulseMode)
                  00083c40    00000016     board.obj (.text:ADC_setPrescaler)
                  00083c56    00000016     driverlib.lib : sysctl.obj (.text:DCC_disableDoneSignal)
                  00083c6c    00000016     board.obj (.text:EPWM_setSyncInPulseSource)
                  00083c82    00000016     driverlib.lib : interrupt.obj (.text:Interrupt_defaultHandler)
                  00083c98    00000015     board.obj (.text:ADC_disableBurstMode)
                  00083cad    00000015     board.obj (.text:CPUTimer_enableInterrupt)
                  00083cc2    00000015     driverlib.lib : sysctl.obj (.text:DCC_clearDoneFlag)
                  00083cd7    00000015                   : sysctl.obj (.text:DCC_clearErrorFlag)
                  00083cec    00000015                   : sysctl.obj (.text:DCC_disableErrorSignal)
                  00083d01    00000015                   : sysctl.obj (.text:DCC_isBaseValid)
                  00083d16    00000015     board.obj (.text:ENA_out_init)
                  00083d2b    00000015     board.obj (.text:ENB_out_init)
                  00083d40    00000015     board.obj (.text:FAN_ctrl_out_init)
                  00083d55    00000015     device.obj (.text:GPIO_unlockPortConfig)
                  00083d6a    00000015     board.obj (.text:RDY_out_init)
                  00083d7f    00000014     inverter_uC_MMC.obj (.text:ADC_clearInterruptOverflowStatus)
                  00083d93    00000014     board.obj (.text:ADC_clearInterruptStatus)
                  00083da7    00000014     inverter_uC_MMC.obj (.text:ADC_clearInterruptStatus)
                  00083dbb    00000014     board.obj (.text:CPUTimer_reloadTimerCounter)
                  00083dcf    00000014     board.obj (.text:CPUTimer_stopTimer)
                  00083de3    00000014     driverlib.lib : sysctl.obj (.text:DCC_disableModule)
                  00083df7    00000014                   : sysctl.obj (.text:DCC_enableModule)
                  00083e0b    00000014     board.obj (.text:EPWM_setTimeBaseCounterMode)
                  00083e1f    00000014     inverter_uC_MMC.obj (.text:EPWM_setTimeBaseCounterMode)
                  00083e33    00000014     board.obj (.text:EPWM_setTimeBasePeriod)
                  00083e47    00000014     inverter_uC_MMC.obj (.text:EPWM_setTimeBasePeriod)
                  00083e5b    00000014     board.obj (.text:GPIO_isPinValid)
                  00083e6f    00000014     driverlib.lib : gpio.obj (.text:GPIO_isPinValid)
                  00083e83    00000014     inverter_uC_MMC.obj (.text:GPIO_isPinValid)
                  00083e97    00000014     board.obj (.text:TACH_in_init)
                  00083eab    00000013     board.obj (.text:ADC_enableConverter)
                  00083ebe    00000013     board.obj (.text:ADC_isBaseValid)
                  00083ed1    00000013     driverlib.lib : adc.obj (.text:ADC_isBaseValid)
                  00083ee4    00000013     inverter_uC_MMC.obj (.text:ADC_isBaseValid)
                  00083ef7    00000013     board.obj (.text:CAN_setInterruptMux)
                  00083f0a    00000013     driverlib.lib : cputimer.obj (.text:CPUTimer_setEmulationMode)
                  00083f1d    00000013     inverter_uC_MMC.obj (.text:EPWM_clearEventTriggerInterruptFlag)
                  00083f30    00000013     board.obj (.text:EPWM_enableInterrupt)
                  00083f43    00000013     board.obj (.text:GPIO_init)
                  00083f56    00000012     inverter_uC_MMC.obj (.text:CAN_getInterruptCause)
                  00083f68    00000012     board.obj (.text:EPWM_setTimeBaseCounter)
                  00083f7a    00000012     board.obj (.text:SysCtl_setSyncOutputConfig)
                  00083f8c    00000011     board.obj (.text:CAN_startModule)
                  00083f9d    00000011     board.obj (.text:CPUTimer_setPeriod)
                  00083fae    00000011     board.obj (.text:EPWM_disablePhaseShiftLoad)
                  00083fbf    00000010     inverter_uC_MMC.obj (.text:CAN_getStatus)
                  00083fcf    00000010     board.obj (.text:CAN_isBaseValid)
                  00083fdf    00000010     driverlib.lib : can.obj (.text:CAN_isBaseValid)
                  00083fef    00000010     inverter_uC_MMC.obj (.text:CAN_isBaseValid)

.text.3    0    00084000    000001d7     
                  00084000    00000010     board.obj (.text:CSIG2_in_init)
                  00084010    00000010     device.obj (.text:Device_initGPIO)
                  00084020    00000010     board.obj (.text:EN_in_init)
                  00084030    00000010     board.obj (.text:FLTN_in_init)
                  00084040    00000010     driverlib.lib : flash.obj (.text:Flash_isCtrlBaseValid)
                  00084050    00000010                   : flash.obj (.text:Flash_isECCBaseValid)
                  00084060    00000010     board.obj (.text:GPIO_setInterruptType)
                  00084070    00000010     board.obj (.text:GSYNC_in_init)
                  00084080    0000000f     board.obj (.text:CSIG1_in_init)
                  0008408f    0000000f     board.obj (.text:Interrupt_register)
                  0008409e    0000000f     inverter_uC_MMC.obj (.text:Interrupt_register)
                  000840ad    0000000f     inverter_uC_MMC.obj (.text:initEPWM2)
                  000840bc    0000000e     inverter_uC_MMC.obj (.text:initEPWM3)
                  000840ca    0000000d     driverlib.lib : interrupt.obj (.text:Interrupt_disableGlobal)
                  000840d7    0000000d                   : interrupt.obj (.text:Interrupt_enableGlobal)
                  000840e4    0000000d     device.obj (.text:SysCtl_setLowSpeedClock)
                  000840f1    0000000d     rts2800_fpu32_eabi.lib : copy_zero_init.c.obj (.text:decompress:ZI:__TI_zero_init_nomemset)
                  000840fe    0000000c     board.obj (.text:EN_in_XINT_init)
                  0008410a    0000000c     board.obj (.text:FLTN_in_XINT_init)
                  00084116    0000000c     board.obj (.text:SysCtl_enableExtADCSOCSource)
                  00084122    0000000c     rts2800_fpu32_eabi.lib : args_main.c.obj (.text)
                  0008412e    0000000b     device.obj (.text:SysCtl_disableWatchdog)
                  00084139    0000000b     driverlib.lib : sysctl.obj (.text:SysCtl_isMCDClockFailureDetected)
                  00084144    0000000a                   : interrupt.obj (.text:Interrupt_illegalOperationHandler)
                  0008414e    0000000a                   : interrupt.obj (.text:Interrupt_nmiHandler)
                  00084158    0000000a     board.obj (.text:SYNC_init)
                  00084162    00000009     board.obj (.text:ASYSCTL_init)
                  0008416b    00000009     board.obj (.text:GPIO_enableInterrupt)
                  00084174    00000009     rts2800_fpu32_eabi.lib : _lock.c.obj (.text)
                  0008417d    00000008                            : copy_decompress_none.c.obj (.text:decompress:none)
                  00084185    00000008     f28002x_codestartbranch.obj (.text)
                  0008418d    00000007     board.obj (.text:ASysCtl_disableTemperatureSensor)
                  00084194    00000007     device.obj (.text:ASysCtl_lockVREG)
                  0008419b    00000007     driverlib.lib : sysctl.obj (.text:SysCtl_resetMCD)
                  000841a2    00000007     device.obj (.text:__error__)
                  000841a9    00000007     board.obj (.text:myINPUTXBARINPUT0_init)
                  000841b0    00000007     board.obj (.text:myINPUTXBARINPUT1_init)
                  000841b7    00000006     inverter_uC_MMC.obj (.text:Interrupt_clearACKGroup)
                  000841bd    00000005     board.obj (.text:CPUTIMER_init)
                  000841c2    00000005     board.obj (.text:INPUTXBAR_init)
                  000841c7    00000005     board.obj (.text:XINT_init)
                  000841cc    00000003     board.obj (.text:ADC_init)
                  000841cf    00000003     board.obj (.text:AIO_init)
                  000841d2    00000003     board.obj (.text:CAN_init)
                  000841d5    00000002     rts2800_fpu32_eabi.lib : pre_init.c.obj (.text)

MODULE SUMMARY

       Module                        code   ro data   rw data
       ------                        ----   -------   -------
    .\
       inverter_uC_MMC.obj           1993   248       39     
    +--+-----------------------------+------+---------+---------+
       Total:                        1993   248       39     
                                                             
    .\device\
       device.obj                    273    83        0      
       f28002x_codestartbranch.obj   10     0         0      
    +--+-----------------------------+------+---------+---------+
       Total:                        283    83        0      
                                                             
    .\syscfg\
       board.obj                     3114   442       0      
    +--+-----------------------------+------+---------+---------+
       Total:                        3114   442       0      
                                                             
    C:/ti/c2000/C2000Ware_5_05_00_00/driverlib/f28002x/driverlib/ccs/Debug/driverlib.lib
       sysctl.obj                    1350   154       0      
       can.obj                       736    151       0      
       flash.obj                     606    155       0      
       gpio.obj                      455    152       0      
       interrupt.obj                 214    0         0      
       adc.obj                       90     75        0      
       cputimer.obj                  42     80        0      
    +--+-----------------------------+------+---------+---------+
       Total:                        3493   767       0      
                                                             
    C:\ti\ccs2020\ccs\tools\compiler\ti-cgt-c2000_22.6.2.LTS\lib\rts2800_fpu32_eabi.lib
       fs_div28.asm.obj              136    0         0      
       exit.c.obj                    41     0         6      
       copy_decompress_lzss.c.obj    46     0         0      
       autoinit.c.obj                43     0         0      
       memcpy.c.obj                  29     0         0      
       boot28.asm.obj                23     0         0      
       _lock.c.obj                   9      0         4      
       copy_zero_init.c.obj          13     0         0      
       args_main.c.obj               12     0         0      
       copy_decompress_none.c.obj    8      0         0      
       pre_init.c.obj                2      0         0      
       startup.c.obj                 1      0         0      
    +--+-----------------------------+------+---------+---------+
       Total:                        363    0         10     
                                                             
       Stack:                        0      0         512    
       Linker Generated:             0      30        0      
    +--+-----------------------------+------+---------+---------+
       Grand Total:                  9246   1570      561    


LINKER GENERATED COPY TABLES

__TI_cinit_table @ 00081746 records: 2, size/record: 4, table size: 8
	.data: load addr=00081730, load size=0000000c bytes, run addr=0000a01e, run size=00000014 bytes, compression=lzss
	.bss: load addr=00081742, load size=00000004 bytes, run addr=0000a000, run size=0000001e bytes, compression=zero_init


LINKER GENERATED HANDLER TABLE

__TI_handler_table @ 0008173c records: 3, size/record: 2, table size: 6
	index: 0, handler: __TI_zero_init
	index: 1, handler: __TI_decompress_lzss
	index: 2, handler: __TI_decompress_none


GLOBAL DATA SYMBOLS: SORTED BY DATA PAGE

address     data page           name
--------    ----------------    ----
00000400      10 (00000400)     __stack

0000a000     280 (0000a000)     adc_raw_ntc1
0000a001     280 (0000a000)     adc_raw_ntc2
0000a002     280 (0000a000)     adc_raw_iac1
0000a003     280 (0000a000)     adc_raw_iac2
0000a004     280 (0000a000)     adc_raw_fans
0000a005     280 (0000a000)     adc_raw_vdc1
0000a006     280 (0000a000)     adc_raw_vdc2
0000a007     280 (0000a000)     adc_raw_vac1
0000a008     280 (0000a000)     adc_raw_vac2
0000a00a     280 (0000a000)     epwm2Info
0000a014     280 (0000a000)     epwm3Info
0000a01e     280 (0000a000)     overTempThreshold
0000a01f     280 (0000a000)     fanRunning
0000a022     280 (0000a000)     errorFlag
0000a023     280 (0000a000)     adcDataReady
0000a024     280 (0000a000)     transmitReady
0000a025     280 (0000a000)     faultPresent
0000a026     280 (0000a000)     readyResetCount
0000a028     280 (0000a000)     __TI_enable_exit_profile_output
0000a02a     280 (0000a000)     __TI_cleanup_ptr
0000a02c     280 (0000a000)     __TI_dtors_ptr
0000a02e     280 (0000a000)     _lock
0000a030     280 (0000a000)     _unlock


GLOBAL SYMBOLS: SORTED ALPHABETICALLY BY Name 

page  address   name                             
----  -------   ----                             
0     000841cc  ADC_init                         
0     000837e0  ADC_setOffsetTrimAll             
0     00083585  ADC_setVREF                      
0     000841cf  AIO_init                         
0     00084162  ASYSCTL_init                     
0     00083a0c  Board_init                       
0     00083534  C$$EXIT                          
0     00082e29  CAN_clearInterruptStatus         
0     000841d2  CAN_init                         
0     00083980  CAN_initModule                   
0     00082a2a  CAN_readMessage                  
0     000829b8  CAN_sendMessage                  
0     00082b5b  CAN_setBitTiming                 
0     000824e8  CAN_setupMessageObject           
0     000841bd  CPUTIMER_init                    
0     00083f0a  CPUTimer_setEmulationMode        
0     00084080  CSIG1_in_init                    
0     00084000  CSIG2_in_init                    
0     00082a90  Device_enableAllPeripherals      
0     00082d53  Device_init                      
0     00084010  Device_initGPIO                  
0     00083d16  ENA_out_init                     
0     00083d2b  ENB_out_init                     
0     000840fe  EN_in_XINT_init                  
0     00084020  EN_in_init                       
0     00082000  EPWM_init                        
0     00083d40  FAN_ctrl_out_init                
0     0008410a  FLTN_in_XINT_init                
0     00084030  FLTN_in_init                     
0     0000c000  Flash_initModule                 
0     00083f43  GPIO_init                        
0     00082e6f  GPIO_setAnalogMode               
0     000833a4  GPIO_setDirectionMode            
0     00082fc8  GPIO_setInterruptPin             
0     00082c14  GPIO_setPadConfig                
0     0008322a  GPIO_setPinConfig                
0     00083261  GPIO_setQualificationMode        
0     00084070  GSYNC_in_init                    
0     000841c2  INPUTXBAR_init                   
0     00082bbf  INTERRUPT_init                   
0     00083c82  Interrupt_defaultHandler         
0     00083298  Interrupt_enable                 
0     00084144  Interrupt_illegalOperationHandler
0     0008313d  Interrupt_initModule             
0     00083898  Interrupt_initVectorTable        
0     0008414e  Interrupt_nmiHandler             
0     0008267c  PinMux_init                      
0     00083d6a  RDY_out_init                     
0     0008172b  RamfuncsLoadEnd                  
abs   00000123  RamfuncsLoadSize                 
0     00081608  RamfuncsLoadStart                
0     0000c123  RamfuncsRunEnd                   
abs   00000123  RamfuncsRunSize                  
0     0000c000  RamfuncsRunStart                 
0     00084158  SYNC_init                        
0     0000c11f  SysCtl_delay                     
0     00082af6  SysCtl_getClock                  
0     00083ae0  SysCtl_getLowSpeedClock          
0     00082306  SysCtl_isPLLValid                
0     00082d9c  SysCtl_selectOscSource           
0     00082eb5  SysCtl_selectXTAL                
0     000835fa  SysCtl_selectXTALSingleEnded     
0     000821e3  SysCtl_setClock                  
0     00083e97  TACH_in_init                     
0     000841c7  XINT_init                        
0     00081746  __TI_CINIT_Base                  
0     0008174e  __TI_CINIT_Limit                 
0     0008174e  __TI_CINIT_Warm                  
0     0008173c  __TI_Handler_Table_Base          
0     00081742  __TI_Handler_Table_Limit         
0     00000600  __TI_STACK_END                   
abs   00000200  __TI_STACK_SIZE                  
0     0008348b  __TI_auto_init_nobinit_nopinit   
0     0000a02a  __TI_cleanup_ptr                 
0     00083432  __TI_decompress_lzss             
0     0008417d  __TI_decompress_none             
0     0000a02c  __TI_dtors_ptr                   
0     0000a028  __TI_enable_exit_profile_output  
abs   ffffffff  __TI_pprof_out_hndl              
abs   ffffffff  __TI_prof_data_size              
abs   ffffffff  __TI_prof_data_start             
0     000840f1  __TI_zero_init_nomemset          
0     000827d0  __c28xabi_divf                   
n/a   UNDEFED   __c_args__                       
0     000841a2  __error__                        
0     00000400  __stack                          
0     00084122  _args_main                       
0     00083bfd  _c_int00                         
0     0000a02e  _lock                            
0     0008417c  _nop                             
0     00084178  _register_lock                   
0     00084174  _register_unlock                 
0     00082fff  _system_post_cinit               
0     000841d5  _system_pre_init                 
0     0000a030  _unlock                          
0     00083534  abort                            
0     00082858  adcA1ISR                         
0     0000a023  adcDataReady                     
0     0000a004  adc_raw_fans                     
0     0000a002  adc_raw_iac1                     
0     0000a003  adc_raw_iac2                     
0     0000a000  adc_raw_ntc1                     
0     0000a001  adc_raw_ntc2                     
0     0000a007  adc_raw_vac1                     
0     0000a008  adc_raw_vac2                     
0     0000a005  adc_raw_vdc1                     
0     0000a006  adc_raw_vdc2                     
0     00082c66  canSendISR                       
0     00080000  code_start                       
0     000832cf  epwm2ISR                         
0     0000a00a  epwm2Info                        
0     00083305  epwm3ISR                         
0     0000a014  epwm3Info                        
0     0000a022  errorFlag                        
0     00083536  exit                             
0     0000a01f  fanRunning                       
0     00082404  fanctrlISR                       
0     0000a025  faultPresent                     
0     00083000  gbl_enbl_ISR                     
0     000831f0  gbl_flt_ISR                      
0     0008350a  initEPWM                         
0     000840ad  initEPWM2                        
0     000840bc  initEPWM3                        
0     00083370  main                             
0     00083947  memcpy                           
0     000825c3  myADC0_init                      
0     00082732  myCAN0_0_ISR                     
0     0008333b  myCAN0_1_ISR                     
0     00082cb7  myCAN0_init                      
0     0008361f  myCPUTIMER0_init                 
0     000836b0  myCPUTIMER1_init                 
0     000841a9  myINPUTXBARINPUT0_init           
0     000841b0  myINPUTXBARINPUT1_init           
0     0000a01e  overTempThreshold                
0     0000a026  readyResetCount                  
0     000830ff  systemInit                       
0     0000a024  transmitReady                    
0     00083081  updateCompare                    


GLOBAL SYMBOLS: SORTED BY Symbol Address 

page  address   name                             
----  -------   ----                             
0     00000400  __stack                          
0     00000600  __TI_STACK_END                   
0     0000a000  adc_raw_ntc1                     
0     0000a001  adc_raw_ntc2                     
0     0000a002  adc_raw_iac1                     
0     0000a003  adc_raw_iac2                     
0     0000a004  adc_raw_fans                     
0     0000a005  adc_raw_vdc1                     
0     0000a006  adc_raw_vdc2                     
0     0000a007  adc_raw_vac1                     
0     0000a008  adc_raw_vac2                     
0     0000a00a  epwm2Info                        
0     0000a014  epwm3Info                        
0     0000a01e  overTempThreshold                
0     0000a01f  fanRunning                       
0     0000a022  errorFlag                        
0     0000a023  adcDataReady                     
0     0000a024  transmitReady                    
0     0000a025  faultPresent                     
0     0000a026  readyResetCount                  
0     0000a028  __TI_enable_exit_profile_output  
0     0000a02a  __TI_cleanup_ptr                 
0     0000a02c  __TI_dtors_ptr                   
0     0000a02e  _lock                            
0     0000a030  _unlock                          
0     0000c000  Flash_initModule                 
0     0000c000  RamfuncsRunStart                 
0     0000c11f  SysCtl_delay                     
0     0000c123  RamfuncsRunEnd                   
0     00080000  code_start                       
0     00081608  RamfuncsLoadStart                
0     0008172b  RamfuncsLoadEnd                  
0     0008173c  __TI_Handler_Table_Base          
0     00081742  __TI_Handler_Table_Limit         
0     00081746  __TI_CINIT_Base                  
0     0008174e  __TI_CINIT_Limit                 
0     0008174e  __TI_CINIT_Warm                  
0     00082000  EPWM_init                        
0     000821e3  SysCtl_setClock                  
0     00082306  SysCtl_isPLLValid                
0     00082404  fanctrlISR                       
0     000824e8  CAN_setupMessageObject           
0     000825c3  myADC0_init                      
0     0008267c  PinMux_init                      
0     00082732  myCAN0_0_ISR                     
0     000827d0  __c28xabi_divf                   
0     00082858  adcA1ISR                         
0     000829b8  CAN_sendMessage                  
0     00082a2a  CAN_readMessage                  
0     00082a90  Device_enableAllPeripherals      
0     00082af6  SysCtl_getClock                  
0     00082b5b  CAN_setBitTiming                 
0     00082bbf  INTERRUPT_init                   
0     00082c14  GPIO_setPadConfig                
0     00082c66  canSendISR                       
0     00082cb7  myCAN0_init                      
0     00082d53  Device_init                      
0     00082d9c  SysCtl_selectOscSource           
0     00082e29  CAN_clearInterruptStatus         
0     00082e6f  GPIO_setAnalogMode               
0     00082eb5  SysCtl_selectXTAL                
0     00082fc8  GPIO_setInterruptPin             
0     00082fff  _system_post_cinit               
0     00083000  gbl_enbl_ISR                     
0     00083081  updateCompare                    
0     000830ff  systemInit                       
0     0008313d  Interrupt_initModule             
0     000831f0  gbl_flt_ISR                      
0     0008322a  GPIO_setPinConfig                
0     00083261  GPIO_setQualificationMode        
0     00083298  Interrupt_enable                 
0     000832cf  epwm2ISR                         
0     00083305  epwm3ISR                         
0     0008333b  myCAN0_1_ISR                     
0     00083370  main                             
0     000833a4  GPIO_setDirectionMode            
0     00083432  __TI_decompress_lzss             
0     0008348b  __TI_auto_init_nobinit_nopinit   
0     0008350a  initEPWM                         
0     00083534  C$$EXIT                          
0     00083534  abort                            
0     00083536  exit                             
0     00083585  ADC_setVREF                      
0     000835fa  SysCtl_selectXTALSingleEnded     
0     0008361f  myCPUTIMER0_init                 
0     000836b0  myCPUTIMER1_init                 
0     000837e0  ADC_setOffsetTrimAll             
0     00083898  Interrupt_initVectorTable        
0     00083947  memcpy                           
0     00083980  CAN_initModule                   
0     00083a0c  Board_init                       
0     00083ae0  SysCtl_getLowSpeedClock          
0     00083bfd  _c_int00                         
0     00083c82  Interrupt_defaultHandler         
0     00083d16  ENA_out_init                     
0     00083d2b  ENB_out_init                     
0     00083d40  FAN_ctrl_out_init                
0     00083d6a  RDY_out_init                     
0     00083e97  TACH_in_init                     
0     00083f0a  CPUTimer_setEmulationMode        
0     00083f43  GPIO_init                        
0     00084000  CSIG2_in_init                    
0     00084010  Device_initGPIO                  
0     00084020  EN_in_init                       
0     00084030  FLTN_in_init                     
0     00084070  GSYNC_in_init                    
0     00084080  CSIG1_in_init                    
0     000840ad  initEPWM2                        
0     000840bc  initEPWM3                        
0     000840f1  __TI_zero_init_nomemset          
0     000840fe  EN_in_XINT_init                  
0     0008410a  FLTN_in_XINT_init                
0     00084122  _args_main                       
0     00084144  Interrupt_illegalOperationHandler
0     0008414e  Interrupt_nmiHandler             
0     00084158  SYNC_init                        
0     00084162  ASYSCTL_init                     
0     00084174  _register_unlock                 
0     00084178  _register_lock                   
0     0008417c  _nop                             
0     0008417d  __TI_decompress_none             
0     000841a2  __error__                        
0     000841a9  myINPUTXBARINPUT0_init           
0     000841b0  myINPUTXBARINPUT1_init           
0     000841bd  CPUTIMER_init                    
0     000841c2  INPUTXBAR_init                   
0     000841c7  XINT_init                        
0     000841cc  ADC_init                         
0     000841cf  AIO_init                         
0     000841d2  CAN_init                         
0     000841d5  _system_pre_init                 
abs   00000123  RamfuncsLoadSize                 
abs   00000123  RamfuncsRunSize                  
abs   00000200  __TI_STACK_SIZE                  
abs   ffffffff  __TI_pprof_out_hndl              
abs   ffffffff  __TI_prof_data_size              
abs   ffffffff  __TI_prof_data_start             
n/a   UNDEFED   __c_args__                       

[138 symbols]
