******************************************************************************
             TMS320C2000 Linker PC v22.6.1                     
******************************************************************************
>> Linked Fri Mar 28 20:16:15 2025

OUTPUT FILE NAME:   <inverter_uC_MMC.out>
ENTRY POINT SYMBOL: "code_start"  address: 00080000


MEMORY CONFIGURATION

         name            origin    length      used     unused   attr    fill
----------------------  --------  ---------  --------  --------  ----  --------
  BOOT_RSVD             00000002   00000126  00000000  00000126  RWIX
  RAMM0                 00000128   000002d8  00000000  000002d8  RWIX
  RAMM1                 00000400   000003f8  00000200  000001f8  RWIX
  RAMLS4567             0000a000   00002000  00000040  00001fc0  RWIX
  RAMGS0                0000c000   000007f8  00000123  000006d5  RWIX
  BEGIN                 00080000   00000002  00000002  00000000  RWIX
  FLASH_BANK0_SEC0      00080002   00000ffe  00000000  00000ffe  RWIX
  FLASH_BANK0_SEC1      00081000   00001000  00000745  000008bb  RWIX
  FLASH_BANK0_SEC2      00082000   00001000  00001000  00000000  RWIX
  FLASH_BANK0_SEC3      00083000   00001000  00001000  00000000  RWIX
  FLASH_BANK0_SEC4      00084000   00001000  000001c4  00000e3c  RWIX
  FLASH_BANK0_SEC5      00085000   00001000  00000000  00001000  RWIX
  FLASH_BANK0_SEC6      00086000   00001000  00000000  00001000  RWIX
  FLASH_BANK0_SEC7      00087000   00000ff0  00000000  00000ff0  RWIX
  FLASH_BANK0_SEC7_DO_N 00087ff0   00000010  00000000  00000010  RWIX
  BOOTROM               003f0000   00008000  00000000  00008000  RWIX
  BOOTROM_EXT           003f8000   00007fc0  00000000  00007fc0  RWIX
  RESET                 003fffc0   00000002  00000000  00000002  RWIX


SECTION ALLOCATION MAP

 output                                  attributes/
section   page    origin      length       input sections
--------  ----  ----------  ----------   ----------------
codestart 
*          0    00080000    00000002     
                  00080000    00000002     f28002x_codestartbranch.obj (codestart)

.cinit     0    00081730    0000001e     
                  00081730    0000000c     (.cinit..data.load) [load image, compression = lzss]
                  0008173c    00000006     (__TI_handler_table)
                  00081742    00000004     (.cinit..bss.load) [load image, compression = zero_init]
                  00081746    00000008     (__TI_cinit_table)

.reset     0    003fffc0    00000000     DSECT

.stack     0    00000400    00000200     UNINITIALIZED
                  00000400    00000200     --HOLE--

.init_array 
*          0    00081000    00000000     UNINITIALIZED

.bss       0    0000a000    0000002e     UNINITIALIZED
                  0000a000    0000002a     inverter_uC_MMC.obj (.bss)
                  0000a02a    00000004     inverter_uC_MMC.obj (.bss:txMsgData)

.data      0    0000a02e    00000012     UNINITIALIZED
                  0000a02e    00000007     inverter_uC_MMC.obj (.data)
                  0000a035    00000001     --HOLE--
                  0000a036    00000006     rts2800_fpu32_eabi.lib : exit.c.obj (.data)
                  0000a03c    00000002                            : _lock.c.obj (.data:_lock)
                  0000a03e    00000002                            : _lock.c.obj (.data:_unlock)

.const     0    00081000    00000604     
                  00081000    000001e4     board.obj (.const:.string)
                  000811e4    00000110     inverter_uC_MMC.obj (.const:.string)
                  000812f4    0000009b     driverlib.lib : flash.obj (.const:.string)
                  0008138f    00000001     --HOLE-- [fill = 0]
                  00081390    0000009a                   : sysctl.obj (.const:.string)
                  0008142a    00000098                   : gpio.obj (.const:.string)
                  000814c2    00000097                   : can.obj (.const:.string)
                  00081559    00000001     --HOLE-- [fill = 0]
                  0008155a    00000059     device.obj (.const:.string)
                  000815b3    00000001     --HOLE-- [fill = 0]
                  000815b4    00000050     driverlib.lib : cputimer.obj (.const:.string)

.TI.ramfunc 
*          0    00081608    00000123     RUN ADDR = 0000c000
                  00081608    0000003f     driverlib.lib : flash.obj (.TI.ramfunc:Flash_initModule)
                  00081647    0000002c                   : flash.obj (.TI.ramfunc:Flash_setBankPowerMode)
                  00081673    00000023                   : flash.obj (.TI.ramfunc:Flash_setWaitstates)
                  00081696    0000001d                   : flash.obj (.TI.ramfunc:Flash_setPumpPowerMode)
                  000816b3    00000018                   : flash.obj (.TI.ramfunc:Flash_disableCache)
                  000816cb    00000018                   : flash.obj (.TI.ramfunc:Flash_disablePrefetch)
                  000816e3    00000017                   : flash.obj (.TI.ramfunc:Flash_enableCache)
                  000816fa    00000017                   : flash.obj (.TI.ramfunc:Flash_enablePrefetch)
                  00081711    00000016                   : flash.obj (.TI.ramfunc:Flash_enableECC)
                  00081727    00000004                   : sysctl.obj (.TI.ramfunc)

.TI.memcrc 
*          0    00000000    00000042     COPY SECTION
                  00000000    00000042     (.TI.memcrc:_ccs_flash_checksum)

.text.1    0    00082000    00001000     
                  00082000    000002c9     board.obj (.text:EPWM_init)
                  000822c9    00000121     driverlib.lib : sysctl.obj (.text:SysCtl_setClock)
                  000823ea    000000fe                   : sysctl.obj (.text:SysCtl_isPLLValid)
                  000824e8    000000db                   : can.obj (.text:CAN_setupMessageObject)
                  000825c3    000000bf     board.obj (.text:PinMux_init)
                  00082682    000000b7     board.obj (.text:myADC0_init)
                  00082739    000000b3     inverter_uC_MMC.obj (.text:main)
                  000827ec    00000095     inverter_uC_MMC.obj (.text:fanctrlISR)
                  00082881    00000090     inverter_uC_MMC.obj (.text:myCAN0_0_ISR)
                  00082911    00000088     rts2800_fpu32_eabi.lib : fs_div28.asm.obj (.text)
                  00082999    00000075     inverter_uC_MMC.obj (.text:EPWM_setADCTriggerSource)
                  00082a0e    00000074     inverter_uC_MMC.obj (.text:adcA1ISR)
                  00082a82    00000073     driverlib.lib : sysctl.obj (.text:DCC_setCounterSeeds)
                  00082af5    00000072                   : can.obj (.text:CAN_sendMessage)
                  00082b67    00000066                   : can.obj (.text:CAN_readMessage)
                  00082bcd    00000066     device.obj (.text:Device_enableAllPeripherals)
                  00082c33    00000065     driverlib.lib : sysctl.obj (.text:SysCtl_getClock)
                  00082c98    00000064                   : can.obj (.text:CAN_setBitTiming)
                  00082cfc    00000055     board.obj (.text:INTERRUPT_init)
                  00082d51    00000052     driverlib.lib : gpio.obj (.text:GPIO_setPadConfig)
                  00082da3    00000051     inverter_uC_MMC.obj (.text:fanreadISR)
                  00082df4    00000051     board.obj (.text:myCAN0_init)
                  00082e45    0000004b     board.obj (.text:EPWM_setInterruptSource)
                  00082e90    00000049     device.obj (.text:Device_init)
                  00082ed9    00000046     driverlib.lib : can.obj (.text:CAN_clearInterruptStatus)
                  00082f1f    00000046                   : gpio.obj (.text:GPIO_setAnalogMode)
                  00082f65    00000045                   : sysctl.obj (.text:SysCtl_pollX1Counter)
                  00082faa    00000044     board.obj (.text:GPIO_writePin)
                  00082fee    00000012     inverter_uC_MMC.obj (.text:CAN_getInterruptCause)

.text.2    0    00083000    00001000     
                  00083000    00000044     inverter_uC_MMC.obj (.text:GPIO_writePin)
                  00083044    00000042     driverlib.lib : sysctl.obj (.text:SysCtl_selectOscSource)
                  00083086    00000040     board.obj (.text:EPWM_setActionQualifierAction)
                  000830c6    0000003e     board.obj (.text:EPWM_setCounterCompareShadowLoadMode)
                  00083104    0000003d     driverlib.lib : interrupt.obj (.text:Interrupt_initModule)
                  00083141    0000003d                   : sysctl.obj (.text:SysCtl_selectXTAL)
                  0008317e    0000003d     inverter_uC_MMC.obj (.text:gbl_enbl_ISR)
                  000831bb    0000003c     inverter_uC_MMC.obj (.text:GPIO_readPin)
                  000831f7    0000003b     inverter_uC_MMC.obj (.text:fanISR)
                  00083232    0000003a     inverter_uC_MMC.obj (.text:EPWM_setADCTriggerEventPrescale)
                  0008326c    0000003a     inverter_uC_MMC.obj (.text:gbl_flt_ISR)
                  000832a6    00000037     driverlib.lib : gpio.obj (.text:GPIO_setInterruptPin)
                  000832dd    00000037                   : gpio.obj (.text:GPIO_setPinConfig)
                  00083314    00000037                   : gpio.obj (.text:GPIO_setQualificationMode)
                  0008334b    00000037                   : interrupt.obj (.text:Interrupt_enable)
                  00083382    00000036     board.obj (.text:ADC_setupSOC)
                  000833b8    00000035     inverter_uC_MMC.obj (.text:myCAN0_1_ISR)
                  000833ed    00000032     inverter_uC_MMC.obj (.text:epwm2ISR)
                  0008341f    00000032     inverter_uC_MMC.obj (.text:epwm3ISR)
                  00083451    00000031     driverlib.lib : gpio.obj (.text:GPIO_setDirectionMode)
                  00083482    00000030     rts2800_fpu32_eabi.lib : copy_decompress_lzss.c.obj (.text:decompress:lzss)
                  000834b2    0000002f     board.obj (.text:ADC_setInterruptSource)
                  000834e1    0000002e     board.obj (.text:ADC_setInterruptSOCTrigger)
                  0008350f    0000002b     rts2800_fpu32_eabi.lib : autoinit.c.obj (.text:__TI_auto_init_nobinit_nopinit)
                  0008353a    0000002a     board.obj (.text:XBAR_setInputPin)
                  00083564    0000002a     driverlib.lib : gpio.obj (.text:XBAR_setInputPin)
                  0008358e    0000002a     inverter_uC_MMC.obj (.text:initEPWM)
                  000835b8    00000029     rts2800_fpu32_eabi.lib : exit.c.obj (.text)
                  000835e1    00000028     board.obj (.text:EPWM_setInterruptEventCount)
                  00083609    00000027     board.obj (.text:EPWM_isBaseValid)
                  00083630    00000027     inverter_uC_MMC.obj (.text:EPWM_isBaseValid)
                  00083657    00000025     board.obj (.text:myCPUTIMER0_init)
                  0008367c    00000024     driverlib.lib : sysctl.obj (.text:DCC_enableSingleShotMode)
                  000836a0    00000024     board.obj (.text:EPWM_disableCounterCompareShadowLoadMode)
                  000836c4    00000024     board.obj (.text:EPWM_setupEPWMLinks)
                  000836e8    00000024     board.obj (.text:myCPUTIMER1_init)
                  0008370c    00000022     board.obj (.text:CAN_enableInterrupt)
                  0008372e    00000022     driverlib.lib : can.obj (.text:CAN_writeDataReg)
                  00083750    00000022     board.obj (.text:EPWM_setCounterCompareValue)
                  00083772    00000022     inverter_uC_MMC.obj (.text:EPWM_setCounterCompareValue)
                  00083794    00000021     board.obj (.text:ADC_disableContinuousMode)
                  000837b5    00000021     board.obj (.text:EPWM_enableGlobalLoadRegisters)
                  000837d6    00000020     board.obj (.text:ADC_enableInterrupt)
                  000837f6    00000020     driverlib.lib : adc.obj (.text:ADC_setOffsetTrimAll)
                  00083816    00000020                   : sysctl.obj (.text:SysCtl_selectXTALSingleEnded)
                  00083836    0000001f     board.obj (.text:EPWM_setFallingEdgeDelayCountShadowLoadMode)
                  00083855    0000001f     board.obj (.text:EPWM_setRisingEdgeDelayCountShadowLoadMode)
                  00083874    0000001e     driverlib.lib : sysctl.obj (.text:DCC_setCounter0ClkSource)
                  00083892    0000001e                   : sysctl.obj (.text:DCC_setCounter1ClkSource)
                  000838b0    0000001e     board.obj (.text:EPWM_setPhaseShift)
                  000838ce    0000001e     driverlib.lib : interrupt.obj (.text:Interrupt_initVectorTable)
                  000838ec    0000001d     inverter_uC_MMC.obj (.text:ADC_getInterruptOverflowStatus)
                  00083909    0000001d     inverter_uC_MMC.obj (.text:CAN_clearGlobalInterruptStatus)
                  00083926    0000001d     board.obj (.text:CAN_enableGlobalInterrupt)
                  00083943    0000001d     board.obj (.text:EPWM_setActionQualifierContSWForceShadowMode)
                  00083960    0000001d     board.obj (.text:EPWM_setActionQualifierT2TriggerSource)
                  0008397d    0000001d     rts2800_fpu32_eabi.lib : memcpy.c.obj (.text)
                  0008399a    0000001c     board.obj (.text:ADC_setSOCPriority)
                  000839b6    0000001c     driverlib.lib : can.obj (.text:CAN_initModule)
                  000839d2    0000001c     inverter_uC_MMC.obj (.text:EPWM_disableADCTrigger)
                  000839ee    0000001c     inverter_uC_MMC.obj (.text:EPWM_enableADCTrigger)
                  00083a0a    0000001c     board.obj (.text:EPWM_setClockPrescaler)
                  00083a26    0000001c     inverter_uC_MMC.obj (.text:EPWM_setClockPrescaler)
                  00083a42    0000001b     board.obj (.text:Board_init)
                  00083a5d    0000001b     driverlib.lib : can.obj (.text:CAN_readDataReg)
                  00083a78    0000001b     board.obj (.text:XBAR_isBaseValid)
                  00083a93    0000001b     driverlib.lib : gpio.obj (.text:XBAR_isBaseValid)
                  00083aae    0000001a     board.obj (.text:ASysCtl_setAnalogReference1P65)
                  00083ac8    0000001a     driverlib.lib : can.obj (.text:CAN_initRAM)
                  00083ae2    0000001a     board.obj (.text:CPUTimer_startTimer)
                  00083afc    0000001a     board.obj (.text:EPWM_setActionQualifierT1TriggerSource)
                  00083b16    0000001a     driverlib.lib : sysctl.obj (.text:SysCtl_getLowSpeedClock)
                  00083b30    00000018     board.obj (.text:ASysCtl_setAnalogReferenceInternal)
                  00083b48    00000018     board.obj (.text:EPWM_disableFallingEdgeDelayCountShadowLoadMode)
                  00083b60    00000018     board.obj (.text:EPWM_disableRisingEdgeDelayCountShadowLoadMode)
                  00083b78    00000018     inverter_uC_MMC.obj (.text:SysCtl_disablePeripheral)
                  00083b90    00000017     board.obj (.text:CPUTimer_isBaseValid)
                  00083ba7    00000017     driverlib.lib : cputimer.obj (.text:CPUTimer_isBaseValid)
                  00083bbe    00000017     board.obj (.text:CPUTimer_setPreScaler)
                  00083bd5    00000017     device.obj (.text:SysCtl_enablePeripheral)
                  00083bec    00000017     driverlib.lib : sysctl.obj (.text:SysCtl_enablePeripheral)
                  00083c03    00000017     inverter_uC_MMC.obj (.text:SysCtl_enablePeripheral)
                  00083c1a    00000017     rts2800_fpu32_eabi.lib : boot28.asm.obj (.text)
                  00083c31    00000016     inverter_uC_MMC.obj (.text:ADC_readResult)
                  00083c47    00000016     board.obj (.text:ADC_setInterruptPulseMode)
                  00083c5d    00000016     board.obj (.text:ADC_setPrescaler)
                  00083c73    00000016     driverlib.lib : sysctl.obj (.text:DCC_disableDoneSignal)
                  00083c89    00000016     board.obj (.text:EPWM_setSyncInPulseSource)
                  00083c9f    00000016     driverlib.lib : interrupt.obj (.text:Interrupt_defaultHandler)
                  00083cb5    00000015     board.obj (.text:ADC_disableBurstMode)
                  00083cca    00000015     board.obj (.text:CPUTimer_enableInterrupt)
                  00083cdf    00000015     driverlib.lib : sysctl.obj (.text:DCC_clearDoneFlag)
                  00083cf4    00000015                   : sysctl.obj (.text:DCC_clearErrorFlag)
                  00083d09    00000015                   : sysctl.obj (.text:DCC_disableErrorSignal)
                  00083d1e    00000015                   : sysctl.obj (.text:DCC_isBaseValid)
                  00083d33    00000015     board.obj (.text:ENA_out_init)
                  00083d48    00000015     board.obj (.text:ENB_out_init)
                  00083d5d    00000015     device.obj (.text:GPIO_unlockPortConfig)
                  00083d72    00000014     inverter_uC_MMC.obj (.text:ADC_clearInterruptOverflowStatus)
                  00083d86    00000014     board.obj (.text:ADC_clearInterruptStatus)
                  00083d9a    00000014     inverter_uC_MMC.obj (.text:ADC_clearInterruptStatus)
                  00083dae    00000014     board.obj (.text:CPUTimer_reloadTimerCounter)
                  00083dc2    00000014     board.obj (.text:CPUTimer_stopTimer)
                  00083dd6    00000014     driverlib.lib : sysctl.obj (.text:DCC_disableModule)
                  00083dea    00000014                   : sysctl.obj (.text:DCC_enableModule)
                  00083dfe    00000014     board.obj (.text:EPWM_setTimeBaseCounterMode)
                  00083e12    00000014     inverter_uC_MMC.obj (.text:EPWM_setTimeBaseCounterMode)
                  00083e26    00000014     board.obj (.text:EPWM_setTimeBasePeriod)
                  00083e3a    00000014     inverter_uC_MMC.obj (.text:EPWM_setTimeBasePeriod)
                  00083e4e    00000014     board.obj (.text:GPIO_isPinValid)
                  00083e62    00000014     driverlib.lib : gpio.obj (.text:GPIO_isPinValid)
                  00083e76    00000014     inverter_uC_MMC.obj (.text:GPIO_isPinValid)
                  00083e8a    00000014     driverlib.lib : sysctl.obj (.text:SysCtl_setPLLSysClk)
                  00083e9e    00000014     board.obj (.text:TACH_in_init)
                  00083eb2    00000013     board.obj (.text:ADC_enableConverter)
                  00083ec5    00000013     board.obj (.text:ADC_isBaseValid)
                  00083ed8    00000013     inverter_uC_MMC.obj (.text:ADC_isBaseValid)
                  00083eeb    00000013     board.obj (.text:CAN_setInterruptMux)
                  00083efe    00000013     driverlib.lib : cputimer.obj (.text:CPUTimer_setEmulationMode)
                  00083f11    00000013     inverter_uC_MMC.obj (.text:EPWM_clearEventTriggerInterruptFlag)
                  00083f24    00000013     board.obj (.text:EPWM_enableInterrupt)
                  00083f37    00000012     board.obj (.text:EPWM_setTimeBaseCounter)
                  00083f49    00000012     board.obj (.text:SysCtl_setSyncOutputConfig)
                  00083f5b    00000011     board.obj (.text:CAN_startModule)
                  00083f6c    00000011     board.obj (.text:CPUTimer_setPeriod)
                  00083f7d    00000011     board.obj (.text:EPWM_disablePhaseShiftLoad)
                  00083f8e    00000011     board.obj (.text:GPIO_init)
                  00083f9f    00000010     inverter_uC_MMC.obj (.text:CAN_getStatus)
                  00083faf    00000010     board.obj (.text:CAN_isBaseValid)
                  00083fbf    00000010     driverlib.lib : can.obj (.text:CAN_isBaseValid)
                  00083fcf    00000010     inverter_uC_MMC.obj (.text:CAN_isBaseValid)
                  00083fdf    00000010     board.obj (.text:CSIG2_in_init)
                  00083fef    00000010     device.obj (.text:Device_initGPIO)
                  00083fff    00000001     rts2800_fpu32_eabi.lib : startup.c.obj (.text)

.text.3    0    00084000    000001c4     
                  00084000    00000010     board.obj (.text:EN_in_init)
                  00084010    00000010     board.obj (.text:FLTN_in_init)
                  00084020    00000010     driverlib.lib : flash.obj (.text:Flash_isCtrlBaseValid)
                  00084030    00000010                   : flash.obj (.text:Flash_isECCBaseValid)
                  00084040    00000010     board.obj (.text:GPIO_setInterruptType)
                  00084050    00000010     board.obj (.text:GSYNC_in_init)
                  00084060    00000010     board.obj (.text:RDY_out_init)
                  00084070    0000000f     board.obj (.text:CSIG1_in_init)
                  0008407f    0000000f     board.obj (.text:Interrupt_register)
                  0008408e    0000000f     inverter_uC_MMC.obj (.text:Interrupt_register)
                  0008409d    0000000f     inverter_uC_MMC.obj (.text:initEPWM2)
                  000840ac    0000000e     inverter_uC_MMC.obj (.text:initEPWM3)
                  000840ba    0000000d     driverlib.lib : interrupt.obj (.text:Interrupt_disableGlobal)
                  000840c7    0000000d                   : interrupt.obj (.text:Interrupt_enableGlobal)
                  000840d4    0000000d     device.obj (.text:SysCtl_setLowSpeedClock)
                  000840e1    0000000d     rts2800_fpu32_eabi.lib : copy_zero_init.c.obj (.text:decompress:ZI:__TI_zero_init_nomemset)
                  000840ee    0000000c     board.obj (.text:EN_in_XINT_init)
                  000840fa    0000000c     board.obj (.text:FLTN_in_XINT_init)
                  00084106    0000000c     board.obj (.text:SysCtl_enableExtADCSOCSource)
                  00084112    0000000c     rts2800_fpu32_eabi.lib : args_main.c.obj (.text)
                  0008411e    0000000b     driverlib.lib : sysctl.obj (.text:SysCtl_isMCDClockFailureDetected)
                  00084129    0000000a                   : interrupt.obj (.text:Interrupt_illegalOperationHandler)
                  00084133    0000000a                   : interrupt.obj (.text:Interrupt_nmiHandler)
                  0008413d    0000000a     board.obj (.text:SYNC_init)
                  00084147    00000009     board.obj (.text:ASYSCTL_init)
                  00084150    00000009     board.obj (.text:GPIO_enableInterrupt)
                  00084159    00000009     rts2800_fpu32_eabi.lib : _lock.c.obj (.text)
                  00084162    00000008     device.obj (.text:SysCtl_disableWatchdog)
                  0008416a    00000008     rts2800_fpu32_eabi.lib : copy_decompress_none.c.obj (.text:decompress:none)
                  00084172    00000008     f28002x_codestartbranch.obj (.text)
                  0008417a    00000007     board.obj (.text:ASysCtl_disableTemperatureSensor)
                  00084181    00000007     device.obj (.text:ASysCtl_lockVREG)
                  00084188    00000007     driverlib.lib : sysctl.obj (.text:SysCtl_resetMCD)
                  0008418f    00000007     device.obj (.text:__error__)
                  00084196    00000007     board.obj (.text:myINPUTXBARINPUT0_init)
                  0008419d    00000007     board.obj (.text:myINPUTXBARINPUT1_init)
                  000841a4    00000006     inverter_uC_MMC.obj (.text:Interrupt_clearACKGroup)
                  000841aa    00000005     board.obj (.text:CPUTIMER_init)
                  000841af    00000005     board.obj (.text:INPUTXBAR_init)
                  000841b4    00000005     board.obj (.text:XINT_init)
                  000841b9    00000003     board.obj (.text:ADC_init)
                  000841bc    00000003     board.obj (.text:AIO_init)
                  000841bf    00000003     board.obj (.text:CAN_init)
                  000841c2    00000002     rts2800_fpu32_eabi.lib : pre_init.c.obj (.text)

MODULE SUMMARY

       Module                        code   ro data   rw data
       ------                        ----   -------   -------
    .\
       inverter_uC_MMC.obj           1867   272       53     
    +--+-----------------------------+------+---------+---------+
       Total:                        1867   272       53     
                                                             
    .\device\
       device.obj                    270    89        0      
       f28002x_codestartbranch.obj   10     0         0      
    +--+-----------------------------+------+---------+---------+
       Total:                        280    89        0      
                                                             
    .\syscfg\
       board.obj                     3307   484       0      
    +--+-----------------------------+------+---------+---------+
       Total:                        3307   484       0      
                                                             
    C:/ti/c2000/C2000Ware_5_01_00_00/driverlib/f28002x/driverlib/ccs/Debug/driverlib.lib
       sysctl.obj                    1324   154       0      
       can.obj                       736    151       0      
       flash.obj                     606    155       0      
       gpio.obj                      455    152       0      
       interrupt.obj                 214    0         0      
       cputimer.obj                  42     80        0      
       adc.obj                       32     0         0      
    +--+-----------------------------+------+---------+---------+
       Total:                        3409   692       0      
                                                             
    C:\ti\ccs1260\ccs\tools\compiler\ti-cgt-c2000_22.6.1.LTS\lib\rts2800_fpu32_eabi.lib
       fs_div28.asm.obj              136    0         0      
       copy_decompress_lzss.c.obj    48     0         0      
       exit.c.obj                    41     0         6      
       autoinit.c.obj                43     0         0      
       memcpy.c.obj                  29     0         0      
       boot28.asm.obj                23     0         0      
       _lock.c.obj                   9      0         4      
       copy_zero_init.c.obj          13     0         0      
       args_main.c.obj               12     0         0      
       copy_decompress_none.c.obj    8      0         0      
       pre_init.c.obj                2      0         0      
       startup.c.obj                 1      0         0      
    +--+-----------------------------+------+---------+---------+
       Total:                        365    0         10     
                                                             
       Stack:                        0      0         512    
       Linker Generated:             0      30        0      
    +--+-----------------------------+------+---------+---------+
       Grand Total:                  9228   1567      575    


LINKER GENERATED COPY TABLES

__TI_cinit_table @ 00081746 records: 2, size/record: 4, table size: 8
	.data: load addr=00081730, load size=0000000c bytes, run addr=0000a02e, run size=00000012 bytes, compression=lzss
	.bss: load addr=00081742, load size=00000004 bytes, run addr=0000a000, run size=0000002e bytes, compression=zero_init


LINKER GENERATED HANDLER TABLE

__TI_handler_table @ 0008173c records: 3, size/record: 2, table size: 6
	index: 0, handler: __TI_zero_init
	index: 1, handler: __TI_decompress_lzss
	index: 2, handler: __TI_decompress_none


LINKER GENERATED MEMRANGE CRC TABLES

_ccs_flash_checksum @ 00000000 records: 10, size/record: 6, table size: 66, algorithm=C28_CHECKSUM_16(ID=13), CRC: 00000e85
	BEGIN: page=0, load addr=00080000, size=00000002
	FLASH_BANK0_SEC0: page=0, load addr=00080002, size=00000ffe
	FLASH_BANK0_SEC1: page=0, load addr=00081000, size=00001000
	FLASH_BANK0_SEC2: page=0, load addr=00082000, size=00001000
	FLASH_BANK0_SEC3: page=0, load addr=00083000, size=00001000
	FLASH_BANK0_SEC4: page=0, load addr=00084000, size=00001000
	FLASH_BANK0_SEC5: page=0, load addr=00085000, size=00001000
	FLASH_BANK0_SEC6: page=0, load addr=00086000, size=00001000
	FLASH_BANK0_SEC7: page=0, load addr=00087000, size=00000ff0
	FLASH_BANK0_SEC7_DO_NOT_USE: page=0, load addr=00087ff0, size=00000010


GLOBAL DATA SYMBOLS: SORTED BY DATA PAGE

address     data page           name
--------    ----------------    ----
00000400      10 (00000400)     __stack

0000a000     280 (0000a000)     adc_raw_ntc1
0000a001     280 (0000a000)     adc_raw_ntc2
0000a002     280 (0000a000)     adc_raw_iac1
0000a003     280 (0000a000)     adc_raw_iac2
0000a004     280 (0000a000)     adc_raw_vdc1
0000a005     280 (0000a000)     adc_raw_vdc2
0000a006     280 (0000a000)     adc_raw_vac1
0000a007     280 (0000a000)     adc_raw_vac2
0000a008     280 (0000a000)     capCount
0000a009     280 (0000a000)     tach_count
0000a00a     280 (0000a000)     prev_tach_read
0000a00c     280 (0000a000)     epwm2Info
0000a016     280 (0000a000)     epwm3Info
0000a020     280 (0000a000)     epwmfanInfo
0000a02a     280 (0000a000)     txMsgData
0000a02e     280 (0000a000)     target_fan_duty
0000a02f     280 (0000a000)     fan_duty
0000a030     280 (0000a000)     errorFlag
0000a031     280 (0000a000)     txMsgSuccessful
0000a032     280 (0000a000)     fan_sensor
0000a033     280 (0000a000)     fan_started
0000a034     280 (0000a000)     fanState
0000a036     280 (0000a000)     __TI_enable_exit_profile_output
0000a038     280 (0000a000)     __TI_cleanup_ptr
0000a03a     280 (0000a000)     __TI_dtors_ptr
0000a03c     280 (0000a000)     _lock
0000a03e     280 (0000a000)     _unlock


GLOBAL SYMBOLS: SORTED ALPHABETICALLY BY Name 

page  address   name                                 
----  -------   ----                                 
0     000841b9  ADC_init                             
0     000837f6  ADC_setOffsetTrimAll                 
0     000841bc  AIO_init                             
0     00084147  ASYSCTL_init                         
0     00083a42  Board_init                           
0     000835b8  C$$EXIT                              
0     00082ed9  CAN_clearInterruptStatus             
0     000841bf  CAN_init                             
0     000839b6  CAN_initModule                       
0     00082b67  CAN_readMessage                      
0     00082af5  CAN_sendMessage                      
0     00082c98  CAN_setBitTiming                     
0     000824e8  CAN_setupMessageObject               
0     000841aa  CPUTIMER_init                        
0     00083efe  CPUTimer_setEmulationMode            
0     00084070  CSIG1_in_init                        
0     00083fdf  CSIG2_in_init                        
0     00082bcd  Device_enableAllPeripherals          
0     00082e90  Device_init                          
0     00083fef  Device_initGPIO                      
0     00083d33  ENA_out_init                         
0     00083d48  ENB_out_init                         
0     000840ee  EN_in_XINT_init                      
0     00084000  EN_in_init                           
0     00082000  EPWM_init                            
0     000840fa  FLTN_in_XINT_init                    
0     00084010  FLTN_in_init                         
0     0000c000  Flash_initModule                     
0     00083f8e  GPIO_init                            
0     00082f1f  GPIO_setAnalogMode                   
0     00083451  GPIO_setDirectionMode                
0     000832a6  GPIO_setInterruptPin                 
0     00082d51  GPIO_setPadConfig                    
0     000832dd  GPIO_setPinConfig                    
0     00083314  GPIO_setQualificationMode            
0     00084050  GSYNC_in_init                        
0     000841af  INPUTXBAR_init                       
0     00082cfc  INTERRUPT_init                       
0     00083c9f  Interrupt_defaultHandler             
0     0008334b  Interrupt_enable                     
0     00084129  Interrupt_illegalOperationHandler    
0     00083104  Interrupt_initModule                 
0     000838ce  Interrupt_initVectorTable            
0     00084133  Interrupt_nmiHandler                 
0     000825c3  PinMux_init                          
0     00084060  RDY_out_init                         
0     0008172b  RamfuncsLoadEnd                      
abs   00000123  RamfuncsLoadSize                     
0     00081608  RamfuncsLoadStart                    
0     0000c123  RamfuncsRunEnd                       
abs   00000123  RamfuncsRunSize                      
0     0000c000  RamfuncsRunStart                     
0     0008413d  SYNC_init                            
0     0000c11f  SysCtl_delay                         
0     00082c33  SysCtl_getClock                      
0     00083b16  SysCtl_getLowSpeedClock              
0     000823ea  SysCtl_isPLLValid                    
0     00083044  SysCtl_selectOscSource               
0     00083141  SysCtl_selectXTAL                    
0     00083816  SysCtl_selectXTALSingleEnded         
0     000822c9  SysCtl_setClock                      
0     00083e9e  TACH_in_init                         
0     000841b4  XINT_init                            
0     00081746  __TI_CINIT_Base                      
0     0008174e  __TI_CINIT_Limit                     
0     0008174e  __TI_CINIT_Warm                      
0     0008173c  __TI_Handler_Table_Base              
0     00081742  __TI_Handler_Table_Limit             
0     00000000  __TI_MEMRANGE_CRC__ccs_flash_checksum
0     00000600  __TI_STACK_END                       
abs   00000200  __TI_STACK_SIZE                      
0     0008350f  __TI_auto_init_nobinit_nopinit       
0     0000a038  __TI_cleanup_ptr                     
0     00083482  __TI_decompress_lzss                 
0     0008416a  __TI_decompress_none                 
0     0000a03a  __TI_dtors_ptr                       
0     0000a036  __TI_enable_exit_profile_output      
abs   ffffffff  __TI_pprof_out_hndl                  
abs   ffffffff  __TI_prof_data_size                  
abs   ffffffff  __TI_prof_data_start                 
0     000840e1  __TI_zero_init_nomemset              
0     00082911  __c28xabi_divf                       
n/a   UNDEFED   __c_args__                           
0     0008418f  __error__                            
0     00000400  __stack                              
0     00084112  _args_main                           
0     00083c1a  _c_int00                             
0     00000000  _ccs_flash_checksum                  
0     0000a03c  _lock                                
0     00084161  _nop                                 
0     0008415d  _register_lock                       
0     00084159  _register_unlock                     
0     00083fff  _system_post_cinit                   
0     000841c2  _system_pre_init                     
0     0000a03e  _unlock                              
0     000835b8  abort                                
0     00082a0e  adcA1ISR                             
0     0000a002  adc_raw_iac1                         
0     0000a003  adc_raw_iac2                         
0     0000a000  adc_raw_ntc1                         
0     0000a001  adc_raw_ntc2                         
0     0000a006  adc_raw_vac1                         
0     0000a007  adc_raw_vac2                         
0     0000a004  adc_raw_vdc1                         
0     0000a005  adc_raw_vdc2                         
0     0000a008  capCount                             
0     00080000  code_start                           
0     000833ed  epwm2ISR                             
0     0000a00c  epwm2Info                            
0     0008341f  epwm3ISR                             
0     0000a016  epwm3Info                            
0     0000a020  epwmfanInfo                          
0     0000a030  errorFlag                            
0     000835ba  exit                                 
0     000831f7  fanISR                               
0     0000a034  fanState                             
0     0000a02f  fan_duty                             
0     0000a032  fan_sensor                           
0     0000a033  fan_started                          
0     000827ec  fanctrlISR                           
0     00082da3  fanreadISR                           
0     0008317e  gbl_enbl_ISR                         
0     0008326c  gbl_flt_ISR                          
0     0008358e  initEPWM                             
0     0008409d  initEPWM2                            
0     000840ac  initEPWM3                            
0     00082739  main                                 
0     0008397d  memcpy                               
0     00082682  myADC0_init                          
0     00082881  myCAN0_0_ISR                         
0     000833b8  myCAN0_1_ISR                         
0     00082df4  myCAN0_init                          
0     00083657  myCPUTIMER0_init                     
0     000836e8  myCPUTIMER1_init                     
0     00084196  myINPUTXBARINPUT0_init               
0     0008419d  myINPUTXBARINPUT1_init               
0     0000a00a  prev_tach_read                       
0     0000a009  tach_count                           
0     0000a02e  target_fan_duty                      
0     0000a02a  txMsgData                            
0     0000a031  txMsgSuccessful                      


GLOBAL SYMBOLS: SORTED BY Symbol Address 

page  address   name                                 
----  -------   ----                                 
0     00000000  __TI_MEMRANGE_CRC__ccs_flash_checksum
0     00000000  _ccs_flash_checksum                  
0     00000400  __stack                              
0     00000600  __TI_STACK_END                       
0     0000a000  adc_raw_ntc1                         
0     0000a001  adc_raw_ntc2                         
0     0000a002  adc_raw_iac1                         
0     0000a003  adc_raw_iac2                         
0     0000a004  adc_raw_vdc1                         
0     0000a005  adc_raw_vdc2                         
0     0000a006  adc_raw_vac1                         
0     0000a007  adc_raw_vac2                         
0     0000a008  capCount                             
0     0000a009  tach_count                           
0     0000a00a  prev_tach_read                       
0     0000a00c  epwm2Info                            
0     0000a016  epwm3Info                            
0     0000a020  epwmfanInfo                          
0     0000a02a  txMsgData                            
0     0000a02e  target_fan_duty                      
0     0000a02f  fan_duty                             
0     0000a030  errorFlag                            
0     0000a031  txMsgSuccessful                      
0     0000a032  fan_sensor                           
0     0000a033  fan_started                          
0     0000a034  fanState                             
0     0000a036  __TI_enable_exit_profile_output      
0     0000a038  __TI_cleanup_ptr                     
0     0000a03a  __TI_dtors_ptr                       
0     0000a03c  _lock                                
0     0000a03e  _unlock                              
0     0000c000  Flash_initModule                     
0     0000c000  RamfuncsRunStart                     
0     0000c11f  SysCtl_delay                         
0     0000c123  RamfuncsRunEnd                       
0     00080000  code_start                           
0     00081608  RamfuncsLoadStart                    
0     0008172b  RamfuncsLoadEnd                      
0     0008173c  __TI_Handler_Table_Base              
0     00081742  __TI_Handler_Table_Limit             
0     00081746  __TI_CINIT_Base                      
0     0008174e  __TI_CINIT_Limit                     
0     0008174e  __TI_CINIT_Warm                      
0     00082000  EPWM_init                            
0     000822c9  SysCtl_setClock                      
0     000823ea  SysCtl_isPLLValid                    
0     000824e8  CAN_setupMessageObject               
0     000825c3  PinMux_init                          
0     00082682  myADC0_init                          
0     00082739  main                                 
0     000827ec  fanctrlISR                           
0     00082881  myCAN0_0_ISR                         
0     00082911  __c28xabi_divf                       
0     00082a0e  adcA1ISR                             
0     00082af5  CAN_sendMessage                      
0     00082b67  CAN_readMessage                      
0     00082bcd  Device_enableAllPeripherals          
0     00082c33  SysCtl_getClock                      
0     00082c98  CAN_setBitTiming                     
0     00082cfc  INTERRUPT_init                       
0     00082d51  GPIO_setPadConfig                    
0     00082da3  fanreadISR                           
0     00082df4  myCAN0_init                          
0     00082e90  Device_init                          
0     00082ed9  CAN_clearInterruptStatus             
0     00082f1f  GPIO_setAnalogMode                   
0     00083044  SysCtl_selectOscSource               
0     00083104  Interrupt_initModule                 
0     00083141  SysCtl_selectXTAL                    
0     0008317e  gbl_enbl_ISR                         
0     000831f7  fanISR                               
0     0008326c  gbl_flt_ISR                          
0     000832a6  GPIO_setInterruptPin                 
0     000832dd  GPIO_setPinConfig                    
0     00083314  GPIO_setQualificationMode            
0     0008334b  Interrupt_enable                     
0     000833b8  myCAN0_1_ISR                         
0     000833ed  epwm2ISR                             
0     0008341f  epwm3ISR                             
0     00083451  GPIO_setDirectionMode                
0     00083482  __TI_decompress_lzss                 
0     0008350f  __TI_auto_init_nobinit_nopinit       
0     0008358e  initEPWM                             
0     000835b8  C$$EXIT                              
0     000835b8  abort                                
0     000835ba  exit                                 
0     00083657  myCPUTIMER0_init                     
0     000836e8  myCPUTIMER1_init                     
0     000837f6  ADC_setOffsetTrimAll                 
0     00083816  SysCtl_selectXTALSingleEnded         
0     000838ce  Interrupt_initVectorTable            
0     0008397d  memcpy                               
0     000839b6  CAN_initModule                       
0     00083a42  Board_init                           
0     00083b16  SysCtl_getLowSpeedClock              
0     00083c1a  _c_int00                             
0     00083c9f  Interrupt_defaultHandler             
0     00083d33  ENA_out_init                         
0     00083d48  ENB_out_init                         
0     00083e9e  TACH_in_init                         
0     00083efe  CPUTimer_setEmulationMode            
0     00083f8e  GPIO_init                            
0     00083fdf  CSIG2_in_init                        
0     00083fef  Device_initGPIO                      
0     00083fff  _system_post_cinit                   
0     00084000  EN_in_init                           
0     00084010  FLTN_in_init                         
0     00084050  GSYNC_in_init                        
0     00084060  RDY_out_init                         
0     00084070  CSIG1_in_init                        
0     0008409d  initEPWM2                            
0     000840ac  initEPWM3                            
0     000840e1  __TI_zero_init_nomemset              
0     000840ee  EN_in_XINT_init                      
0     000840fa  FLTN_in_XINT_init                    
0     00084112  _args_main                           
0     00084129  Interrupt_illegalOperationHandler    
0     00084133  Interrupt_nmiHandler                 
0     0008413d  SYNC_init                            
0     00084147  ASYSCTL_init                         
0     00084159  _register_unlock                     
0     0008415d  _register_lock                       
0     00084161  _nop                                 
0     0008416a  __TI_decompress_none                 
0     0008418f  __error__                            
0     00084196  myINPUTXBARINPUT0_init               
0     0008419d  myINPUTXBARINPUT1_init               
0     000841aa  CPUTIMER_init                        
0     000841af  INPUTXBAR_init                       
0     000841b4  XINT_init                            
0     000841b9  ADC_init                             
0     000841bc  AIO_init                             
0     000841bf  CAN_init                             
0     000841c2  _system_pre_init                     
abs   00000123  RamfuncsLoadSize                     
abs   00000123  RamfuncsRunSize                      
abs   00000200  __TI_STACK_SIZE                      
abs   ffffffff  __TI_pprof_out_hndl                  
abs   ffffffff  __TI_prof_data_size                  
abs   ffffffff  __TI_prof_data_start                 
n/a   UNDEFED   __c_args__                           

[141 symbols]
