<?xml version="1.0" encoding="ISO-8859-1" ?>
<link_info>
   <banner>TMS320C2000 Linker PC v22.6.1.LTS</banner>
   <copyright>Copyright (c) 1996-2018 Texas Instruments Incorporated</copyright>
   <link_time>0x671c8241</link_time>
   <link_errors>0x0</link_errors>
   <output_file>inverter_uC_MMC.out</output_file>
   <entry_point>
      <name>code_start</name>
      <address>0x80000</address>
   </entry_point>
   <input_file_list>
      <input_file id="fl-2">
         <path>.\</path>
         <kind>object</kind>
         <file>inverter_uC_MMC.obj</file>
         <name>inverter_uC_MMC.obj</name>
      </input_file>
      <input_file id="fl-3">
         <path>.\syscfg\</path>
         <kind>object</kind>
         <file>board.obj</file>
         <name>board.obj</name>
      </input_file>
      <input_file id="fl-4">
         <path>.\syscfg\</path>
         <kind>object</kind>
         <file>c2000ware_libraries.obj</file>
         <name>c2000ware_libraries.obj</name>
      </input_file>
      <input_file id="fl-5">
         <path>.\device\</path>
         <kind>object</kind>
         <file>device.obj</file>
         <name>device.obj</name>
      </input_file>
      <input_file id="fl-6">
         <path>.\device\</path>
         <kind>object</kind>
         <file>f28002x_codestartbranch.obj</file>
         <name>f28002x_codestartbranch.obj</name>
      </input_file>
      <input_file id="fl-c">
         <kind>object</kind>
         <file>&lt;internal&gt;</file>
         <name>&lt;internal&gt;</name>
      </input_file>
      <input_file id="fl-d">
         <path>C:\ti\c2000\C2000Ware_5_01_00_00\driverlib\f28002x\driverlib\ccs\Debug\</path>
         <kind>archive</kind>
         <file>driverlib.lib</file>
         <name>adc.obj</name>
      </input_file>
      <input_file id="fl-e">
         <path>C:\ti\c2000\C2000Ware_5_01_00_00\driverlib\f28002x\driverlib\ccs\Debug\</path>
         <kind>archive</kind>
         <file>driverlib.lib</file>
         <name>can.obj</name>
      </input_file>
      <input_file id="fl-f">
         <path>C:\ti\c2000\C2000Ware_5_01_00_00\driverlib\f28002x\driverlib\ccs\Debug\</path>
         <kind>archive</kind>
         <file>driverlib.lib</file>
         <name>cputimer.obj</name>
      </input_file>
      <input_file id="fl-10">
         <path>C:\ti\c2000\C2000Ware_5_01_00_00\driverlib\f28002x\driverlib\ccs\Debug\</path>
         <kind>archive</kind>
         <file>driverlib.lib</file>
         <name>dcc.obj</name>
      </input_file>
      <input_file id="fl-11">
         <path>C:\ti\c2000\C2000Ware_5_01_00_00\driverlib\f28002x\driverlib\ccs\Debug\</path>
         <kind>archive</kind>
         <file>driverlib.lib</file>
         <name>flash.obj</name>
      </input_file>
      <input_file id="fl-12">
         <path>C:\ti\c2000\C2000Ware_5_01_00_00\driverlib\f28002x\driverlib\ccs\Debug\</path>
         <kind>archive</kind>
         <file>driverlib.lib</file>
         <name>gpio.obj</name>
      </input_file>
      <input_file id="fl-13">
         <path>C:\ti\c2000\C2000Ware_5_01_00_00\driverlib\f28002x\driverlib\ccs\Debug\</path>
         <kind>archive</kind>
         <file>driverlib.lib</file>
         <name>interrupt.obj</name>
      </input_file>
      <input_file id="fl-14">
         <path>C:\ti\c2000\C2000Ware_5_01_00_00\driverlib\f28002x\driverlib\ccs\Debug\</path>
         <kind>archive</kind>
         <file>driverlib.lib</file>
         <name>sysctl.obj</name>
      </input_file>
      <input_file id="fl-20">
         <path>C:\ti\ccs1260\ccs\tools\compiler\ti-cgt-c2000_22.6.1.LTS\lib\</path>
         <kind>archive</kind>
         <file>rts2800_fpu32_eabi.lib</file>
         <name>boot28.asm.obj</name>
      </input_file>
      <input_file id="fl-21">
         <path>C:\ti\ccs1260\ccs\tools\compiler\ti-cgt-c2000_22.6.1.LTS\lib\</path>
         <kind>archive</kind>
         <file>rts2800_fpu32_eabi.lib</file>
         <name>fs_div28.asm.obj</name>
      </input_file>
      <input_file id="fl-22">
         <path>C:\ti\ccs1260\ccs\tools\compiler\ti-cgt-c2000_22.6.1.LTS\lib\</path>
         <kind>archive</kind>
         <file>rts2800_fpu32_eabi.lib</file>
         <name>memcpy.c.obj</name>
      </input_file>
      <input_file id="fl-23">
         <path>C:\ti\ccs1260\ccs\tools\compiler\ti-cgt-c2000_22.6.1.LTS\lib\</path>
         <kind>archive</kind>
         <file>rts2800_fpu32_eabi.lib</file>
         <name>pre_init.c.obj</name>
      </input_file>
      <input_file id="fl-24">
         <path>C:\ti\ccs1260\ccs\tools\compiler\ti-cgt-c2000_22.6.1.LTS\lib\</path>
         <kind>archive</kind>
         <file>rts2800_fpu32_eabi.lib</file>
         <name>autoinit.c.obj</name>
      </input_file>
      <input_file id="fl-25">
         <path>C:\ti\ccs1260\ccs\tools\compiler\ti-cgt-c2000_22.6.1.LTS\lib\</path>
         <kind>archive</kind>
         <file>rts2800_fpu32_eabi.lib</file>
         <name>copy_zero_init.c.obj</name>
      </input_file>
      <input_file id="fl-26">
         <path>C:\ti\ccs1260\ccs\tools\compiler\ti-cgt-c2000_22.6.1.LTS\lib\</path>
         <kind>archive</kind>
         <file>rts2800_fpu32_eabi.lib</file>
         <name>copy_decompress_none.c.obj</name>
      </input_file>
      <input_file id="fl-27">
         <path>C:\ti\ccs1260\ccs\tools\compiler\ti-cgt-c2000_22.6.1.LTS\lib\</path>
         <kind>archive</kind>
         <file>rts2800_fpu32_eabi.lib</file>
         <name>copy_decompress_lzss.c.obj</name>
      </input_file>
      <input_file id="fl-28">
         <path>C:\ti\ccs1260\ccs\tools\compiler\ti-cgt-c2000_22.6.1.LTS\lib\</path>
         <kind>archive</kind>
         <file>rts2800_fpu32_eabi.lib</file>
         <name>exit.c.obj</name>
      </input_file>
      <input_file id="fl-29">
         <path>C:\ti\ccs1260\ccs\tools\compiler\ti-cgt-c2000_22.6.1.LTS\lib\</path>
         <kind>archive</kind>
         <file>rts2800_fpu32_eabi.lib</file>
         <name>_lock.c.obj</name>
      </input_file>
      <input_file id="fl-2a">
         <path>C:\ti\ccs1260\ccs\tools\compiler\ti-cgt-c2000_22.6.1.LTS\lib\</path>
         <kind>archive</kind>
         <file>rts2800_fpu32_eabi.lib</file>
         <name>args_main.c.obj</name>
      </input_file>
      <input_file id="fl-2b">
         <path>C:\ti\ccs1260\ccs\tools\compiler\ti-cgt-c2000_22.6.1.LTS\lib\</path>
         <kind>archive</kind>
         <file>rts2800_fpu32_eabi.lib</file>
         <name>memset.c.obj</name>
      </input_file>
      <input_file id="fl-2c">
         <path>C:\ti\ccs1260\ccs\tools\compiler\ti-cgt-c2000_22.6.1.LTS\lib\</path>
         <kind>archive</kind>
         <file>rts2800_fpu32_eabi.lib</file>
         <name>cpy_tbl.c.obj</name>
      </input_file>
      <input_file id="fl-2d">
         <path>C:\ti\ccs1260\ccs\tools\compiler\ti-cgt-c2000_22.6.1.LTS\lib\</path>
         <kind>archive</kind>
         <file>rts2800_fpu32_eabi.lib</file>
         <name>startup.c.obj</name>
      </input_file>
   </input_file_list>
   <object_component_list>
      <object_component id="oc-22">
         <name>codestart</name>
         <load_address>0x80000</load_address>
         <run_address>0x80000</run_address>
         <size>0x2</size>
         <input_file_ref idref="fl-6"/>
      </object_component>
      <object_component id="oc-217">
         <name>.text:EPWM_init</name>
         <load_address>0x82000</load_address>
         <run_address>0x82000</run_address>
         <size>0x1e3</size>
         <input_file_ref idref="fl-3"/>
      </object_component>
      <object_component id="oc-1bc">
         <name>.text:SysCtl_setClock</name>
         <load_address>0x821e3</load_address>
         <run_address>0x821e3</run_address>
         <size>0x121</size>
         <input_file_ref idref="fl-14"/>
      </object_component>
      <object_component id="oc-2ef">
         <name>.text:SysCtl_isPLLValid</name>
         <load_address>0x82304</load_address>
         <run_address>0x82304</run_address>
         <size>0xfe</size>
         <input_file_ref idref="fl-14"/>
      </object_component>
      <object_component id="oc-55f">
         <name>.text:CAN_setupMessageObject</name>
         <load_address>0x82402</load_address>
         <run_address>0x82402</run_address>
         <size>0xdb</size>
         <input_file_ref idref="fl-e"/>
      </object_component>
      <object_component id="oc-34c">
         <name>.text:myADC0_init</name>
         <load_address>0x824dd</load_address>
         <run_address>0x824dd</run_address>
         <size>0xc7</size>
         <input_file_ref idref="fl-3"/>
      </object_component>
      <object_component id="oc-1ed">
         <name>.text:PinMux_init</name>
         <load_address>0x825a4</load_address>
         <run_address>0x825a4</run_address>
         <size>0xb6</size>
         <input_file_ref idref="fl-3"/>
      </object_component>
      <object_component id="oc-4c">
         <name>.text:main</name>
         <load_address>0x8265a</load_address>
         <run_address>0x8265a</run_address>
         <size>0xa6</size>
         <input_file_ref idref="fl-2"/>
      </object_component>
      <object_component id="oc-2d">
         <name>.text:fanctrlISR</name>
         <load_address>0x82700</load_address>
         <run_address>0x82700</run_address>
         <size>0xa0</size>
         <input_file_ref idref="fl-2"/>
      </object_component>
      <object_component id="oc-5d">
         <name>.text:myCAN0_0_ISR</name>
         <load_address>0x827a0</load_address>
         <run_address>0x827a0</run_address>
         <size>0x90</size>
         <input_file_ref idref="fl-2"/>
      </object_component>
      <object_component id="oc-498">
         <name>.text</name>
         <load_address>0x82830</load_address>
         <run_address>0x82830</run_address>
         <size>0x88</size>
         <input_file_ref idref="fl-21"/>
      </object_component>
      <object_component id="oc-230">
         <name>.text:EPWM_setADCTriggerSource</name>
         <load_address>0x828b8</load_address>
         <run_address>0x828b8</run_address>
         <size>0x75</size>
         <input_file_ref idref="fl-2"/>
      </object_component>
      <object_component id="oc-39">
         <name>.text:adcA1ISR</name>
         <load_address>0x8292d</load_address>
         <run_address>0x8292d</run_address>
         <size>0x74</size>
         <input_file_ref idref="fl-2"/>
      </object_component>
      <object_component id="oc-4cd">
         <name>.text:DCC_setCounterSeeds</name>
         <load_address>0x829a1</load_address>
         <run_address>0x829a1</run_address>
         <size>0x73</size>
         <input_file_ref idref="fl-14"/>
      </object_component>
      <object_component id="oc-132">
         <name>.text:CAN_sendMessage</name>
         <load_address>0x82a14</load_address>
         <run_address>0x82a14</run_address>
         <size>0x72</size>
         <input_file_ref idref="fl-e"/>
      </object_component>
      <object_component id="oc-14d">
         <name>.text:CAN_readMessage</name>
         <load_address>0x82a86</load_address>
         <run_address>0x82a86</run_address>
         <size>0x66</size>
         <input_file_ref idref="fl-e"/>
      </object_component>
      <object_component id="oc-1d5">
         <name>.text:Device_enableAllPeripherals</name>
         <load_address>0x82aec</load_address>
         <run_address>0x82aec</run_address>
         <size>0x66</size>
         <input_file_ref idref="fl-5"/>
      </object_component>
      <object_component id="oc-1c8">
         <name>.text:SysCtl_getClock</name>
         <load_address>0x82b52</load_address>
         <run_address>0x82b52</run_address>
         <size>0x65</size>
         <input_file_ref idref="fl-14"/>
      </object_component>
      <object_component id="oc-54d">
         <name>.text:CAN_setBitTiming</name>
         <load_address>0x82bb7</load_address>
         <run_address>0x82bb7</run_address>
         <size>0x64</size>
         <input_file_ref idref="fl-e"/>
      </object_component>
      <object_component id="oc-353">
         <name>.text:myCAN0_init</name>
         <load_address>0x82c1b</load_address>
         <run_address>0x82c1b</run_address>
         <size>0x57</size>
         <input_file_ref idref="fl-3"/>
      </object_component>
      <object_component id="oc-312">
         <name>.text:GPIO_setPadConfig</name>
         <load_address>0x82c72</load_address>
         <run_address>0x82c72</run_address>
         <size>0x52</size>
         <input_file_ref idref="fl-12"/>
      </object_component>
      <object_component id="oc-3df">
         <name>.text:EPWM_setInterruptSource</name>
         <load_address>0x82cc4</load_address>
         <run_address>0x82cc4</run_address>
         <size>0x4b</size>
         <input_file_ref idref="fl-3"/>
      </object_component>
      <object_component id="oc-e7">
         <name>.text:Device_init</name>
         <load_address>0x82d0f</load_address>
         <run_address>0x82d0f</run_address>
         <size>0x49</size>
         <input_file_ref idref="fl-5"/>
      </object_component>
      <object_component id="oc-33">
         <name>.text:INTERRUPT_init</name>
         <load_address>0x82d58</load_address>
         <run_address>0x82d58</run_address>
         <size>0x49</size>
         <input_file_ref idref="fl-3"/>
      </object_component>
      <object_component id="oc-147">
         <name>.text:CAN_clearInterruptStatus</name>
         <load_address>0x82da1</load_address>
         <run_address>0x82da1</run_address>
         <size>0x46</size>
         <input_file_ref idref="fl-e"/>
      </object_component>
      <object_component id="oc-30c">
         <name>.text:GPIO_setAnalogMode</name>
         <load_address>0x82de7</load_address>
         <run_address>0x82de7</run_address>
         <size>0x46</size>
         <input_file_ref idref="fl-12"/>
      </object_component>
      <object_component id="oc-60c">
         <name>.text:SysCtl_pollX1Counter</name>
         <load_address>0x82e2d</load_address>
         <run_address>0x82e2d</run_address>
         <size>0x45</size>
         <input_file_ref idref="fl-14"/>
      </object_component>
      <object_component id="oc-5c3">
         <name>.text:GPIO_writePin</name>
         <load_address>0x82e72</load_address>
         <run_address>0x82e72</run_address>
         <size>0x44</size>
         <input_file_ref idref="fl-3"/>
      </object_component>
      <object_component id="oc-a4">
         <name>.text:GPIO_writePin</name>
         <load_address>0x82eb6</load_address>
         <run_address>0x82eb6</run_address>
         <size>0x44</size>
         <input_file_ref idref="fl-2"/>
      </object_component>
      <object_component id="oc-2e3">
         <name>.text:SysCtl_selectOscSource</name>
         <load_address>0x82efa</load_address>
         <run_address>0x82efa</run_address>
         <size>0x42</size>
         <input_file_ref idref="fl-14"/>
      </object_component>
      <object_component id="oc-3bb">
         <name>.text:EPWM_setActionQualifierAction</name>
         <load_address>0x82f3c</load_address>
         <run_address>0x82f3c</run_address>
         <size>0x40</size>
         <input_file_ref idref="fl-3"/>
      </object_component>
      <object_component id="oc-39d">
         <name>.text:EPWM_setCounterCompareShadowLoadMode</name>
         <load_address>0x82f7c</load_address>
         <run_address>0x82f7c</run_address>
         <size>0x3e</size>
         <input_file_ref idref="fl-3"/>
      </object_component>
      <object_component id="oc-f3">
         <name>.text:Interrupt_initModule</name>
         <load_address>0x82fba</load_address>
         <run_address>0x82fba</run_address>
         <size>0x3d</size>
         <input_file_ref idref="fl-13"/>
      </object_component>
      <object_component id="oc-1ff">
         <name>.text:ASYSCTL_init</name>
         <load_address>0x82ff7</load_address>
         <run_address>0x82ff7</run_address>
         <size>0x9</size>
         <input_file_ref idref="fl-3"/>
      </object_component>
      <object_component id="oc-48a">
         <name>.text:SysCtl_selectXTAL</name>
         <load_address>0x83000</load_address>
         <run_address>0x83000</run_address>
         <size>0x3d</size>
         <input_file_ref idref="fl-14"/>
      </object_component>
      <object_component id="oc-45">
         <name>.text:gbl_enbl_ISR</name>
         <load_address>0x8303d</load_address>
         <run_address>0x8303d</run_address>
         <size>0x3d</size>
         <input_file_ref idref="fl-2"/>
      </object_component>
      <object_component id="oc-da">
         <name>.text:GPIO_readPin</name>
         <load_address>0x8307a</load_address>
         <run_address>0x8307a</run_address>
         <size>0x3c</size>
         <input_file_ref idref="fl-2"/>
      </object_component>
      <object_component id="oc-236">
         <name>.text:EPWM_setADCTriggerEventPrescale</name>
         <load_address>0x830b6</load_address>
         <run_address>0x830b6</run_address>
         <size>0x3a</size>
         <input_file_ref idref="fl-2"/>
      </object_component>
      <object_component id="oc-3f">
         <name>.text:gbl_flt_ISR</name>
         <load_address>0x830f0</load_address>
         <run_address>0x830f0</run_address>
         <size>0x3a</size>
         <input_file_ref idref="fl-2"/>
      </object_component>
      <object_component id="oc-5d5">
         <name>.text:GPIO_setInterruptPin</name>
         <load_address>0x8312a</load_address>
         <run_address>0x8312a</run_address>
         <size>0x37</size>
         <input_file_ref idref="fl-12"/>
      </object_component>
      <object_component id="oc-306">
         <name>.text:GPIO_setPinConfig</name>
         <load_address>0x83161</load_address>
         <run_address>0x83161</run_address>
         <size>0x37</size>
         <input_file_ref idref="fl-12"/>
      </object_component>
      <object_component id="oc-318">
         <name>.text:GPIO_setQualificationMode</name>
         <load_address>0x83198</load_address>
         <run_address>0x83198</run_address>
         <size>0x37</size>
         <input_file_ref idref="fl-12"/>
      </object_component>
      <object_component id="oc-be">
         <name>.text:Interrupt_enable</name>
         <load_address>0x831cf</load_address>
         <run_address>0x831cf</run_address>
         <size>0x37</size>
         <input_file_ref idref="fl-13"/>
      </object_component>
      <object_component id="oc-522">
         <name>.text:ADC_setupSOC</name>
         <load_address>0x83206</load_address>
         <run_address>0x83206</run_address>
         <size>0x36</size>
         <input_file_ref idref="fl-3"/>
      </object_component>
      <object_component id="oc-63">
         <name>.text:myCAN0_1_ISR</name>
         <load_address>0x8323c</load_address>
         <run_address>0x8323c</run_address>
         <size>0x35</size>
         <input_file_ref idref="fl-2"/>
      </object_component>
      <object_component id="oc-4b">
         <name>.text:epwm2ISR</name>
         <load_address>0x83271</load_address>
         <run_address>0x83271</run_address>
         <size>0x32</size>
         <input_file_ref idref="fl-2"/>
      </object_component>
      <object_component id="oc-57">
         <name>.text:epwm3ISR</name>
         <load_address>0x832a3</load_address>
         <run_address>0x832a3</run_address>
         <size>0x32</size>
         <input_file_ref idref="fl-2"/>
      </object_component>
      <object_component id="oc-5ba">
         <name>.text:GPIO_setDirectionMode</name>
         <load_address>0x832d5</load_address>
         <run_address>0x832d5</run_address>
         <size>0x31</size>
         <input_file_ref idref="fl-12"/>
      </object_component>
      <object_component id="oc-15">
         <name>.text:decompress:lzss</name>
         <load_address>0x83306</load_address>
         <run_address>0x83306</run_address>
         <size>0x30</size>
         <input_file_ref idref="fl-27"/>
      </object_component>
      <object_component id="oc-52e">
         <name>.text:ADC_setInterruptSource</name>
         <load_address>0x83336</load_address>
         <run_address>0x83336</run_address>
         <size>0x2f</size>
         <input_file_ref idref="fl-3"/>
      </object_component>
      <object_component id="oc-528">
         <name>.text:ADC_setInterruptSOCTrigger</name>
         <load_address>0x83365</load_address>
         <run_address>0x83365</run_address>
         <size>0x2e</size>
         <input_file_ref idref="fl-3"/>
      </object_component>
      <object_component id="oc-442">
         <name>.text:__TI_auto_init_nobinit_nopinit</name>
         <load_address>0x83393</load_address>
         <run_address>0x83393</run_address>
         <size>0x2b</size>
         <input_file_ref idref="fl-24"/>
      </object_component>
      <object_component id="oc-4f0">
         <name>.text:XBAR_setInputPin</name>
         <load_address>0x833be</load_address>
         <run_address>0x833be</run_address>
         <size>0x2a</size>
         <input_file_ref idref="fl-3"/>
      </object_component>
      <object_component id="oc-67c">
         <name>.text:XBAR_setInputPin</name>
         <load_address>0x833e8</load_address>
         <run_address>0x833e8</run_address>
         <size>0x2a</size>
         <input_file_ref idref="fl-12"/>
      </object_component>
      <object_component id="oc-10b">
         <name>.text:initEPWM</name>
         <load_address>0x83412</load_address>
         <run_address>0x83412</run_address>
         <size>0x2a</size>
         <input_file_ref idref="fl-2"/>
      </object_component>
      <object_component id="oc-28e">
         <name>.text</name>
         <load_address>0x8343c</load_address>
         <run_address>0x8343c</run_address>
         <size>0x29</size>
         <input_file_ref idref="fl-28"/>
      </object_component>
      <object_component id="oc-3e5">
         <name>.text:EPWM_setInterruptEventCount</name>
         <load_address>0x83465</load_address>
         <run_address>0x83465</run_address>
         <size>0x28</size>
         <input_file_ref idref="fl-3"/>
      </object_component>
      <object_component id="oc-59d">
         <name>.text:EPWM_isBaseValid</name>
         <load_address>0x8348d</load_address>
         <run_address>0x8348d</run_address>
         <size>0x27</size>
         <input_file_ref idref="fl-3"/>
      </object_component>
      <object_component id="oc-1a9">
         <name>.text:EPWM_isBaseValid</name>
         <load_address>0x834b4</load_address>
         <run_address>0x834b4</run_address>
         <size>0x27</size>
         <input_file_ref idref="fl-2"/>
      </object_component>
      <object_component id="oc-35a">
         <name>.text:myCPUTIMER0_init</name>
         <load_address>0x834db</load_address>
         <run_address>0x834db</run_address>
         <size>0x25</size>
         <input_file_ref idref="fl-3"/>
      </object_component>
      <object_component id="oc-4d3">
         <name>.text:DCC_enableSingleShotMode</name>
         <load_address>0x83500</load_address>
         <run_address>0x83500</run_address>
         <size>0x24</size>
         <input_file_ref idref="fl-14"/>
      </object_component>
      <object_component id="oc-397">
         <name>.text:EPWM_disableCounterCompareShadowLoadMode</name>
         <load_address>0x83524</load_address>
         <run_address>0x83524</run_address>
         <size>0x24</size>
         <input_file_ref idref="fl-3"/>
      </object_component>
      <object_component id="oc-3a3">
         <name>.text:EPWM_setupEPWMLinks</name>
         <load_address>0x83548</load_address>
         <run_address>0x83548</run_address>
         <size>0x24</size>
         <input_file_ref idref="fl-3"/>
      </object_component>
      <object_component id="oc-553">
         <name>.text:CAN_enableInterrupt</name>
         <load_address>0x8356c</load_address>
         <run_address>0x8356c</run_address>
         <size>0x22</size>
         <input_file_ref idref="fl-3"/>
      </object_component>
      <object_component id="oc-25d">
         <name>.text:CAN_writeDataReg</name>
         <load_address>0x8358e</load_address>
         <run_address>0x8358e</run_address>
         <size>0x22</size>
         <input_file_ref idref="fl-e"/>
      </object_component>
      <object_component id="oc-391">
         <name>.text:EPWM_setCounterCompareValue</name>
         <load_address>0x835b0</load_address>
         <run_address>0x835b0</run_address>
         <size>0x22</size>
         <input_file_ref idref="fl-3"/>
      </object_component>
      <object_component id="oc-23c">
         <name>.text:EPWM_setCounterCompareValue</name>
         <load_address>0x835d2</load_address>
         <run_address>0x835d2</run_address>
         <size>0x22</size>
         <input_file_ref idref="fl-2"/>
      </object_component>
      <object_component id="oc-53a">
         <name>.text:ADC_disableContinuousMode</name>
         <load_address>0x835f4</load_address>
         <run_address>0x835f4</run_address>
         <size>0x21</size>
         <input_file_ref idref="fl-3"/>
      </object_component>
      <object_component id="oc-36d">
         <name>.text:EPWM_enableGlobalLoadRegisters</name>
         <load_address>0x83615</load_address>
         <run_address>0x83615</run_address>
         <size>0x21</size>
         <input_file_ref idref="fl-3"/>
      </object_component>
      <object_component id="oc-540">
         <name>.text:ADC_enableInterrupt</name>
         <load_address>0x83636</load_address>
         <run_address>0x83636</run_address>
         <size>0x20</size>
         <input_file_ref idref="fl-3"/>
      </object_component>
      <object_component id="oc-4fe">
         <name>.text:ADC_setOffsetTrimAll</name>
         <load_address>0x83656</load_address>
         <run_address>0x83656</run_address>
         <size>0x20</size>
         <input_file_ref idref="fl-d"/>
      </object_component>
      <object_component id="oc-490">
         <name>.text:SysCtl_selectXTALSingleEnded</name>
         <load_address>0x83676</load_address>
         <run_address>0x83676</run_address>
         <size>0x20</size>
         <input_file_ref idref="fl-14"/>
      </object_component>
      <object_component id="oc-3cd">
         <name>.text:EPWM_setFallingEdgeDelayCountShadowLoadMode</name>
         <load_address>0x83696</load_address>
         <run_address>0x83696</run_address>
         <size>0x1f</size>
         <input_file_ref idref="fl-3"/>
      </object_component>
      <object_component id="oc-3c1">
         <name>.text:EPWM_setRisingEdgeDelayCountShadowLoadMode</name>
         <load_address>0x836b5</load_address>
         <run_address>0x836b5</run_address>
         <size>0x1f</size>
         <input_file_ref idref="fl-3"/>
      </object_component>
      <object_component id="oc-4c1">
         <name>.text:DCC_setCounter0ClkSource</name>
         <load_address>0x836d4</load_address>
         <run_address>0x836d4</run_address>
         <size>0x1e</size>
         <input_file_ref idref="fl-14"/>
      </object_component>
      <object_component id="oc-4c7">
         <name>.text:DCC_setCounter1ClkSource</name>
         <load_address>0x836f2</load_address>
         <run_address>0x836f2</run_address>
         <size>0x1e</size>
         <input_file_ref idref="fl-14"/>
      </object_component>
      <object_component id="oc-385">
         <name>.text:EPWM_setPhaseShift</name>
         <load_address>0x83710</load_address>
         <run_address>0x83710</run_address>
         <size>0x1e</size>
         <input_file_ref idref="fl-3"/>
      </object_component>
      <object_component id="oc-6a">
         <name>.text:Interrupt_initVectorTable</name>
         <load_address>0x8372e</load_address>
         <run_address>0x8372e</run_address>
         <size>0x1e</size>
         <input_file_ref idref="fl-13"/>
      </object_component>
      <object_component id="oc-cc">
         <name>.text:ADC_getInterruptOverflowStatus</name>
         <load_address>0x8374c</load_address>
         <run_address>0x8374c</run_address>
         <size>0x1d</size>
         <input_file_ref idref="fl-2"/>
      </object_component>
      <object_component id="oc-153">
         <name>.text:CAN_clearGlobalInterruptStatus</name>
         <load_address>0x83769</load_address>
         <run_address>0x83769</run_address>
         <size>0x1d</size>
         <input_file_ref idref="fl-2"/>
      </object_component>
      <object_component id="oc-559">
         <name>.text:CAN_enableGlobalInterrupt</name>
         <load_address>0x83786</load_address>
         <run_address>0x83786</run_address>
         <size>0x1d</size>
         <input_file_ref idref="fl-3"/>
      </object_component>
      <object_component id="oc-3a9">
         <name>.text:EPWM_setActionQualifierContSWForceShadowMode</name>
         <load_address>0x837a3</load_address>
         <run_address>0x837a3</run_address>
         <size>0x1d</size>
         <input_file_ref idref="fl-3"/>
      </object_component>
      <object_component id="oc-3b5">
         <name>.text:EPWM_setActionQualifierT2TriggerSource</name>
         <load_address>0x837c0</load_address>
         <run_address>0x837c0</run_address>
         <size>0x1d</size>
         <input_file_ref idref="fl-3"/>
      </object_component>
      <object_component id="oc-84">
         <name>.text</name>
         <load_address>0x837dd</load_address>
         <run_address>0x837dd</run_address>
         <size>0x1d</size>
         <input_file_ref idref="fl-22"/>
      </object_component>
      <object_component id="oc-51c">
         <name>.text:ADC_setSOCPriority</name>
         <load_address>0x837fa</load_address>
         <run_address>0x837fa</run_address>
         <size>0x1c</size>
         <input_file_ref idref="fl-3"/>
      </object_component>
      <object_component id="oc-547">
         <name>.text:CAN_initModule</name>
         <load_address>0x83816</load_address>
         <run_address>0x83816</run_address>
         <size>0x1c</size>
         <input_file_ref idref="fl-e"/>
      </object_component>
      <object_component id="oc-22a">
         <name>.text:EPWM_disableADCTrigger</name>
         <load_address>0x83832</load_address>
         <run_address>0x83832</run_address>
         <size>0x1c</size>
         <input_file_ref idref="fl-2"/>
      </object_component>
      <object_component id="oc-123">
         <name>.text:EPWM_enableADCTrigger</name>
         <load_address>0x8384e</load_address>
         <run_address>0x8384e</run_address>
         <size>0x1c</size>
         <input_file_ref idref="fl-2"/>
      </object_component>
      <object_component id="oc-361">
         <name>.text:EPWM_setClockPrescaler</name>
         <load_address>0x8386a</load_address>
         <run_address>0x8386a</run_address>
         <size>0x1c</size>
         <input_file_ref idref="fl-3"/>
      </object_component>
      <object_component id="oc-248">
         <name>.text:EPWM_setClockPrescaler</name>
         <load_address>0x83886</load_address>
         <run_address>0x83886</run_address>
         <size>0x1c</size>
         <input_file_ref idref="fl-2"/>
      </object_component>
      <object_component id="oc-26e">
         <name>.text:CAN_readDataReg</name>
         <load_address>0x838a2</load_address>
         <run_address>0x838a2</run_address>
         <size>0x1b</size>
         <input_file_ref idref="fl-e"/>
      </object_component>
      <object_component id="oc-630">
         <name>.text:XBAR_isBaseValid</name>
         <load_address>0x838bd</load_address>
         <run_address>0x838bd</run_address>
         <size>0x1b</size>
         <input_file_ref idref="fl-3"/>
      </object_component>
      <object_component id="oc-6a2">
         <name>.text:XBAR_isBaseValid</name>
         <load_address>0x838d8</load_address>
         <run_address>0x838d8</run_address>
         <size>0x1b</size>
         <input_file_ref idref="fl-12"/>
      </object_component>
      <object_component id="oc-345">
         <name>.text:ASysCtl_setAnalogReference1P65</name>
         <load_address>0x838f3</load_address>
         <run_address>0x838f3</run_address>
         <size>0x1a</size>
         <input_file_ref idref="fl-3"/>
      </object_component>
      <object_component id="oc-64a">
         <name>.text:CAN_initRAM</name>
         <load_address>0x8390d</load_address>
         <run_address>0x8390d</run_address>
         <size>0x1a</size>
         <input_file_ref idref="fl-e"/>
      </object_component>
      <object_component id="oc-596">
         <name>.text:CPUTimer_startTimer</name>
         <load_address>0x83927</load_address>
         <run_address>0x83927</run_address>
         <size>0x1a</size>
         <input_file_ref idref="fl-3"/>
      </object_component>
      <object_component id="oc-3af">
         <name>.text:EPWM_setActionQualifierT1TriggerSource</name>
         <load_address>0x83941</load_address>
         <run_address>0x83941</run_address>
         <size>0x1a</size>
         <input_file_ref idref="fl-3"/>
      </object_component>
      <object_component id="oc-1cf">
         <name>.text:SysCtl_getLowSpeedClock</name>
         <load_address>0x8395b</load_address>
         <run_address>0x8395b</run_address>
         <size>0x1a</size>
         <input_file_ref idref="fl-14"/>
      </object_component>
      <object_component id="oc-105">
         <name>.text:Board_init</name>
         <load_address>0x83975</load_address>
         <run_address>0x83975</run_address>
         <size>0x19</size>
         <input_file_ref idref="fl-3"/>
      </object_component>
      <object_component id="oc-33f">
         <name>.text:ASysCtl_setAnalogReferenceInternal</name>
         <load_address>0x8398e</load_address>
         <run_address>0x8398e</run_address>
         <size>0x18</size>
         <input_file_ref idref="fl-3"/>
      </object_component>
      <object_component id="oc-3d3">
         <name>.text:EPWM_disableFallingEdgeDelayCountShadowLoadMode</name>
         <load_address>0x839a6</load_address>
         <run_address>0x839a6</run_address>
         <size>0x18</size>
         <input_file_ref idref="fl-3"/>
      </object_component>
      <object_component id="oc-3c7">
         <name>.text:EPWM_disableRisingEdgeDelayCountShadowLoadMode</name>
         <load_address>0x839be</load_address>
         <run_address>0x839be</run_address>
         <size>0x18</size>
         <input_file_ref idref="fl-3"/>
      </object_component>
      <object_component id="oc-ff">
         <name>.text:SysCtl_disablePeripheral</name>
         <load_address>0x839d6</load_address>
         <run_address>0x839d6</run_address>
         <size>0x18</size>
         <input_file_ref idref="fl-2"/>
      </object_component>
      <object_component id="oc-666">
         <name>.text:CPUTimer_isBaseValid</name>
         <load_address>0x839ee</load_address>
         <run_address>0x839ee</run_address>
         <size>0x17</size>
         <input_file_ref idref="fl-3"/>
      </object_component>
      <object_component id="oc-65d">
         <name>.text:CPUTimer_isBaseValid</name>
         <load_address>0x83a05</load_address>
         <run_address>0x83a05</run_address>
         <size>0x17</size>
         <input_file_ref idref="fl-f"/>
      </object_component>
      <object_component id="oc-578">
         <name>.text:CPUTimer_setPreScaler</name>
         <load_address>0x83a1c</load_address>
         <run_address>0x83a1c</run_address>
         <size>0x17</size>
         <input_file_ref idref="fl-3"/>
      </object_component>
      <object_component id="oc-2fa">
         <name>.text:SysCtl_enablePeripheral</name>
         <load_address>0x83a33</load_address>
         <run_address>0x83a33</run_address>
         <size>0x17</size>
         <input_file_ref idref="fl-5"/>
      </object_component>
      <object_component id="oc-49d">
         <name>.text:SysCtl_enablePeripheral</name>
         <load_address>0x83a4a</load_address>
         <run_address>0x83a4a</run_address>
         <size>0x17</size>
         <input_file_ref idref="fl-14"/>
      </object_component>
      <object_component id="oc-11d">
         <name>.text:SysCtl_enablePeripheral</name>
         <load_address>0x83a61</load_address>
         <run_address>0x83a61</run_address>
         <size>0x17</size>
         <input_file_ref idref="fl-2"/>
      </object_component>
      <object_component id="oc-171">
         <name>.text</name>
         <load_address>0x83a78</load_address>
         <run_address>0x83a78</run_address>
         <size>0x17</size>
         <input_file_ref idref="fl-20"/>
      </object_component>
      <object_component id="oc-9e">
         <name>.text:ADC_readResult</name>
         <load_address>0x83a8f</load_address>
         <run_address>0x83a8f</run_address>
         <size>0x16</size>
         <input_file_ref idref="fl-2"/>
      </object_component>
      <object_component id="oc-50a">
         <name>.text:ADC_setInterruptPulseMode</name>
         <load_address>0x83aa5</load_address>
         <run_address>0x83aa5</run_address>
         <size>0x16</size>
         <input_file_ref idref="fl-3"/>
      </object_component>
      <object_component id="oc-504">
         <name>.text:ADC_setPrescaler</name>
         <load_address>0x83abb</load_address>
         <run_address>0x83abb</run_address>
         <size>0x16</size>
         <input_file_ref idref="fl-3"/>
      </object_component>
      <object_component id="oc-4bb">
         <name>.text:DCC_disableDoneSignal</name>
         <load_address>0x83ad1</load_address>
         <run_address>0x83ad1</run_address>
         <size>0x16</size>
         <input_file_ref idref="fl-14"/>
      </object_component>
      <object_component id="oc-38b">
         <name>.text:EPWM_setSyncInPulseSource</name>
         <load_address>0x83ae7</load_address>
         <run_address>0x83ae7</run_address>
         <size>0x16</size>
         <input_file_ref idref="fl-3"/>
      </object_component>
      <object_component id="oc-69">
         <name>.text:Interrupt_defaultHandler</name>
         <load_address>0x83afd</load_address>
         <run_address>0x83afd</run_address>
         <size>0x16</size>
         <input_file_ref idref="fl-13"/>
      </object_component>
      <object_component id="oc-516">
         <name>.text:ADC_disableBurstMode</name>
         <load_address>0x83b13</load_address>
         <run_address>0x83b13</run_address>
         <size>0x15</size>
         <input_file_ref idref="fl-3"/>
      </object_component>
      <object_component id="oc-584">
         <name>.text:CPUTimer_enableInterrupt</name>
         <load_address>0x83b28</load_address>
         <run_address>0x83b28</run_address>
         <size>0x15</size>
         <input_file_ref idref="fl-3"/>
      </object_component>
      <object_component id="oc-4a9">
         <name>.text:DCC_clearDoneFlag</name>
         <load_address>0x83b3d</load_address>
         <run_address>0x83b3d</run_address>
         <size>0x15</size>
         <input_file_ref idref="fl-14"/>
      </object_component>
      <object_component id="oc-4a3">
         <name>.text:DCC_clearErrorFlag</name>
         <load_address>0x83b52</load_address>
         <run_address>0x83b52</run_address>
         <size>0x15</size>
         <input_file_ref idref="fl-14"/>
      </object_component>
      <object_component id="oc-4b5">
         <name>.text:DCC_disableErrorSignal</name>
         <load_address>0x83b67</load_address>
         <run_address>0x83b67</run_address>
         <size>0x15</size>
         <input_file_ref idref="fl-14"/>
      </object_component>
      <object_component id="oc-61c">
         <name>.text:DCC_isBaseValid</name>
         <load_address>0x83b7c</load_address>
         <run_address>0x83b7c</run_address>
         <size>0x15</size>
         <input_file_ref idref="fl-14"/>
      </object_component>
      <object_component id="oc-410">
         <name>.text:ENA_out_init</name>
         <load_address>0x83b91</load_address>
         <run_address>0x83b91</run_address>
         <size>0x15</size>
         <input_file_ref idref="fl-3"/>
      </object_component>
      <object_component id="oc-3fe">
         <name>.text:ENB_out_init</name>
         <load_address>0x83ba6</load_address>
         <run_address>0x83ba6</run_address>
         <size>0x15</size>
         <input_file_ref idref="fl-3"/>
      </object_component>
      <object_component id="oc-41c">
         <name>.text:FAN_ctrl_out_init</name>
         <load_address>0x83bbb</load_address>
         <run_address>0x83bbb</run_address>
         <size>0x15</size>
         <input_file_ref idref="fl-3"/>
      </object_component>
      <object_component id="oc-1e3">
         <name>.text:GPIO_unlockPortConfig</name>
         <load_address>0x83bd0</load_address>
         <run_address>0x83bd0</run_address>
         <size>0x15</size>
         <input_file_ref idref="fl-5"/>
      </object_component>
      <object_component id="oc-d2">
         <name>.text:ADC_clearInterruptOverflowStatus</name>
         <load_address>0x83be5</load_address>
         <run_address>0x83be5</run_address>
         <size>0x14</size>
         <input_file_ref idref="fl-2"/>
      </object_component>
      <object_component id="oc-534">
         <name>.text:ADC_clearInterruptStatus</name>
         <load_address>0x83bf9</load_address>
         <run_address>0x83bf9</run_address>
         <size>0x14</size>
         <input_file_ref idref="fl-3"/>
      </object_component>
      <object_component id="oc-c6">
         <name>.text:ADC_clearInterruptStatus</name>
         <load_address>0x83c0d</load_address>
         <run_address>0x83c0d</run_address>
         <size>0x14</size>
         <input_file_ref idref="fl-2"/>
      </object_component>
      <object_component id="oc-590">
         <name>.text:CPUTimer_reloadTimerCounter</name>
         <load_address>0x83c21</load_address>
         <run_address>0x83c21</run_address>
         <size>0x14</size>
         <input_file_ref idref="fl-3"/>
      </object_component>
      <object_component id="oc-58a">
         <name>.text:CPUTimer_stopTimer</name>
         <load_address>0x83c35</load_address>
         <run_address>0x83c35</run_address>
         <size>0x14</size>
         <input_file_ref idref="fl-3"/>
      </object_component>
      <object_component id="oc-4af">
         <name>.text:DCC_disableModule</name>
         <load_address>0x83c49</load_address>
         <run_address>0x83c49</run_address>
         <size>0x14</size>
         <input_file_ref idref="fl-14"/>
      </object_component>
      <object_component id="oc-4d9">
         <name>.text:DCC_enableModule</name>
         <load_address>0x83c5d</load_address>
         <run_address>0x83c5d</run_address>
         <size>0x14</size>
         <input_file_ref idref="fl-14"/>
      </object_component>
      <object_component id="oc-379">
         <name>.text:EPWM_setTimeBaseCounterMode</name>
         <load_address>0x83c71</load_address>
         <run_address>0x83c71</run_address>
         <size>0x14</size>
         <input_file_ref idref="fl-3"/>
      </object_component>
      <object_component id="oc-129">
         <name>.text:EPWM_setTimeBaseCounterMode</name>
         <load_address>0x83c85</load_address>
         <run_address>0x83c85</run_address>
         <size>0x14</size>
         <input_file_ref idref="fl-2"/>
      </object_component>
      <object_component id="oc-367">
         <name>.text:EPWM_setTimeBasePeriod</name>
         <load_address>0x83c99</load_address>
         <run_address>0x83c99</run_address>
         <size>0x14</size>
         <input_file_ref idref="fl-3"/>
      </object_component>
      <object_component id="oc-242">
         <name>.text:EPWM_setTimeBasePeriod</name>
         <load_address>0x83cad</load_address>
         <run_address>0x83cad</run_address>
         <size>0x14</size>
         <input_file_ref idref="fl-2"/>
      </object_component>
      <object_component id="oc-674">
         <name>.text:GPIO_isPinValid</name>
         <load_address>0x83cc1</load_address>
         <run_address>0x83cc1</run_address>
         <size>0x14</size>
         <input_file_ref idref="fl-3"/>
      </object_component>
      <object_component id="oc-4e8">
         <name>.text:GPIO_isPinValid</name>
         <load_address>0x83cd5</load_address>
         <run_address>0x83cd5</run_address>
         <size>0x14</size>
         <input_file_ref idref="fl-12"/>
      </object_component>
      <object_component id="oc-17f">
         <name>.text:GPIO_isPinValid</name>
         <load_address>0x83ce9</load_address>
         <run_address>0x83ce9</run_address>
         <size>0x14</size>
         <input_file_ref idref="fl-2"/>
      </object_component>
      <object_component id="oc-2e9">
         <name>.text:SysCtl_setPLLSysClk</name>
         <load_address>0x83cfd</load_address>
         <run_address>0x83cfd</run_address>
         <size>0x14</size>
         <input_file_ref idref="fl-14"/>
      </object_component>
      <object_component id="oc-510">
         <name>.text:ADC_enableConverter</name>
         <load_address>0x83d11</load_address>
         <run_address>0x83d11</run_address>
         <size>0x13</size>
         <input_file_ref idref="fl-3"/>
      </object_component>
      <object_component id="oc-639">
         <name>.text:ADC_isBaseValid</name>
         <load_address>0x83d24</load_address>
         <run_address>0x83d24</run_address>
         <size>0x13</size>
         <input_file_ref idref="fl-3"/>
      </object_component>
      <object_component id="oc-19f">
         <name>.text:ADC_isBaseValid</name>
         <load_address>0x83d37</load_address>
         <run_address>0x83d37</run_address>
         <size>0x13</size>
         <input_file_ref idref="fl-2"/>
      </object_component>
      <object_component id="oc-565">
         <name>.text:CAN_setInterruptMux</name>
         <load_address>0x83d4a</load_address>
         <run_address>0x83d4a</run_address>
         <size>0x13</size>
         <input_file_ref idref="fl-3"/>
      </object_component>
      <object_component id="oc-572">
         <name>.text:CPUTimer_setEmulationMode</name>
         <load_address>0x83d5d</load_address>
         <run_address>0x83d5d</run_address>
         <size>0x13</size>
         <input_file_ref idref="fl-f"/>
      </object_component>
      <object_component id="oc-e1">
         <name>.text:EPWM_clearEventTriggerInterruptFlag</name>
         <load_address>0x83d70</load_address>
         <run_address>0x83d70</run_address>
         <size>0x13</size>
         <input_file_ref idref="fl-2"/>
      </object_component>
      <object_component id="oc-3d9">
         <name>.text:EPWM_enableInterrupt</name>
         <load_address>0x83d83</load_address>
         <run_address>0x83d83</run_address>
         <size>0x13</size>
         <input_file_ref idref="fl-3"/>
      </object_component>
      <object_component id="oc-21d">
         <name>.text:GPIO_init</name>
         <load_address>0x83d96</load_address>
         <run_address>0x83d96</run_address>
         <size>0x13</size>
         <input_file_ref idref="fl-3"/>
      </object_component>
      <object_component id="oc-13b">
         <name>.text:CAN_getInterruptCause</name>
         <load_address>0x83da9</load_address>
         <run_address>0x83da9</run_address>
         <size>0x12</size>
         <input_file_ref idref="fl-2"/>
      </object_component>
      <object_component id="oc-373">
         <name>.text:EPWM_setTimeBaseCounter</name>
         <load_address>0x83dbb</load_address>
         <run_address>0x83dbb</run_address>
         <size>0x12</size>
         <input_file_ref idref="fl-3"/>
      </object_component>
      <object_component id="oc-32c">
         <name>.text:SysCtl_setSyncOutputConfig</name>
         <load_address>0x83dcd</load_address>
         <run_address>0x83dcd</run_address>
         <size>0x12</size>
         <input_file_ref idref="fl-3"/>
      </object_component>
      <object_component id="oc-56b">
         <name>.text:CAN_startModule</name>
         <load_address>0x83ddf</load_address>
         <run_address>0x83ddf</run_address>
         <size>0x11</size>
         <input_file_ref idref="fl-3"/>
      </object_component>
      <object_component id="oc-57e">
         <name>.text:CPUTimer_setPeriod</name>
         <load_address>0x83df0</load_address>
         <run_address>0x83df0</run_address>
         <size>0x11</size>
         <input_file_ref idref="fl-3"/>
      </object_component>
      <object_component id="oc-37f">
         <name>.text:EPWM_disablePhaseShiftLoad</name>
         <load_address>0x83e01</load_address>
         <run_address>0x83e01</run_address>
         <size>0x11</size>
         <input_file_ref idref="fl-3"/>
      </object_component>
      <object_component id="oc-141">
         <name>.text:CAN_getStatus</name>
         <load_address>0x83e12</load_address>
         <run_address>0x83e12</run_address>
         <size>0x10</size>
         <input_file_ref idref="fl-2"/>
      </object_component>
      <object_component id="oc-652">
         <name>.text:CAN_isBaseValid</name>
         <load_address>0x83e22</load_address>
         <run_address>0x83e22</run_address>
         <size>0x10</size>
         <input_file_ref idref="fl-3"/>
      </object_component>
      <object_component id="oc-256">
         <name>.text:CAN_isBaseValid</name>
         <load_address>0x83e32</load_address>
         <run_address>0x83e32</run_address>
         <size>0x10</size>
         <input_file_ref idref="fl-e"/>
      </object_component>
      <object_component id="oc-265">
         <name>.text:CAN_isBaseValid</name>
         <load_address>0x83e42</load_address>
         <run_address>0x83e42</run_address>
         <size>0x10</size>
         <input_file_ref idref="fl-2"/>
      </object_component>
      <object_component id="oc-3ec">
         <name>.text:CSIG2_in_init</name>
         <load_address>0x83e52</load_address>
         <run_address>0x83e52</run_address>
         <size>0x10</size>
         <input_file_ref idref="fl-3"/>
      </object_component>
      <object_component id="oc-ed">
         <name>.text:Device_initGPIO</name>
         <load_address>0x83e62</load_address>
         <run_address>0x83e62</run_address>
         <size>0x10</size>
         <input_file_ref idref="fl-5"/>
      </object_component>
      <object_component id="oc-416">
         <name>.text:EN_in_init</name>
         <load_address>0x83e72</load_address>
         <run_address>0x83e72</run_address>
         <size>0x10</size>
         <input_file_ref idref="fl-3"/>
      </object_component>
      <object_component id="oc-3f8">
         <name>.text:FLTN_in_init</name>
         <load_address>0x83e82</load_address>
         <run_address>0x83e82</run_address>
         <size>0x10</size>
         <input_file_ref idref="fl-3"/>
      </object_component>
      <object_component id="oc-29c">
         <name>.text:Flash_isCtrlBaseValid</name>
         <load_address>0x83e92</load_address>
         <run_address>0x83e92</run_address>
         <size>0x10</size>
         <input_file_ref idref="fl-11"/>
      </object_component>
      <object_component id="oc-2a3">
         <name>.text:Flash_isECCBaseValid</name>
         <load_address>0x83ea2</load_address>
         <run_address>0x83ea2</run_address>
         <size>0x10</size>
         <input_file_ref idref="fl-11"/>
      </object_component>
      <object_component id="oc-5cf">
         <name>.text:GPIO_setInterruptType</name>
         <load_address>0x83eb2</load_address>
         <run_address>0x83eb2</run_address>
         <size>0x10</size>
         <input_file_ref idref="fl-3"/>
      </object_component>
      <object_component id="oc-404">
         <name>.text:GSYNC_in_init</name>
         <load_address>0x83ec2</load_address>
         <run_address>0x83ec2</run_address>
         <size>0x10</size>
         <input_file_ref idref="fl-3"/>
      </object_component>
      <object_component id="oc-40a">
         <name>.text:RDY_out_init</name>
         <load_address>0x83ed2</load_address>
         <run_address>0x83ed2</run_address>
         <size>0x10</size>
         <input_file_ref idref="fl-3"/>
      </object_component>
      <object_component id="oc-3f2">
         <name>.text:CSIG1_in_init</name>
         <load_address>0x83ee2</load_address>
         <run_address>0x83ee2</run_address>
         <size>0xf</size>
         <input_file_ref idref="fl-3"/>
      </object_component>
      <object_component id="oc-b8">
         <name>.text:Interrupt_register</name>
         <load_address>0x83ef1</load_address>
         <run_address>0x83ef1</run_address>
         <size>0xf</size>
         <input_file_ref idref="fl-3"/>
      </object_component>
      <object_component id="oc-f9">
         <name>.text:Interrupt_register</name>
         <load_address>0x83f00</load_address>
         <run_address>0x83f00</run_address>
         <size>0xf</size>
         <input_file_ref idref="fl-2"/>
      </object_component>
      <object_component id="oc-111">
         <name>.text:initEPWM2</name>
         <load_address>0x83f0f</load_address>
         <run_address>0x83f0f</run_address>
         <size>0xf</size>
         <input_file_ref idref="fl-2"/>
      </object_component>
      <object_component id="oc-117">
         <name>.text:initEPWM3</name>
         <load_address>0x83f1e</load_address>
         <run_address>0x83f1e</run_address>
         <size>0xe</size>
         <input_file_ref idref="fl-2"/>
      </object_component>
      <object_component id="oc-18f">
         <name>.text:Interrupt_disableGlobal</name>
         <load_address>0x83f2c</load_address>
         <run_address>0x83f2c</run_address>
         <size>0xd</size>
         <input_file_ref idref="fl-13"/>
      </object_component>
      <object_component id="oc-195">
         <name>.text:Interrupt_enableGlobal</name>
         <load_address>0x83f39</load_address>
         <run_address>0x83f39</run_address>
         <size>0xd</size>
         <input_file_ref idref="fl-13"/>
      </object_component>
      <object_component id="oc-1c2">
         <name>.text:SysCtl_setLowSpeedClock</name>
         <load_address>0x83f46</load_address>
         <run_address>0x83f46</run_address>
         <size>0xd</size>
         <input_file_ref idref="fl-5"/>
      </object_component>
      <object_component id="oc-8c">
         <name>.text:decompress:ZI:__TI_zero_init_nomemset</name>
         <load_address>0x83f53</load_address>
         <run_address>0x83f53</run_address>
         <size>0xd</size>
         <input_file_ref idref="fl-25"/>
      </object_component>
      <object_component id="oc-429">
         <name>.text:EN_in_XINT_init</name>
         <load_address>0x83f60</load_address>
         <run_address>0x83f60</run_address>
         <size>0xc</size>
         <input_file_ref idref="fl-3"/>
      </object_component>
      <object_component id="oc-423">
         <name>.text:FLTN_in_XINT_init</name>
         <load_address>0x83f6c</load_address>
         <run_address>0x83f6c</run_address>
         <size>0xc</size>
         <input_file_ref idref="fl-3"/>
      </object_component>
      <object_component id="oc-332">
         <name>.text:SysCtl_enableExtADCSOCSource</name>
         <load_address>0x83f78</load_address>
         <run_address>0x83f78</run_address>
         <size>0xc</size>
         <input_file_ref idref="fl-3"/>
      </object_component>
      <object_component id="oc-288">
         <name>.text</name>
         <load_address>0x83f84</load_address>
         <run_address>0x83f84</run_address>
         <size>0xc</size>
         <input_file_ref idref="fl-2a"/>
      </object_component>
      <object_component id="oc-2dc">
         <name>.text:SysCtl_isMCDClockFailureDetected</name>
         <load_address>0x83f90</load_address>
         <run_address>0x83f90</run_address>
         <size>0xb</size>
         <input_file_ref idref="fl-14"/>
      </object_component>
      <object_component id="oc-75">
         <name>.text:Interrupt_illegalOperationHandler</name>
         <load_address>0x83f9b</load_address>
         <run_address>0x83f9b</run_address>
         <size>0xa</size>
         <input_file_ref idref="fl-13"/>
      </object_component>
      <object_component id="oc-7b">
         <name>.text:Interrupt_nmiHandler</name>
         <load_address>0x83fa5</load_address>
         <run_address>0x83fa5</run_address>
         <size>0xa</size>
         <input_file_ref idref="fl-13"/>
      </object_component>
      <object_component id="oc-1f9">
         <name>.text:SYNC_init</name>
         <load_address>0x83faf</load_address>
         <run_address>0x83faf</run_address>
         <size>0xa</size>
         <input_file_ref idref="fl-3"/>
      </object_component>
      <object_component id="oc-5db">
         <name>.text:GPIO_enableInterrupt</name>
         <load_address>0x83fb9</load_address>
         <run_address>0x83fb9</run_address>
         <size>0x9</size>
         <input_file_ref idref="fl-3"/>
      </object_component>
      <object_component id="oc-600">
         <name>.text</name>
         <load_address>0x83fc2</load_address>
         <run_address>0x83fc2</run_address>
         <size>0x9</size>
         <input_file_ref idref="fl-29"/>
      </object_component>
      <object_component id="oc-1b0">
         <name>.text:SysCtl_disableWatchdog</name>
         <load_address>0x83fcb</load_address>
         <run_address>0x83fcb</run_address>
         <size>0x8</size>
         <input_file_ref idref="fl-5"/>
      </object_component>
      <object_component id="oc-1b">
         <name>.text:decompress:none</name>
         <load_address>0x83fd3</load_address>
         <run_address>0x83fd3</run_address>
         <size>0x8</size>
         <input_file_ref idref="fl-26"/>
      </object_component>
      <object_component id="oc-98">
         <name>.text</name>
         <load_address>0x83fdb</load_address>
         <run_address>0x83fdb</run_address>
         <size>0x8</size>
         <input_file_ref idref="fl-6"/>
      </object_component>
      <object_component id="oc-339">
         <name>.text:ASysCtl_disableTemperatureSensor</name>
         <load_address>0x83fe3</load_address>
         <run_address>0x83fe3</run_address>
         <size>0x7</size>
         <input_file_ref idref="fl-3"/>
      </object_component>
      <object_component id="oc-1db">
         <name>.text:ASysCtl_lockVREG</name>
         <load_address>0x83fea</load_address>
         <run_address>0x83fea</run_address>
         <size>0x7</size>
         <input_file_ref idref="fl-5"/>
      </object_component>
      <object_component id="oc-612">
         <name>.text:SysCtl_resetMCD</name>
         <load_address>0x83ff1</load_address>
         <run_address>0x83ff1</run_address>
         <size>0x7</size>
         <input_file_ref idref="fl-14"/>
      </object_component>
      <object_component id="oc-178">
         <name>.text:__error__</name>
         <load_address>0x83ff8</load_address>
         <run_address>0x83ff8</run_address>
         <size>0x7</size>
         <input_file_ref idref="fl-5"/>
      </object_component>
      <object_component id="oc-5e6">
         <name>.text</name>
         <load_address>0x83fff</load_address>
         <run_address>0x83fff</run_address>
         <size>0x1</size>
         <input_file_ref idref="fl-2d"/>
      </object_component>
      <object_component id="oc-31f">
         <name>.text:myINPUTXBARINPUT0_init</name>
         <load_address>0x84000</load_address>
         <run_address>0x84000</run_address>
         <size>0x7</size>
         <input_file_ref idref="fl-3"/>
      </object_component>
      <object_component id="oc-325">
         <name>.text:myINPUTXBARINPUT1_init</name>
         <load_address>0x84007</load_address>
         <run_address>0x84007</run_address>
         <size>0x7</size>
         <input_file_ref idref="fl-3"/>
      </object_component>
      <object_component id="oc-aa">
         <name>.text:Interrupt_clearACKGroup</name>
         <load_address>0x8400e</load_address>
         <run_address>0x8400e</run_address>
         <size>0x6</size>
         <input_file_ref idref="fl-2"/>
      </object_component>
      <object_component id="oc-1f3">
         <name>.text:INPUTXBAR_init</name>
         <load_address>0x84014</load_address>
         <run_address>0x84014</run_address>
         <size>0x5</size>
         <input_file_ref idref="fl-3"/>
      </object_component>
      <object_component id="oc-223">
         <name>.text:XINT_init</name>
         <load_address>0x84019</load_address>
         <run_address>0x84019</run_address>
         <size>0x5</size>
         <input_file_ref idref="fl-3"/>
      </object_component>
      <object_component id="oc-205">
         <name>.text:ADC_init</name>
         <load_address>0x8401e</load_address>
         <run_address>0x8401e</run_address>
         <size>0x3</size>
         <input_file_ref idref="fl-3"/>
      </object_component>
      <object_component id="oc-20b">
         <name>.text:CAN_init</name>
         <load_address>0x84021</load_address>
         <run_address>0x84021</run_address>
         <size>0x3</size>
         <input_file_ref idref="fl-3"/>
      </object_component>
      <object_component id="oc-211">
         <name>.text:CPUTIMER_init</name>
         <load_address>0x84024</load_address>
         <run_address>0x84024</run_address>
         <size>0x3</size>
         <input_file_ref idref="fl-3"/>
      </object_component>
      <object_component id="oc-281">
         <name>.text</name>
         <load_address>0x84027</load_address>
         <run_address>0x84027</run_address>
         <size>0x2</size>
         <input_file_ref idref="fl-23"/>
      </object_component>
      <object_component id="oc-6de">
         <name>.cinit..data.load</name>
         <load_address>0x81730</load_address>
         <run_address>0x81730</run_address>
         <size>0xa</size>
      </object_component>
      <object_component id="oc-6db">
         <name>__TI_handler_table</name>
         <load_address>0x8173a</load_address>
         <run_address>0x8173a</run_address>
         <size>0x6</size>
      </object_component>
      <object_component id="oc-6dd">
         <name>.cinit..bss.load</name>
         <load_address>0x81740</load_address>
         <run_address>0x81740</run_address>
         <size>0x4</size>
      </object_component>
      <object_component id="oc-6dc">
         <name>__TI_cinit_table</name>
         <load_address>0x81744</load_address>
         <run_address>0x81744</run_address>
         <size>0x8</size>
      </object_component>
      <object_component id="oc-81">
         <name>.stack</name>
         <uninitialized>true</uninitialized>
         <run_address>0x400</run_address>
         <size>0x0</size>
         <input_file_ref idref="fl-20"/>
      </object_component>
      <object_component id="oc-6df">
         <name>.stack</name>
         <uninitialized>true</uninitialized>
         <run_address>0x400</run_address>
         <size>0x0</size>
      </object_component>
      <object_component id="oc-b0">
         <name>.bss</name>
         <uninitialized>true</uninitialized>
         <run_address>0xa000</run_address>
         <size>0x1e</size>
         <input_file_ref idref="fl-2"/>
      </object_component>
      <object_component id="oc-12f">
         <name>.bss:txMsgData</name>
         <uninitialized>true</uninitialized>
         <run_address>0xa01e</run_address>
         <size>0x4</size>
         <input_file_ref idref="fl-2"/>
      </object_component>
      <object_component id="oc-4fb">
         <name>.const:.string</name>
         <load_address>0x81000</load_address>
         <run_address>0x81000</run_address>
         <size>0x1e4</size>
         <input_file_ref idref="fl-3"/>
      </object_component>
      <object_component id="oc-177">
         <name>.const:.string</name>
         <load_address>0x811e4</load_address>
         <run_address>0x811e4</run_address>
         <size>0x110</size>
         <input_file_ref idref="fl-2"/>
      </object_component>
      <object_component id="oc-2a2">
         <name>.const:.string</name>
         <load_address>0x812f4</load_address>
         <run_address>0x812f4</run_address>
         <size>0x9b</size>
         <input_file_ref idref="fl-11"/>
      </object_component>
      <object_component id="oc-2db">
         <name>.const:.string</name>
         <load_address>0x81390</load_address>
         <run_address>0x81390</run_address>
         <size>0x9a</size>
         <input_file_ref idref="fl-14"/>
      </object_component>
      <object_component id="oc-4e6">
         <name>.const:.string</name>
         <load_address>0x8142a</load_address>
         <run_address>0x8142a</run_address>
         <size>0x98</size>
         <input_file_ref idref="fl-12"/>
      </object_component>
      <object_component id="oc-25c">
         <name>.const:.string</name>
         <load_address>0x814c2</load_address>
         <run_address>0x814c2</run_address>
         <size>0x97</size>
         <input_file_ref idref="fl-e"/>
      </object_component>
      <object_component id="oc-1ce">
         <name>.const:.string</name>
         <load_address>0x8155a</load_address>
         <run_address>0x8155a</run_address>
         <size>0x59</size>
         <input_file_ref idref="fl-5"/>
      </object_component>
      <object_component id="oc-663">
         <name>.const:.string</name>
         <load_address>0x815b4</load_address>
         <run_address>0x815b4</run_address>
         <size>0x50</size>
         <input_file_ref idref="fl-f"/>
      </object_component>
      <object_component id="oc-b3">
         <name>.data</name>
         <load_address>0xa028</load_address>
         <run_address>0xa028</run_address>
         <size>0x3</size>
         <input_file_ref idref="fl-2"/>
      </object_component>
      <object_component id="oc-474">
         <name>.data</name>
         <load_address>0xa022</load_address>
         <run_address>0xa022</run_address>
         <size>0x6</size>
         <input_file_ref idref="fl-28"/>
      </object_component>
      <object_component id="oc-477">
         <name>.data:_lock</name>
         <load_address>0xa02c</load_address>
         <run_address>0xa02c</run_address>
         <size>0x2</size>
         <input_file_ref idref="fl-29"/>
      </object_component>
      <object_component id="oc-68b">
         <name>.data:_unlock</name>
         <load_address>0xa02e</load_address>
         <run_address>0xa02e</run_address>
         <size>0x2</size>
         <input_file_ref idref="fl-29"/>
      </object_component>
      <object_component id="oc-1b6">
         <name>.TI.ramfunc:Flash_initModule</name>
         <load_address>0x81608</load_address>
         <run_address>0xc000</run_address>
         <size>0x3f</size>
         <input_file_ref idref="fl-11"/>
      </object_component>
      <object_component id="oc-2a9">
         <name>.TI.ramfunc:Flash_setBankPowerMode</name>
         <load_address>0x81647</load_address>
         <run_address>0xc03f</run_address>
         <size>0x2c</size>
         <input_file_ref idref="fl-11"/>
      </object_component>
      <object_component id="oc-2c1">
         <name>.TI.ramfunc:Flash_setWaitstates</name>
         <load_address>0x81673</load_address>
         <run_address>0xc06b</run_address>
         <size>0x23</size>
         <input_file_ref idref="fl-11"/>
      </object_component>
      <object_component id="oc-2af">
         <name>.TI.ramfunc:Flash_setPumpPowerMode</name>
         <load_address>0x81696</load_address>
         <run_address>0xc08e</run_address>
         <size>0x1d</size>
         <input_file_ref idref="fl-11"/>
      </object_component>
      <object_component id="oc-2b5">
         <name>.TI.ramfunc:Flash_disableCache</name>
         <load_address>0x816b3</load_address>
         <run_address>0xc0ab</run_address>
         <size>0x18</size>
         <input_file_ref idref="fl-11"/>
      </object_component>
      <object_component id="oc-2bb">
         <name>.TI.ramfunc:Flash_disablePrefetch</name>
         <load_address>0x816cb</load_address>
         <run_address>0xc0c3</run_address>
         <size>0x18</size>
         <input_file_ref idref="fl-11"/>
      </object_component>
      <object_component id="oc-2c7">
         <name>.TI.ramfunc:Flash_enableCache</name>
         <load_address>0x816e3</load_address>
         <run_address>0xc0db</run_address>
         <size>0x17</size>
         <input_file_ref idref="fl-11"/>
      </object_component>
      <object_component id="oc-2cd">
         <name>.TI.ramfunc:Flash_enablePrefetch</name>
         <load_address>0x816fa</load_address>
         <run_address>0xc0f2</run_address>
         <size>0x17</size>
         <input_file_ref idref="fl-11"/>
      </object_component>
      <object_component id="oc-2d3">
         <name>.TI.ramfunc:Flash_enableECC</name>
         <load_address>0x81711</load_address>
         <run_address>0xc109</run_address>
         <size>0x16</size>
         <input_file_ref idref="fl-11"/>
      </object_component>
      <object_component id="oc-2e2">
         <name>.TI.ramfunc</name>
         <load_address>0x81727</load_address>
         <run_address>0xc11f</run_address>
         <size>0x4</size>
         <input_file_ref idref="fl-14"/>
      </object_component>
      <object_component id="oc-6b3">
         <name>.TI.memcrc:_ccs_flash_checksum</name>
         <load_address>0x0</load_address>
         <run_address>0x0</run_address>
         <size>0x42</size>
      </object_component>
      <object_component id="oc-b7">
         <name>.debug_types</name>
         <load_address>0x0</load_address>
         <run_address>0x0</run_address>
         <size>0x16d7</size>
         <input_file_ref idref="fl-2"/>
      </object_component>
      <object_component id="oc-c5">
         <name>.debug_types</name>
         <load_address>0x16d7</load_address>
         <run_address>0x16d7</run_address>
         <size>0x226a</size>
         <input_file_ref idref="fl-3"/>
      </object_component>
      <object_component id="oc-1e2">
         <name>.debug_types</name>
         <load_address>0x3941</load_address>
         <run_address>0x3941</run_address>
         <size>0x49f</size>
         <input_file_ref idref="fl-5"/>
      </object_component>
      <object_component id="oc-638">
         <name>.debug_types</name>
         <load_address>0x3de0</load_address>
         <run_address>0x3de0</run_address>
         <size>0x151</size>
         <input_file_ref idref="fl-d"/>
      </object_component>
      <object_component id="oc-264">
         <name>.debug_types</name>
         <load_address>0x3f31</load_address>
         <run_address>0x3f31</run_address>
         <size>0x14f</size>
         <input_file_ref idref="fl-e"/>
      </object_component>
      <object_component id="oc-665">
         <name>.debug_types</name>
         <load_address>0x0</load_address>
         <run_address>0x0</run_address>
         <size>0x0</size>
         <input_file_ref idref="fl-f"/>
      </object_component>
      <object_component id="oc-2da">
         <name>.debug_types</name>
         <load_address>0x4080</load_address>
         <run_address>0x4080</run_address>
         <size>0x1d7</size>
         <input_file_ref idref="fl-11"/>
      </object_component>
      <object_component id="oc-4e5">
         <name>.debug_types</name>
         <load_address>0x0</load_address>
         <run_address>0x0</run_address>
         <size>0x0</size>
         <input_file_ref idref="fl-12"/>
      </object_component>
      <object_component id="oc-15c">
         <name>.debug_types</name>
         <load_address>0x0</load_address>
         <run_address>0x0</run_address>
         <size>0x0</size>
         <input_file_ref idref="fl-13"/>
      </object_component>
      <object_component id="oc-2f6">
         <name>.debug_types</name>
         <load_address>0x4257</load_address>
         <run_address>0x4257</run_address>
         <size>0x716</size>
         <input_file_ref idref="fl-14"/>
      </object_component>
      <object_component id="oc-164">
         <name>.debug_types</name>
         <load_address>0x496d</load_address>
         <run_address>0x496d</run_address>
         <size>0x142</size>
         <input_file_ref idref="fl-22"/>
      </object_component>
      <object_component id="oc-441">
         <name>.debug_types</name>
         <load_address>0x0</load_address>
         <run_address>0x0</run_address>
         <size>0x0</size>
         <input_file_ref idref="fl-23"/>
      </object_component>
      <object_component id="oc-5ed">
         <name>.debug_types</name>
         <load_address>0x4aaf</load_address>
         <run_address>0x4aaf</run_address>
         <size>0x441</size>
         <input_file_ref idref="fl-24"/>
      </object_component>
      <object_component id="oc-169">
         <name>.debug_types</name>
         <load_address>0x4ef0</load_address>
         <run_address>0x4ef0</run_address>
         <size>0x194</size>
         <input_file_ref idref="fl-25"/>
      </object_component>
      <object_component id="oc-8b">
         <name>.debug_types</name>
         <load_address>0x0</load_address>
         <run_address>0x0</run_address>
         <size>0x0</size>
         <input_file_ref idref="fl-26"/>
      </object_component>
      <object_component id="oc-83">
         <name>.debug_types</name>
         <load_address>0x5084</load_address>
         <run_address>0x5084</run_address>
         <size>0x191</size>
         <input_file_ref idref="fl-27"/>
      </object_component>
      <object_component id="oc-47b">
         <name>.debug_types</name>
         <load_address>0x5215</load_address>
         <run_address>0x5215</run_address>
         <size>0xbf</size>
         <input_file_ref idref="fl-28"/>
      </object_component>
      <object_component id="oc-608">
         <name>.debug_types</name>
         <load_address>0x52d4</load_address>
         <run_address>0x52d4</run_address>
         <size>0x2f</size>
         <input_file_ref idref="fl-29"/>
      </object_component>
      <object_component id="oc-473">
         <name>.debug_types</name>
         <load_address>0x5303</load_address>
         <run_address>0x5303</run_address>
         <size>0xe1</size>
         <input_file_ref idref="fl-2a"/>
      </object_component>
      <object_component id="oc-685">
         <name>.debug_types</name>
         <load_address>0x0</load_address>
         <run_address>0x0</run_address>
         <size>0x0</size>
         <input_file_ref idref="fl-2d"/>
      </object_component>
      <object_component id="oc-b1">
         <name>.debug_info</name>
         <load_address>0x0</load_address>
         <run_address>0x0</run_address>
         <size>0x2a7</size>
         <input_file_ref idref="fl-2"/>
      </object_component>
      <object_component id="oc-b4">
         <name>.debug_info</name>
         <load_address>0x2a7</load_address>
         <run_address>0x2a7</run_address>
         <size>0x14b</size>
         <input_file_ref idref="fl-2"/>
      </object_component>
      <object_component id="oc-130">
         <name>.debug_info</name>
         <load_address>0x3f2</load_address>
         <run_address>0x3f2</run_address>
         <size>0xf5</size>
         <input_file_ref idref="fl-2"/>
      </object_component>
      <object_component id="oc-1a1">
         <name>.debug_info</name>
         <load_address>0x4e7</load_address>
         <run_address>0x4e7</run_address>
         <size>0x17e</size>
         <input_file_ref idref="fl-2"/>
      </object_component>
      <object_component id="oc-c8">
         <name>.debug_info</name>
         <load_address>0x665</load_address>
         <run_address>0x665</run_address>
         <size>0x1d7</size>
         <input_file_ref idref="fl-2"/>
      </object_component>
      <object_component id="oc-cd">
         <name>.debug_info</name>
         <load_address>0x83c</load_address>
         <run_address>0x83c</run_address>
         <size>0x1eb</size>
         <input_file_ref idref="fl-2"/>
      </object_component>
      <object_component id="oc-d4">
         <name>.debug_info</name>
         <load_address>0xa27</load_address>
         <run_address>0xa27</run_address>
         <size>0x1e7</size>
         <input_file_ref idref="fl-2"/>
      </object_component>
      <object_component id="oc-a0">
         <name>.debug_info</name>
         <load_address>0xc0e</load_address>
         <run_address>0xc0e</run_address>
         <size>0x1c2</size>
         <input_file_ref idref="fl-2"/>
      </object_component>
      <object_component id="oc-fb">
         <name>.debug_info</name>
         <load_address>0xdd0</load_address>
         <run_address>0xdd0</run_address>
         <size>0x1d2</size>
         <input_file_ref idref="fl-2"/>
      </object_component>
      <object_component id="oc-ac">
         <name>.debug_info</name>
         <load_address>0xfa2</load_address>
         <run_address>0xfa2</run_address>
         <size>0x18e</size>
         <input_file_ref idref="fl-2"/>
      </object_component>
      <object_component id="oc-11e">
         <name>.debug_info</name>
         <load_address>0x1130</load_address>
         <run_address>0x1130</run_address>
         <size>0x1bf</size>
         <input_file_ref idref="fl-2"/>
      </object_component>
      <object_component id="oc-100">
         <name>.debug_info</name>
         <load_address>0x12ef</load_address>
         <run_address>0x12ef</run_address>
         <size>0x1c1</size>
         <input_file_ref idref="fl-2"/>
      </object_component>
      <object_component id="oc-267">
         <name>.debug_info</name>
         <load_address>0x14b0</load_address>
         <run_address>0x14b0</run_address>
         <size>0x17e</size>
         <input_file_ref idref="fl-2"/>
      </object_component>
      <object_component id="oc-142">
         <name>.debug_info</name>
         <load_address>0x162e</load_address>
         <run_address>0x162e</run_address>
         <size>0x19e</size>
         <input_file_ref idref="fl-2"/>
      </object_component>
      <object_component id="oc-13d">
         <name>.debug_info</name>
         <load_address>0x17cc</load_address>
         <run_address>0x17cc</run_address>
         <size>0x1ae</size>
         <input_file_ref idref="fl-2"/>
      </object_component>
      <object_component id="oc-154">
         <name>.debug_info</name>
         <load_address>0x197a</load_address>
         <run_address>0x197a</run_address>
         <size>0x1f0</size>
         <input_file_ref idref="fl-2"/>
      </object_component>
      <object_component id="oc-1aa">
         <name>.debug_info</name>
         <load_address>0x1b6a</load_address>
         <run_address>0x1b6a</run_address>
         <size>0x181</size>
         <input_file_ref idref="fl-2"/>
      </object_component>
      <object_component id="oc-249">
         <name>.debug_info</name>
         <load_address>0x1ceb</load_address>
         <run_address>0x1ceb</run_address>
         <size>0x212</size>
         <input_file_ref idref="fl-2"/>
      </object_component>
      <object_component id="oc-12a">
         <name>.debug_info</name>
         <load_address>0x1efd</load_address>
         <run_address>0x1efd</run_address>
         <size>0x1e3</size>
         <input_file_ref idref="fl-2"/>
      </object_component>
      <object_component id="oc-243">
         <name>.debug_info</name>
         <load_address>0x20e0</load_address>
         <run_address>0x20e0</run_address>
         <size>0x1d9</size>
         <input_file_ref idref="fl-2"/>
      </object_component>
      <object_component id="oc-23d">
         <name>.debug_info</name>
         <load_address>0x22b9</load_address>
         <run_address>0x22b9</run_address>
         <size>0x227</size>
         <input_file_ref idref="fl-2"/>
      </object_component>
      <object_component id="oc-e2">
         <name>.debug_info</name>
         <load_address>0x24e0</load_address>
         <run_address>0x24e0</run_address>
         <size>0x1c4</size>
         <input_file_ref idref="fl-2"/>
[...]
   </mem_crc_table_list>
   <symbol_table>
      <symbol id="sm-1">
         <name>RamfuncsLoadStart</name>
         <value>0x81608</value>
      </symbol>
      <symbol id="sm-2">
         <name>RamfuncsLoadSize</name>
         <value>0x123</value>
      </symbol>
      <symbol id="sm-3">
         <name>RamfuncsLoadEnd</name>
         <value>0x8172b</value>
      </symbol>
      <symbol id="sm-4">
         <name>RamfuncsRunStart</name>
         <value>0xc000</value>
      </symbol>
      <symbol id="sm-5">
         <name>RamfuncsRunSize</name>
         <value>0x123</value>
      </symbol>
      <symbol id="sm-6">
         <name>RamfuncsRunEnd</name>
         <value>0xc123</value>
      </symbol>
      <symbol id="sm-7">
         <name>__TI_CINIT_Base</name>
         <value>0x81744</value>
      </symbol>
      <symbol id="sm-8">
         <name>__TI_CINIT_Limit</name>
         <value>0x8174c</value>
      </symbol>
      <symbol id="sm-9">
         <name>__TI_CINIT_Warm</name>
         <value>0x8174c</value>
      </symbol>
      <symbol id="sm-a">
         <name>__TI_Handler_Table_Base</name>
         <value>0x8173a</value>
      </symbol>
      <symbol id="sm-b">
         <name>__TI_Handler_Table_Limit</name>
         <value>0x81740</value>
      </symbol>
      <symbol id="sm-c">
         <name>_ccs_flash_checksum</name>
         <value>0x0</value>
      </symbol>
      <symbol id="sm-d">
         <name>__TI_MEMRANGE_CRC__ccs_flash_checksum</name>
         <value>0x0</value>
      </symbol>
      <symbol id="sm-e">
         <name>__TI_STACK_SIZE</name>
         <value>0x200</value>
      </symbol>
      <symbol id="sm-f">
         <name>__TI_STACK_END</name>
         <value>0x600</value>
      </symbol>
      <symbol id="sm-10">
         <name>__TI_pprof_out_hndl</name>
         <value>0xffffffff</value>
      </symbol>
      <symbol id="sm-11">
         <name>__TI_prof_data_start</name>
         <value>0xffffffff</value>
      </symbol>
      <symbol id="sm-12">
         <name>__TI_prof_data_size</name>
         <value>0xffffffff</value>
      </symbol>
      <symbol id="sm-1ba">
         <name>epwm3ISR</name>
         <value>0x832a3</value>
         <object_component_ref idref="oc-57"/>
      </symbol>
      <symbol id="sm-1bb">
         <name>adc_raw_vdc2</name>
         <value>0xa006</value>
         <object_component_ref idref="oc-b0"/>
      </symbol>
      <symbol id="sm-1bc">
         <name>adc_raw_vdc1</name>
         <value>0xa005</value>
         <object_component_ref idref="oc-b0"/>
      </symbol>
      <symbol id="sm-1bd">
         <name>adc_raw_fans</name>
         <value>0xa004</value>
         <object_component_ref idref="oc-b0"/>
      </symbol>
      <symbol id="sm-1be">
         <name>adcA1ISR</name>
         <value>0x8292d</value>
         <object_component_ref idref="oc-39"/>
      </symbol>
      <symbol id="sm-1bf">
         <name>gbl_enbl_ISR</name>
         <value>0x8303d</value>
         <object_component_ref idref="oc-45"/>
      </symbol>
      <symbol id="sm-1c0">
         <name>errorFlag</name>
         <value>0xa028</value>
         <object_component_ref idref="oc-b3"/>
      </symbol>
      <symbol id="sm-1c1">
         <name>initEPWM3</name>
         <value>0x83f1e</value>
         <object_component_ref idref="oc-117"/>
      </symbol>
      <symbol id="sm-1c2">
         <name>initEPWM2</name>
         <value>0x83f0f</value>
         <object_component_ref idref="oc-111"/>
      </symbol>
      <symbol id="sm-1c3">
         <name>epwm2ISR</name>
         <value>0x83271</value>
         <object_component_ref idref="oc-4b"/>
      </symbol>
      <symbol id="sm-1c4">
         <name>adc_raw_ntc2</name>
         <value>0xa001</value>
         <object_component_ref idref="oc-b0"/>
      </symbol>
      <symbol id="sm-1c5">
         <name>adc_raw_ntc1</name>
         <value>0xa000</value>
         <object_component_ref idref="oc-b0"/>
      </symbol>
      <symbol id="sm-1c6">
         <name>fanState</name>
         <value>0xa02a</value>
         <object_component_ref idref="oc-b3"/>
      </symbol>
      <symbol id="sm-1c7">
         <name>adc_raw_iac2</name>
         <value>0xa003</value>
         <object_component_ref idref="oc-b0"/>
      </symbol>
      <symbol id="sm-1c8">
         <name>adc_raw_iac1</name>
         <value>0xa002</value>
         <object_component_ref idref="oc-b0"/>
      </symbol>
      <symbol id="sm-1c9">
         <name>myCAN0_0_ISR</name>
         <value>0x827a0</value>
         <object_component_ref idref="oc-5d"/>
      </symbol>
      <symbol id="sm-1ca">
         <name>txMsgSuccessful</name>
         <value>0xa029</value>
         <object_component_ref idref="oc-b3"/>
      </symbol>
      <symbol id="sm-1cb">
         <name>epwm2Info</name>
         <value>0xa00a</value>
         <object_component_ref idref="oc-b0"/>
      </symbol>
      <symbol id="sm-1cc">
         <name>myCAN0_1_ISR</name>
         <value>0x8323c</value>
         <object_component_ref idref="oc-63"/>
      </symbol>
      <symbol id="sm-1cd">
         <name>main</name>
         <value>0x8265a</value>
         <object_component_ref idref="oc-4c"/>
      </symbol>
      <symbol id="sm-1ce">
         <name>epwm3Info</name>
         <value>0xa014</value>
         <object_component_ref idref="oc-b0"/>
      </symbol>
      <symbol id="sm-1cf">
         <name>adc_raw_vac2</name>
         <value>0xa008</value>
         <object_component_ref idref="oc-b0"/>
      </symbol>
      <symbol id="sm-1d0">
         <name>adc_raw_vac1</name>
         <value>0xa007</value>
         <object_component_ref idref="oc-b0"/>
      </symbol>
      <symbol id="sm-1d1">
         <name>initEPWM</name>
         <value>0x83412</value>
         <object_component_ref idref="oc-10b"/>
      </symbol>
      <symbol id="sm-1d2">
         <name>txMsgData</name>
         <value>0xa01e</value>
         <object_component_ref idref="oc-12f"/>
      </symbol>
      <symbol id="sm-1d3">
         <name>gbl_flt_ISR</name>
         <value>0x830f0</value>
         <object_component_ref idref="oc-3f"/>
      </symbol>
      <symbol id="sm-1d4">
         <name>fanctrlISR</name>
         <value>0x82700</value>
         <object_component_ref idref="oc-2d"/>
      </symbol>
      <symbol id="sm-4e2">
         <name>INPUTXBAR_init</name>
         <value>0x84014</value>
         <object_component_ref idref="oc-1f3"/>
      </symbol>
      <symbol id="sm-4e3">
         <name>INTERRUPT_init</name>
         <value>0x82d58</value>
         <object_component_ref idref="oc-33"/>
      </symbol>
      <symbol id="sm-4e4">
         <name>CSIG2_in_init</name>
         <value>0x83e52</value>
         <object_component_ref idref="oc-3ec"/>
      </symbol>
      <symbol id="sm-4e5">
         <name>EN_in_XINT_init</name>
         <value>0x83f60</value>
         <object_component_ref idref="oc-429"/>
      </symbol>
      <symbol id="sm-4e6">
         <name>PinMux_init</name>
         <value>0x825a4</value>
         <object_component_ref idref="oc-1ed"/>
      </symbol>
      <symbol id="sm-4e7">
         <name>myINPUTXBARINPUT1_init</name>
         <value>0x84007</value>
         <object_component_ref idref="oc-325"/>
      </symbol>
      <symbol id="sm-4e8">
         <name>myINPUTXBARINPUT0_init</name>
         <value>0x84000</value>
         <object_component_ref idref="oc-31f"/>
      </symbol>
      <symbol id="sm-4e9">
         <name>Board_init</name>
         <value>0x83975</value>
         <object_component_ref idref="oc-105"/>
      </symbol>
      <symbol id="sm-4ea">
         <name>XINT_init</name>
         <value>0x84019</value>
         <object_component_ref idref="oc-223"/>
      </symbol>
      <symbol id="sm-4eb">
         <name>EN_in_init</name>
         <value>0x83e72</value>
         <object_component_ref idref="oc-416"/>
      </symbol>
      <symbol id="sm-4ec">
         <name>GPIO_init</name>
         <value>0x83d96</value>
         <object_component_ref idref="oc-21d"/>
      </symbol>
      <symbol id="sm-4ed">
         <name>ENB_out_init</name>
         <value>0x83ba6</value>
         <object_component_ref idref="oc-3fe"/>
      </symbol>
      <symbol id="sm-4ee">
         <name>FLTN_in_init</name>
         <value>0x83e82</value>
         <object_component_ref idref="oc-3f8"/>
      </symbol>
      <symbol id="sm-4ef">
         <name>CSIG1_in_init</name>
         <value>0x83ee2</value>
         <object_component_ref idref="oc-3f2"/>
      </symbol>
      <symbol id="sm-4f0">
         <name>ADC_init</name>
         <value>0x8401e</value>
         <object_component_ref idref="oc-205"/>
      </symbol>
      <symbol id="sm-4f1">
         <name>CAN_init</name>
         <value>0x84021</value>
         <object_component_ref idref="oc-20b"/>
      </symbol>
      <symbol id="sm-4f2">
         <name>RDY_out_init</name>
         <value>0x83ed2</value>
         <object_component_ref idref="oc-40a"/>
      </symbol>
      <symbol id="sm-4f3">
         <name>myADC0_init</name>
         <value>0x824dd</value>
         <object_component_ref idref="oc-34c"/>
      </symbol>
      <symbol id="sm-4f4">
         <name>SYNC_init</name>
         <value>0x83faf</value>
         <object_component_ref idref="oc-1f9"/>
      </symbol>
      <symbol id="sm-4f5">
         <name>ENA_out_init</name>
         <value>0x83b91</value>
         <object_component_ref idref="oc-410"/>
      </symbol>
      <symbol id="sm-4f6">
         <name>myCAN0_init</name>
         <value>0x82c1b</value>
         <object_component_ref idref="oc-353"/>
      </symbol>
      <symbol id="sm-4f7">
         <name>FLTN_in_XINT_init</name>
         <value>0x83f6c</value>
         <object_component_ref idref="oc-423"/>
      </symbol>
      <symbol id="sm-4f8">
         <name>GSYNC_in_init</name>
         <value>0x83ec2</value>
         <object_component_ref idref="oc-404"/>
      </symbol>
      <symbol id="sm-4f9">
         <name>EPWM_init</name>
         <value>0x82000</value>
         <object_component_ref idref="oc-217"/>
      </symbol>
      <symbol id="sm-4fa">
         <name>FAN_ctrl_out_init</name>
         <value>0x83bbb</value>
         <object_component_ref idref="oc-41c"/>
      </symbol>
      <symbol id="sm-4fb">
         <name>CPUTIMER_init</name>
         <value>0x84024</value>
         <object_component_ref idref="oc-211"/>
      </symbol>
      <symbol id="sm-4fc">
         <name>ASYSCTL_init</name>
         <value>0x82ff7</value>
         <object_component_ref idref="oc-1ff"/>
      </symbol>
      <symbol id="sm-4fd">
         <name>myCPUTIMER0_init</name>
         <value>0x834db</value>
         <object_component_ref idref="oc-35a"/>
      </symbol>
      <symbol id="sm-54d">
         <name>Device_enableAllPeripherals</name>
         <value>0x82aec</value>
         <object_component_ref idref="oc-1d5"/>
      </symbol>
      <symbol id="sm-54e">
         <name>Device_initGPIO</name>
         <value>0x83e62</value>
         <object_component_ref idref="oc-ed"/>
      </symbol>
      <symbol id="sm-54f">
         <name>Device_init</name>
         <value>0x82d0f</value>
         <object_component_ref idref="oc-e7"/>
      </symbol>
      <symbol id="sm-550">
         <name>__error__</name>
         <value>0x83ff8</value>
         <object_component_ref idref="oc-178"/>
      </symbol>
      <symbol id="sm-55f">
         <name>code_start</name>
         <value>0x80000</value>
         <object_component_ref idref="oc-22"/>
      </symbol>
      <symbol id="sm-56e">
         <name>ADC_setOffsetTrimAll</name>
         <value>0x83656</value>
         <object_component_ref idref="oc-4fe"/>
      </symbol>
      <symbol id="sm-5f9">
         <name>CAN_sendMessage</name>
         <value>0x82a14</value>
         <object_component_ref idref="oc-132"/>
      </symbol>
      <symbol id="sm-5fa">
         <name>CAN_setBitTiming</name>
         <value>0x82bb7</value>
         <object_component_ref idref="oc-54d"/>
      </symbol>
      <symbol id="sm-5fb">
         <name>CAN_clearInterruptStatus</name>
         <value>0x82da1</value>
         <object_component_ref idref="oc-147"/>
      </symbol>
      <symbol id="sm-5fc">
         <name>CAN_setupMessageObject</name>
         <value>0x82402</value>
         <object_component_ref idref="oc-55f"/>
      </symbol>
      <symbol id="sm-5fd">
         <name>CAN_initModule</name>
         <value>0x83816</value>
         <object_component_ref idref="oc-547"/>
      </symbol>
      <symbol id="sm-5fe">
         <name>CAN_readMessage</name>
         <value>0x82a86</value>
         <object_component_ref idref="oc-14d"/>
      </symbol>
      <symbol id="sm-618">
         <name>CPUTimer_setEmulationMode</name>
         <value>0x83d5d</value>
         <object_component_ref idref="oc-572"/>
      </symbol>
      <symbol id="sm-689">
         <name>Flash_initModule</name>
         <value>0xc000</value>
         <object_component_ref idref="oc-1b6"/>
      </symbol>
      <symbol id="sm-6f6">
         <name>GPIO_setQualificationMode</name>
         <value>0x83198</value>
         <object_component_ref idref="oc-318"/>
      </symbol>
      <symbol id="sm-6f7">
         <name>GPIO_setPadConfig</name>
         <value>0x82c72</value>
         <object_component_ref idref="oc-312"/>
      </symbol>
      <symbol id="sm-6f8">
         <name>GPIO_setInterruptPin</name>
         <value>0x8312a</value>
         <object_component_ref idref="oc-5d5"/>
      </symbol>
      <symbol id="sm-6f9">
         <name>GPIO_setAnalogMode</name>
         <value>0x82de7</value>
         <object_component_ref idref="oc-30c"/>
      </symbol>
      <symbol id="sm-6fa">
         <name>GPIO_setDirectionMode</name>
         <value>0x832d5</value>
         <object_component_ref idref="oc-5ba"/>
      </symbol>
      <symbol id="sm-6fb">
         <name>GPIO_setPinConfig</name>
         <value>0x83161</value>
         <object_component_ref idref="oc-306"/>
      </symbol>
      <symbol id="sm-74a">
         <name>Interrupt_defaultHandler</name>
         <value>0x83afd</value>
         <object_component_ref idref="oc-69"/>
      </symbol>
      <symbol id="sm-74b">
         <name>Interrupt_initModule</name>
         <value>0x82fba</value>
         <object_component_ref idref="oc-f3"/>
      </symbol>
      <symbol id="sm-74c">
         <name>Interrupt_nmiHandler</name>
         <value>0x83fa5</value>
         <object_component_ref idref="oc-7b"/>
      </symbol>
      <symbol id="sm-74d">
         <name>Interrupt_enable</name>
         <value>0x831cf</value>
         <object_component_ref idref="oc-be"/>
      </symbol>
      <symbol id="sm-74e">
         <name>Interrupt_initVectorTable</name>
         <value>0x8372e</value>
         <object_component_ref idref="oc-6a"/>
      </symbol>
      <symbol id="sm-74f">
         <name>Interrupt_illegalOperationHandler</name>
         <value>0x83f9b</value>
         <object_component_ref idref="oc-75"/>
      </symbol>
      <symbol id="sm-861">
         <name>SysCtl_isPLLValid</name>
         <value>0x82304</value>
         <object_component_ref idref="oc-2ef"/>
      </symbol>
      <symbol id="sm-862">
         <name>SysCtl_delay</name>
         <value>0xc11f</value>
         <object_component_ref idref="oc-2e2"/>
      </symbol>
      <symbol id="sm-863">
         <name>SysCtl_selectXTALSingleEnded</name>
         <value>0x83676</value>
         <object_component_ref idref="oc-490"/>
      </symbol>
      <symbol id="sm-864">
         <name>SysCtl_selectXTAL</name>
         <value>0x83000</value>
         <object_component_ref idref="oc-48a"/>
      </symbol>
      <symbol id="sm-865">
         <name>SysCtl_selectOscSource</name>
         <value>0x82efa</value>
         <object_component_ref idref="oc-2e3"/>
      </symbol>
      <symbol id="sm-866">
         <name>SysCtl_getLowSpeedClock</name>
         <value>0x8395b</value>
         <object_component_ref idref="oc-1cf"/>
      </symbol>
      <symbol id="sm-867">
         <name>SysCtl_setClock</name>
         <value>0x821e3</value>
         <object_component_ref idref="oc-1bc"/>
      </symbol>
      <symbol id="sm-868">
         <name>SysCtl_getClock</name>
         <value>0x82b52</value>
         <object_component_ref idref="oc-1c8"/>
      </symbol>
      <symbol id="sm-872">
         <name>_c_int00</name>
         <value>0x83a78</value>
         <object_component_ref idref="oc-171"/>
      </symbol>
      <symbol id="sm-873">
         <name>__stack</name>
         <value>0x400</value>
         <object_component_ref idref="oc-81"/>
      </symbol>
      <symbol id="sm-880">
         <name>__c28xabi_divf</name>
         <value>0x82830</value>
         <object_component_ref idref="oc-498"/>
      </symbol>
      <symbol id="sm-892">
         <name>memcpy</name>
         <value>0x837dd</value>
         <object_component_ref idref="oc-84"/>
      </symbol>
      <symbol id="sm-89f">
         <name>_system_pre_init</name>
         <value>0x84027</value>
         <object_component_ref idref="oc-281"/>
      </symbol>
      <symbol id="sm-8ae">
         <name>__TI_auto_init_nobinit_nopinit</name>
         <value>0x83393</value>
         <object_component_ref idref="oc-442"/>
      </symbol>
      <symbol id="sm-8bd">
         <name>__TI_zero_init_nomemset</name>
         <value>0x83f53</value>
         <object_component_ref idref="oc-8c"/>
      </symbol>
      <symbol id="sm-8ca">
         <name>__TI_decompress_none</name>
         <value>0x83fd3</value>
         <object_component_ref idref="oc-1b"/>
      </symbol>
      <symbol id="sm-8de">
         <name>__TI_decompress_lzss</name>
         <value>0x83306</value>
         <object_component_ref idref="oc-15"/>
      </symbol>
      <symbol id="sm-8f4">
         <name>C$$EXIT</name>
         <value>0x8343c</value>
         <object_component_ref idref="oc-28e"/>
      </symbol>
      <symbol id="sm-8f5">
         <name>abort</name>
         <value>0x8343c</value>
         <object_component_ref idref="oc-28e"/>
      </symbol>
      <symbol id="sm-8f6">
         <name>exit</name>
         <value>0x8343e</value>
         <object_component_ref idref="oc-28e"/>
      </symbol>
      <symbol id="sm-8f7">
         <name>__TI_dtors_ptr</name>
         <value>0xa026</value>
         <object_component_ref idref="oc-474"/>
      </symbol>
      <symbol id="sm-8f8">
         <name>__TI_cleanup_ptr</name>
         <value>0xa024</value>
         <object_component_ref idref="oc-474"/>
      </symbol>
      <symbol id="sm-8f9">
         <name>__TI_enable_exit_profile_output</name>
         <value>0xa022</value>
         <object_component_ref idref="oc-474"/>
      </symbol>
      <symbol id="sm-910">
         <name>_nop</name>
         <value>0x83fca</value>
         <object_component_ref idref="oc-600"/>
      </symbol>
      <symbol id="sm-911">
         <name>_lock</name>
         <value>0xa02c</value>
         <object_component_ref idref="oc-477"/>
      </symbol>
      <symbol id="sm-912">
         <name>_unlock</name>
         <value>0xa02e</value>
         <object_component_ref idref="oc-68b"/>
      </symbol>
      <symbol id="sm-913">
         <name>_register_lock</name>
         <value>0x83fc6</value>
         <object_component_ref idref="oc-600"/>
      </symbol>
      <symbol id="sm-914">
         <name>_register_unlock</name>
         <value>0x83fc2</value>
         <object_component_ref idref="oc-600"/>
      </symbol>
      <symbol id="sm-923">
         <name>_args_main</name>
         <value>0x83f84</value>
         <object_component_ref idref="oc-288"/>
      </symbol>
      <symbol id="sm-932">
         <name>_system_post_cinit</name>
         <value>0x83fff</value>
         <object_component_ref idref="oc-5e6"/>
      </symbol>
      <symbol id="sm-934">
         <name>__c_args__</name>
         <value>0x0</value>
      </symbol>
   </symbol_table>
   <title>Link successful</title>
</link_info>
