<?xml version="1.0" encoding="ISO-8859-1" ?>
<link_info>
   <banner>TMS320C2000 Linker PC v22.6.1.LTS</banner>
   <copyright>Copyright (c) 1996-2018 Texas Instruments Incorporated</copyright>
   <link_time>0x67f0e388</link_time>
   <link_errors>0x0</link_errors>
   <output_file>inverter_uC_MMC.out</output_file>
   <entry_point>
      <name>code_start</name>
      <address>0x80000</address>
   </entry_point>
   <input_file_list>
      <input_file id="fl-2">
         <path>.\</path>
         <kind>object</kind>
         <file>inverter_uC_MMC.obj</file>
         <name>inverter_uC_MMC.obj</name>
      </input_file>
      <input_file id="fl-3">
         <path>.\syscfg\</path>
         <kind>object</kind>
         <file>board.obj</file>
         <name>board.obj</name>
      </input_file>
      <input_file id="fl-4">
         <path>.\syscfg\</path>
         <kind>object</kind>
         <file>c2000ware_libraries.obj</file>
         <name>c2000ware_libraries.obj</name>
      </input_file>
      <input_file id="fl-5">
         <path>.\device\</path>
         <kind>object</kind>
         <file>device.obj</file>
         <name>device.obj</name>
      </input_file>
      <input_file id="fl-6">
         <path>.\device\</path>
         <kind>object</kind>
         <file>f28002x_codestartbranch.obj</file>
         <name>f28002x_codestartbranch.obj</name>
      </input_file>
      <input_file id="fl-c">
         <kind>object</kind>
         <file>&lt;internal&gt;</file>
         <name>&lt;internal&gt;</name>
      </input_file>
      <input_file id="fl-d">
         <path>C:\ti\c2000\C2000Ware_5_01_00_00\driverlib\f28002x\driverlib\ccs\Debug\</path>
         <kind>archive</kind>
         <file>driverlib.lib</file>
         <name>adc.obj</name>
      </input_file>
      <input_file id="fl-e">
         <path>C:\ti\c2000\C2000Ware_5_01_00_00\driverlib\f28002x\driverlib\ccs\Debug\</path>
         <kind>archive</kind>
         <file>driverlib.lib</file>
         <name>can.obj</name>
      </input_file>
      <input_file id="fl-f">
         <path>C:\ti\c2000\C2000Ware_5_01_00_00\driverlib\f28002x\driverlib\ccs\Debug\</path>
         <kind>archive</kind>
         <file>driverlib.lib</file>
         <name>cputimer.obj</name>
      </input_file>
      <input_file id="fl-10">
         <path>C:\ti\c2000\C2000Ware_5_01_00_00\driverlib\f28002x\driverlib\ccs\Debug\</path>
         <kind>archive</kind>
         <file>driverlib.lib</file>
         <name>dcc.obj</name>
      </input_file>
      <input_file id="fl-11">
         <path>C:\ti\c2000\C2000Ware_5_01_00_00\driverlib\f28002x\driverlib\ccs\Debug\</path>
         <kind>archive</kind>
         <file>driverlib.lib</file>
         <name>flash.obj</name>
      </input_file>
      <input_file id="fl-12">
         <path>C:\ti\c2000\C2000Ware_5_01_00_00\driverlib\f28002x\driverlib\ccs\Debug\</path>
         <kind>archive</kind>
         <file>driverlib.lib</file>
         <name>gpio.obj</name>
      </input_file>
      <input_file id="fl-13">
         <path>C:\ti\c2000\C2000Ware_5_01_00_00\driverlib\f28002x\driverlib\ccs\Debug\</path>
         <kind>archive</kind>
         <file>driverlib.lib</file>
         <name>interrupt.obj</name>
      </input_file>
      <input_file id="fl-14">
         <path>C:\ti\c2000\C2000Ware_5_01_00_00\driverlib\f28002x\driverlib\ccs\Debug\</path>
         <kind>archive</kind>
         <file>driverlib.lib</file>
         <name>sysctl.obj</name>
      </input_file>
      <input_file id="fl-20">
         <path>C:\ti\ccs1260\ccs\tools\compiler\ti-cgt-c2000_22.6.1.LTS\lib\</path>
         <kind>archive</kind>
         <file>rts2800_fpu32_eabi.lib</file>
         <name>boot28.asm.obj</name>
      </input_file>
      <input_file id="fl-21">
         <path>C:\ti\ccs1260\ccs\tools\compiler\ti-cgt-c2000_22.6.1.LTS\lib\</path>
         <kind>archive</kind>
         <file>rts2800_fpu32_eabi.lib</file>
         <name>fs_div28.asm.obj</name>
      </input_file>
      <input_file id="fl-22">
         <path>C:\ti\ccs1260\ccs\tools\compiler\ti-cgt-c2000_22.6.1.LTS\lib\</path>
         <kind>archive</kind>
         <file>rts2800_fpu32_eabi.lib</file>
         <name>memcpy.c.obj</name>
      </input_file>
      <input_file id="fl-23">
         <path>C:\ti\ccs1260\ccs\tools\compiler\ti-cgt-c2000_22.6.1.LTS\lib\</path>
         <kind>archive</kind>
         <file>rts2800_fpu32_eabi.lib</file>
         <name>pre_init.c.obj</name>
      </input_file>
      <input_file id="fl-24">
         <path>C:\ti\ccs1260\ccs\tools\compiler\ti-cgt-c2000_22.6.1.LTS\lib\</path>
         <kind>archive</kind>
         <file>rts2800_fpu32_eabi.lib</file>
         <name>autoinit.c.obj</name>
      </input_file>
      <input_file id="fl-25">
         <path>C:\ti\ccs1260\ccs\tools\compiler\ti-cgt-c2000_22.6.1.LTS\lib\</path>
         <kind>archive</kind>
         <file>rts2800_fpu32_eabi.lib</file>
         <name>copy_zero_init.c.obj</name>
      </input_file>
      <input_file id="fl-26">
         <path>C:\ti\ccs1260\ccs\tools\compiler\ti-cgt-c2000_22.6.1.LTS\lib\</path>
         <kind>archive</kind>
         <file>rts2800_fpu32_eabi.lib</file>
         <name>copy_decompress_none.c.obj</name>
      </input_file>
      <input_file id="fl-27">
         <path>C:\ti\ccs1260\ccs\tools\compiler\ti-cgt-c2000_22.6.1.LTS\lib\</path>
         <kind>archive</kind>
         <file>rts2800_fpu32_eabi.lib</file>
         <name>copy_decompress_lzss.c.obj</name>
      </input_file>
      <input_file id="fl-28">
         <path>C:\ti\ccs1260\ccs\tools\compiler\ti-cgt-c2000_22.6.1.LTS\lib\</path>
         <kind>archive</kind>
         <file>rts2800_fpu32_eabi.lib</file>
         <name>exit.c.obj</name>
      </input_file>
      <input_file id="fl-29">
         <path>C:\ti\ccs1260\ccs\tools\compiler\ti-cgt-c2000_22.6.1.LTS\lib\</path>
         <kind>archive</kind>
         <file>rts2800_fpu32_eabi.lib</file>
         <name>_lock.c.obj</name>
      </input_file>
      <input_file id="fl-2a">
         <path>C:\ti\ccs1260\ccs\tools\compiler\ti-cgt-c2000_22.6.1.LTS\lib\</path>
         <kind>archive</kind>
         <file>rts2800_fpu32_eabi.lib</file>
         <name>args_main.c.obj</name>
      </input_file>
      <input_file id="fl-2b">
         <path>C:\ti\ccs1260\ccs\tools\compiler\ti-cgt-c2000_22.6.1.LTS\lib\</path>
         <kind>archive</kind>
         <file>rts2800_fpu32_eabi.lib</file>
         <name>memset.c.obj</name>
      </input_file>
      <input_file id="fl-2c">
         <path>C:\ti\ccs1260\ccs\tools\compiler\ti-cgt-c2000_22.6.1.LTS\lib\</path>
         <kind>archive</kind>
         <file>rts2800_fpu32_eabi.lib</file>
         <name>cpy_tbl.c.obj</name>
      </input_file>
      <input_file id="fl-2d">
         <path>C:\ti\ccs1260\ccs\tools\compiler\ti-cgt-c2000_22.6.1.LTS\lib\</path>
         <kind>archive</kind>
         <file>rts2800_fpu32_eabi.lib</file>
         <name>startup.c.obj</name>
      </input_file>
   </input_file_list>
   <object_component_list>
      <object_component id="oc-22">
         <name>codestart</name>
         <load_address>0x80000</load_address>
         <run_address>0x80000</run_address>
         <size>0x2</size>
         <input_file_ref idref="fl-6"/>
      </object_component>
      <object_component id="oc-231">
         <name>.text:EPWM_init</name>
         <load_address>0x82000</load_address>
         <run_address>0x82000</run_address>
         <size>0x2c9</size>
         <input_file_ref idref="fl-3"/>
      </object_component>
      <object_component id="oc-1d0">
         <name>.text:SysCtl_setClock</name>
         <load_address>0x822c9</load_address>
         <run_address>0x822c9</run_address>
         <size>0x121</size>
         <input_file_ref idref="fl-14"/>
      </object_component>
      <object_component id="oc-304">
         <name>.text:SysCtl_isPLLValid</name>
         <load_address>0x823ea</load_address>
         <run_address>0x823ea</run_address>
         <size>0xfe</size>
         <input_file_ref idref="fl-14"/>
      </object_component>
      <object_component id="oc-581">
         <name>.text:CAN_setupMessageObject</name>
         <load_address>0x824e8</load_address>
         <run_address>0x824e8</run_address>
         <size>0xdb</size>
         <input_file_ref idref="fl-e"/>
      </object_component>
      <object_component id="oc-201">
         <name>.text:PinMux_init</name>
         <load_address>0x825c3</load_address>
         <run_address>0x825c3</run_address>
         <size>0xbf</size>
         <input_file_ref idref="fl-3"/>
      </object_component>
      <object_component id="oc-361">
         <name>.text:myADC0_init</name>
         <load_address>0x82682</load_address>
         <run_address>0x82682</run_address>
         <size>0xb7</size>
         <input_file_ref idref="fl-3"/>
      </object_component>
      <object_component id="oc-52">
         <name>.text:main</name>
         <load_address>0x82739</load_address>
         <run_address>0x82739</run_address>
         <size>0xb3</size>
         <input_file_ref idref="fl-2"/>
      </object_component>
      <object_component id="oc-2d">
         <name>.text:fanctrlISR</name>
         <load_address>0x827ec</load_address>
         <run_address>0x827ec</run_address>
         <size>0x95</size>
         <input_file_ref idref="fl-2"/>
      </object_component>
      <object_component id="oc-69">
         <name>.text:myCAN0_0_ISR</name>
         <load_address>0x82881</load_address>
         <run_address>0x82881</run_address>
         <size>0x90</size>
         <input_file_ref idref="fl-2"/>
      </object_component>
      <object_component id="oc-4b3">
         <name>.text</name>
         <load_address>0x82911</load_address>
         <run_address>0x82911</run_address>
         <size>0x88</size>
         <input_file_ref idref="fl-21"/>
      </object_component>
      <object_component id="oc-24a">
         <name>.text:EPWM_setADCTriggerSource</name>
         <load_address>0x82999</load_address>
         <run_address>0x82999</run_address>
         <size>0x75</size>
         <input_file_ref idref="fl-2"/>
      </object_component>
      <object_component id="oc-3f">
         <name>.text:adcA1ISR</name>
         <load_address>0x82a0e</load_address>
         <run_address>0x82a0e</run_address>
         <size>0x74</size>
         <input_file_ref idref="fl-2"/>
      </object_component>
      <object_component id="oc-4e8">
         <name>.text:DCC_setCounterSeeds</name>
         <load_address>0x82a82</load_address>
         <run_address>0x82a82</run_address>
         <size>0x73</size>
         <input_file_ref idref="fl-14"/>
      </object_component>
      <object_component id="oc-13f">
         <name>.text:CAN_sendMessage</name>
         <load_address>0x82af5</load_address>
         <run_address>0x82af5</run_address>
         <size>0x72</size>
         <input_file_ref idref="fl-e"/>
      </object_component>
      <object_component id="oc-161">
         <name>.text:CAN_readMessage</name>
         <load_address>0x82b67</load_address>
         <run_address>0x82b67</run_address>
         <size>0x66</size>
         <input_file_ref idref="fl-e"/>
      </object_component>
      <object_component id="oc-1e9">
         <name>.text:Device_enableAllPeripherals</name>
         <load_address>0x82bcd</load_address>
         <run_address>0x82bcd</run_address>
         <size>0x66</size>
         <input_file_ref idref="fl-5"/>
      </object_component>
      <object_component id="oc-1dc">
         <name>.text:SysCtl_getClock</name>
         <load_address>0x82c33</load_address>
         <run_address>0x82c33</run_address>
         <size>0x65</size>
         <input_file_ref idref="fl-14"/>
      </object_component>
      <object_component id="oc-56f">
         <name>.text:CAN_setBitTiming</name>
         <load_address>0x82c98</load_address>
         <run_address>0x82c98</run_address>
         <size>0x64</size>
         <input_file_ref idref="fl-e"/>
      </object_component>
      <object_component id="oc-33">
         <name>.text:INTERRUPT_init</name>
         <load_address>0x82cfc</load_address>
         <run_address>0x82cfc</run_address>
         <size>0x55</size>
         <input_file_ref idref="fl-3"/>
      </object_component>
      <object_component id="oc-327">
         <name>.text:GPIO_setPadConfig</name>
         <load_address>0x82d51</load_address>
         <run_address>0x82d51</run_address>
         <size>0x52</size>
         <input_file_ref idref="fl-12"/>
      </object_component>
      <object_component id="oc-39">
         <name>.text:fanreadISR</name>
         <load_address>0x82da3</load_address>
         <run_address>0x82da3</run_address>
         <size>0x51</size>
         <input_file_ref idref="fl-2"/>
      </object_component>
      <object_component id="oc-36f">
         <name>.text:myCAN0_init</name>
         <load_address>0x82df4</load_address>
         <run_address>0x82df4</run_address>
         <size>0x51</size>
         <input_file_ref idref="fl-3"/>
      </object_component>
      <object_component id="oc-401">
         <name>.text:EPWM_setInterruptSource</name>
         <load_address>0x82e45</load_address>
         <run_address>0x82e45</run_address>
         <size>0x4b</size>
         <input_file_ref idref="fl-3"/>
      </object_component>
      <object_component id="oc-f4">
         <name>.text:Device_init</name>
         <load_address>0x82e90</load_address>
         <run_address>0x82e90</run_address>
         <size>0x49</size>
         <input_file_ref idref="fl-5"/>
      </object_component>
      <object_component id="oc-15b">
         <name>.text:CAN_clearInterruptStatus</name>
         <load_address>0x82ed9</load_address>
         <run_address>0x82ed9</run_address>
         <size>0x46</size>
         <input_file_ref idref="fl-e"/>
      </object_component>
      <object_component id="oc-321">
         <name>.text:GPIO_setAnalogMode</name>
         <load_address>0x82f1f</load_address>
         <run_address>0x82f1f</run_address>
         <size>0x46</size>
         <input_file_ref idref="fl-12"/>
      </object_component>
      <object_component id="oc-628">
         <name>.text:SysCtl_pollX1Counter</name>
         <load_address>0x82f65</load_address>
         <run_address>0x82f65</run_address>
         <size>0x45</size>
         <input_file_ref idref="fl-14"/>
      </object_component>
      <object_component id="oc-5e0">
         <name>.text:GPIO_writePin</name>
         <load_address>0x82faa</load_address>
         <run_address>0x82faa</run_address>
         <size>0x44</size>
         <input_file_ref idref="fl-3"/>
      </object_component>
      <object_component id="oc-14f">
         <name>.text:CAN_getInterruptCause</name>
         <load_address>0x82fee</load_address>
         <run_address>0x82fee</run_address>
         <size>0x12</size>
         <input_file_ref idref="fl-2"/>
      </object_component>
      <object_component id="oc-e6">
         <name>.text:GPIO_writePin</name>
         <load_address>0x83000</load_address>
         <run_address>0x83000</run_address>
         <size>0x44</size>
         <input_file_ref idref="fl-2"/>
      </object_component>
      <object_component id="oc-2f8">
         <name>.text:SysCtl_selectOscSource</name>
         <load_address>0x83044</load_address>
         <run_address>0x83044</run_address>
         <size>0x42</size>
         <input_file_ref idref="fl-14"/>
      </object_component>
      <object_component id="oc-3dd">
         <name>.text:EPWM_setActionQualifierAction</name>
         <load_address>0x83086</load_address>
         <run_address>0x83086</run_address>
         <size>0x40</size>
         <input_file_ref idref="fl-3"/>
      </object_component>
      <object_component id="oc-3bf">
         <name>.text:EPWM_setCounterCompareShadowLoadMode</name>
         <load_address>0x830c6</load_address>
         <run_address>0x830c6</run_address>
         <size>0x3e</size>
         <input_file_ref idref="fl-3"/>
      </object_component>
      <object_component id="oc-100">
         <name>.text:Interrupt_initModule</name>
         <load_address>0x83104</load_address>
         <run_address>0x83104</run_address>
         <size>0x3d</size>
         <input_file_ref idref="fl-13"/>
      </object_component>
      <object_component id="oc-4a5">
         <name>.text:SysCtl_selectXTAL</name>
         <load_address>0x83141</load_address>
         <run_address>0x83141</run_address>
         <size>0x3d</size>
         <input_file_ref idref="fl-14"/>
      </object_component>
      <object_component id="oc-4b">
         <name>.text:gbl_enbl_ISR</name>
         <load_address>0x8317e</load_address>
         <run_address>0x8317e</run_address>
         <size>0x3d</size>
         <input_file_ref idref="fl-2"/>
      </object_component>
      <object_component id="oc-cc">
         <name>.text:GPIO_readPin</name>
         <load_address>0x831bb</load_address>
         <run_address>0x831bb</run_address>
         <size>0x3c</size>
         <input_file_ref idref="fl-2"/>
      </object_component>
      <object_component id="oc-63">
         <name>.text:fanISR</name>
         <load_address>0x831f7</load_address>
         <run_address>0x831f7</run_address>
         <size>0x3b</size>
         <input_file_ref idref="fl-2"/>
      </object_component>
      <object_component id="oc-250">
         <name>.text:EPWM_setADCTriggerEventPrescale</name>
         <load_address>0x83232</load_address>
         <run_address>0x83232</run_address>
         <size>0x3a</size>
         <input_file_ref idref="fl-2"/>
      </object_component>
      <object_component id="oc-45">
         <name>.text:gbl_flt_ISR</name>
         <load_address>0x8326c</load_address>
         <run_address>0x8326c</run_address>
         <size>0x3a</size>
         <input_file_ref idref="fl-2"/>
      </object_component>
      <object_component id="oc-5f1">
         <name>.text:GPIO_setInterruptPin</name>
         <load_address>0x832a6</load_address>
         <run_address>0x832a6</run_address>
         <size>0x37</size>
         <input_file_ref idref="fl-12"/>
      </object_component>
      <object_component id="oc-31b">
         <name>.text:GPIO_setPinConfig</name>
         <load_address>0x832dd</load_address>
         <run_address>0x832dd</run_address>
         <size>0x37</size>
         <input_file_ref idref="fl-12"/>
      </object_component>
      <object_component id="oc-32d">
         <name>.text:GPIO_setQualificationMode</name>
         <load_address>0x83314</load_address>
         <run_address>0x83314</run_address>
         <size>0x37</size>
         <input_file_ref idref="fl-12"/>
      </object_component>
      <object_component id="oc-c4">
         <name>.text:Interrupt_enable</name>
         <load_address>0x8334b</load_address>
         <run_address>0x8334b</run_address>
         <size>0x37</size>
         <input_file_ref idref="fl-13"/>
      </object_component>
      <object_component id="oc-53d">
         <name>.text:ADC_setupSOC</name>
         <load_address>0x83382</load_address>
         <run_address>0x83382</run_address>
         <size>0x36</size>
         <input_file_ref idref="fl-3"/>
      </object_component>
      <object_component id="oc-6f">
         <name>.text:myCAN0_1_ISR</name>
         <load_address>0x833b8</load_address>
         <run_address>0x833b8</run_address>
         <size>0x35</size>
         <input_file_ref idref="fl-2"/>
      </object_component>
      <object_component id="oc-51">
         <name>.text:epwm2ISR</name>
         <load_address>0x833ed</load_address>
         <run_address>0x833ed</run_address>
         <size>0x32</size>
         <input_file_ref idref="fl-2"/>
      </object_component>
      <object_component id="oc-5d">
         <name>.text:epwm3ISR</name>
         <load_address>0x8341f</load_address>
         <run_address>0x8341f</run_address>
         <size>0x32</size>
         <input_file_ref idref="fl-2"/>
      </object_component>
      <object_component id="oc-562">
         <name>.text:GPIO_setDirectionMode</name>
         <load_address>0x83451</load_address>
         <run_address>0x83451</run_address>
         <size>0x31</size>
         <input_file_ref idref="fl-12"/>
      </object_component>
      <object_component id="oc-15">
         <name>.text:decompress:lzss</name>
         <load_address>0x83482</load_address>
         <run_address>0x83482</run_address>
         <size>0x30</size>
         <input_file_ref idref="fl-27"/>
      </object_component>
      <object_component id="oc-549">
         <name>.text:ADC_setInterruptSource</name>
         <load_address>0x834b2</load_address>
         <run_address>0x834b2</run_address>
         <size>0x2f</size>
         <input_file_ref idref="fl-3"/>
      </object_component>
      <object_component id="oc-543">
         <name>.text:ADC_setInterruptSOCTrigger</name>
         <load_address>0x834e1</load_address>
         <run_address>0x834e1</run_address>
         <size>0x2e</size>
         <input_file_ref idref="fl-3"/>
      </object_component>
      <object_component id="oc-45d">
         <name>.text:__TI_auto_init_nobinit_nopinit</name>
         <load_address>0x8350f</load_address>
         <run_address>0x8350f</run_address>
         <size>0x2b</size>
         <input_file_ref idref="fl-24"/>
      </object_component>
      <object_component id="oc-50b">
         <name>.text:XBAR_setInputPin</name>
         <load_address>0x8353a</load_address>
         <run_address>0x8353a</run_address>
         <size>0x2a</size>
         <input_file_ref idref="fl-3"/>
      </object_component>
      <object_component id="oc-698">
         <name>.text:XBAR_setInputPin</name>
         <load_address>0x83564</load_address>
         <run_address>0x83564</run_address>
         <size>0x2a</size>
         <input_file_ref idref="fl-12"/>
      </object_component>
      <object_component id="oc-118">
         <name>.text:initEPWM</name>
         <load_address>0x8358e</load_address>
         <run_address>0x8358e</run_address>
         <size>0x2a</size>
         <input_file_ref idref="fl-2"/>
      </object_component>
      <object_component id="oc-2a3">
         <name>.text</name>
         <load_address>0x835b8</load_address>
         <run_address>0x835b8</run_address>
         <size>0x29</size>
         <input_file_ref idref="fl-28"/>
      </object_component>
      <object_component id="oc-407">
         <name>.text:EPWM_setInterruptEventCount</name>
         <load_address>0x835e1</load_address>
         <run_address>0x835e1</run_address>
         <size>0x28</size>
         <input_file_ref idref="fl-3"/>
      </object_component>
      <object_component id="oc-5c0">
         <name>.text:EPWM_isBaseValid</name>
         <load_address>0x83609</load_address>
         <run_address>0x83609</run_address>
         <size>0x27</size>
         <input_file_ref idref="fl-3"/>
      </object_component>
      <object_component id="oc-1bd">
         <name>.text:EPWM_isBaseValid</name>
         <load_address>0x83630</load_address>
         <run_address>0x83630</run_address>
         <size>0x27</size>
         <input_file_ref idref="fl-2"/>
      </object_component>
      <object_component id="oc-376">
         <name>.text:myCPUTIMER0_init</name>
         <load_address>0x83657</load_address>
         <run_address>0x83657</run_address>
         <size>0x25</size>
         <input_file_ref idref="fl-3"/>
      </object_component>
      <object_component id="oc-4ee">
         <name>.text:DCC_enableSingleShotMode</name>
         <load_address>0x8367c</load_address>
         <run_address>0x8367c</run_address>
         <size>0x24</size>
         <input_file_ref idref="fl-14"/>
      </object_component>
      <object_component id="oc-3b9">
         <name>.text:EPWM_disableCounterCompareShadowLoadMode</name>
         <load_address>0x836a0</load_address>
         <run_address>0x836a0</run_address>
         <size>0x24</size>
         <input_file_ref idref="fl-3"/>
      </object_component>
      <object_component id="oc-3c5">
         <name>.text:EPWM_setupEPWMLinks</name>
         <load_address>0x836c4</load_address>
         <run_address>0x836c4</run_address>
         <size>0x24</size>
         <input_file_ref idref="fl-3"/>
      </object_component>
      <object_component id="oc-37c">
         <name>.text:myCPUTIMER1_init</name>
         <load_address>0x836e8</load_address>
         <run_address>0x836e8</run_address>
         <size>0x24</size>
         <input_file_ref idref="fl-3"/>
      </object_component>
      <object_component id="oc-575">
         <name>.text:CAN_enableInterrupt</name>
         <load_address>0x8370c</load_address>
         <run_address>0x8370c</run_address>
         <size>0x22</size>
         <input_file_ref idref="fl-3"/>
      </object_component>
      <object_component id="oc-271">
         <name>.text:CAN_writeDataReg</name>
         <load_address>0x8372e</load_address>
         <run_address>0x8372e</run_address>
         <size>0x22</size>
         <input_file_ref idref="fl-e"/>
      </object_component>
      <object_component id="oc-3b3">
         <name>.text:EPWM_setCounterCompareValue</name>
         <load_address>0x83750</load_address>
         <run_address>0x83750</run_address>
         <size>0x22</size>
         <input_file_ref idref="fl-3"/>
      </object_component>
      <object_component id="oc-148">
         <name>.text:EPWM_setCounterCompareValue</name>
         <load_address>0x83772</load_address>
         <run_address>0x83772</run_address>
         <size>0x22</size>
         <input_file_ref idref="fl-2"/>
      </object_component>
      <object_component id="oc-555">
         <name>.text:ADC_disableContinuousMode</name>
         <load_address>0x83794</load_address>
         <run_address>0x83794</run_address>
         <size>0x21</size>
         <input_file_ref idref="fl-3"/>
      </object_component>
      <object_component id="oc-38f">
         <name>.text:EPWM_enableGlobalLoadRegisters</name>
         <load_address>0x837b5</load_address>
         <run_address>0x837b5</run_address>
         <size>0x21</size>
         <input_file_ref idref="fl-3"/>
      </object_component>
      <object_component id="oc-55b">
         <name>.text:ADC_enableInterrupt</name>
         <load_address>0x837d6</load_address>
         <run_address>0x837d6</run_address>
         <size>0x20</size>
         <input_file_ref idref="fl-3"/>
      </object_component>
      <object_component id="oc-519">
         <name>.text:ADC_setOffsetTrimAll</name>
         <load_address>0x837f6</load_address>
         <run_address>0x837f6</run_address>
         <size>0x20</size>
         <input_file_ref idref="fl-d"/>
      </object_component>
      <object_component id="oc-4ab">
         <name>.text:SysCtl_selectXTALSingleEnded</name>
         <load_address>0x83816</load_address>
         <run_address>0x83816</run_address>
         <size>0x20</size>
         <input_file_ref idref="fl-14"/>
      </object_component>
      <object_component id="oc-3ef">
         <name>.text:EPWM_setFallingEdgeDelayCountShadowLoadMode</name>
         <load_address>0x83836</load_address>
         <run_address>0x83836</run_address>
         <size>0x1f</size>
         <input_file_ref idref="fl-3"/>
      </object_component>
      <object_component id="oc-3e3">
         <name>.text:EPWM_setRisingEdgeDelayCountShadowLoadMode</name>
         <load_address>0x83855</load_address>
         <run_address>0x83855</run_address>
         <size>0x1f</size>
         <input_file_ref idref="fl-3"/>
      </object_component>
      <object_component id="oc-4dc">
         <name>.text:DCC_setCounter0ClkSource</name>
         <load_address>0x83874</load_address>
         <run_address>0x83874</run_address>
         <size>0x1e</size>
         <input_file_ref idref="fl-14"/>
      </object_component>
      <object_component id="oc-4e2">
         <name>.text:DCC_setCounter1ClkSource</name>
         <load_address>0x83892</load_address>
         <run_address>0x83892</run_address>
         <size>0x1e</size>
         <input_file_ref idref="fl-14"/>
      </object_component>
      <object_component id="oc-3a7">
         <name>.text:EPWM_setPhaseShift</name>
         <load_address>0x838b0</load_address>
         <run_address>0x838b0</run_address>
         <size>0x1e</size>
         <input_file_ref idref="fl-3"/>
      </object_component>
      <object_component id="oc-7b">
         <name>.text:Interrupt_initVectorTable</name>
         <load_address>0x838ce</load_address>
         <run_address>0x838ce</run_address>
         <size>0x1e</size>
         <input_file_ref idref="fl-13"/>
      </object_component>
      <object_component id="oc-d9">
         <name>.text:ADC_getInterruptOverflowStatus</name>
         <load_address>0x838ec</load_address>
         <run_address>0x838ec</run_address>
         <size>0x1d</size>
         <input_file_ref idref="fl-2"/>
      </object_component>
      <object_component id="oc-167">
         <name>.text:CAN_clearGlobalInterruptStatus</name>
         <load_address>0x83909</load_address>
         <run_address>0x83909</run_address>
         <size>0x1d</size>
         <input_file_ref idref="fl-2"/>
      </object_component>
      <object_component id="oc-57b">
         <name>.text:CAN_enableGlobalInterrupt</name>
         <load_address>0x83926</load_address>
         <run_address>0x83926</run_address>
         <size>0x1d</size>
         <input_file_ref idref="fl-3"/>
      </object_component>
      <object_component id="oc-3cb">
         <name>.text:EPWM_setActionQualifierContSWForceShadowMode</name>
         <load_address>0x83943</load_address>
         <run_address>0x83943</run_address>
         <size>0x1d</size>
         <input_file_ref idref="fl-3"/>
      </object_component>
      <object_component id="oc-3d7">
         <name>.text:EPWM_setActionQualifierT2TriggerSource</name>
         <load_address>0x83960</load_address>
         <run_address>0x83960</run_address>
         <size>0x1d</size>
         <input_file_ref idref="fl-3"/>
      </object_component>
      <object_component id="oc-90">
         <name>.text</name>
         <load_address>0x8397d</load_address>
         <run_address>0x8397d</run_address>
         <size>0x1d</size>
         <input_file_ref idref="fl-22"/>
      </object_component>
      <object_component id="oc-537">
         <name>.text:ADC_setSOCPriority</name>
         <load_address>0x8399a</load_address>
         <run_address>0x8399a</run_address>
         <size>0x1c</size>
         <input_file_ref idref="fl-3"/>
      </object_component>
      <object_component id="oc-569">
         <name>.text:CAN_initModule</name>
         <load_address>0x839b6</load_address>
         <run_address>0x839b6</run_address>
         <size>0x1c</size>
         <input_file_ref idref="fl-e"/>
      </object_component>
      <object_component id="oc-244">
         <name>.text:EPWM_disableADCTrigger</name>
         <load_address>0x839d2</load_address>
         <run_address>0x839d2</run_address>
         <size>0x1c</size>
         <input_file_ref idref="fl-2"/>
      </object_component>
      <object_component id="oc-130">
         <name>.text:EPWM_enableADCTrigger</name>
         <load_address>0x839ee</load_address>
         <run_address>0x839ee</run_address>
         <size>0x1c</size>
         <input_file_ref idref="fl-2"/>
      </object_component>
      <object_component id="oc-383">
         <name>.text:EPWM_setClockPrescaler</name>
         <load_address>0x83a0a</load_address>
         <run_address>0x83a0a</run_address>
         <size>0x1c</size>
         <input_file_ref idref="fl-3"/>
      </object_component>
      <object_component id="oc-25c">
         <name>.text:EPWM_setClockPrescaler</name>
         <load_address>0x83a26</load_address>
         <run_address>0x83a26</run_address>
         <size>0x1c</size>
         <input_file_ref idref="fl-2"/>
      </object_component>
      <object_component id="oc-112">
         <name>.text:Board_init</name>
         <load_address>0x83a42</load_address>
         <run_address>0x83a42</run_address>
         <size>0x1b</size>
         <input_file_ref idref="fl-3"/>
      </object_component>
      <object_component id="oc-283">
         <name>.text:CAN_readDataReg</name>
         <load_address>0x83a5d</load_address>
         <run_address>0x83a5d</run_address>
         <size>0x1b</size>
         <input_file_ref idref="fl-e"/>
      </object_component>
      <object_component id="oc-64c">
         <name>.text:XBAR_isBaseValid</name>
         <load_address>0x83a78</load_address>
         <run_address>0x83a78</run_address>
         <size>0x1b</size>
         <input_file_ref idref="fl-3"/>
      </object_component>
      <object_component id="oc-6be">
         <name>.text:XBAR_isBaseValid</name>
         <load_address>0x83a93</load_address>
         <run_address>0x83a93</run_address>
         <size>0x1b</size>
         <input_file_ref idref="fl-12"/>
      </object_component>
      <object_component id="oc-35a">
         <name>.text:ASysCtl_setAnalogReference1P65</name>
         <load_address>0x83aae</load_address>
         <run_address>0x83aae</run_address>
         <size>0x1a</size>
         <input_file_ref idref="fl-3"/>
      </object_component>
      <object_component id="oc-667">
         <name>.text:CAN_initRAM</name>
         <load_address>0x83ac8</load_address>
         <run_address>0x83ac8</run_address>
         <size>0x1a</size>
         <input_file_ref idref="fl-e"/>
      </object_component>
      <object_component id="oc-5b8">
         <name>.text:CPUTimer_startTimer</name>
         <load_address>0x83ae2</load_address>
         <run_address>0x83ae2</run_address>
         <size>0x1a</size>
         <input_file_ref idref="fl-3"/>
      </object_component>
      <object_component id="oc-3d1">
         <name>.text:EPWM_setActionQualifierT1TriggerSource</name>
         <load_address>0x83afc</load_address>
         <run_address>0x83afc</run_address>
         <size>0x1a</size>
         <input_file_ref idref="fl-3"/>
      </object_component>
      <object_component id="oc-1e3">
         <name>.text:SysCtl_getLowSpeedClock</name>
         <load_address>0x83b16</load_address>
         <run_address>0x83b16</run_address>
         <size>0x1a</size>
         <input_file_ref idref="fl-14"/>
      </object_component>
      <object_component id="oc-354">
         <name>.text:ASysCtl_setAnalogReferenceInternal</name>
         <load_address>0x83b30</load_address>
         <run_address>0x83b30</run_address>
         <size>0x18</size>
         <input_file_ref idref="fl-3"/>
      </object_component>
      <object_component id="oc-3f5">
         <name>.text:EPWM_disableFallingEdgeDelayCountShadowLoadMode</name>
         <load_address>0x83b48</load_address>
         <run_address>0x83b48</run_address>
         <size>0x18</size>
         <input_file_ref idref="fl-3"/>
      </object_component>
      <object_component id="oc-3e9">
         <name>.text:EPWM_disableRisingEdgeDelayCountShadowLoadMode</name>
         <load_address>0x83b60</load_address>
         <run_address>0x83b60</run_address>
         <size>0x18</size>
         <input_file_ref idref="fl-3"/>
      </object_component>
      <object_component id="oc-10c">
         <name>.text:SysCtl_disablePeripheral</name>
         <load_address>0x83b78</load_address>
         <run_address>0x83b78</run_address>
         <size>0x18</size>
         <input_file_ref idref="fl-2"/>
      </object_component>
      <object_component id="oc-683">
         <name>.text:CPUTimer_isBaseValid</name>
         <load_address>0x83b90</load_address>
         <run_address>0x83b90</run_address>
         <size>0x17</size>
         <input_file_ref idref="fl-3"/>
      </object_component>
      <object_component id="oc-67a">
         <name>.text:CPUTimer_isBaseValid</name>
         <load_address>0x83ba7</load_address>
         <run_address>0x83ba7</run_address>
         <size>0x17</size>
         <input_file_ref idref="fl-f"/>
      </object_component>
      <object_component id="oc-59a">
         <name>.text:CPUTimer_setPreScaler</name>
         <load_address>0x83bbe</load_address>
         <run_address>0x83bbe</run_address>
         <size>0x17</size>
         <input_file_ref idref="fl-3"/>
      </object_component>
      <object_component id="oc-30f">
         <name>.text:SysCtl_enablePeripheral</name>
         <load_address>0x83bd5</load_address>
         <run_address>0x83bd5</run_address>
         <size>0x17</size>
         <input_file_ref idref="fl-5"/>
      </object_component>
      <object_component id="oc-4b8">
         <name>.text:SysCtl_enablePeripheral</name>
         <load_address>0x83bec</load_address>
         <run_address>0x83bec</run_address>
         <size>0x17</size>
         <input_file_ref idref="fl-14"/>
      </object_component>
      <object_component id="oc-12a">
         <name>.text:SysCtl_enablePeripheral</name>
         <load_address>0x83c03</load_address>
         <run_address>0x83c03</run_address>
         <size>0x17</size>
         <input_file_ref idref="fl-2"/>
      </object_component>
      <object_component id="oc-185">
         <name>.text</name>
         <load_address>0x83c1a</load_address>
         <run_address>0x83c1a</run_address>
         <size>0x17</size>
         <input_file_ref idref="fl-20"/>
      </object_component>
      <object_component id="oc-aa">
         <name>.text:ADC_readResult</name>
         <load_address>0x83c31</load_address>
         <run_address>0x83c31</run_address>
         <size>0x16</size>
         <input_file_ref idref="fl-2"/>
      </object_component>
      <object_component id="oc-525">
         <name>.text:ADC_setInterruptPulseMode</name>
         <load_address>0x83c47</load_address>
         <run_address>0x83c47</run_address>
         <size>0x16</size>
         <input_file_ref idref="fl-3"/>
      </object_component>
      <object_component id="oc-51f">
         <name>.text:ADC_setPrescaler</name>
         <load_address>0x83c5d</load_address>
         <run_address>0x83c5d</run_address>
         <size>0x16</size>
         <input_file_ref idref="fl-3"/>
      </object_component>
      <object_component id="oc-4d6">
         <name>.text:DCC_disableDoneSignal</name>
         <load_address>0x83c73</load_address>
         <run_address>0x83c73</run_address>
         <size>0x16</size>
         <input_file_ref idref="fl-14"/>
      </object_component>
      <object_component id="oc-3ad">
         <name>.text:EPWM_setSyncInPulseSource</name>
         <load_address>0x83c89</load_address>
         <run_address>0x83c89</run_address>
         <size>0x16</size>
         <input_file_ref idref="fl-3"/>
      </object_component>
      <object_component id="oc-75">
         <name>.text:Interrupt_defaultHandler</name>
         <load_address>0x83c9f</load_address>
         <run_address>0x83c9f</run_address>
         <size>0x16</size>
         <input_file_ref idref="fl-13"/>
      </object_component>
      <object_component id="oc-531">
         <name>.text:ADC_disableBurstMode</name>
         <load_address>0x83cb5</load_address>
         <run_address>0x83cb5</run_address>
         <size>0x15</size>
         <input_file_ref idref="fl-3"/>
      </object_component>
      <object_component id="oc-5a6">
         <name>.text:CPUTimer_enableInterrupt</name>
         <load_address>0x83cca</load_address>
         <run_address>0x83cca</run_address>
         <size>0x15</size>
         <input_file_ref idref="fl-3"/>
      </object_component>
      <object_component id="oc-4c4">
         <name>.text:DCC_clearDoneFlag</name>
         <load_address>0x83cdf</load_address>
         <run_address>0x83cdf</run_address>
         <size>0x15</size>
         <input_file_ref idref="fl-14"/>
      </object_component>
      <object_component id="oc-4be">
         <name>.text:DCC_clearErrorFlag</name>
         <load_address>0x83cf4</load_address>
         <run_address>0x83cf4</run_address>
         <size>0x15</size>
         <input_file_ref idref="fl-14"/>
      </object_component>
      <object_component id="oc-4d0">
         <name>.text:DCC_disableErrorSignal</name>
         <load_address>0x83d09</load_address>
         <run_address>0x83d09</run_address>
         <size>0x15</size>
         <input_file_ref idref="fl-14"/>
      </object_component>
      <object_component id="oc-638">
         <name>.text:DCC_isBaseValid</name>
         <load_address>0x83d1e</load_address>
         <run_address>0x83d1e</run_address>
         <size>0x15</size>
         <input_file_ref idref="fl-14"/>
      </object_component>
      <object_component id="oc-432">
         <name>.text:ENA_out_init</name>
         <load_address>0x83d33</load_address>
         <run_address>0x83d33</run_address>
         <size>0x15</size>
         <input_file_ref idref="fl-3"/>
      </object_component>
      <object_component id="oc-420">
         <name>.text:ENB_out_init</name>
         <load_address>0x83d48</load_address>
         <run_address>0x83d48</run_address>
         <size>0x15</size>
         <input_file_ref idref="fl-3"/>
      </object_component>
      <object_component id="oc-1f7">
         <name>.text:GPIO_unlockPortConfig</name>
         <load_address>0x83d5d</load_address>
         <run_address>0x83d5d</run_address>
         <size>0x15</size>
         <input_file_ref idref="fl-5"/>
      </object_component>
      <object_component id="oc-df">
         <name>.text:ADC_clearInterruptOverflowStatus</name>
         <load_address>0x83d72</load_address>
         <run_address>0x83d72</run_address>
         <size>0x14</size>
         <input_file_ref idref="fl-2"/>
      </object_component>
      <object_component id="oc-54f">
         <name>.text:ADC_clearInterruptStatus</name>
         <load_address>0x83d86</load_address>
         <run_address>0x83d86</run_address>
         <size>0x14</size>
         <input_file_ref idref="fl-3"/>
      </object_component>
      <object_component id="oc-d3">
         <name>.text:ADC_clearInterruptStatus</name>
         <load_address>0x83d9a</load_address>
         <run_address>0x83d9a</run_address>
         <size>0x14</size>
         <input_file_ref idref="fl-2"/>
      </object_component>
      <object_component id="oc-5b2">
         <name>.text:CPUTimer_reloadTimerCounter</name>
         <load_address>0x83dae</load_address>
         <run_address>0x83dae</run_address>
         <size>0x14</size>
         <input_file_ref idref="fl-3"/>
      </object_component>
      <object_component id="oc-5ac">
         <name>.text:CPUTimer_stopTimer</name>
         <load_address>0x83dc2</load_address>
         <run_address>0x83dc2</run_address>
         <size>0x14</size>
         <input_file_ref idref="fl-3"/>
      </object_component>
      <object_component id="oc-4ca">
         <name>.text:DCC_disableModule</name>
         <load_address>0x83dd6</load_address>
         <run_address>0x83dd6</run_address>
         <size>0x14</size>
         <input_file_ref idref="fl-14"/>
      </object_component>
      <object_component id="oc-4f4">
         <name>.text:DCC_enableModule</name>
         <load_address>0x83dea</load_address>
         <run_address>0x83dea</run_address>
         <size>0x14</size>
         <input_file_ref idref="fl-14"/>
      </object_component>
      <object_component id="oc-39b">
         <name>.text:EPWM_setTimeBaseCounterMode</name>
         <load_address>0x83dfe</load_address>
         <run_address>0x83dfe</run_address>
         <size>0x14</size>
         <input_file_ref idref="fl-3"/>
      </object_component>
      <object_component id="oc-136">
         <name>.text:EPWM_setTimeBaseCounterMode</name>
         <load_address>0x83e12</load_address>
         <run_address>0x83e12</run_address>
         <size>0x14</size>
         <input_file_ref idref="fl-2"/>
      </object_component>
      <object_component id="oc-389">
         <name>.text:EPWM_setTimeBasePeriod</name>
         <load_address>0x83e26</load_address>
         <run_address>0x83e26</run_address>
         <size>0x14</size>
         <input_file_ref idref="fl-3"/>
      </object_component>
      <object_component id="oc-256">
         <name>.text:EPWM_setTimeBasePeriod</name>
         <load_address>0x83e3a</load_address>
         <run_address>0x83e3a</run_address>
         <size>0x14</size>
         <input_file_ref idref="fl-2"/>
      </object_component>
      <object_component id="oc-690">
         <name>.text:GPIO_isPinValid</name>
         <load_address>0x83e4e</load_address>
         <run_address>0x83e4e</run_address>
         <size>0x14</size>
         <input_file_ref idref="fl-3"/>
      </object_component>
      <object_component id="oc-503">
         <name>.text:GPIO_isPinValid</name>
         <load_address>0x83e62</load_address>
         <run_address>0x83e62</run_address>
         <size>0x14</size>
         <input_file_ref idref="fl-12"/>
      </object_component>
      <object_component id="oc-1ac">
         <name>.text:GPIO_isPinValid</name>
         <load_address>0x83e76</load_address>
         <run_address>0x83e76</run_address>
         <size>0x14</size>
         <input_file_ref idref="fl-2"/>
      </object_component>
      <object_component id="oc-2fe">
         <name>.text:SysCtl_setPLLSysClk</name>
         <load_address>0x83e8a</load_address>
         <run_address>0x83e8a</run_address>
         <size>0x14</size>
         <input_file_ref idref="fl-14"/>
      </object_component>
      <object_component id="oc-368">
         <name>.text:TACH_in_init</name>
         <load_address>0x83e9e</load_address>
         <run_address>0x83e9e</run_address>
         <size>0x14</size>
         <input_file_ref idref="fl-3"/>
      </object_component>
      <object_component id="oc-52b">
         <name>.text:ADC_enableConverter</name>
         <load_address>0x83eb2</load_address>
         <run_address>0x83eb2</run_address>
         <size>0x13</size>
         <input_file_ref idref="fl-3"/>
      </object_component>
      <object_component id="oc-655">
         <name>.text:ADC_isBaseValid</name>
         <load_address>0x83ec5</load_address>
         <run_address>0x83ec5</run_address>
         <size>0x13</size>
         <input_file_ref idref="fl-3"/>
      </object_component>
      <object_component id="oc-1b3">
         <name>.text:ADC_isBaseValid</name>
         <load_address>0x83ed8</load_address>
         <run_address>0x83ed8</run_address>
         <size>0x13</size>
         <input_file_ref idref="fl-2"/>
      </object_component>
      <object_component id="oc-587">
         <name>.text:CAN_setInterruptMux</name>
         <load_address>0x83eeb</load_address>
         <run_address>0x83eeb</run_address>
         <size>0x13</size>
         <input_file_ref idref="fl-3"/>
      </object_component>
      <object_component id="oc-594">
         <name>.text:CPUTimer_setEmulationMode</name>
         <load_address>0x83efe</load_address>
         <run_address>0x83efe</run_address>
         <size>0x13</size>
         <input_file_ref idref="fl-f"/>
      </object_component>
      <object_component id="oc-ee">
         <name>.text:EPWM_clearEventTriggerInterruptFlag</name>
         <load_address>0x83f11</load_address>
         <run_address>0x83f11</run_address>
         <size>0x13</size>
         <input_file_ref idref="fl-2"/>
      </object_component>
      <object_component id="oc-3fb">
         <name>.text:EPWM_enableInterrupt</name>
         <load_address>0x83f24</load_address>
         <run_address>0x83f24</run_address>
         <size>0x13</size>
         <input_file_ref idref="fl-3"/>
      </object_component>
      <object_component id="oc-395">
         <name>.text:EPWM_setTimeBaseCounter</name>
         <load_address>0x83f37</load_address>
         <run_address>0x83f37</run_address>
         <size>0x12</size>
         <input_file_ref idref="fl-3"/>
      </object_component>
      <object_component id="oc-341">
         <name>.text:SysCtl_setSyncOutputConfig</name>
         <load_address>0x83f49</load_address>
         <run_address>0x83f49</run_address>
         <size>0x12</size>
         <input_file_ref idref="fl-3"/>
      </object_component>
      <object_component id="oc-58d">
         <name>.text:CAN_startModule</name>
         <load_address>0x83f5b</load_address>
         <run_address>0x83f5b</run_address>
         <size>0x11</size>
         <input_file_ref idref="fl-3"/>
      </object_component>
      <object_component id="oc-5a0">
         <name>.text:CPUTimer_setPeriod</name>
         <load_address>0x83f6c</load_address>
         <run_address>0x83f6c</run_address>
         <size>0x11</size>
         <input_file_ref idref="fl-3"/>
      </object_component>
      <object_component id="oc-3a1">
         <name>.text:EPWM_disablePhaseShiftLoad</name>
         <load_address>0x83f7d</load_address>
         <run_address>0x83f7d</run_address>
         <size>0x11</size>
         <input_file_ref idref="fl-3"/>
      </object_component>
      <object_component id="oc-237">
         <name>.text:GPIO_init</name>
         <load_address>0x83f8e</load_address>
         <run_address>0x83f8e</run_address>
         <size>0x11</size>
         <input_file_ref idref="fl-3"/>
      </object_component>
      <object_component id="oc-155">
         <name>.text:CAN_getStatus</name>
         <load_address>0x83f9f</load_address>
         <run_address>0x83f9f</run_address>
         <size>0x10</size>
         <input_file_ref idref="fl-2"/>
      </object_component>
      <object_component id="oc-66f">
         <name>.text:CAN_isBaseValid</name>
         <load_address>0x83faf</load_address>
         <run_address>0x83faf</run_address>
         <size>0x10</size>
         <input_file_ref idref="fl-3"/>
      </object_component>
      <object_component id="oc-26a">
         <name>.text:CAN_isBaseValid</name>
         <load_address>0x83fbf</load_address>
         <run_address>0x83fbf</run_address>
         <size>0x10</size>
         <input_file_ref idref="fl-e"/>
      </object_component>
      <object_component id="oc-27a">
         <name>.text:CAN_isBaseValid</name>
         <load_address>0x83fcf</load_address>
         <run_address>0x83fcf</run_address>
         <size>0x10</size>
         <input_file_ref idref="fl-2"/>
      </object_component>
      <object_component id="oc-40e">
         <name>.text:CSIG2_in_init</name>
         <load_address>0x83fdf</load_address>
         <run_address>0x83fdf</run_address>
         <size>0x10</size>
         <input_file_ref idref="fl-3"/>
      </object_component>
      <object_component id="oc-fa">
         <name>.text:Device_initGPIO</name>
         <load_address>0x83fef</load_address>
         <run_address>0x83fef</run_address>
         <size>0x10</size>
         <input_file_ref idref="fl-5"/>
      </object_component>
      <object_component id="oc-602">
         <name>.text</name>
         <load_address>0x83fff</load_address>
         <run_address>0x83fff</run_address>
         <size>0x1</size>
         <input_file_ref idref="fl-2d"/>
      </object_component>
      <object_component id="oc-438">
         <name>.text:EN_in_init</name>
         <load_address>0x84000</load_address>
         <run_address>0x84000</run_address>
         <size>0x10</size>
         <input_file_ref idref="fl-3"/>
      </object_component>
      <object_component id="oc-41a">
         <name>.text:FLTN_in_init</name>
         <load_address>0x84010</load_address>
         <run_address>0x84010</run_address>
         <size>0x10</size>
         <input_file_ref idref="fl-3"/>
      </object_component>
      <object_component id="oc-2b1">
         <name>.text:Flash_isCtrlBaseValid</name>
         <load_address>0x84020</load_address>
         <run_address>0x84020</run_address>
         <size>0x10</size>
         <input_file_ref idref="fl-11"/>
      </object_component>
      <object_component id="oc-2b8">
         <name>.text:Flash_isECCBaseValid</name>
         <load_address>0x84030</load_address>
         <run_address>0x84030</run_address>
         <size>0x10</size>
         <input_file_ref idref="fl-11"/>
      </object_component>
      <object_component id="oc-5eb">
         <name>.text:GPIO_setInterruptType</name>
         <load_address>0x84040</load_address>
         <run_address>0x84040</run_address>
         <size>0x10</size>
         <input_file_ref idref="fl-3"/>
      </object_component>
      <object_component id="oc-426">
         <name>.text:GSYNC_in_init</name>
         <load_address>0x84050</load_address>
         <run_address>0x84050</run_address>
         <size>0x10</size>
         <input_file_ref idref="fl-3"/>
      </object_component>
      <object_component id="oc-42c">
         <name>.text:RDY_out_init</name>
         <load_address>0x84060</load_address>
         <run_address>0x84060</run_address>
         <size>0x10</size>
         <input_file_ref idref="fl-3"/>
      </object_component>
      <object_component id="oc-414">
         <name>.text:CSIG1_in_init</name>
         <load_address>0x84070</load_address>
         <run_address>0x84070</run_address>
         <size>0xf</size>
         <input_file_ref idref="fl-3"/>
      </object_component>
      <object_component id="oc-be">
         <name>.text:Interrupt_register</name>
         <load_address>0x8407f</load_address>
         <run_address>0x8407f</run_address>
         <size>0xf</size>
         <input_file_ref idref="fl-3"/>
      </object_component>
      <object_component id="oc-106">
         <name>.text:Interrupt_register</name>
         <load_address>0x8408e</load_address>
         <run_address>0x8408e</run_address>
         <size>0xf</size>
         <input_file_ref idref="fl-2"/>
      </object_component>
      <object_component id="oc-11e">
         <name>.text:initEPWM2</name>
         <load_address>0x8409d</load_address>
         <run_address>0x8409d</run_address>
         <size>0xf</size>
         <input_file_ref idref="fl-2"/>
      </object_component>
      <object_component id="oc-124">
         <name>.text:initEPWM3</name>
         <load_address>0x840ac</load_address>
         <run_address>0x840ac</run_address>
         <size>0xe</size>
         <input_file_ref idref="fl-2"/>
      </object_component>
      <object_component id="oc-19c">
         <name>.text:Interrupt_disableGlobal</name>
         <load_address>0x840ba</load_address>
         <run_address>0x840ba</run_address>
         <size>0xd</size>
         <input_file_ref idref="fl-13"/>
      </object_component>
      <object_component id="oc-1a2">
         <name>.text:Interrupt_enableGlobal</name>
         <load_address>0x840c7</load_address>
         <run_address>0x840c7</run_address>
         <size>0xd</size>
         <input_file_ref idref="fl-13"/>
      </object_component>
      <object_component id="oc-1d6">
         <name>.text:SysCtl_setLowSpeedClock</name>
         <load_address>0x840d4</load_address>
         <run_address>0x840d4</run_address>
         <size>0xd</size>
         <input_file_ref idref="fl-5"/>
      </object_component>
      <object_component id="oc-98">
         <name>.text:decompress:ZI:__TI_zero_init_nomemset</name>
         <load_address>0x840e1</load_address>
         <run_address>0x840e1</run_address>
         <size>0xd</size>
         <input_file_ref idref="fl-25"/>
      </object_component>
      <object_component id="oc-445">
         <name>.text:EN_in_XINT_init</name>
         <load_address>0x840ee</load_address>
         <run_address>0x840ee</run_address>
         <size>0xc</size>
         <input_file_ref idref="fl-3"/>
      </object_component>
      <object_component id="oc-43f">
         <name>.text:FLTN_in_XINT_init</name>
         <load_address>0x840fa</load_address>
         <run_address>0x840fa</run_address>
         <size>0xc</size>
         <input_file_ref idref="fl-3"/>
      </object_component>
      <object_component id="oc-347">
         <name>.text:SysCtl_enableExtADCSOCSource</name>
         <load_address>0x84106</load_address>
         <run_address>0x84106</run_address>
         <size>0xc</size>
         <input_file_ref idref="fl-3"/>
      </object_component>
      <object_component id="oc-29d">
         <name>.text</name>
         <load_address>0x84112</load_address>
         <run_address>0x84112</run_address>
         <size>0xc</size>
         <input_file_ref idref="fl-2a"/>
      </object_component>
      <object_component id="oc-2f1">
         <name>.text:SysCtl_isMCDClockFailureDetected</name>
         <load_address>0x8411e</load_address>
         <run_address>0x8411e</run_address>
         <size>0xb</size>
         <input_file_ref idref="fl-14"/>
      </object_component>
      <object_component id="oc-81">
         <name>.text:Interrupt_illegalOperationHandler</name>
         <load_address>0x84129</load_address>
         <run_address>0x84129</run_address>
         <size>0xa</size>
         <input_file_ref idref="fl-13"/>
      </object_component>
      <object_component id="oc-87">
         <name>.text:Interrupt_nmiHandler</name>
         <load_address>0x84133</load_address>
         <run_address>0x84133</run_address>
         <size>0xa</size>
         <input_file_ref idref="fl-13"/>
      </object_component>
      <object_component id="oc-20d">
         <name>.text:SYNC_init</name>
         <load_address>0x8413d</load_address>
         <run_address>0x8413d</run_address>
         <size>0xa</size>
         <input_file_ref idref="fl-3"/>
      </object_component>
      <object_component id="oc-213">
         <name>.text:ASYSCTL_init</name>
         <load_address>0x84147</load_address>
         <run_address>0x84147</run_address>
         <size>0x9</size>
         <input_file_ref idref="fl-3"/>
      </object_component>
      <object_component id="oc-5f7">
         <name>.text:GPIO_enableInterrupt</name>
         <load_address>0x84150</load_address>
         <run_address>0x84150</run_address>
         <size>0x9</size>
         <input_file_ref idref="fl-3"/>
      </object_component>
      <object_component id="oc-61c">
         <name>.text</name>
         <load_address>0x84159</load_address>
         <run_address>0x84159</run_address>
         <size>0x9</size>
         <input_file_ref idref="fl-29"/>
      </object_component>
      <object_component id="oc-1c4">
         <name>.text:SysCtl_disableWatchdog</name>
         <load_address>0x84162</load_address>
         <run_address>0x84162</run_address>
         <size>0x8</size>
         <input_file_ref idref="fl-5"/>
      </object_component>
      <object_component id="oc-1b">
         <name>.text:decompress:none</name>
         <load_address>0x8416a</load_address>
         <run_address>0x8416a</run_address>
         <size>0x8</size>
         <input_file_ref idref="fl-26"/>
      </object_component>
      <object_component id="oc-a4">
         <name>.text</name>
         <load_address>0x84172</load_address>
         <run_address>0x84172</run_address>
         <size>0x8</size>
         <input_file_ref idref="fl-6"/>
      </object_component>
      <object_component id="oc-34e">
         <name>.text:ASysCtl_disableTemperatureSensor</name>
         <load_address>0x8417a</load_address>
         <run_address>0x8417a</run_address>
         <size>0x7</size>
         <input_file_ref idref="fl-3"/>
      </object_component>
      <object_component id="oc-1ef">
         <name>.text:ASysCtl_lockVREG</name>
         <load_address>0x84181</load_address>
         <run_address>0x84181</run_address>
         <size>0x7</size>
         <input_file_ref idref="fl-5"/>
      </object_component>
      <object_component id="oc-62e">
         <name>.text:SysCtl_resetMCD</name>
         <load_address>0x84188</load_address>
         <run_address>0x84188</run_address>
         <size>0x7</size>
         <input_file_ref idref="fl-14"/>
      </object_component>
      <object_component id="oc-18c">
         <name>.text:__error__</name>
         <load_address>0x8418f</load_address>
         <run_address>0x8418f</run_address>
         <size>0x7</size>
         <input_file_ref idref="fl-5"/>
      </object_component>
      <object_component id="oc-334">
         <name>.text:myINPUTXBARINPUT0_init</name>
         <load_address>0x84196</load_address>
         <run_address>0x84196</run_address>
         <size>0x7</size>
         <input_file_ref idref="fl-3"/>
      </object_component>
      <object_component id="oc-33a">
         <name>.text:myINPUTXBARINPUT1_init</name>
         <load_address>0x8419d</load_address>
         <run_address>0x8419d</run_address>
         <size>0x7</size>
         <input_file_ref idref="fl-3"/>
      </object_component>
      <object_component id="oc-b0">
         <name>.text:Interrupt_clearACKGroup</name>
         <load_address>0x841a4</load_address>
         <run_address>0x841a4</run_address>
         <size>0x6</size>
         <input_file_ref idref="fl-2"/>
      </object_component>
      <object_component id="oc-22b">
         <name>.text:CPUTIMER_init</name>
         <load_address>0x841aa</load_address>
         <run_address>0x841aa</run_address>
         <size>0x5</size>
         <input_file_ref idref="fl-3"/>
      </object_component>
      <object_component id="oc-207">
         <name>.text:INPUTXBAR_init</name>
         <load_address>0x841af</load_address>
         <run_address>0x841af</run_address>
         <size>0x5</size>
         <input_file_ref idref="fl-3"/>
      </object_component>
      <object_component id="oc-23d">
         <name>.text:XINT_init</name>
         <load_address>0x841b4</load_address>
         <run_address>0x841b4</run_address>
         <size>0x5</size>
         <input_file_ref idref="fl-3"/>
      </object_component>
      <object_component id="oc-219">
         <name>.text:ADC_init</name>
         <load_address>0x841b9</load_address>
         <run_address>0x841b9</run_address>
         <size>0x3</size>
         <input_file_ref idref="fl-3"/>
      </object_component>
      <object_component id="oc-21f">
         <name>.text:AIO_init</name>
         <load_address>0x841bc</load_address>
         <run_address>0x841bc</run_address>
         <size>0x3</size>
         <input_file_ref idref="fl-3"/>
      </object_component>
      <object_component id="oc-225">
         <name>.text:CAN_init</name>
         <load_address>0x841bf</load_address>
         <run_address>0x841bf</run_address>
         <size>0x3</size>
         <input_file_ref idref="fl-3"/>
      </object_component>
      <object_component id="oc-296">
         <name>.text</name>
         <load_address>0x841c2</load_address>
         <run_address>0x841c2</run_address>
         <size>0x2</size>
         <input_file_ref idref="fl-23"/>
      </object_component>
      <object_component id="oc-6fa">
         <name>.cinit..data.load</name>
         <load_address>0x81730</load_address>
         <run_address>0x81730</run_address>
         <size>0xc</size>
      </object_component>
      <object_component id="oc-6f7">
         <name>__TI_handler_table</name>
         <load_address>0x8173c</load_address>
         <run_address>0x8173c</run_address>
         <size>0x6</size>
      </object_component>
      <object_component id="oc-6f9">
         <name>.cinit..bss.load</name>
         <load_address>0x81742</load_address>
         <run_address>0x81742</run_address>
         <size>0x4</size>
      </object_component>
      <object_component id="oc-6f8">
         <name>__TI_cinit_table</name>
         <load_address>0x81746</load_address>
         <run_address>0x81746</run_address>
         <size>0x8</size>
      </object_component>
      <object_component id="oc-8d">
         <name>.stack</name>
         <uninitialized>true</uninitialized>
         <run_address>0x400</run_address>
         <size>0x0</size>
         <input_file_ref idref="fl-20"/>
      </object_component>
      <object_component id="oc-6fb">
         <name>.stack</name>
         <uninitialized>true</uninitialized>
         <run_address>0x400</run_address>
         <size>0x0</size>
      </object_component>
      <object_component id="oc-b6">
         <name>.bss</name>
         <uninitialized>true</uninitialized>
         <run_address>0xa000</run_address>
         <size>0x2a</size>
         <input_file_ref idref="fl-2"/>
      </object_component>
      <object_component id="oc-13c">
         <name>.bss:txMsgData</name>
         <uninitialized>true</uninitialized>
         <run_address>0xa02a</run_address>
         <size>0x4</size>
         <input_file_ref idref="fl-2"/>
      </object_component>
      <object_component id="oc-516">
         <name>.const:.string</name>
         <load_address>0x81000</load_address>
         <run_address>0x81000</run_address>
         <size>0x1e4</size>
         <input_file_ref idref="fl-3"/>
      </object_component>
      <object_component id="oc-18b">
         <name>.const:.string</name>
         <load_address>0x811e4</load_address>
         <run_address>0x811e4</run_address>
         <size>0x110</size>
         <input_file_ref idref="fl-2"/>
      </object_component>
      <object_component id="oc-2b7">
         <name>.const:.string</name>
         <load_address>0x812f4</load_address>
         <run_address>0x812f4</run_address>
         <size>0x9b</size>
         <input_file_ref idref="fl-11"/>
      </object_component>
      <object_component id="oc-2f0">
         <name>.const:.string</name>
         <load_address>0x81390</load_address>
         <run_address>0x81390</run_address>
         <size>0x9a</size>
         <input_file_ref idref="fl-14"/>
      </object_component>
      <object_component id="oc-501">
         <name>.const:.string</name>
         <load_address>0x8142a</load_address>
         <run_address>0x8142a</run_address>
         <size>0x98</size>
         <input_file_ref idref="fl-12"/>
      </object_component>
      <object_component id="oc-270">
         <name>.const:.string</name>
         <load_address>0x814c2</load_address>
         <run_address>0x814c2</run_address>
         <size>0x97</size>
         <input_file_ref idref="fl-e"/>
      </object_component>
      <object_component id="oc-1e2">
         <name>.const:.string</name>
         <load_address>0x8155a</load_address>
         <run_address>0x8155a</run_address>
         <size>0x59</size>
         <input_file_ref idref="fl-5"/>
      </object_component>
      <object_component id="oc-680">
         <name>.const:.string</name>
         <load_address>0x815b4</load_address>
         <run_address>0x815b4</run_address>
         <size>0x50</size>
         <input_file_ref idref="fl-f"/>
      </object_component>
      <object_component id="oc-b9">
         <name>.data</name>
         <load_address>0xa02e</load_address>
         <run_address>0xa02e</run_address>
         <size>0x7</size>
         <input_file_ref idref="fl-2"/>
      </object_component>
      <object_component id="oc-48f">
         <name>.data</name>
         <load_address>0xa036</load_address>
         <run_address>0xa036</run_address>
         <size>0x6</size>
         <input_file_ref idref="fl-28"/>
      </object_component>
      <object_component id="oc-492">
         <name>.data:_lock</name>
         <load_address>0xa03c</load_address>
         <run_address>0xa03c</run_address>
         <size>0x2</size>
         <input_file_ref idref="fl-29"/>
      </object_component>
      <object_component id="oc-6a7">
         <name>.data:_unlock</name>
         <load_address>0xa03e</load_address>
         <run_address>0xa03e</run_address>
         <size>0x2</size>
         <input_file_ref idref="fl-29"/>
      </object_component>
      <object_component id="oc-1ca">
         <name>.TI.ramfunc:Flash_initModule</name>
         <load_address>0x81608</load_address>
         <run_address>0xc000</run_address>
         <size>0x3f</size>
         <input_file_ref idref="fl-11"/>
      </object_component>
      <object_component id="oc-2be">
         <name>.TI.ramfunc:Flash_setBankPowerMode</name>
         <load_address>0x81647</load_address>
         <run_address>0xc03f</run_address>
         <size>0x2c</size>
         <input_file_ref idref="fl-11"/>
      </object_component>
      <object_component id="oc-2d6">
         <name>.TI.ramfunc:Flash_setWaitstates</name>
         <load_address>0x81673</load_address>
         <run_address>0xc06b</run_address>
         <size>0x23</size>
         <input_file_ref idref="fl-11"/>
      </object_component>
      <object_component id="oc-2c4">
         <name>.TI.ramfunc:Flash_setPumpPowerMode</name>
         <load_address>0x81696</load_address>
         <run_address>0xc08e</run_address>
         <size>0x1d</size>
         <input_file_ref idref="fl-11"/>
      </object_component>
      <object_component id="oc-2ca">
         <name>.TI.ramfunc:Flash_disableCache</name>
         <load_address>0x816b3</load_address>
         <run_address>0xc0ab</run_address>
         <size>0x18</size>
         <input_file_ref idref="fl-11"/>
      </object_component>
      <object_component id="oc-2d0">
         <name>.TI.ramfunc:Flash_disablePrefetch</name>
         <load_address>0x816cb</load_address>
         <run_address>0xc0c3</run_address>
         <size>0x18</size>
         <input_file_ref idref="fl-11"/>
      </object_component>
      <object_component id="oc-2dc">
         <name>.TI.ramfunc:Flash_enableCache</name>
         <load_address>0x816e3</load_address>
         <run_address>0xc0db</run_address>
         <size>0x17</size>
         <input_file_ref idref="fl-11"/>
      </object_component>
      <object_component id="oc-2e2">
         <name>.TI.ramfunc:Flash_enablePrefetch</name>
         <load_address>0x816fa</load_address>
         <run_address>0xc0f2</run_address>
         <size>0x17</size>
         <input_file_ref idref="fl-11"/>
      </object_component>
      <object_component id="oc-2e8">
         <name>.TI.ramfunc:Flash_enableECC</name>
         <load_address>0x81711</load_address>
         <run_address>0xc109</run_address>
         <size>0x16</size>
         <input_file_ref idref="fl-11"/>
      </object_component>
      <object_component id="oc-2f7">
         <name>.TI.ramfunc</name>
         <load_address>0x81727</load_address>
         <run_address>0xc11f</run_address>
         <size>0x4</size>
         <input_file_ref idref="fl-14"/>
      </object_component>
      <object_component id="oc-6cf">
         <name>.TI.memcrc:_ccs_flash_checksum</name>
         <load_address>0x0</load_address>
         <run_address>0x0</run_address>
         <size>0x42</size>
      </object_component>
      <object_component id="oc-bd">
         <name>.debug_types</name>
         <load_address>0x0</load_address>
         <run_address>0x0</run_address>
         <size>0x16e1</size>
         <input_file_ref idref="fl-2"/>
      </object_component>
      <object_component id="oc-cb">
         <name>.debug_types</name>
         <load_address>0x16e1</load_address>
         <run_address>0x16e1</run_address>
         <size>0x226a</size>
         <input_file_ref idref="fl-3"/>
      </object_component>
      <object_component id="oc-1f6">
         <name>.debug_types</name>
         <load_address>0x394b</load_address>
         <run_address>0x394b</run_address>
         <size>0x49f</size>
         <input_file_ref idref="fl-5"/>
      </object_component>
      <object_component id="oc-654">
         <name>.debug_types</name>
         <load_address>0x3dea</load_address>
         <run_address>0x3dea</run_address>
         <size>0x151</size>
         <input_file_ref idref="fl-d"/>
      </object_component>
      <object_component id="oc-278">
         <name>.debug_types</name>
         <load_address>0x3f3b</load_address>
         <run_address>0x3f3b</run_address>
         <size>0x14f</size>
         <input_file_ref idref="fl-e"/>
      </object_component>
      <object_component id="oc-682">
         <name>.debug_types</name>
         <load_address>0x0</load_address>
         <run_address>0x0</run_address>
         <size>0x0</size>
         <input_file_ref idref="fl-f"/>
      </object_component>
      <object_component id="oc-2ef">
         <name>.debug_types</name>
         <load_address>0x408a</load_address>
         <run_address>0x408a</run_address>
         <size>0x1d7</size>
         <input_file_ref idref="fl-11"/>
      </object_component>
      <object_component id="oc-500">
         <name>.debug_types</name>
         <load_address>0x0</load_address>
         <run_address>0x0</run_address>
         <size>0x0</size>
         <input_file_ref idref="fl-12"/>
      </object_component>
      <object_component id="oc-170">
         <name>.debug_types</name>
         <load_address>0x0</load_address>
         <run_address>0x0</run_address>
         <size>0x0</size>
         <input_file_ref idref="fl-13"/>
      </object_component>
      <object_component id="oc-30b">
         <name>.debug_types</name>
         <load_address>0x4261</load_address>
         <run_address>0x4261</run_address>
         <size>0x716</size>
         <input_file_ref idref="fl-14"/>
      </object_component>
      <object_component id="oc-178">
         <name>.debug_types</name>
         <load_address>0x4977</load_address>
         <run_address>0x4977</run_address>
         <size>0x142</size>
         <input_file_ref idref="fl-22"/>
      </object_component>
      <object_component id="oc-45c">
         <name>.debug_types</name>
         <load_address>0x0</load_address>
         <run_address>0x0</run_address>
         <size>0x0</size>
         <input_file_ref idref="fl-23"/>
      </object_component>
      <object_component id="oc-609">
         <name>.debug_types</name>
         <load_address>0x4ab9</load_address>
         <run_address>0x4ab9</run_address>
         <size>0x441</size>
         <input_file_ref idref="fl-24"/>
      </object_component>
      <object_component id="oc-17d">
         <name>.debug_types</name>
         <load_address>0x4efa</load_address>
         <run_address>0x4efa</run_address>
         <size>0x194</size>
         <input_file_ref idref="fl-25"/>
      </object_component>
      <object_component id="oc-97">
         <name>.debug_types</name>
         <load_address>0x0</load_address>
         <run_address>0x0</run_address>
         <size>0x0</size>
         <input_file_ref idref="fl-26"/>
      </object_component>
      <object_component id="oc-8f">
         <name>.debug_types</name>
         <load_address>0x508e</load_address>
         <run_address>0x508e</run_address>
         <size>0x191</size>
         <input_file_ref idref="fl-27"/>
      </object_component>
      <object_component id="oc-496">
         <name>.debug_types</name>
         <load_address>0x521f</load_address>
         <run_address>0x521f</run_address>
         <size>0xbf</size>
         <input_file_ref idref="fl-28"/>
      </object_component>
      <object_component id="oc-624">
         <name>.debug_types</name>
         <load_address>0x52de</load_address>
         <run_address>0x52de</run_address>
         <size>0x2f</size>
         <input_file_ref idref="fl-29"/>
      </object_component>
      <object_component id="oc-48e">
         <name>.debug_types</name>
         <load_address>0x530d</load_address>
         <run_address>0x530d</run_address>
         <size>0xe1</size>
         <input_file_ref idref="fl-2a"/>
      </object_component>
      <object_component id="oc-6a1">
         <name>.debug_types</name>
         <load_address>0x0</load_address>
         <run_address>0x0</run_address>
         <size>0x0</size>
         <input_file_ref idref="fl-2d"/>
      </object_component>
      <object_component id="oc-b7">
         <name>.debug_info</name>
         <load_address>0x0</load_address>
         <run_address>0x0</run_address>
         <size>0x321</size>
         <input_file_ref idref="fl-2"/>
      </object_component>
      <object_component id="oc-ba">
         <name>.debug_info</name>
         <load_address>0x321</load_address>
         <run_address>0x321</run_address>
         <size>0x1f3</size>
         <input_file_ref idref="fl-2"/>
      </object_component>
      <object_component id="oc-13d">
         <name>.debug_info</name>
         <load_address>0x514</load_address>
         <run_address>0x514</run_address>
         <size>0xf5</size>
         <input_file_ref idref="fl-2"/>
      </object_component>
      <object_component id="oc-1b5">
         <name>.debug_info</name>
         <load_address>0x609</load_address>
         <run_address>0x609</run_address>
         <size>0x17e</size>
         <input_file_ref idref="fl-2"/>
      </object_component>
      <object_component id="oc-d5">
         <name>.debug_info</name>
         <load_address>0x787</load_address>
         <run_address>0x787</run_address>
         <size>0x1d7</size>
         <input_file_ref idref="fl-2"/>
      </object_component>
      <object_component id="oc-db">
         <name>.debug_info</name>
         <load_address>0x95e</load_address>
         <run_address>0x95e</run_address>
         <size>0x1eb</size>
         <input_file_ref idref="fl-2"/>
      </object_component>
      <object_component id="oc-e1">
         <name>.debug_info</name>
         <load_address>0xb49</load_address>
         <run_address>0xb49</run_address>
         <size>0x1e7</size>
         <input_file_ref idref="fl-2"/>
      </object_component>
      <object_component id="oc-ac">
         <name>.debug_info</name>
         <load_address>0xd30</load_address>
         <run_address>0xd30</run_address>
         <size>0x1c2</size>
         <input_file_ref idref="fl-2"/>
      </object_component>
      <object_component id="oc-107">
         <name>.debug_info</name>
         <load_address>0xef2</load_address>
         <run_address>0xef2</run_address>
         <size>0x1d2</size>
         <input_file_ref idref="fl-2"/>
      </object_component>
      <object_component id="oc-b1">
         <name>.debug_info</name>
         <load_address>0x10c4</load_address>
         <run_address>0x10c4</run_address>
         <size>0x18e</size>
         <input_file_ref idref="fl-2"/>
      </object_component>
      <object_component id="oc-12b">
         <name>.debug_info</name>
         <load_address>0x1252</load_address>
         <run_address>0x1252</run_address>
         <size>0x1bf</size>
         <input_file_ref idref="fl-2"/>
      </object_component>
      <object_component id="oc-10d">
         <name>.debug_info</name>
         <load_address>0x1411</load_address>
         <run_address>0x1411</run_address>
         <size>0x1c1</size>
         <input_file_ref idref="fl-2"/>
      </object_component>
      <object_component id="oc-27b">
         <name>.debug_info</name>
         <load_address>0x15d2</load_address>
         <run_address>0x15d2</run_address>
         <size>0x17e</size>
         <input_file_ref idref="fl-2"/>
      </object_component>
      <object_component id="oc-156">
         <name>.debug_info</name>
         <load_address>0x1750</load_address>
         <run_address>0x1750</run_address>
         <size>0x19e</size>
         <input_file_ref idref="fl-2"/>
      </object_component>
      <object_component id="oc-150">
         <name>.debug_info</name>
         <load_address>0x18ee</load_address>
         <run_address>0x18ee</run_address>
         <size>0x1ae</size>
         <input_file_ref idref="fl-2"/>
      </object_component>
      <object_component id="oc-168">
         <name>.debug_info</name>
         <load_address>0x1a9c</load_address>
         <run_address>0x1a9c</run_address>
         <size>0x1f0</size>
         <input_file_ref idref="fl-2"/>
      </object_component>
      <object_component id="oc-1be">
         <name>.debug_info</name>
         <load_address>0x1c8c</load_address>
         <run_address>0x1c8c</run_address>
         <size>0x181</size>
         <input_file_ref idref="fl-2"/>
      </object_component>
      <object_component id="oc-25d">
         <name>.debug_info</name>
         <load_address>0x1e0d</load_address>
         <run_address>0x1e0d</run_address>
         <size>0x212</size>
         <input_file_ref idref="fl-2"/>
[...]
         <value>0x600</value>
      </symbol>
      <symbol id="sm-10">
         <name>__TI_pprof_out_hndl</name>
         <value>0xffffffff</value>
      </symbol>
      <symbol id="sm-11">
         <name>__TI_prof_data_start</name>
         <value>0xffffffff</value>
      </symbol>
      <symbol id="sm-12">
         <name>__TI_prof_data_size</name>
         <value>0xffffffff</value>
      </symbol>
      <symbol id="sm-1cb">
         <name>epwm3ISR</name>
         <value>0x8341f</value>
         <object_component_ref idref="oc-5d"/>
      </symbol>
      <symbol id="sm-1cc">
         <name>tach_count</name>
         <value>0xa009</value>
         <object_component_ref idref="oc-b6"/>
      </symbol>
      <symbol id="sm-1cd">
         <name>adc_raw_vdc2</name>
         <value>0xa005</value>
         <object_component_ref idref="oc-b6"/>
      </symbol>
      <symbol id="sm-1ce">
         <name>adc_raw_vdc1</name>
         <value>0xa004</value>
         <object_component_ref idref="oc-b6"/>
      </symbol>
      <symbol id="sm-1cf">
         <name>adcA1ISR</name>
         <value>0x82a0e</value>
         <object_component_ref idref="oc-3f"/>
      </symbol>
      <symbol id="sm-1d0">
         <name>prev_tach_read</name>
         <value>0xa00a</value>
         <object_component_ref idref="oc-b6"/>
      </symbol>
      <symbol id="sm-1d1">
         <name>gbl_enbl_ISR</name>
         <value>0x8317e</value>
         <object_component_ref idref="oc-4b"/>
      </symbol>
      <symbol id="sm-1d2">
         <name>errorFlag</name>
         <value>0xa030</value>
         <object_component_ref idref="oc-b9"/>
      </symbol>
      <symbol id="sm-1d3">
         <name>initEPWM3</name>
         <value>0x840ac</value>
         <object_component_ref idref="oc-124"/>
      </symbol>
      <symbol id="sm-1d4">
         <name>initEPWM2</name>
         <value>0x8409d</value>
         <object_component_ref idref="oc-11e"/>
      </symbol>
      <symbol id="sm-1d5">
         <name>epwm2ISR</name>
         <value>0x833ed</value>
         <object_component_ref idref="oc-51"/>
      </symbol>
      <symbol id="sm-1d6">
         <name>adc_raw_ntc2</name>
         <value>0xa001</value>
         <object_component_ref idref="oc-b6"/>
      </symbol>
      <symbol id="sm-1d7">
         <name>adc_raw_ntc1</name>
         <value>0xa000</value>
         <object_component_ref idref="oc-b6"/>
      </symbol>
      <symbol id="sm-1d8">
         <name>fanState</name>
         <value>0xa034</value>
         <object_component_ref idref="oc-b9"/>
      </symbol>
      <symbol id="sm-1d9">
         <name>fanreadISR</name>
         <value>0x82da3</value>
         <object_component_ref idref="oc-39"/>
      </symbol>
      <symbol id="sm-1da">
         <name>adc_raw_iac2</name>
         <value>0xa003</value>
         <object_component_ref idref="oc-b6"/>
      </symbol>
      <symbol id="sm-1db">
         <name>adc_raw_iac1</name>
         <value>0xa002</value>
         <object_component_ref idref="oc-b6"/>
      </symbol>
      <symbol id="sm-1dc">
         <name>myCAN0_0_ISR</name>
         <value>0x82881</value>
         <object_component_ref idref="oc-69"/>
      </symbol>
      <symbol id="sm-1dd">
         <name>txMsgSuccessful</name>
         <value>0xa031</value>
         <object_component_ref idref="oc-b9"/>
      </symbol>
      <symbol id="sm-1de">
         <name>epwm2Info</name>
         <value>0xa00c</value>
         <object_component_ref idref="oc-b6"/>
      </symbol>
      <symbol id="sm-1df">
         <name>fan_sensor</name>
         <value>0xa032</value>
         <object_component_ref idref="oc-b9"/>
      </symbol>
      <symbol id="sm-1e0">
         <name>myCAN0_1_ISR</name>
         <value>0x833b8</value>
         <object_component_ref idref="oc-6f"/>
      </symbol>
      <symbol id="sm-1e1">
         <name>epwmfanInfo</name>
         <value>0xa020</value>
         <object_component_ref idref="oc-b6"/>
      </symbol>
      <symbol id="sm-1e2">
         <name>main</name>
         <value>0x82739</value>
         <object_component_ref idref="oc-52"/>
      </symbol>
      <symbol id="sm-1e3">
         <name>epwm3Info</name>
         <value>0xa016</value>
         <object_component_ref idref="oc-b6"/>
      </symbol>
      <symbol id="sm-1e4">
         <name>fanISR</name>
         <value>0x831f7</value>
         <object_component_ref idref="oc-63"/>
      </symbol>
      <symbol id="sm-1e5">
         <name>target_fan_duty</name>
         <value>0xa02e</value>
         <object_component_ref idref="oc-b9"/>
      </symbol>
      <symbol id="sm-1e6">
         <name>adc_raw_vac2</name>
         <value>0xa007</value>
         <object_component_ref idref="oc-b6"/>
      </symbol>
      <symbol id="sm-1e7">
         <name>adc_raw_vac1</name>
         <value>0xa006</value>
         <object_component_ref idref="oc-b6"/>
      </symbol>
      <symbol id="sm-1e8">
         <name>initEPWM</name>
         <value>0x8358e</value>
         <object_component_ref idref="oc-118"/>
      </symbol>
      <symbol id="sm-1e9">
         <name>fan_started</name>
         <value>0xa033</value>
         <object_component_ref idref="oc-b9"/>
      </symbol>
      <symbol id="sm-1ea">
         <name>txMsgData</name>
         <value>0xa02a</value>
         <object_component_ref idref="oc-13c"/>
      </symbol>
      <symbol id="sm-1eb">
         <name>fan_duty</name>
         <value>0xa02f</value>
         <object_component_ref idref="oc-b9"/>
      </symbol>
      <symbol id="sm-1ec">
         <name>gbl_flt_ISR</name>
         <value>0x8326c</value>
         <object_component_ref idref="oc-45"/>
      </symbol>
      <symbol id="sm-1ed">
         <name>fanctrlISR</name>
         <value>0x827ec</value>
         <object_component_ref idref="oc-2d"/>
      </symbol>
      <symbol id="sm-1ee">
         <name>capCount</name>
         <value>0xa008</value>
         <object_component_ref idref="oc-b6"/>
      </symbol>
      <symbol id="sm-50a">
         <name>INPUTXBAR_init</name>
         <value>0x841af</value>
         <object_component_ref idref="oc-207"/>
      </symbol>
      <symbol id="sm-50b">
         <name>INTERRUPT_init</name>
         <value>0x82cfc</value>
         <object_component_ref idref="oc-33"/>
      </symbol>
      <symbol id="sm-50c">
         <name>CSIG2_in_init</name>
         <value>0x83fdf</value>
         <object_component_ref idref="oc-40e"/>
      </symbol>
      <symbol id="sm-50d">
         <name>EN_in_XINT_init</name>
         <value>0x840ee</value>
         <object_component_ref idref="oc-445"/>
      </symbol>
      <symbol id="sm-50e">
         <name>PinMux_init</name>
         <value>0x825c3</value>
         <object_component_ref idref="oc-201"/>
      </symbol>
      <symbol id="sm-50f">
         <name>myINPUTXBARINPUT1_init</name>
         <value>0x8419d</value>
         <object_component_ref idref="oc-33a"/>
      </symbol>
      <symbol id="sm-510">
         <name>myINPUTXBARINPUT0_init</name>
         <value>0x84196</value>
         <object_component_ref idref="oc-334"/>
      </symbol>
      <symbol id="sm-511">
         <name>Board_init</name>
         <value>0x83a42</value>
         <object_component_ref idref="oc-112"/>
      </symbol>
      <symbol id="sm-512">
         <name>XINT_init</name>
         <value>0x841b4</value>
         <object_component_ref idref="oc-23d"/>
      </symbol>
      <symbol id="sm-513">
         <name>EN_in_init</name>
         <value>0x84000</value>
         <object_component_ref idref="oc-438"/>
      </symbol>
      <symbol id="sm-514">
         <name>GPIO_init</name>
         <value>0x83f8e</value>
         <object_component_ref idref="oc-237"/>
      </symbol>
      <symbol id="sm-515">
         <name>ENB_out_init</name>
         <value>0x83d48</value>
         <object_component_ref idref="oc-420"/>
      </symbol>
      <symbol id="sm-516">
         <name>FLTN_in_init</name>
         <value>0x84010</value>
         <object_component_ref idref="oc-41a"/>
      </symbol>
      <symbol id="sm-517">
         <name>CSIG1_in_init</name>
         <value>0x84070</value>
         <object_component_ref idref="oc-414"/>
      </symbol>
      <symbol id="sm-518">
         <name>ADC_init</name>
         <value>0x841b9</value>
         <object_component_ref idref="oc-219"/>
      </symbol>
      <symbol id="sm-519">
         <name>CAN_init</name>
         <value>0x841bf</value>
         <object_component_ref idref="oc-225"/>
      </symbol>
      <symbol id="sm-51a">
         <name>RDY_out_init</name>
         <value>0x84060</value>
         <object_component_ref idref="oc-42c"/>
      </symbol>
      <symbol id="sm-51b">
         <name>AIO_init</name>
         <value>0x841bc</value>
         <object_component_ref idref="oc-21f"/>
      </symbol>
      <symbol id="sm-51c">
         <name>myADC0_init</name>
         <value>0x82682</value>
         <object_component_ref idref="oc-361"/>
      </symbol>
      <symbol id="sm-51d">
         <name>SYNC_init</name>
         <value>0x8413d</value>
         <object_component_ref idref="oc-20d"/>
      </symbol>
      <symbol id="sm-51e">
         <name>ENA_out_init</name>
         <value>0x83d33</value>
         <object_component_ref idref="oc-432"/>
      </symbol>
      <symbol id="sm-51f">
         <name>TACH_in_init</name>
         <value>0x83e9e</value>
         <object_component_ref idref="oc-368"/>
      </symbol>
      <symbol id="sm-520">
         <name>myCAN0_init</name>
         <value>0x82df4</value>
         <object_component_ref idref="oc-36f"/>
      </symbol>
      <symbol id="sm-521">
         <name>FLTN_in_XINT_init</name>
         <value>0x840fa</value>
         <object_component_ref idref="oc-43f"/>
      </symbol>
      <symbol id="sm-522">
         <name>GSYNC_in_init</name>
         <value>0x84050</value>
         <object_component_ref idref="oc-426"/>
      </symbol>
      <symbol id="sm-523">
         <name>EPWM_init</name>
         <value>0x82000</value>
         <object_component_ref idref="oc-231"/>
      </symbol>
      <symbol id="sm-524">
         <name>CPUTIMER_init</name>
         <value>0x841aa</value>
         <object_component_ref idref="oc-22b"/>
      </symbol>
      <symbol id="sm-525">
         <name>ASYSCTL_init</name>
         <value>0x84147</value>
         <object_component_ref idref="oc-213"/>
      </symbol>
      <symbol id="sm-526">
         <name>myCPUTIMER1_init</name>
         <value>0x836e8</value>
         <object_component_ref idref="oc-37c"/>
      </symbol>
      <symbol id="sm-527">
         <name>myCPUTIMER0_init</name>
         <value>0x83657</value>
         <object_component_ref idref="oc-376"/>
      </symbol>
      <symbol id="sm-577">
         <name>Device_enableAllPeripherals</name>
         <value>0x82bcd</value>
         <object_component_ref idref="oc-1e9"/>
      </symbol>
      <symbol id="sm-578">
         <name>Device_initGPIO</name>
         <value>0x83fef</value>
         <object_component_ref idref="oc-fa"/>
      </symbol>
      <symbol id="sm-579">
         <name>Device_init</name>
         <value>0x82e90</value>
         <object_component_ref idref="oc-f4"/>
      </symbol>
      <symbol id="sm-57a">
         <name>__error__</name>
         <value>0x8418f</value>
         <object_component_ref idref="oc-18c"/>
      </symbol>
      <symbol id="sm-589">
         <name>code_start</name>
         <value>0x80000</value>
         <object_component_ref idref="oc-22"/>
      </symbol>
      <symbol id="sm-598">
         <name>ADC_setOffsetTrimAll</name>
         <value>0x837f6</value>
         <object_component_ref idref="oc-519"/>
      </symbol>
      <symbol id="sm-623">
         <name>CAN_sendMessage</name>
         <value>0x82af5</value>
         <object_component_ref idref="oc-13f"/>
      </symbol>
      <symbol id="sm-624">
         <name>CAN_setBitTiming</name>
         <value>0x82c98</value>
         <object_component_ref idref="oc-56f"/>
      </symbol>
      <symbol id="sm-625">
         <name>CAN_clearInterruptStatus</name>
         <value>0x82ed9</value>
         <object_component_ref idref="oc-15b"/>
      </symbol>
      <symbol id="sm-626">
         <name>CAN_setupMessageObject</name>
         <value>0x824e8</value>
         <object_component_ref idref="oc-581"/>
      </symbol>
      <symbol id="sm-627">
         <name>CAN_initModule</name>
         <value>0x839b6</value>
         <object_component_ref idref="oc-569"/>
      </symbol>
      <symbol id="sm-628">
         <name>CAN_readMessage</name>
         <value>0x82b67</value>
         <object_component_ref idref="oc-161"/>
      </symbol>
      <symbol id="sm-642">
         <name>CPUTimer_setEmulationMode</name>
         <value>0x83efe</value>
         <object_component_ref idref="oc-594"/>
      </symbol>
      <symbol id="sm-6b3">
         <name>Flash_initModule</name>
         <value>0xc000</value>
         <object_component_ref idref="oc-1ca"/>
      </symbol>
      <symbol id="sm-720">
         <name>GPIO_setQualificationMode</name>
         <value>0x83314</value>
         <object_component_ref idref="oc-32d"/>
      </symbol>
      <symbol id="sm-721">
         <name>GPIO_setPadConfig</name>
         <value>0x82d51</value>
         <object_component_ref idref="oc-327"/>
      </symbol>
      <symbol id="sm-722">
         <name>GPIO_setInterruptPin</name>
         <value>0x832a6</value>
         <object_component_ref idref="oc-5f1"/>
      </symbol>
      <symbol id="sm-723">
         <name>GPIO_setAnalogMode</name>
         <value>0x82f1f</value>
         <object_component_ref idref="oc-321"/>
      </symbol>
      <symbol id="sm-724">
         <name>GPIO_setDirectionMode</name>
         <value>0x83451</value>
         <object_component_ref idref="oc-562"/>
      </symbol>
      <symbol id="sm-725">
         <name>GPIO_setPinConfig</name>
         <value>0x832dd</value>
         <object_component_ref idref="oc-31b"/>
      </symbol>
      <symbol id="sm-774">
         <name>Interrupt_defaultHandler</name>
         <value>0x83c9f</value>
         <object_component_ref idref="oc-75"/>
      </symbol>
      <symbol id="sm-775">
         <name>Interrupt_initModule</name>
         <value>0x83104</value>
         <object_component_ref idref="oc-100"/>
      </symbol>
      <symbol id="sm-776">
         <name>Interrupt_nmiHandler</name>
         <value>0x84133</value>
         <object_component_ref idref="oc-87"/>
      </symbol>
      <symbol id="sm-777">
         <name>Interrupt_enable</name>
         <value>0x8334b</value>
         <object_component_ref idref="oc-c4"/>
      </symbol>
      <symbol id="sm-778">
         <name>Interrupt_initVectorTable</name>
         <value>0x838ce</value>
         <object_component_ref idref="oc-7b"/>
      </symbol>
      <symbol id="sm-779">
         <name>Interrupt_illegalOperationHandler</name>
         <value>0x84129</value>
         <object_component_ref idref="oc-81"/>
      </symbol>
      <symbol id="sm-88b">
         <name>SysCtl_isPLLValid</name>
         <value>0x823ea</value>
         <object_component_ref idref="oc-304"/>
      </symbol>
      <symbol id="sm-88c">
         <name>SysCtl_delay</name>
         <value>0xc11f</value>
         <object_component_ref idref="oc-2f7"/>
      </symbol>
      <symbol id="sm-88d">
         <name>SysCtl_selectXTALSingleEnded</name>
         <value>0x83816</value>
         <object_component_ref idref="oc-4ab"/>
      </symbol>
      <symbol id="sm-88e">
         <name>SysCtl_selectXTAL</name>
         <value>0x83141</value>
         <object_component_ref idref="oc-4a5"/>
      </symbol>
      <symbol id="sm-88f">
         <name>SysCtl_selectOscSource</name>
         <value>0x83044</value>
         <object_component_ref idref="oc-2f8"/>
      </symbol>
      <symbol id="sm-890">
         <name>SysCtl_getLowSpeedClock</name>
         <value>0x83b16</value>
         <object_component_ref idref="oc-1e3"/>
      </symbol>
      <symbol id="sm-891">
         <name>SysCtl_setClock</name>
         <value>0x822c9</value>
         <object_component_ref idref="oc-1d0"/>
      </symbol>
      <symbol id="sm-892">
         <name>SysCtl_getClock</name>
         <value>0x82c33</value>
         <object_component_ref idref="oc-1dc"/>
      </symbol>
      <symbol id="sm-89c">
         <name>_c_int00</name>
         <value>0x83c1a</value>
         <object_component_ref idref="oc-185"/>
      </symbol>
      <symbol id="sm-89d">
         <name>__stack</name>
         <value>0x400</value>
         <object_component_ref idref="oc-8d"/>
      </symbol>
      <symbol id="sm-8aa">
         <name>__c28xabi_divf</name>
         <value>0x82911</value>
         <object_component_ref idref="oc-4b3"/>
      </symbol>
      <symbol id="sm-8bc">
         <name>memcpy</name>
         <value>0x8397d</value>
         <object_component_ref idref="oc-90"/>
      </symbol>
      <symbol id="sm-8c9">
         <name>_system_pre_init</name>
         <value>0x841c2</value>
         <object_component_ref idref="oc-296"/>
      </symbol>
      <symbol id="sm-8d8">
         <name>__TI_auto_init_nobinit_nopinit</name>
         <value>0x8350f</value>
         <object_component_ref idref="oc-45d"/>
      </symbol>
      <symbol id="sm-8e7">
         <name>__TI_zero_init_nomemset</name>
         <value>0x840e1</value>
         <object_component_ref idref="oc-98"/>
      </symbol>
      <symbol id="sm-8f4">
         <name>__TI_decompress_none</name>
         <value>0x8416a</value>
         <object_component_ref idref="oc-1b"/>
      </symbol>
      <symbol id="sm-908">
         <name>__TI_decompress_lzss</name>
         <value>0x83482</value>
         <object_component_ref idref="oc-15"/>
      </symbol>
      <symbol id="sm-91e">
         <name>C$$EXIT</name>
         <value>0x835b8</value>
         <object_component_ref idref="oc-2a3"/>
      </symbol>
      <symbol id="sm-91f">
         <name>abort</name>
         <value>0x835b8</value>
         <object_component_ref idref="oc-2a3"/>
      </symbol>
      <symbol id="sm-920">
         <name>exit</name>
         <value>0x835ba</value>
         <object_component_ref idref="oc-2a3"/>
      </symbol>
      <symbol id="sm-921">
         <name>__TI_dtors_ptr</name>
         <value>0xa03a</value>
         <object_component_ref idref="oc-48f"/>
      </symbol>
      <symbol id="sm-922">
         <name>__TI_cleanup_ptr</name>
         <value>0xa038</value>
         <object_component_ref idref="oc-48f"/>
      </symbol>
      <symbol id="sm-923">
         <name>__TI_enable_exit_profile_output</name>
         <value>0xa036</value>
         <object_component_ref idref="oc-48f"/>
      </symbol>
      <symbol id="sm-93a">
         <name>_nop</name>
         <value>0x84161</value>
         <object_component_ref idref="oc-61c"/>
      </symbol>
      <symbol id="sm-93b">
         <name>_lock</name>
         <value>0xa03c</value>
         <object_component_ref idref="oc-492"/>
      </symbol>
      <symbol id="sm-93c">
         <name>_unlock</name>
         <value>0xa03e</value>
         <object_component_ref idref="oc-6a7"/>
      </symbol>
      <symbol id="sm-93d">
         <name>_register_lock</name>
         <value>0x8415d</value>
         <object_component_ref idref="oc-61c"/>
      </symbol>
      <symbol id="sm-93e">
         <name>_register_unlock</name>
         <value>0x84159</value>
         <object_component_ref idref="oc-61c"/>
      </symbol>
      <symbol id="sm-94d">
         <name>_args_main</name>
         <value>0x84112</value>
         <object_component_ref idref="oc-29d"/>
      </symbol>
      <symbol id="sm-95c">
         <name>_system_post_cinit</name>
         <value>0x83fff</value>
         <object_component_ref idref="oc-602"/>
      </symbol>
      <symbol id="sm-95e">
         <name>__c_args__</name>
         <value>0x0</value>
      </symbol>
   </symbol_table>
   <title>Link successful</title>
</link_info>
