******************************************************************************
             TMS320C2000 Linker PC v22.6.1                     
******************************************************************************
>> Linked Tue Jul 16 20:23:13 2024

OUTPUT FILE NAME:   <inverter_basic.out>
ENTRY POINT SYMBOL: "code_start"  address: 00000000


MEMORY CONFIGURATION

         name            origin    length      used     unused   attr    fill
----------------------  --------  ---------  --------  --------  ----  --------
  BEGIN                 00000000   00000002  00000002  00000000  RWIX
  BOOT_RSVD             00000002   00000126  00000000  00000126  RWIX
  BOOT_RSVD             00000002   00000126  00000000  00000126  RWIX
  RAMM0                 00000128   000002d8  0000013b  0000019d  RWIX
  RAMM0                 00000128   000002d8  00000000  000002d8  RWIX
  RAMM1                 00000400   000003f8  00000200  000001f8  RWIX
  RAMM1                 00000400   000003f8  00000000  000003f8  RWIX
  RAMLS4567             0000a000   00002000  00001fd5  0000002b  RWIX
  RAMLS4567             0000a000   00002000  00000000  00002000  RWIX
  RAMGS0                0000c000   000007f8  000005c0  00000238  RWIX
  RAMGS0                0000c000   000007f8  00000000  000007f8  RWIX
  BEGIN                 00080000   00000002  00000000  00000002  RWIX
  FLASH_BANK0_SEC0      00080002   00000ffe  00000000  00000ffe  RWIX
  FLASH_BANK0_SEC1      00081000   00001000  00000000  00001000  RWIX
  FLASH_BANK0_SEC2      00082000   00001000  00000000  00001000  RWIX
  FLASH_BANK0_SEC3      00083000   00001000  00000000  00001000  RWIX
  FLASH_BANK0_SEC4      00084000   00001000  00000000  00001000  RWIX
  FLASH_BANK0_SEC5      00085000   00001000  00000000  00001000  RWIX
  FLASH_BANK0_SEC6      00086000   00001000  00000000  00001000  RWIX
  FLASH_BANK0_SEC7      00087000   00001000  00000000  00001000  RWIX
  FLASH_BANK0_SEC8      00088000   00001000  00000000  00001000  RWIX
  FLASH_BANK0_SEC9      00089000   00001000  00000000  00001000  RWIX
  FLASH_BANK0_SEC10     0008a000   00001000  00000000  00001000  RWIX
  FLASH_BANK0_SEC11     0008b000   00001000  00000000  00001000  RWIX
  FLASH_BANK0_SEC12     0008c000   00001000  00000000  00001000  RWIX
  FLASH_BANK0_SEC13     0008d000   00001000  00000000  00001000  RWIX
  FLASH_BANK0_SEC14     0008e000   00001000  00000000  00001000  RWIX
  FLASH_BANK0_SEC15     0008f000   00000ff0  00000000  00000ff0  RWIX
  BOOTROM               003f0000   00008000  00000000  00008000  RWIX
  BOOTROM               003f0000   00008000  00000000  00008000  RWIX
  BOOTROM_EXT           003f8000   00007fc0  00000000  00007fc0  RWIX
  BOOTROM_EXT           003f8000   00007fc0  00000000  00007fc0  RWIX
  RESET                 003fffc0   00000002  00000000  00000002  RWIX
  RESET                 003fffc0   00000002  00000000  00000002  RWIX


SECTION ALLOCATION MAP

 output                                  attributes/
section   page    origin      length       input sections
--------  ----  ----------  ----------   ----------------
.TI.ramfunc 
*          0    00000128    00000123     
                  00000128    0000003f     driverlib.lib : flash.obj (.TI.ramfunc:Flash_initModule)
                  00000167    0000002c                   : flash.obj (.TI.ramfunc:Flash_setBankPowerMode)
                  00000193    00000023                   : flash.obj (.TI.ramfunc:Flash_setWaitstates)
                  000001b6    0000001d                   : flash.obj (.TI.ramfunc:Flash_setPumpPowerMode)
                  000001d3    00000018                   : flash.obj (.TI.ramfunc:Flash_disableCache)
                  000001eb    00000018                   : flash.obj (.TI.ramfunc:Flash_disablePrefetch)
                  00000203    00000017                   : flash.obj (.TI.ramfunc:Flash_enableCache)
                  0000021a    00000017                   : flash.obj (.TI.ramfunc:Flash_enablePrefetch)
                  00000231    00000016                   : flash.obj (.TI.ramfunc:Flash_enableECC)
                  00000247    00000004                   : sysctl.obj (.TI.ramfunc)

.cinit     0    0000024c    00000018     
                  0000024c    00000006     (.cinit..data.load) [load image, compression = lzss]
                  00000252    00000006     (__TI_handler_table)
                  00000258    00000004     (.cinit..bss.load) [load image, compression = zero_init]
                  0000025c    00000008     (__TI_cinit_table)

.text      0    0000a000    00001fa3     
                  0000a000    000002cf     board.obj (.text:EPWM_init)
                  0000a2cf    00000121     driverlib.lib : sysctl.obj (.text:SysCtl_setClock)
                  0000a3f0    000000fe                   : sysctl.obj (.text:SysCtl_isPLLValid)
                  0000a4ee    000000db                   : can.obj (.text:CAN_setupMessageObject)
                  0000a5c9    000000c7     board.obj (.text:myADC0_init)
                  0000a690    000000bf     board.obj (.text:PinMux_init)
                  0000a74f    00000088     rts2800_fpu32_eabi.lib : fs_div28.asm.obj (.text)
                  0000a7d7    00000075     inverter_basic.obj (.text:EPWM_setADCTriggerSource)
                  0000a84c    00000074     inverter_basic.obj (.text:adcA1ISR)
                  0000a8c0    00000073     driverlib.lib : sysctl.obj (.text:DCC_setCounterSeeds)
                  0000a933    0000006a     inverter_basic.obj (.text:myCAN0_0_ISR)
                  0000a99d    00000066     driverlib.lib : can.obj (.text:CAN_readMessage)
                  0000aa03    00000066     device.obj (.text:Device_enableAllPeripherals)
                  0000aa69    00000065     driverlib.lib : sysctl.obj (.text:SysCtl_getClock)
                  0000aace    00000064                   : can.obj (.text:CAN_setBitTiming)
                  0000ab32    00000054     board.obj (.text:myCAN0_init)
                  0000ab86    00000052     driverlib.lib : gpio.obj (.text:GPIO_setPadConfig)
                  0000abd8    0000004d     inverter_basic.obj (.text:fanctrlISR)
                  0000ac25    0000004b     board.obj (.text:EPWM_setInterruptSource)
                  0000ac70    0000004a     inverter_basic.obj (.text:main)
                  0000acba    00000049     device.obj (.text:Device_init)
                  0000ad03    00000049     board.obj (.text:INTERRUPT_init)
                  0000ad4c    00000046     driverlib.lib : can.obj (.text:CAN_clearInterruptStatus)
                  0000ad92    00000046                   : gpio.obj (.text:GPIO_setAnalogMode)
                  0000add8    00000045                   : sysctl.obj (.text:SysCtl_pollX1Counter)
                  0000ae1d    00000044     inverter_basic.obj (.text:GPIO_writePin)
                  0000ae61    00000042     driverlib.lib : sysctl.obj (.text:SysCtl_selectOscSource)
                  0000aea3    00000040     board.obj (.text:EPWM_setActionQualifierAction)
                  0000aee3    0000003e     board.obj (.text:EPWM_setCounterCompareShadowLoadMode)
                  0000af21    0000003d     driverlib.lib : interrupt.obj (.text:Interrupt_initModule)
                  0000af5e    0000003d                   : sysctl.obj (.text:SysCtl_selectXTAL)
                  0000af9b    0000003d     inverter_basic.obj (.text:gbl_enbl_ISR)
                  0000afd8    0000003c     inverter_basic.obj (.text:GPIO_readPin)
                  0000b014    0000003b     inverter_basic.obj (.text:updateCompareA)
                  0000b04f    0000003a     inverter_basic.obj (.text:EPWM_setADCTriggerEventPrescale)
                  0000b089    0000003a     inverter_basic.obj (.text:gbl_flt_ISR)
                  0000b0c3    00000037     driverlib.lib : gpio.obj (.text:GPIO_setInterruptPin)
                  0000b0fa    00000037                   : gpio.obj (.text:GPIO_setPinConfig)
                  0000b131    00000037                   : gpio.obj (.text:GPIO_setQualificationMode)
                  0000b168    00000037                   : interrupt.obj (.text:Interrupt_enable)
                  0000b19f    00000036     board.obj (.text:ADC_setupSOC)
                  0000b1d5    00000035     inverter_basic.obj (.text:myCAN0_1_ISR)
                  0000b20a    00000032     inverter_basic.obj (.text:epwm2ISR)
                  0000b23c    00000032     inverter_basic.obj (.text:epwm3ISR)
                  0000b26e    00000031     driverlib.lib : gpio.obj (.text:GPIO_setDirectionMode)
                  0000b29f    00000030     rts2800_fpu32_eabi.lib : copy_decompress_lzss.c.obj (.text:decompress:lzss)
                  0000b2cf    0000002f     board.obj (.text:ADC_setInterruptSource)
                  0000b2fe    0000002e     board.obj (.text:ADC_setInterruptSOCTrigger)
                  0000b32c    0000002b     rts2800_fpu32_eabi.lib : autoinit.c.obj (.text:__TI_auto_init_nobinit_nopinit)
                  0000b357    0000002a     board.obj (.text:XBAR_setInputPin)
                  0000b381    0000002a     driverlib.lib : gpio.obj (.text:XBAR_setInputPin)
                  0000b3ab    0000002a     inverter_basic.obj (.text:initEPWM)
                  0000b3d5    00000029     rts2800_fpu32_eabi.lib : exit.c.obj (.text)
                  0000b3fe    00000028     board.obj (.text:EPWM_setInterruptEventCount)
                  0000b426    00000027     board.obj (.text:EPWM_isBaseValid)
                  0000b44d    00000027     inverter_basic.obj (.text:EPWM_isBaseValid)
                  0000b474    00000024     driverlib.lib : sysctl.obj (.text:DCC_enableSingleShotMode)
                  0000b498    00000024     board.obj (.text:EPWM_disableCounterCompareShadowLoadMode)
                  0000b4bc    00000024     board.obj (.text:EPWM_setupEPWMLinks)
                  0000b4e0    00000024     board.obj (.text:myCPUTIMER0_init)
                  0000b504    00000022     board.obj (.text:CAN_enableInterrupt)
                  0000b526    00000022     inverter_basic.obj (.text:EPWM_getCounterCompareValue)
                  0000b548    00000022     board.obj (.text:EPWM_setCounterCompareValue)
                  0000b56a    00000022     inverter_basic.obj (.text:EPWM_setCounterCompareValue)
                  0000b58c    00000021     board.obj (.text:ADC_disableContinuousMode)
                  0000b5ad    00000021     board.obj (.text:EPWM_enableGlobalLoadRegisters)
                  0000b5ce    00000020     board.obj (.text:ADC_enableInterrupt)
                  0000b5ee    00000020     driverlib.lib : adc.obj (.text:ADC_setOffsetTrimAll)
                  0000b60e    00000020                   : sysctl.obj (.text:SysCtl_selectXTALSingleEnded)
                  0000b62e    0000001f     board.obj (.text:EPWM_setFallingEdgeDelayCountShadowLoadMode)
                  0000b64d    0000001f     board.obj (.text:EPWM_setRisingEdgeDelayCountShadowLoadMode)
                  0000b66c    0000001e     driverlib.lib : sysctl.obj (.text:DCC_setCounter0ClkSource)
                  0000b68a    0000001e                   : sysctl.obj (.text:DCC_setCounter1ClkSource)
                  0000b6a8    0000001e     board.obj (.text:EPWM_setPhaseShift)
                  0000b6c6    0000001e     driverlib.lib : interrupt.obj (.text:Interrupt_initVectorTable)
                  0000b6e4    0000001d     inverter_basic.obj (.text:ADC_getInterruptOverflowStatus)
                  0000b701    0000001d     inverter_basic.obj (.text:CAN_clearGlobalInterruptStatus)
                  0000b71e    0000001d     board.obj (.text:CAN_enableGlobalInterrupt)
                  0000b73b    0000001d     board.obj (.text:EPWM_setActionQualifierContSWForceShadowMode)
                  0000b758    0000001d     board.obj (.text:EPWM_setActionQualifierT2TriggerSource)
                  0000b775    0000001d     rts2800_fpu32_eabi.lib : memcpy.c.obj (.text)
                  0000b792    0000001c     board.obj (.text:ADC_setSOCPriority)
                  0000b7ae    0000001c     driverlib.lib : can.obj (.text:CAN_initModule)
                  0000b7ca    0000001c     inverter_basic.obj (.text:EPWM_disableADCTrigger)
                  0000b7e6    0000001c     inverter_basic.obj (.text:EPWM_enableADCTrigger)
                  0000b802    0000001c     board.obj (.text:EPWM_setClockPrescaler)
                  0000b81e    0000001c     inverter_basic.obj (.text:EPWM_setClockPrescaler)
                  0000b83a    0000001b     driverlib.lib : can.obj (.text:CAN_readDataReg)
                  0000b855    0000001b     board.obj (.text:XBAR_isBaseValid)
                  0000b870    0000001b     driverlib.lib : gpio.obj (.text:XBAR_isBaseValid)
                  0000b88b    0000001a     board.obj (.text:ASysCtl_setAnalogReference1P65)
                  0000b8a5    0000001a     driverlib.lib : can.obj (.text:CAN_initRAM)
                  0000b8bf    0000001a     board.obj (.text:CPUTimer_startTimer)
                  0000b8d9    0000001a     board.obj (.text:EPWM_setActionQualifierT1TriggerSource)
                  0000b8f3    0000001a     driverlib.lib : sysctl.obj (.text:SysCtl_getLowSpeedClock)
                  0000b90d    00000019     board.obj (.text:Board_init)
                  0000b926    00000018     board.obj (.text:ASysCtl_setAnalogReferenceInternal)
                  0000b93e    00000018     board.obj (.text:EPWM_disableFallingEdgeDelayCountShadowLoadMode)
                  0000b956    00000018     board.obj (.text:EPWM_disableRisingEdgeDelayCountShadowLoadMode)
                  0000b96e    00000018     inverter_basic.obj (.text:SysCtl_disablePeripheral)
                  0000b986    00000017     board.obj (.text:CPUTimer_isBaseValid)
                  0000b99d    00000017     driverlib.lib : cputimer.obj (.text:CPUTimer_isBaseValid)
                  0000b9b4    00000017     board.obj (.text:CPUTimer_setPreScaler)
                  0000b9cb    00000017     device.obj (.text:SysCtl_enablePeripheral)
                  0000b9e2    00000017     driverlib.lib : sysctl.obj (.text:SysCtl_enablePeripheral)
                  0000b9f9    00000017     inverter_basic.obj (.text:SysCtl_enablePeripheral)
                  0000ba10    00000017     rts2800_fpu32_eabi.lib : boot28.asm.obj (.text)
                  0000ba27    00000016     inverter_basic.obj (.text:ADC_readResult)
                  0000ba3d    00000016     board.obj (.text:ADC_setInterruptPulseMode)
                  0000ba53    00000016     board.obj (.text:ADC_setPrescaler)
                  0000ba69    00000016     driverlib.lib : sysctl.obj (.text:DCC_disableDoneSignal)
                  0000ba7f    00000016     board.obj (.text:EPWM_setSyncInPulseSource)
                  0000ba95    00000016     driverlib.lib : interrupt.obj (.text:Interrupt_defaultHandler)
                  0000baab    00000015     board.obj (.text:ADC_disableBurstMode)
                  0000bac0    00000015     board.obj (.text:CPUTimer_enableInterrupt)
                  0000bad5    00000015     driverlib.lib : sysctl.obj (.text:DCC_clearDoneFlag)
                  0000baea    00000015                   : sysctl.obj (.text:DCC_clearErrorFlag)
                  0000baff    00000015                   : sysctl.obj (.text:DCC_disableErrorSignal)
                  0000bb14    00000015                   : sysctl.obj (.text:DCC_isBaseValid)
                  0000bb29    00000015     device.obj (.text:GPIO_unlockPortConfig)
                  0000bb3e    00000014     inverter_basic.obj (.text:ADC_clearInterruptOverflowStatus)
                  0000bb52    00000014     board.obj (.text:ADC_clearInterruptStatus)
                  0000bb66    00000014     inverter_basic.obj (.text:ADC_clearInterruptStatus)
                  0000bb7a    00000014     board.obj (.text:CPUTimer_reloadTimerCounter)
                  0000bb8e    00000014     board.obj (.text:CPUTimer_stopTimer)
                  0000bba2    00000014     driverlib.lib : sysctl.obj (.text:DCC_disableModule)
                  0000bbb6    00000014                   : sysctl.obj (.text:DCC_enableModule)
                  0000bbca    00000014     board.obj (.text:EPWM_setTimeBaseCounterMode)
                  0000bbde    00000014     inverter_basic.obj (.text:EPWM_setTimeBaseCounterMode)
                  0000bbf2    00000014     board.obj (.text:EPWM_setTimeBasePeriod)
                  0000bc06    00000014     inverter_basic.obj (.text:EPWM_setTimeBasePeriod)
                  0000bc1a    00000014     driverlib.lib : gpio.obj (.text:GPIO_isPinValid)
                  0000bc2e    00000014     inverter_basic.obj (.text:GPIO_isPinValid)
                  0000bc42    00000014     driverlib.lib : sysctl.obj (.text:SysCtl_setPLLSysClk)
                  0000bc56    00000013     board.obj (.text:ADC_enableConverter)
                  0000bc69    00000013     board.obj (.text:ADC_isBaseValid)
                  0000bc7c    00000013     inverter_basic.obj (.text:ADC_isBaseValid)
                  0000bc8f    00000013     board.obj (.text:CAN_setInterruptMux)
                  0000bca2    00000013     driverlib.lib : cputimer.obj (.text:CPUTimer_setEmulationMode)
                  0000bcb5    00000013     inverter_basic.obj (.text:EPWM_clearEventTriggerInterruptFlag)
                  0000bcc8    00000013     board.obj (.text:EPWM_enableInterrupt)
                  0000bcdb    00000012     inverter_basic.obj (.text:CAN_getInterruptCause)
                  0000bced    00000012     board.obj (.text:EPWM_setTimeBaseCounter)
                  0000bcff    00000012     board.obj (.text:SysCtl_setSyncOutputConfig)
                  0000bd11    00000011     board.obj (.text:CAN_startModule)
                  0000bd22    00000011     board.obj (.text:CPUTimer_setPeriod)
                  0000bd33    00000011     board.obj (.text:EPWM_disablePhaseShiftLoad)
                  0000bd44    00000011     board.obj (.text:GPIO_init)
                  0000bd55    00000010     inverter_basic.obj (.text:CAN_getStatus)
                  0000bd65    00000010     board.obj (.text:CAN_isBaseValid)
                  0000bd75    00000010     driverlib.lib : can.obj (.text:CAN_isBaseValid)
                  0000bd85    00000010     inverter_basic.obj (.text:CAN_isBaseValid)
                  0000bd95    00000010     board.obj (.text:CSIG2_in_init)
                  0000bda5    00000010     device.obj (.text:Device_initGPIO)
                  0000bdb5    00000010     board.obj (.text:ENA_out_init)
                  0000bdc5    00000010     board.obj (.text:ENB_out_init)
                  0000bdd5    00000010     board.obj (.text:EN_in_init)
                  0000bde5    00000010     board.obj (.text:FLTN_in_init)
                  0000bdf5    00000010     driverlib.lib : flash.obj (.text:Flash_isCtrlBaseValid)
                  0000be05    00000010                   : flash.obj (.text:Flash_isECCBaseValid)
                  0000be15    00000010     board.obj (.text:GPIO_setInterruptType)
                  0000be25    00000010     board.obj (.text:GSYNC_in_init)
                  0000be35    00000010     board.obj (.text:RDY_out_init)
                  0000be45    0000000f     board.obj (.text:CSIG1_in_init)
                  0000be54    0000000f     board.obj (.text:Interrupt_register)
                  0000be63    0000000f     inverter_basic.obj (.text:Interrupt_register)
                  0000be72    0000000f     inverter_basic.obj (.text:initEPWM2)
                  0000be81    0000000e     inverter_basic.obj (.text:initEPWM3)
                  0000be8f    0000000e     inverter_basic.obj (.text:initEPWM5)
                  0000be9d    0000000d     driverlib.lib : interrupt.obj (.text:Interrupt_disableGlobal)
                  0000beaa    0000000d                   : interrupt.obj (.text:Interrupt_enableGlobal)
                  0000beb7    0000000d     device.obj (.text:SysCtl_setLowSpeedClock)
                  0000bec4    0000000d     rts2800_fpu32_eabi.lib : copy_zero_init.c.obj (.text:decompress:ZI:__TI_zero_init_nomemset)
                  0000bed1    0000000c     board.obj (.text:EN_in_XINT_init)
                  0000bedd    0000000c     board.obj (.text:FLTN_in_XINT_init)
                  0000bee9    0000000c     board.obj (.text:SysCtl_enableExtADCSOCSource)
                  0000bef5    0000000c     rts2800_fpu32_eabi.lib : args_main.c.obj (.text)
                  0000bf01    0000000b     driverlib.lib : sysctl.obj (.text:SysCtl_isMCDClockFailureDetected)
                  0000bf0c    0000000a                   : interrupt.obj (.text:Interrupt_illegalOperationHandler)
                  0000bf16    0000000a                   : interrupt.obj (.text:Interrupt_nmiHandler)
                  0000bf20    0000000a     board.obj (.text:SYNC_init)
                  0000bf2a    00000009     board.obj (.text:ASYSCTL_init)
                  0000bf33    00000009     board.obj (.text:GPIO_enableInterrupt)
                  0000bf3c    00000009     rts2800_fpu32_eabi.lib : _lock.c.obj (.text)
                  0000bf45    00000008     device.obj (.text:SysCtl_disableWatchdog)
                  0000bf4d    00000008     rts2800_fpu32_eabi.lib : copy_decompress_none.c.obj (.text:decompress:none)
                  0000bf55    00000008     f28002x_codestartbranch.obj (.text)
                  0000bf5d    00000007     board.obj (.text:ASysCtl_disableTemperatureSensor)
                  0000bf64    00000007     device.obj (.text:ASysCtl_lockVREG)
                  0000bf6b    00000007     driverlib.lib : sysctl.obj (.text:SysCtl_resetMCD)
                  0000bf72    00000007     device.obj (.text:__error__)
                  0000bf79    00000007     board.obj (.text:myINPUTXBARINPUT0_init)
                  0000bf80    00000007     board.obj (.text:myINPUTXBARINPUT1_init)
                  0000bf87    00000006     inverter_basic.obj (.text:Interrupt_clearACKGroup)
                  0000bf8d    00000005     board.obj (.text:INPUTXBAR_init)
                  0000bf92    00000005     board.obj (.text:XINT_init)
                  0000bf97    00000003     board.obj (.text:ADC_init)
                  0000bf9a    00000003     board.obj (.text:CAN_init)
                  0000bf9d    00000003     board.obj (.text:CPUTIMER_init)
                  0000bfa0    00000002     rts2800_fpu32_eabi.lib : pre_init.c.obj (.text)
                  0000bfa2    00000001                            : startup.c.obj (.text)

.reset     0    003fffc0    00000000     DSECT

codestart 
*          0    00000000    00000002     
                  00000000    00000002     f28002x_codestartbranch.obj (codestart)

.stack     0    00000400    00000200     UNINITIALIZED
                  00000400    00000200     --HOLE--

.bss       0    0000bfc0    00000028     UNINITIALIZED
                  0000bfc0    00000028     inverter_basic.obj (.bss)

.init_array 
*          0    00000128    00000000     UNINITIALIZED

.data      0    0000bfa4    0000000a     UNINITIALIZED
                  0000bfa4    00000006     rts2800_fpu32_eabi.lib : exit.c.obj (.data)
                  0000bfaa    00000002                            : _lock.c.obj (.data:_lock)
                  0000bfac    00000002                            : _lock.c.obj (.data:_unlock)

.const     0    0000c000    000005c0     
                  0000c000    000001a0     board.obj (.const:.string)
                  0000c1a0    00000110     inverter_basic.obj (.const:.string)
                  0000c2b0    0000009b     driverlib.lib : flash.obj (.const:.string)
                  0000c34b    00000001     --HOLE-- [fill = 0]
                  0000c34c    0000009a                   : sysctl.obj (.const:.string)
                  0000c3e6    00000098                   : gpio.obj (.const:.string)
                  0000c47e    00000097                   : can.obj (.const:.string)
                  0000c515    00000001     --HOLE-- [fill = 0]
                  0000c516    00000059     device.obj (.const:.string)
                  0000c56f    00000001     --HOLE-- [fill = 0]
                  0000c570    00000050     driverlib.lib : cputimer.obj (.const:.string)

.cinit     0    00081000    00000000     UNINITIALIZED

.reset     0    003fffc0    00000000     DSECT

.init_array 
*          0    00081000    00000000     UNINITIALIZED

.TI.ramfunc 
*          0    0000c000    00000000     UNINITIALIZED

MODULE SUMMARY

       Module                        code   ro data   rw data
       ------                        ----   -------   -------
    .\
       inverter_basic.obj            1619   272       40     
    +--+-----------------------------+------+---------+---------+
       Total:                        1619   272       40     
                                                             
    .\device\
       device.obj                    270    89        0      
       f28002x_codestartbranch.obj   10     0         0      
    +--+-----------------------------+------+---------+---------+
       Total:                        280    89        0      
                                                             
    .\syscfg\
       board.obj                     3158   416       0      
    +--+-----------------------------+------+---------+---------+
       Total:                        3158   416       0      
                                                             
    C:/ti/c2000/C2000Ware_5_01_00_00/driverlib/f28002x/driverlib/ccs/Debug/driverlib.lib
       sysctl.obj                    1320   154       0      
       can.obj                       588    151       0      
       gpio.obj                      455    152       0      
       flash.obj                     319    155       0      
       interrupt.obj                 214    0         0      
       cputimer.obj                  42     80        0      
       adc.obj                       32     0         0      
    +--+-----------------------------+------+---------+---------+
       Total:                        2970   692       0      
                                                             
    C:\ti\ccs1260\ccs\tools\compiler\ti-cgt-c2000_22.6.1.LTS\lib\rts2800_fpu32_eabi.lib
       fs_div28.asm.obj              136    0         0      
       copy_decompress_lzss.c.obj    48     0         0      
       exit.c.obj                    41     0         6      
       autoinit.c.obj                43     0         0      
       memcpy.c.obj                  29     0         0      
       boot28.asm.obj                23     0         0      
       _lock.c.obj                   9      0         4      
       copy_zero_init.c.obj          13     0         0      
       args_main.c.obj               12     0         0      
       copy_decompress_none.c.obj    8      0         0      
       pre_init.c.obj                2      0         0      
       startup.c.obj                 1      0         0      
    +--+-----------------------------+------+---------+---------+
       Total:                        365    0         10     
                                                             
       Stack:                        0      0         512    
       Linker Generated:             0      24        0      
    +--+-----------------------------+------+---------+---------+
       Grand Total:                  8392   1493      562    


LINKER GENERATED COPY TABLES

__TI_cinit_table @ 0000025c records: 2, size/record: 4, table size: 8
	.data: load addr=0000024c, load size=00000006 bytes, run addr=0000bfa4, run size=0000000a bytes, compression=lzss
	.bss: load addr=00000258, load size=00000004 bytes, run addr=0000bfc0, run size=00000028 bytes, compression=zero_init


LINKER GENERATED HANDLER TABLE

__TI_handler_table @ 00000252 records: 3, size/record: 2, table size: 6
	index: 0, handler: __TI_zero_init
	index: 1, handler: __TI_decompress_lzss
	index: 2, handler: __TI_decompress_none


GLOBAL DATA SYMBOLS: SORTED BY DATA PAGE

address     data page           name
--------    ----------------    ----
00000400      10 (00000400)     __stack

0000bfa4     2fe (0000bf80)     __TI_enable_exit_profile_output
0000bfa6     2fe (0000bf80)     __TI_cleanup_ptr
0000bfa8     2fe (0000bf80)     __TI_dtors_ptr
0000bfaa     2fe (0000bf80)     _lock
0000bfac     2fe (0000bf80)     _unlock

0000bfc0     2ff (0000bfc0)     adc_raw_ntc1
0000bfc1     2ff (0000bfc0)     adc_raw_ntc2
0000bfc2     2ff (0000bfc0)     adc_raw_iac1
0000bfc3     2ff (0000bfc0)     adc_raw_iac2
0000bfc4     2ff (0000bfc0)     adc_raw_fans
0000bfc5     2ff (0000bfc0)     adc_raw_vdc1
0000bfc6     2ff (0000bfc0)     adc_raw_vdc2
0000bfc7     2ff (0000bfc0)     adc_raw_vac1
0000bfc8     2ff (0000bfc0)     adc_raw_vac2
0000bfca     2ff (0000bfc0)     epwm2Info
0000bfd4     2ff (0000bfc0)     epwm3Info
0000bfde     2ff (0000bfc0)     epwm5Info


GLOBAL SYMBOLS: SORTED ALPHABETICALLY BY Name 

page  address   name                             
----  -------   ----                             
0     0000bf97  ADC_init                         
0     0000b5ee  ADC_setOffsetTrimAll             
0     0000bf2a  ASYSCTL_init                     
0     0000b90d  Board_init                       
0     0000b3d5  C$$EXIT                          
0     0000ad4c  CAN_clearInterruptStatus         
0     0000bf9a  CAN_init                         
0     0000b7ae  CAN_initModule                   
0     0000a99d  CAN_readMessage                  
0     0000aace  CAN_setBitTiming                 
0     0000a4ee  CAN_setupMessageObject           
0     0000bf9d  CPUTIMER_init                    
0     0000bca2  CPUTimer_setEmulationMode        
0     0000be45  CSIG1_in_init                    
0     0000bd95  CSIG2_in_init                    
0     0000aa03  Device_enableAllPeripherals      
0     0000acba  Device_init                      
0     0000bda5  Device_initGPIO                  
0     0000bdb5  ENA_out_init                     
0     0000bdc5  ENB_out_init                     
0     0000bed1  EN_in_XINT_init                  
0     0000bdd5  EN_in_init                       
0     0000a000  EPWM_init                        
0     0000bedd  FLTN_in_XINT_init                
0     0000bde5  FLTN_in_init                     
0     00000128  Flash_initModule                 
0     0000bd44  GPIO_init                        
0     0000ad92  GPIO_setAnalogMode               
0     0000b26e  GPIO_setDirectionMode            
0     0000b0c3  GPIO_setInterruptPin             
0     0000ab86  GPIO_setPadConfig                
0     0000b0fa  GPIO_setPinConfig                
0     0000b131  GPIO_setQualificationMode        
0     0000be25  GSYNC_in_init                    
0     0000bf8d  INPUTXBAR_init                   
0     0000ad03  INTERRUPT_init                   
0     0000ba95  Interrupt_defaultHandler         
0     0000b168  Interrupt_enable                 
0     0000bf0c  Interrupt_illegalOperationHandler
0     0000af21  Interrupt_initModule             
0     0000b6c6  Interrupt_initVectorTable        
0     0000bf16  Interrupt_nmiHandler             
0     0000a690  PinMux_init                      
0     0000be35  RDY_out_init                     
0     0000c000  RamfuncsLoadEnd                  
abs   00000000  RamfuncsLoadSize                 
0     0000c000  RamfuncsLoadStart                
0     0000c000  RamfuncsRunEnd                   
abs   00000000  RamfuncsRunSize                  
0     0000c000  RamfuncsRunStart                 
0     0000bf20  SYNC_init                        
0     00000247  SysCtl_delay                     
0     0000aa69  SysCtl_getClock                  
0     0000b8f3  SysCtl_getLowSpeedClock          
0     0000a3f0  SysCtl_isPLLValid                
0     0000ae61  SysCtl_selectOscSource           
0     0000af5e  SysCtl_selectXTAL                
0     0000b60e  SysCtl_selectXTALSingleEnded     
0     0000a2cf  SysCtl_setClock                  
0     0000bf92  XINT_init                        
0     0000025c  __TI_CINIT_Base                  
0     00000264  __TI_CINIT_Limit                 
0     00000264  __TI_CINIT_Warm                  
0     00000252  __TI_Handler_Table_Base          
0     00000258  __TI_Handler_Table_Limit         
0     00000600  __TI_STACK_END                   
abs   00000200  __TI_STACK_SIZE                  
0     0000b32c  __TI_auto_init_nobinit_nopinit   
0     0000bfa6  __TI_cleanup_ptr                 
0     0000b29f  __TI_decompress_lzss             
0     0000bf4d  __TI_decompress_none             
0     0000bfa8  __TI_dtors_ptr                   
0     0000bfa4  __TI_enable_exit_profile_output  
abs   ffffffff  __TI_pprof_out_hndl              
abs   ffffffff  __TI_prof_data_size              
abs   ffffffff  __TI_prof_data_start             
0     0000bec4  __TI_zero_init_nomemset          
0     0000a74f  __c28xabi_divf                   
n/a   UNDEFED   __c_args__                       
0     0000bf72  __error__                        
0     00000400  __stack                          
0     0000bef5  _args_main                       
0     0000ba10  _c_int00                         
0     0000bfaa  _lock                            
0     0000bf44  _nop                             
0     0000bf40  _register_lock                   
0     0000bf3c  _register_unlock                 
0     0000bfa2  _system_post_cinit               
0     0000bfa0  _system_pre_init                 
0     0000bfac  _unlock                          
0     0000b3d5  abort                            
0     0000a84c  adcA1ISR                         
0     0000bfc4  adc_raw_fans                     
0     0000bfc2  adc_raw_iac1                     
0     0000bfc3  adc_raw_iac2                     
0     0000bfc0  adc_raw_ntc1                     
0     0000bfc1  adc_raw_ntc2                     
0     0000bfc7  adc_raw_vac1                     
0     0000bfc8  adc_raw_vac2                     
0     0000bfc5  adc_raw_vdc1                     
0     0000bfc6  adc_raw_vdc2                     
0     00000000  code_start                       
0     0000b20a  epwm2ISR                         
0     0000bfca  epwm2Info                        
0     0000b23c  epwm3ISR                         
0     0000bfd4  epwm3Info                        
0     0000bfde  epwm5Info                        
0     0000b3d7  exit                             
0     0000abd8  fanctrlISR                       
0     0000af9b  gbl_enbl_ISR                     
0     0000b089  gbl_flt_ISR                      
0     0000b3ab  initEPWM                         
0     0000be72  initEPWM2                        
0     0000be81  initEPWM3                        
0     0000be8f  initEPWM5                        
0     0000ac70  main                             
0     0000b775  memcpy                           
0     0000a5c9  myADC0_init                      
0     0000a933  myCAN0_0_ISR                     
0     0000b1d5  myCAN0_1_ISR                     
0     0000ab32  myCAN0_init                      
0     0000b4e0  myCPUTIMER0_init                 
0     0000bf79  myINPUTXBARINPUT0_init           
0     0000bf80  myINPUTXBARINPUT1_init           
0     0000b014  updateCompareA                   


GLOBAL SYMBOLS: SORTED BY Symbol Address 

page  address   name                             
----  -------   ----                             
0     00000000  code_start                       
0     00000128  Flash_initModule                 
0     00000247  SysCtl_delay                     
0     00000252  __TI_Handler_Table_Base          
0     00000258  __TI_Handler_Table_Limit         
0     0000025c  __TI_CINIT_Base                  
0     00000264  __TI_CINIT_Limit                 
0     00000264  __TI_CINIT_Warm                  
0     00000400  __stack                          
0     00000600  __TI_STACK_END                   
0     0000a000  EPWM_init                        
0     0000a2cf  SysCtl_setClock                  
0     0000a3f0  SysCtl_isPLLValid                
0     0000a4ee  CAN_setupMessageObject           
0     0000a5c9  myADC0_init                      
0     0000a690  PinMux_init                      
0     0000a74f  __c28xabi_divf                   
0     0000a84c  adcA1ISR                         
0     0000a933  myCAN0_0_ISR                     
0     0000a99d  CAN_readMessage                  
0     0000aa03  Device_enableAllPeripherals      
0     0000aa69  SysCtl_getClock                  
0     0000aace  CAN_setBitTiming                 
0     0000ab32  myCAN0_init                      
0     0000ab86  GPIO_setPadConfig                
0     0000abd8  fanctrlISR                       
0     0000ac70  main                             
0     0000acba  Device_init                      
0     0000ad03  INTERRUPT_init                   
0     0000ad4c  CAN_clearInterruptStatus         
0     0000ad92  GPIO_setAnalogMode               
0     0000ae61  SysCtl_selectOscSource           
0     0000af21  Interrupt_initModule             
0     0000af5e  SysCtl_selectXTAL                
0     0000af9b  gbl_enbl_ISR                     
0     0000b014  updateCompareA                   
0     0000b089  gbl_flt_ISR                      
0     0000b0c3  GPIO_setInterruptPin             
0     0000b0fa  GPIO_setPinConfig                
0     0000b131  GPIO_setQualificationMode        
0     0000b168  Interrupt_enable                 
0     0000b1d5  myCAN0_1_ISR                     
0     0000b20a  epwm2ISR                         
0     0000b23c  epwm3ISR                         
0     0000b26e  GPIO_setDirectionMode            
0     0000b29f  __TI_decompress_lzss             
0     0000b32c  __TI_auto_init_nobinit_nopinit   
0     0000b3ab  initEPWM                         
0     0000b3d5  C$$EXIT                          
0     0000b3d5  abort                            
0     0000b3d7  exit                             
0     0000b4e0  myCPUTIMER0_init                 
0     0000b5ee  ADC_setOffsetTrimAll             
0     0000b60e  SysCtl_selectXTALSingleEnded     
0     0000b6c6  Interrupt_initVectorTable        
0     0000b775  memcpy                           
0     0000b7ae  CAN_initModule                   
0     0000b8f3  SysCtl_getLowSpeedClock          
0     0000b90d  Board_init                       
0     0000ba10  _c_int00                         
0     0000ba95  Interrupt_defaultHandler         
0     0000bca2  CPUTimer_setEmulationMode        
0     0000bd44  GPIO_init                        
0     0000bd95  CSIG2_in_init                    
0     0000bda5  Device_initGPIO                  
0     0000bdb5  ENA_out_init                     
0     0000bdc5  ENB_out_init                     
0     0000bdd5  EN_in_init                       
0     0000bde5  FLTN_in_init                     
0     0000be25  GSYNC_in_init                    
0     0000be35  RDY_out_init                     
0     0000be45  CSIG1_in_init                    
0     0000be72  initEPWM2                        
0     0000be81  initEPWM3                        
0     0000be8f  initEPWM5                        
0     0000bec4  __TI_zero_init_nomemset          
0     0000bed1  EN_in_XINT_init                  
0     0000bedd  FLTN_in_XINT_init                
0     0000bef5  _args_main                       
0     0000bf0c  Interrupt_illegalOperationHandler
0     0000bf16  Interrupt_nmiHandler             
0     0000bf20  SYNC_init                        
0     0000bf2a  ASYSCTL_init                     
0     0000bf3c  _register_unlock                 
0     0000bf40  _register_lock                   
0     0000bf44  _nop                             
0     0000bf4d  __TI_decompress_none             
0     0000bf72  __error__                        
0     0000bf79  myINPUTXBARINPUT0_init           
0     0000bf80  myINPUTXBARINPUT1_init           
0     0000bf8d  INPUTXBAR_init                   
0     0000bf92  XINT_init                        
0     0000bf97  ADC_init                         
0     0000bf9a  CAN_init                         
0     0000bf9d  CPUTIMER_init                    
0     0000bfa0  _system_pre_init                 
0     0000bfa2  _system_post_cinit               
0     0000bfa4  __TI_enable_exit_profile_output  
0     0000bfa6  __TI_cleanup_ptr                 
0     0000bfa8  __TI_dtors_ptr                   
0     0000bfaa  _lock                            
0     0000bfac  _unlock                          
0     0000bfc0  adc_raw_ntc1                     
0     0000bfc1  adc_raw_ntc2                     
0     0000bfc2  adc_raw_iac1                     
0     0000bfc3  adc_raw_iac2                     
0     0000bfc4  adc_raw_fans                     
0     0000bfc5  adc_raw_vdc1                     
0     0000bfc6  adc_raw_vdc2                     
0     0000bfc7  adc_raw_vac1                     
0     0000bfc8  adc_raw_vac2                     
0     0000bfca  epwm2Info                        
0     0000bfd4  epwm3Info                        
0     0000bfde  epwm5Info                        
0     0000c000  RamfuncsLoadEnd                  
0     0000c000  RamfuncsLoadStart                
0     0000c000  RamfuncsRunEnd                   
0     0000c000  RamfuncsRunStart                 
abs   00000000  RamfuncsLoadSize                 
abs   00000000  RamfuncsRunSize                  
abs   00000200  __TI_STACK_SIZE                  
abs   ffffffff  __TI_pprof_out_hndl              
abs   ffffffff  __TI_prof_data_size              
abs   ffffffff  __TI_prof_data_start             
n/a   UNDEFED   __c_args__                       

[125 symbols]
